
===========================================================================
report_checks -path_delay max (Setup)
============================================================================
Startpoint: _26337_ (rising edge-triggered flip-flop clocked by clk)
Endpoint: _26239_ (rising edge-triggered flip-flop clocked by clk)
Path Group: clk
Path Type: max

Fanout     Cap    Slew   Delay    Time   Description
-----------------------------------------------------------------------------
                  0.15    0.00    0.00   clock clk (rise edge)
                          0.00    0.00   clock network delay (ideal)
                  0.15    0.00    0.00 ^ _26337_/CLK (sky130_fd_sc_hd__dfrtp_2)
                  0.06    0.44    0.44 v _26337_/Q (sky130_fd_sc_hd__dfrtp_2)
     2    0.01                           STAGE2.CU.count[3] (net)
                  0.06    0.00    0.44 v _19015_/A (sky130_fd_sc_hd__inv_2)
                  0.10    0.10    0.55 ^ _19015_/Y (sky130_fd_sc_hd__inv_2)
     5    0.02                           _09005_ (net)
                  0.10    0.00    0.55 ^ _19016_/A (sky130_fd_sc_hd__buf_1)
                  0.29    0.27    0.82 ^ _19016_/X (sky130_fd_sc_hd__buf_1)
     5    0.02                           _09006_ (net)
                  0.29    0.00    0.82 ^ _19017_/A (sky130_fd_sc_hd__buf_1)
                  0.26    0.28    1.10 ^ _19017_/X (sky130_fd_sc_hd__buf_1)
     5    0.02                           _09008_ (net)
                  0.26    0.00    1.10 ^ _19143_/A (sky130_fd_sc_hd__buf_1)
                  0.44    0.40    1.50 ^ _19143_/X (sky130_fd_sc_hd__buf_1)
     5    0.04                           _09146_ (net)
                  0.44    0.00    1.50 ^ _19144_/A (sky130_fd_sc_hd__buf_1)
                  0.44    0.41    1.91 ^ _19144_/X (sky130_fd_sc_hd__buf_1)
     5    0.04                           _09147_ (net)
                  0.44    0.00    1.91 ^ _19145_/A (sky130_fd_sc_hd__buf_1)
                  0.43    0.41    2.32 ^ _19145_/X (sky130_fd_sc_hd__buf_1)
     5    0.04                           _09148_ (net)
                  0.43    0.00    2.32 ^ _19146_/A (sky130_fd_sc_hd__buf_1)
                  0.32    0.32    2.64 ^ _19146_/X (sky130_fd_sc_hd__buf_1)
     5    0.03                           _09149_ (net)
                  0.32    0.00    2.64 ^ _19160_/A1 (sky130_fd_sc_hd__o211a_2)
                  0.18    0.33    2.97 ^ _19160_/X (sky130_fd_sc_hd__o211a_2)
     5    0.03                           _09165_ (net)
                  0.18    0.00    2.98 ^ _19408_/A2 (sky130_fd_sc_hd__o211ai_2)
                  0.16    0.16    3.14 v _19408_/Y (sky130_fd_sc_hd__o211ai_2)
     3    0.02                           _09438_ (net)
                  0.16    0.00    3.14 v _19409_/B (sky130_fd_sc_hd__nand2_2)
                  0.10    0.15    3.29 ^ _19409_/Y (sky130_fd_sc_hd__nand2_2)
     3    0.01                           _09439_ (net)
                  0.10    0.00    3.29 ^ _19410_/A (sky130_fd_sc_hd__buf_1)
                  0.45    0.38    3.67 ^ _19410_/X (sky130_fd_sc_hd__buf_1)
     5    0.04                           _09440_ (net)
                  0.45    0.00    3.67 ^ _19411_/A (sky130_fd_sc_hd__buf_1)
                  0.52    0.47    4.14 ^ _19411_/X (sky130_fd_sc_hd__buf_1)
     5    0.05                           _09441_ (net)
                  0.52    0.00    4.15 ^ _19798_/A (sky130_fd_sc_hd__buf_1)
                  0.54    0.48    4.63 ^ _19798_/X (sky130_fd_sc_hd__buf_1)
     5    0.05                           _09867_ (net)
                  0.54    0.00    4.63 ^ _19799_/A (sky130_fd_sc_hd__buf_1)
                  0.74    0.63    5.26 ^ _19799_/X (sky130_fd_sc_hd__buf_1)
     5    0.06                           _09868_ (net)
                  0.74    0.00    5.26 ^ _23131_/A (sky130_fd_sc_hd__and3_2)
                  0.09    0.36    5.62 ^ _23131_/X (sky130_fd_sc_hd__and3_2)
     2    0.01                           _00601_ (net)
                  0.09    0.00    5.62 ^ _23132_/C (sky130_fd_sc_hd__nand3_2)
                  0.09    0.09    5.72 v _23132_/Y (sky130_fd_sc_hd__nand3_2)
     2    0.01                           _00602_ (net)
                  0.09    0.00    5.72 v _23134_/A3 (sky130_fd_sc_hd__a31o_2)
                  0.06    0.29    6.01 v _23134_/X (sky130_fd_sc_hd__a31o_2)
     2    0.01                           _00604_ (net)
                  0.06    0.00    6.01 v _23135_/B1 (sky130_fd_sc_hd__a21o_2)
                  0.06    0.22    6.23 v _23135_/X (sky130_fd_sc_hd__a21o_2)
     2    0.01                           _00605_ (net)
                  0.06    0.00    6.23 v _23138_/A2 (sky130_fd_sc_hd__a22o_2)
                  0.06    0.28    6.51 v _23138_/X (sky130_fd_sc_hd__a22o_2)
     2    0.01                           _00609_ (net)
                  0.06    0.00    6.51 v _23167_/A2 (sky130_fd_sc_hd__a21o_2)
                  0.06    0.24    6.75 v _23167_/X (sky130_fd_sc_hd__a21o_2)
     4    0.01                           _00641_ (net)
                  0.06    0.00    6.75 v _23185_/A1 (sky130_fd_sc_hd__a21bo_2)
                  0.06    0.22    6.97 v _23185_/X (sky130_fd_sc_hd__a21bo_2)
     3    0.01                           _00660_ (net)
                  0.06    0.00    6.97 v _23442_/B (sky130_fd_sc_hd__and2_2)
                  0.04    0.20    7.17 v _23442_/X (sky130_fd_sc_hd__and2_2)
     1    0.00                           _00943_ (net)
                  0.04    0.00    7.17 v _23443_/A2 (sky130_fd_sc_hd__o21ai_2)
                  0.11    0.12    7.29 ^ _23443_/Y (sky130_fd_sc_hd__o21ai_2)
     1    0.01                           _00944_ (net)
                  0.11    0.00    7.29 ^ _23444_/C (sky130_fd_sc_hd__nand3_2)
                  0.08    0.10    7.39 v _23444_/Y (sky130_fd_sc_hd__nand3_2)
     2    0.01                           _00945_ (net)
                  0.08    0.00    7.39 v _23578_/B1 (sky130_fd_sc_hd__a31oi_2)
                  0.26    0.25    7.64 ^ _23578_/Y (sky130_fd_sc_hd__a31oi_2)
     4    0.02                           _01093_ (net)
                  0.26    0.00    7.64 ^ _23861_/B1 (sky130_fd_sc_hd__o22a_2)
                  0.08    0.24    7.88 ^ _23861_/X (sky130_fd_sc_hd__o22a_2)
     3    0.01                           _01402_ (net)
                  0.08    0.00    7.88 ^ _24336_/A (sky130_fd_sc_hd__nand3_2)
                  0.06    0.07    7.95 v _24336_/Y (sky130_fd_sc_hd__nand3_2)
     1    0.01                           _01920_ (net)
                  0.06    0.00    7.95 v _24337_/B2 (sky130_fd_sc_hd__a22oi_2)
                  0.27    0.26    8.21 ^ _24337_/Y (sky130_fd_sc_hd__a22oi_2)
     4    0.02                           _01922_ (net)
                  0.27    0.00    8.21 ^ _24624_/A (sky130_fd_sc_hd__nand4_2)
                  0.13    0.15    8.36 v _24624_/Y (sky130_fd_sc_hd__nand4_2)
     3    0.01                           _02233_ (net)
                  0.13    0.00    8.36 v _24695_/B (sky130_fd_sc_hd__and3_2)
                  0.04    0.23    8.60 v _24695_/X (sky130_fd_sc_hd__and3_2)
     1    0.00                           _02311_ (net)
                  0.04    0.00    8.60 v _24697_/A3 (sky130_fd_sc_hd__o31ai_2)
                  0.38    0.33    8.93 ^ _24697_/Y (sky130_fd_sc_hd__o31ai_2)
     1    0.02                           STAGE2.SR4.din_im[10] (net)
                  0.38    0.00    8.93 ^ _26239_/D (sky130_fd_sc_hd__dfrtp_2)
                                  8.93   data arrival time

                  0.15   20.00   20.00   clock clk (rise edge)
                          0.00   20.00   clock network delay (ideal)
                         -0.10   19.90   clock uncertainty
                          0.00   19.90   clock reconvergence pessimism
                                 19.90 ^ _26239_/CLK (sky130_fd_sc_hd__dfrtp_2)
                         -0.12   19.78   library setup time
                                 19.78   data required time
-----------------------------------------------------------------------------
                                 19.78   data required time
                                 -8.93   data arrival time
-----------------------------------------------------------------------------
                                 10.85   slack (MET)


Startpoint: _26337_ (rising edge-triggered flip-flop clocked by clk)
Endpoint: _26189_ (rising edge-triggered flip-flop clocked by clk)
Path Group: clk
Path Type: max

Fanout     Cap    Slew   Delay    Time   Description
-----------------------------------------------------------------------------
                  0.15    0.00    0.00   clock clk (rise edge)
                          0.00    0.00   clock network delay (ideal)
                  0.15    0.00    0.00 ^ _26337_/CLK (sky130_fd_sc_hd__dfrtp_2)
                  0.06    0.44    0.44 v _26337_/Q (sky130_fd_sc_hd__dfrtp_2)
     2    0.01                           STAGE2.CU.count[3] (net)
                  0.06    0.00    0.44 v _19015_/A (sky130_fd_sc_hd__inv_2)
                  0.10    0.10    0.55 ^ _19015_/Y (sky130_fd_sc_hd__inv_2)
     5    0.02                           _09005_ (net)
                  0.10    0.00    0.55 ^ _19016_/A (sky130_fd_sc_hd__buf_1)
                  0.29    0.27    0.82 ^ _19016_/X (sky130_fd_sc_hd__buf_1)
     5    0.02                           _09006_ (net)
                  0.29    0.00    0.82 ^ _19017_/A (sky130_fd_sc_hd__buf_1)
                  0.26    0.28    1.10 ^ _19017_/X (sky130_fd_sc_hd__buf_1)
     5    0.02                           _09008_ (net)
                  0.26    0.00    1.10 ^ _19143_/A (sky130_fd_sc_hd__buf_1)
                  0.44    0.40    1.50 ^ _19143_/X (sky130_fd_sc_hd__buf_1)
     5    0.04                           _09146_ (net)
                  0.44    0.00    1.50 ^ _19144_/A (sky130_fd_sc_hd__buf_1)
                  0.44    0.41    1.91 ^ _19144_/X (sky130_fd_sc_hd__buf_1)
     5    0.04                           _09147_ (net)
                  0.44    0.00    1.91 ^ _19145_/A (sky130_fd_sc_hd__buf_1)
                  0.43    0.41    2.32 ^ _19145_/X (sky130_fd_sc_hd__buf_1)
     5    0.04                           _09148_ (net)
                  0.43    0.00    2.32 ^ _19146_/A (sky130_fd_sc_hd__buf_1)
                  0.32    0.32    2.64 ^ _19146_/X (sky130_fd_sc_hd__buf_1)
     5    0.03                           _09149_ (net)
                  0.32    0.00    2.64 ^ _19160_/A1 (sky130_fd_sc_hd__o211a_2)
                  0.18    0.33    2.97 ^ _19160_/X (sky130_fd_sc_hd__o211a_2)
     5    0.03                           _09165_ (net)
                  0.18    0.00    2.98 ^ _19408_/A2 (sky130_fd_sc_hd__o211ai_2)
                  0.16    0.16    3.14 v _19408_/Y (sky130_fd_sc_hd__o211ai_2)
     3    0.02                           _09438_ (net)
                  0.16    0.00    3.14 v _19409_/B (sky130_fd_sc_hd__nand2_2)
                  0.10    0.15    3.29 ^ _19409_/Y (sky130_fd_sc_hd__nand2_2)
     3    0.01                           _09439_ (net)
                  0.10    0.00    3.29 ^ _19410_/A (sky130_fd_sc_hd__buf_1)
                  0.45    0.38    3.67 ^ _19410_/X (sky130_fd_sc_hd__buf_1)
     5    0.04                           _09440_ (net)
                  0.45    0.00    3.67 ^ _19411_/A (sky130_fd_sc_hd__buf_1)
                  0.52    0.47    4.14 ^ _19411_/X (sky130_fd_sc_hd__buf_1)
     5    0.05                           _09441_ (net)
                  0.52    0.00    4.15 ^ _19798_/A (sky130_fd_sc_hd__buf_1)
                  0.54    0.48    4.63 ^ _19798_/X (sky130_fd_sc_hd__buf_1)
     5    0.05                           _09867_ (net)
                  0.54    0.00    4.63 ^ _19799_/A (sky130_fd_sc_hd__buf_1)
                  0.74    0.63    5.26 ^ _19799_/X (sky130_fd_sc_hd__buf_1)
     5    0.06                           _09868_ (net)
                  0.74    0.01    5.27 ^ _19800_/B2 (sky130_fd_sc_hd__a22o_2)
                  0.07    0.27    5.54 ^ _19800_/X (sky130_fd_sc_hd__a22o_2)
     2    0.01                           _09869_ (net)
                  0.07    0.00    5.54 ^ _19802_/B1 (sky130_fd_sc_hd__o211ai_2)
                  0.15    0.14    5.68 v _19802_/Y (sky130_fd_sc_hd__o211ai_2)
     4    0.02                           _09871_ (net)
                  0.15    0.00    5.68 v _19809_/B (sky130_fd_sc_hd__and3_2)
                  0.04    0.24    5.92 v _19809_/X (sky130_fd_sc_hd__and3_2)
     1    0.00                           _09879_ (net)
                  0.04    0.00    5.92 v _19810_/B (sky130_fd_sc_hd__nor2_2)
                  0.11    0.11    6.03 ^ _19810_/Y (sky130_fd_sc_hd__nor2_2)
     2    0.01                           _09880_ (net)
                  0.11    0.00    6.03 ^ _19811_/B1 (sky130_fd_sc_hd__a21o_2)
                  0.05    0.11    6.14 ^ _19811_/X (sky130_fd_sc_hd__a21o_2)
     3    0.01                           _09881_ (net)
                  0.05    0.00    6.14 ^ _19812_/A (sky130_fd_sc_hd__buf_1)
                  0.26    0.24    6.38 ^ _19812_/X (sky130_fd_sc_hd__buf_1)
     5    0.02                           _09882_ (net)
                  0.26    0.00    6.38 ^ _20321_/A1 (sky130_fd_sc_hd__a21oi_2)
                  0.08    0.11    6.49 v _20321_/Y (sky130_fd_sc_hd__a21oi_2)
     2    0.01                           _10442_ (net)
                  0.08    0.00    6.49 v _20454_/A1 (sky130_fd_sc_hd__o22ai_2)
                  0.18    0.22    6.71 ^ _20454_/Y (sky130_fd_sc_hd__o22ai_2)
     2    0.01                           _10588_ (net)
                  0.18    0.00    6.71 ^ _20457_/A3 (sky130_fd_sc_hd__a31oi_2)
                  0.09    0.13    6.84 v _20457_/Y (sky130_fd_sc_hd__a31oi_2)
     2    0.01                           _10592_ (net)
                  0.09    0.00    6.84 v _20460_/A2 (sky130_fd_sc_hd__a21oi_2)
                  0.26    0.27    7.11 ^ _20460_/Y (sky130_fd_sc_hd__a21oi_2)
     3    0.02                           _10595_ (net)
                  0.26    0.00    7.11 ^ _21212_/A1 (sky130_fd_sc_hd__o211ai_2)
                  0.13    0.18    7.29 v _21212_/Y (sky130_fd_sc_hd__o211ai_2)
     3    0.02                           _11421_ (net)
                  0.13    0.00    7.29 v _21457_/A3 (sky130_fd_sc_hd__a31oi_2)
                  0.33    0.37    7.66 ^ _21457_/Y (sky130_fd_sc_hd__a31oi_2)
     2    0.02                           _11690_ (net)
                  0.33    0.00    7.67 ^ _22304_/A (sky130_fd_sc_hd__nand4_2)
                  0.13    0.15    7.81 v _22304_/Y (sky130_fd_sc_hd__nand4_2)
     2    0.01                           _12617_ (net)
                  0.13    0.00    7.81 v _22311_/A2 (sky130_fd_sc_hd__o211ai_2)
                  0.28    0.29    8.10 ^ _22311_/Y (sky130_fd_sc_hd__o211ai_2)
     3    0.02                           _12625_ (net)
                  0.28    0.00    8.10 ^ _22694_/A1 (sky130_fd_sc_hd__a31oi_2)
                  0.16    0.22    8.32 v _22694_/Y (sky130_fd_sc_hd__a31oi_2)
     4    0.02                           _00124_ (net)
                  0.16    0.00    8.32 v _22695_/C1 (sky130_fd_sc_hd__a211o_2)
                  0.10    0.37    8.69 v _22695_/X (sky130_fd_sc_hd__a211o_2)
     1    0.02                           _00125_ (net)
                  0.10    0.00    8.69 v _22698_/B1 (sky130_fd_sc_hd__a22o_2)
                  0.06    0.25    8.94 v _22698_/X (sky130_fd_sc_hd__a22o_2)
     1    0.01                           STAGE2.SR4.din_re[8] (net)
                  0.06    0.00    8.94 v _26189_/D (sky130_fd_sc_hd__dfrtp_2)
                                  8.94   data arrival time

                  0.15   20.00   20.00   clock clk (rise edge)
                          0.00   20.00   clock network delay (ideal)
                         -0.10   19.90   clock uncertainty
                          0.00   19.90   clock reconvergence pessimism
                                 19.90 ^ _26189_/CLK (sky130_fd_sc_hd__dfrtp_2)
                         -0.10   19.80   library setup time
                                 19.80   data required time
-----------------------------------------------------------------------------
                                 19.80   data required time
                                 -8.94   data arrival time
-----------------------------------------------------------------------------
                                 10.86   slack (MET)


Startpoint: _26337_ (rising edge-triggered flip-flop clocked by clk)
Endpoint: _26240_ (rising edge-triggered flip-flop clocked by clk)
Path Group: clk
Path Type: max

Fanout     Cap    Slew   Delay    Time   Description
-----------------------------------------------------------------------------
                  0.15    0.00    0.00   clock clk (rise edge)
                          0.00    0.00   clock network delay (ideal)
                  0.15    0.00    0.00 ^ _26337_/CLK (sky130_fd_sc_hd__dfrtp_2)
                  0.06    0.44    0.44 v _26337_/Q (sky130_fd_sc_hd__dfrtp_2)
     2    0.01                           STAGE2.CU.count[3] (net)
                  0.06    0.00    0.44 v _19015_/A (sky130_fd_sc_hd__inv_2)
                  0.10    0.10    0.55 ^ _19015_/Y (sky130_fd_sc_hd__inv_2)
     5    0.02                           _09005_ (net)
                  0.10    0.00    0.55 ^ _19016_/A (sky130_fd_sc_hd__buf_1)
                  0.29    0.27    0.82 ^ _19016_/X (sky130_fd_sc_hd__buf_1)
     5    0.02                           _09006_ (net)
                  0.29    0.00    0.82 ^ _19017_/A (sky130_fd_sc_hd__buf_1)
                  0.26    0.28    1.10 ^ _19017_/X (sky130_fd_sc_hd__buf_1)
     5    0.02                           _09008_ (net)
                  0.26    0.00    1.10 ^ _19143_/A (sky130_fd_sc_hd__buf_1)
                  0.44    0.40    1.50 ^ _19143_/X (sky130_fd_sc_hd__buf_1)
     5    0.04                           _09146_ (net)
                  0.44    0.00    1.50 ^ _19144_/A (sky130_fd_sc_hd__buf_1)
                  0.44    0.41    1.91 ^ _19144_/X (sky130_fd_sc_hd__buf_1)
     5    0.04                           _09147_ (net)
                  0.44    0.00    1.91 ^ _19145_/A (sky130_fd_sc_hd__buf_1)
                  0.43    0.41    2.32 ^ _19145_/X (sky130_fd_sc_hd__buf_1)
     5    0.04                           _09148_ (net)
                  0.43    0.00    2.32 ^ _19146_/A (sky130_fd_sc_hd__buf_1)
                  0.32    0.32    2.64 ^ _19146_/X (sky130_fd_sc_hd__buf_1)
     5    0.03                           _09149_ (net)
                  0.32    0.00    2.64 ^ _19160_/A1 (sky130_fd_sc_hd__o211a_2)
                  0.18    0.33    2.97 ^ _19160_/X (sky130_fd_sc_hd__o211a_2)
     5    0.03                           _09165_ (net)
                  0.18    0.00    2.98 ^ _19408_/A2 (sky130_fd_sc_hd__o211ai_2)
                  0.16    0.16    3.14 v _19408_/Y (sky130_fd_sc_hd__o211ai_2)
     3    0.02                           _09438_ (net)
                  0.16    0.00    3.14 v _19409_/B (sky130_fd_sc_hd__nand2_2)
                  0.10    0.15    3.29 ^ _19409_/Y (sky130_fd_sc_hd__nand2_2)
     3    0.01                           _09439_ (net)
                  0.10    0.00    3.29 ^ _19410_/A (sky130_fd_sc_hd__buf_1)
                  0.45    0.38    3.67 ^ _19410_/X (sky130_fd_sc_hd__buf_1)
     5    0.04                           _09440_ (net)
                  0.45    0.00    3.67 ^ _19411_/A (sky130_fd_sc_hd__buf_1)
                  0.52    0.47    4.14 ^ _19411_/X (sky130_fd_sc_hd__buf_1)
     5    0.05                           _09441_ (net)
                  0.52    0.00    4.15 ^ _19798_/A (sky130_fd_sc_hd__buf_1)
                  0.54    0.48    4.63 ^ _19798_/X (sky130_fd_sc_hd__buf_1)
     5    0.05                           _09867_ (net)
                  0.54    0.00    4.63 ^ _19799_/A (sky130_fd_sc_hd__buf_1)
                  0.74    0.63    5.26 ^ _19799_/X (sky130_fd_sc_hd__buf_1)
     5    0.06                           _09868_ (net)
                  0.74    0.00    5.26 ^ _23131_/A (sky130_fd_sc_hd__and3_2)
                  0.09    0.36    5.62 ^ _23131_/X (sky130_fd_sc_hd__and3_2)
     2    0.01                           _00601_ (net)
                  0.09    0.00    5.62 ^ _23132_/C (sky130_fd_sc_hd__nand3_2)
                  0.09    0.09    5.72 v _23132_/Y (sky130_fd_sc_hd__nand3_2)
     2    0.01                           _00602_ (net)
                  0.09    0.00    5.72 v _23134_/A3 (sky130_fd_sc_hd__a31o_2)
                  0.06    0.29    6.01 v _23134_/X (sky130_fd_sc_hd__a31o_2)
     2    0.01                           _00604_ (net)
                  0.06    0.00    6.01 v _23135_/B1 (sky130_fd_sc_hd__a21o_2)
                  0.06    0.22    6.23 v _23135_/X (sky130_fd_sc_hd__a21o_2)
     2    0.01                           _00605_ (net)
                  0.06    0.00    6.23 v _23138_/A2 (sky130_fd_sc_hd__a22o_2)
                  0.06    0.28    6.51 v _23138_/X (sky130_fd_sc_hd__a22o_2)
     2    0.01                           _00609_ (net)
                  0.06    0.00    6.51 v _23167_/A2 (sky130_fd_sc_hd__a21o_2)
                  0.06    0.24    6.75 v _23167_/X (sky130_fd_sc_hd__a21o_2)
     4    0.01                           _00641_ (net)
                  0.06    0.00    6.75 v _23185_/A1 (sky130_fd_sc_hd__a21bo_2)
                  0.06    0.22    6.97 v _23185_/X (sky130_fd_sc_hd__a21bo_2)
     3    0.01                           _00660_ (net)
                  0.06    0.00    6.97 v _23442_/B (sky130_fd_sc_hd__and2_2)
                  0.04    0.20    7.17 v _23442_/X (sky130_fd_sc_hd__and2_2)
     1    0.00                           _00943_ (net)
                  0.04    0.00    7.17 v _23443_/A2 (sky130_fd_sc_hd__o21ai_2)
                  0.11    0.12    7.29 ^ _23443_/Y (sky130_fd_sc_hd__o21ai_2)
     1    0.01                           _00944_ (net)
                  0.11    0.00    7.29 ^ _23444_/C (sky130_fd_sc_hd__nand3_2)
                  0.08    0.10    7.39 v _23444_/Y (sky130_fd_sc_hd__nand3_2)
     2    0.01                           _00945_ (net)
                  0.08    0.00    7.39 v _23578_/B1 (sky130_fd_sc_hd__a31oi_2)
                  0.26    0.25    7.64 ^ _23578_/Y (sky130_fd_sc_hd__a31oi_2)
     4    0.02                           _01093_ (net)
                  0.26    0.00    7.64 ^ _23861_/B1 (sky130_fd_sc_hd__o22a_2)
                  0.08    0.24    7.88 ^ _23861_/X (sky130_fd_sc_hd__o22a_2)
     3    0.01                           _01402_ (net)
                  0.08    0.00    7.88 ^ _24336_/A (sky130_fd_sc_hd__nand3_2)
                  0.06    0.07    7.95 v _24336_/Y (sky130_fd_sc_hd__nand3_2)
     1    0.01                           _01920_ (net)
                  0.06    0.00    7.95 v _24337_/B2 (sky130_fd_sc_hd__a22oi_2)
                  0.27    0.26    8.21 ^ _24337_/Y (sky130_fd_sc_hd__a22oi_2)
     4    0.02                           _01922_ (net)
                  0.27    0.00    8.21 ^ _24624_/A (sky130_fd_sc_hd__nand4_2)
                  0.13    0.15    8.36 v _24624_/Y (sky130_fd_sc_hd__nand4_2)
     3    0.01                           _02233_ (net)
                  0.13    0.00    8.36 v _24694_/A1 (sky130_fd_sc_hd__a21oi_2)
                  0.16    0.20    8.57 ^ _24694_/Y (sky130_fd_sc_hd__a21oi_2)
     2    0.01                           _02310_ (net)
                  0.16    0.00    8.57 ^ _24730_/A2 (sky130_fd_sc_hd__o21ai_2)
                  0.04    0.07    8.64 v _24730_/Y (sky130_fd_sc_hd__o21ai_2)
     1    0.01                           _02349_ (net)
                  0.04    0.00    8.64 v _24735_/A1 (sky130_fd_sc_hd__a31oi_2)
                  0.28    0.23    8.87 ^ _24735_/Y (sky130_fd_sc_hd__a31oi_2)
     1    0.02                           STAGE2.SR4.din_im[11] (net)
                  0.28    0.00    8.87 ^ _26240_/D (sky130_fd_sc_hd__dfrtp_2)
                                  8.87   data arrival time

                  0.15   20.00   20.00   clock clk (rise edge)
                          0.00   20.00   clock network delay (ideal)
                         -0.10   19.90   clock uncertainty
                          0.00   19.90   clock reconvergence pessimism
                                 19.90 ^ _26240_/CLK (sky130_fd_sc_hd__dfrtp_2)
                         -0.10   19.80   library setup time
                                 19.80   data required time
-----------------------------------------------------------------------------
                                 19.80   data required time
                                 -8.87   data arrival time
-----------------------------------------------------------------------------
                                 10.93   slack (MET)


Startpoint: _26337_ (rising edge-triggered flip-flop clocked by clk)
Endpoint: _26236_ (rising edge-triggered flip-flop clocked by clk)
Path Group: clk
Path Type: max

Fanout     Cap    Slew   Delay    Time   Description
-----------------------------------------------------------------------------
                  0.15    0.00    0.00   clock clk (rise edge)
                          0.00    0.00   clock network delay (ideal)
                  0.15    0.00    0.00 ^ _26337_/CLK (sky130_fd_sc_hd__dfrtp_2)
                  0.06    0.44    0.44 v _26337_/Q (sky130_fd_sc_hd__dfrtp_2)
     2    0.01                           STAGE2.CU.count[3] (net)
                  0.06    0.00    0.44 v _19015_/A (sky130_fd_sc_hd__inv_2)
                  0.10    0.10    0.55 ^ _19015_/Y (sky130_fd_sc_hd__inv_2)
     5    0.02                           _09005_ (net)
                  0.10    0.00    0.55 ^ _19016_/A (sky130_fd_sc_hd__buf_1)
                  0.29    0.27    0.82 ^ _19016_/X (sky130_fd_sc_hd__buf_1)
     5    0.02                           _09006_ (net)
                  0.29    0.00    0.82 ^ _19017_/A (sky130_fd_sc_hd__buf_1)
                  0.26    0.28    1.10 ^ _19017_/X (sky130_fd_sc_hd__buf_1)
     5    0.02                           _09008_ (net)
                  0.26    0.00    1.10 ^ _19143_/A (sky130_fd_sc_hd__buf_1)
                  0.44    0.40    1.50 ^ _19143_/X (sky130_fd_sc_hd__buf_1)
     5    0.04                           _09146_ (net)
                  0.44    0.00    1.50 ^ _19144_/A (sky130_fd_sc_hd__buf_1)
                  0.44    0.41    1.91 ^ _19144_/X (sky130_fd_sc_hd__buf_1)
     5    0.04                           _09147_ (net)
                  0.44    0.00    1.91 ^ _19145_/A (sky130_fd_sc_hd__buf_1)
                  0.43    0.41    2.32 ^ _19145_/X (sky130_fd_sc_hd__buf_1)
     5    0.04                           _09148_ (net)
                  0.43    0.00    2.32 ^ _19146_/A (sky130_fd_sc_hd__buf_1)
                  0.32    0.32    2.64 ^ _19146_/X (sky130_fd_sc_hd__buf_1)
     5    0.03                           _09149_ (net)
                  0.32    0.00    2.64 ^ _19160_/A1 (sky130_fd_sc_hd__o211a_2)
                  0.18    0.33    2.97 ^ _19160_/X (sky130_fd_sc_hd__o211a_2)
     5    0.03                           _09165_ (net)
                  0.18    0.00    2.98 ^ _19408_/A2 (sky130_fd_sc_hd__o211ai_2)
                  0.16    0.16    3.14 v _19408_/Y (sky130_fd_sc_hd__o211ai_2)
     3    0.02                           _09438_ (net)
                  0.16    0.00    3.14 v _19409_/B (sky130_fd_sc_hd__nand2_2)
                  0.10    0.15    3.29 ^ _19409_/Y (sky130_fd_sc_hd__nand2_2)
     3    0.01                           _09439_ (net)
                  0.10    0.00    3.29 ^ _19410_/A (sky130_fd_sc_hd__buf_1)
                  0.45    0.38    3.67 ^ _19410_/X (sky130_fd_sc_hd__buf_1)
     5    0.04                           _09440_ (net)
                  0.45    0.00    3.67 ^ _19411_/A (sky130_fd_sc_hd__buf_1)
                  0.52    0.47    4.14 ^ _19411_/X (sky130_fd_sc_hd__buf_1)
     5    0.05                           _09441_ (net)
                  0.52    0.00    4.15 ^ _19798_/A (sky130_fd_sc_hd__buf_1)
                  0.54    0.48    4.63 ^ _19798_/X (sky130_fd_sc_hd__buf_1)
     5    0.05                           _09867_ (net)
                  0.54    0.00    4.63 ^ _19799_/A (sky130_fd_sc_hd__buf_1)
                  0.74    0.63    5.26 ^ _19799_/X (sky130_fd_sc_hd__buf_1)
     5    0.06                           _09868_ (net)
                  0.74    0.00    5.26 ^ _23131_/A (sky130_fd_sc_hd__and3_2)
                  0.09    0.36    5.62 ^ _23131_/X (sky130_fd_sc_hd__and3_2)
     2    0.01                           _00601_ (net)
                  0.09    0.00    5.62 ^ _23132_/C (sky130_fd_sc_hd__nand3_2)
                  0.09    0.09    5.72 v _23132_/Y (sky130_fd_sc_hd__nand3_2)
     2    0.01                           _00602_ (net)
                  0.09    0.00    5.72 v _23134_/A3 (sky130_fd_sc_hd__a31o_2)
                  0.06    0.29    6.01 v _23134_/X (sky130_fd_sc_hd__a31o_2)
     2    0.01                           _00604_ (net)
                  0.06    0.00    6.01 v _23135_/B1 (sky130_fd_sc_hd__a21o_2)
                  0.06    0.22    6.23 v _23135_/X (sky130_fd_sc_hd__a21o_2)
     2    0.01                           _00605_ (net)
                  0.06    0.00    6.23 v _23138_/A2 (sky130_fd_sc_hd__a22o_2)
                  0.06    0.28    6.51 v _23138_/X (sky130_fd_sc_hd__a22o_2)
     2    0.01                           _00609_ (net)
                  0.06    0.00    6.51 v _23167_/A2 (sky130_fd_sc_hd__a21o_2)
                  0.06    0.24    6.75 v _23167_/X (sky130_fd_sc_hd__a21o_2)
     4    0.01                           _00641_ (net)
                  0.06    0.00    6.75 v _23185_/A1 (sky130_fd_sc_hd__a21bo_2)
                  0.06    0.22    6.97 v _23185_/X (sky130_fd_sc_hd__a21bo_2)
     3    0.01                           _00660_ (net)
                  0.06    0.00    6.97 v _23442_/B (sky130_fd_sc_hd__and2_2)
                  0.04    0.20    7.17 v _23442_/X (sky130_fd_sc_hd__and2_2)
     1    0.00                           _00943_ (net)
                  0.04    0.00    7.17 v _23443_/A2 (sky130_fd_sc_hd__o21ai_2)
                  0.11    0.12    7.29 ^ _23443_/Y (sky130_fd_sc_hd__o21ai_2)
     1    0.01                           _00944_ (net)
                  0.11    0.00    7.29 ^ _23444_/C (sky130_fd_sc_hd__nand3_2)
                  0.08    0.10    7.39 v _23444_/Y (sky130_fd_sc_hd__nand3_2)
     2    0.01                           _00945_ (net)
                  0.08    0.00    7.39 v _23578_/B1 (sky130_fd_sc_hd__a31oi_2)
                  0.26    0.25    7.64 ^ _23578_/Y (sky130_fd_sc_hd__a31oi_2)
     4    0.02                           _01093_ (net)
                  0.26    0.00    7.64 ^ _23861_/B1 (sky130_fd_sc_hd__o22a_2)
                  0.08    0.24    7.88 ^ _23861_/X (sky130_fd_sc_hd__o22a_2)
     3    0.01                           _01402_ (net)
                  0.08    0.00    7.88 ^ _24336_/A (sky130_fd_sc_hd__nand3_2)
                  0.06    0.07    7.95 v _24336_/Y (sky130_fd_sc_hd__nand3_2)
     1    0.01                           _01920_ (net)
                  0.06    0.00    7.95 v _24337_/B2 (sky130_fd_sc_hd__a22oi_2)
                  0.27    0.26    8.21 ^ _24337_/Y (sky130_fd_sc_hd__a22oi_2)
     4    0.02                           _01922_ (net)
                  0.27    0.00    8.21 ^ _24448_/A1 (sky130_fd_sc_hd__a21bo_2)
                  0.06    0.20    8.41 ^ _24448_/X (sky130_fd_sc_hd__a21bo_2)
     1    0.01                           _02043_ (net)
                  0.06    0.00    8.41 ^ _24449_/B (sky130_fd_sc_hd__xor2_2)
                  0.36    0.32    8.73 ^ _24449_/X (sky130_fd_sc_hd__xor2_2)
     1    0.03                           _02044_ (net)
                  0.36    0.00    8.73 ^ _24453_/A2 (sky130_fd_sc_hd__a21oi_2)
                  0.11    0.09    8.82 v _24453_/Y (sky130_fd_sc_hd__a21oi_2)
     1    0.00                           STAGE2.SR4.din_im[7] (net)
                  0.11    0.00    8.82 v _26236_/D (sky130_fd_sc_hd__dfrtp_2)
                                  8.82   data arrival time

                  0.15   20.00   20.00   clock clk (rise edge)
                          0.00   20.00   clock network delay (ideal)
                         -0.10   19.90   clock uncertainty
                          0.00   19.90   clock reconvergence pessimism
                                 19.90 ^ _26236_/CLK (sky130_fd_sc_hd__dfrtp_2)
                         -0.12   19.78   library setup time
                                 19.78   data required time
-----------------------------------------------------------------------------
                                 19.78   data required time
                                 -8.82   data arrival time
-----------------------------------------------------------------------------
                                 10.96   slack (MET)


Startpoint: _26337_ (rising edge-triggered flip-flop clocked by clk)
Endpoint: _26190_ (rising edge-triggered flip-flop clocked by clk)
Path Group: clk
Path Type: max

Fanout     Cap    Slew   Delay    Time   Description
-----------------------------------------------------------------------------
                  0.15    0.00    0.00   clock clk (rise edge)
                          0.00    0.00   clock network delay (ideal)
                  0.15    0.00    0.00 ^ _26337_/CLK (sky130_fd_sc_hd__dfrtp_2)
                  0.06    0.44    0.44 v _26337_/Q (sky130_fd_sc_hd__dfrtp_2)
     2    0.01                           STAGE2.CU.count[3] (net)
                  0.06    0.00    0.44 v _19015_/A (sky130_fd_sc_hd__inv_2)
                  0.10    0.10    0.55 ^ _19015_/Y (sky130_fd_sc_hd__inv_2)
     5    0.02                           _09005_ (net)
                  0.10    0.00    0.55 ^ _19016_/A (sky130_fd_sc_hd__buf_1)
                  0.29    0.27    0.82 ^ _19016_/X (sky130_fd_sc_hd__buf_1)
     5    0.02                           _09006_ (net)
                  0.29    0.00    0.82 ^ _19017_/A (sky130_fd_sc_hd__buf_1)
                  0.26    0.28    1.10 ^ _19017_/X (sky130_fd_sc_hd__buf_1)
     5    0.02                           _09008_ (net)
                  0.26    0.00    1.10 ^ _19143_/A (sky130_fd_sc_hd__buf_1)
                  0.44    0.40    1.50 ^ _19143_/X (sky130_fd_sc_hd__buf_1)
     5    0.04                           _09146_ (net)
                  0.44    0.00    1.50 ^ _19144_/A (sky130_fd_sc_hd__buf_1)
                  0.44    0.41    1.91 ^ _19144_/X (sky130_fd_sc_hd__buf_1)
     5    0.04                           _09147_ (net)
                  0.44    0.00    1.91 ^ _19145_/A (sky130_fd_sc_hd__buf_1)
                  0.43    0.41    2.32 ^ _19145_/X (sky130_fd_sc_hd__buf_1)
     5    0.04                           _09148_ (net)
                  0.43    0.00    2.32 ^ _19146_/A (sky130_fd_sc_hd__buf_1)
                  0.32    0.32    2.64 ^ _19146_/X (sky130_fd_sc_hd__buf_1)
     5    0.03                           _09149_ (net)
                  0.32    0.00    2.64 ^ _19160_/A1 (sky130_fd_sc_hd__o211a_2)
                  0.18    0.33    2.97 ^ _19160_/X (sky130_fd_sc_hd__o211a_2)
     5    0.03                           _09165_ (net)
                  0.18    0.00    2.98 ^ _19408_/A2 (sky130_fd_sc_hd__o211ai_2)
                  0.16    0.16    3.14 v _19408_/Y (sky130_fd_sc_hd__o211ai_2)
     3    0.02                           _09438_ (net)
                  0.16    0.00    3.14 v _19409_/B (sky130_fd_sc_hd__nand2_2)
                  0.10    0.15    3.29 ^ _19409_/Y (sky130_fd_sc_hd__nand2_2)
     3    0.01                           _09439_ (net)
                  0.10    0.00    3.29 ^ _19410_/A (sky130_fd_sc_hd__buf_1)
                  0.45    0.38    3.67 ^ _19410_/X (sky130_fd_sc_hd__buf_1)
     5    0.04                           _09440_ (net)
                  0.45    0.00    3.67 ^ _19411_/A (sky130_fd_sc_hd__buf_1)
                  0.52    0.47    4.14 ^ _19411_/X (sky130_fd_sc_hd__buf_1)
     5    0.05                           _09441_ (net)
                  0.52    0.00    4.15 ^ _19798_/A (sky130_fd_sc_hd__buf_1)
                  0.54    0.48    4.63 ^ _19798_/X (sky130_fd_sc_hd__buf_1)
     5    0.05                           _09867_ (net)
                  0.54    0.00    4.63 ^ _19799_/A (sky130_fd_sc_hd__buf_1)
                  0.74    0.63    5.26 ^ _19799_/X (sky130_fd_sc_hd__buf_1)
     5    0.06                           _09868_ (net)
                  0.74    0.01    5.27 ^ _19800_/B2 (sky130_fd_sc_hd__a22o_2)
                  0.07    0.27    5.54 ^ _19800_/X (sky130_fd_sc_hd__a22o_2)
     2    0.01                           _09869_ (net)
                  0.07    0.00    5.54 ^ _19802_/B1 (sky130_fd_sc_hd__o211ai_2)
                  0.15    0.14    5.68 v _19802_/Y (sky130_fd_sc_hd__o211ai_2)
     4    0.02                           _09871_ (net)
                  0.15    0.00    5.68 v _19809_/B (sky130_fd_sc_hd__and3_2)
                  0.04    0.24    5.92 v _19809_/X (sky130_fd_sc_hd__and3_2)
     1    0.00                           _09879_ (net)
                  0.04    0.00    5.92 v _19810_/B (sky130_fd_sc_hd__nor2_2)
                  0.11    0.11    6.03 ^ _19810_/Y (sky130_fd_sc_hd__nor2_2)
     2    0.01                           _09880_ (net)
                  0.11    0.00    6.03 ^ _19811_/B1 (sky130_fd_sc_hd__a21o_2)
                  0.05    0.11    6.14 ^ _19811_/X (sky130_fd_sc_hd__a21o_2)
     3    0.01                           _09881_ (net)
                  0.05    0.00    6.14 ^ _19812_/A (sky130_fd_sc_hd__buf_1)
                  0.26    0.24    6.38 ^ _19812_/X (sky130_fd_sc_hd__buf_1)
     5    0.02                           _09882_ (net)
                  0.26    0.00    6.38 ^ _20321_/A1 (sky130_fd_sc_hd__a21oi_2)
                  0.08    0.11    6.49 v _20321_/Y (sky130_fd_sc_hd__a21oi_2)
     2    0.01                           _10442_ (net)
                  0.08    0.00    6.49 v _20454_/A1 (sky130_fd_sc_hd__o22ai_2)
                  0.18    0.22    6.71 ^ _20454_/Y (sky130_fd_sc_hd__o22ai_2)
     2    0.01                           _10588_ (net)
                  0.18    0.00    6.71 ^ _20457_/A3 (sky130_fd_sc_hd__a31oi_2)
                  0.09    0.13    6.84 v _20457_/Y (sky130_fd_sc_hd__a31oi_2)
     2    0.01                           _10592_ (net)
                  0.09    0.00    6.84 v _20460_/A2 (sky130_fd_sc_hd__a21oi_2)
                  0.26    0.27    7.11 ^ _20460_/Y (sky130_fd_sc_hd__a21oi_2)
     3    0.02                           _10595_ (net)
                  0.26    0.00    7.11 ^ _21212_/A1 (sky130_fd_sc_hd__o211ai_2)
                  0.13    0.18    7.29 v _21212_/Y (sky130_fd_sc_hd__o211ai_2)
     3    0.02                           _11421_ (net)
                  0.13    0.00    7.29 v _21457_/A3 (sky130_fd_sc_hd__a31oi_2)
                  0.33    0.37    7.66 ^ _21457_/Y (sky130_fd_sc_hd__a31oi_2)
     2    0.02                           _11690_ (net)
                  0.33    0.00    7.67 ^ _22304_/A (sky130_fd_sc_hd__nand4_2)
                  0.13    0.15    7.81 v _22304_/Y (sky130_fd_sc_hd__nand4_2)
     2    0.01                           _12617_ (net)
                  0.13    0.00    7.81 v _22311_/A2 (sky130_fd_sc_hd__o211ai_2)
                  0.28    0.29    8.10 ^ _22311_/Y (sky130_fd_sc_hd__o211ai_2)
     3    0.02                           _12625_ (net)
                  0.28    0.00    8.10 ^ _22694_/A1 (sky130_fd_sc_hd__a31oi_2)
                  0.16    0.22    8.32 v _22694_/Y (sky130_fd_sc_hd__a31oi_2)
     4    0.02                           _00124_ (net)
                  0.16    0.00    8.32 v _22840_/B2 (sky130_fd_sc_hd__o221ai_2)
                  0.17    0.18    8.50 ^ _22840_/Y (sky130_fd_sc_hd__o221ai_2)
     1    0.01                           _00284_ (net)
                  0.17    0.00    8.50 ^ _22842_/B (sky130_fd_sc_hd__nand3_2)
                  0.20    0.19    8.69 v _22842_/Y (sky130_fd_sc_hd__nand3_2)
     1    0.03                           _00286_ (net)
                  0.20    0.00    8.69 v _22843_/B1 (sky130_fd_sc_hd__o21ai_2)
                  0.18    0.15    8.84 ^ _22843_/Y (sky130_fd_sc_hd__o21ai_2)
     1    0.01                           STAGE2.SR4.din_re[9] (net)
                  0.18    0.00    8.84 ^ _26190_/D (sky130_fd_sc_hd__dfrtp_2)
                                  8.84   data arrival time

                  0.15   20.00   20.00   clock clk (rise edge)
                          0.00   20.00   clock network delay (ideal)
                         -0.10   19.90   clock uncertainty
                          0.00   19.90   clock reconvergence pessimism
                                 19.90 ^ _26190_/CLK (sky130_fd_sc_hd__dfrtp_2)
                         -0.08   19.82   library setup time
                                 19.82   data required time
-----------------------------------------------------------------------------
                                 19.82   data required time
                                 -8.84   data arrival time
-----------------------------------------------------------------------------
                                 10.98   slack (MET)


