
===========================================================================
report_checks -unconstrained
============================================================================
Startpoint: _26337_ (rising edge-triggered flip-flop clocked by clk)
Endpoint: _26239_ (rising edge-triggered flip-flop clocked by clk)
Path Group: clk
Path Type: max

Fanout     Cap    Slew   Delay    Time   Description
-----------------------------------------------------------------------------
                  0.15    0.00    0.00   clock clk (rise edge)
                          0.00    0.00   clock network delay (ideal)
                  0.15    0.00    0.00 ^ _26337_/CLK (sky130_fd_sc_hd__dfrtp_2)
                  0.06    0.44    0.44 v _26337_/Q (sky130_fd_sc_hd__dfrtp_2)
     2    0.01                           STAGE2.CU.count[3] (net)
                  0.06    0.00    0.44 v _19015_/A (sky130_fd_sc_hd__inv_2)
                  0.10    0.10    0.55 ^ _19015_/Y (sky130_fd_sc_hd__inv_2)
     5    0.02                           _09005_ (net)
                  0.10    0.00    0.55 ^ _19016_/A (sky130_fd_sc_hd__buf_1)
                  0.29    0.27    0.82 ^ _19016_/X (sky130_fd_sc_hd__buf_1)
     5    0.02                           _09006_ (net)
                  0.29    0.00    0.82 ^ _19017_/A (sky130_fd_sc_hd__buf_1)
                  0.26    0.28    1.10 ^ _19017_/X (sky130_fd_sc_hd__buf_1)
     5    0.02                           _09008_ (net)
                  0.26    0.00    1.10 ^ _19143_/A (sky130_fd_sc_hd__buf_1)
                  0.44    0.40    1.50 ^ _19143_/X (sky130_fd_sc_hd__buf_1)
     5    0.04                           _09146_ (net)
                  0.44    0.00    1.50 ^ _19144_/A (sky130_fd_sc_hd__buf_1)
                  0.44    0.41    1.91 ^ _19144_/X (sky130_fd_sc_hd__buf_1)
     5    0.04                           _09147_ (net)
                  0.44    0.00    1.91 ^ _19145_/A (sky130_fd_sc_hd__buf_1)
                  0.43    0.41    2.32 ^ _19145_/X (sky130_fd_sc_hd__buf_1)
     5    0.04                           _09148_ (net)
                  0.43    0.00    2.32 ^ _19146_/A (sky130_fd_sc_hd__buf_1)
                  0.32    0.32    2.64 ^ _19146_/X (sky130_fd_sc_hd__buf_1)
     5    0.03                           _09149_ (net)
                  0.32    0.00    2.64 ^ _19160_/A1 (sky130_fd_sc_hd__o211a_2)
                  0.18    0.33    2.97 ^ _19160_/X (sky130_fd_sc_hd__o211a_2)
     5    0.03                           _09165_ (net)
                  0.18    0.00    2.98 ^ _19408_/A2 (sky130_fd_sc_hd__o211ai_2)
                  0.16    0.16    3.14 v _19408_/Y (sky130_fd_sc_hd__o211ai_2)
     3    0.02                           _09438_ (net)
                  0.16    0.00    3.14 v _19409_/B (sky130_fd_sc_hd__nand2_2)
                  0.10    0.15    3.29 ^ _19409_/Y (sky130_fd_sc_hd__nand2_2)
     3    0.01                           _09439_ (net)
                  0.10    0.00    3.29 ^ _19410_/A (sky130_fd_sc_hd__buf_1)
                  0.45    0.38    3.67 ^ _19410_/X (sky130_fd_sc_hd__buf_1)
     5    0.04                           _09440_ (net)
                  0.45    0.00    3.67 ^ _19411_/A (sky130_fd_sc_hd__buf_1)
                  0.52    0.47    4.14 ^ _19411_/X (sky130_fd_sc_hd__buf_1)
     5    0.05                           _09441_ (net)
                  0.52    0.00    4.15 ^ _19798_/A (sky130_fd_sc_hd__buf_1)
                  0.54    0.48    4.63 ^ _19798_/X (sky130_fd_sc_hd__buf_1)
     5    0.05                           _09867_ (net)
                  0.54    0.00    4.63 ^ _19799_/A (sky130_fd_sc_hd__buf_1)
                  0.74    0.63    5.26 ^ _19799_/X (sky130_fd_sc_hd__buf_1)
     5    0.06                           _09868_ (net)
                  0.74    0.00    5.26 ^ _23131_/A (sky130_fd_sc_hd__and3_2)
                  0.09    0.36    5.62 ^ _23131_/X (sky130_fd_sc_hd__and3_2)
     2    0.01                           _00601_ (net)
                  0.09    0.00    5.62 ^ _23132_/C (sky130_fd_sc_hd__nand3_2)
                  0.09    0.09    5.72 v _23132_/Y (sky130_fd_sc_hd__nand3_2)
     2    0.01                           _00602_ (net)
                  0.09    0.00    5.72 v _23134_/A3 (sky130_fd_sc_hd__a31o_2)
                  0.06    0.29    6.01 v _23134_/X (sky130_fd_sc_hd__a31o_2)
     2    0.01                           _00604_ (net)
                  0.06    0.00    6.01 v _23135_/B1 (sky130_fd_sc_hd__a21o_2)
                  0.06    0.22    6.23 v _23135_/X (sky130_fd_sc_hd__a21o_2)
     2    0.01                           _00605_ (net)
                  0.06    0.00    6.23 v _23138_/A2 (sky130_fd_sc_hd__a22o_2)
                  0.06    0.28    6.51 v _23138_/X (sky130_fd_sc_hd__a22o_2)
     2    0.01                           _00609_ (net)
                  0.06    0.00    6.51 v _23167_/A2 (sky130_fd_sc_hd__a21o_2)
                  0.06    0.24    6.75 v _23167_/X (sky130_fd_sc_hd__a21o_2)
     4    0.01                           _00641_ (net)
                  0.06    0.00    6.75 v _23185_/A1 (sky130_fd_sc_hd__a21bo_2)
                  0.06    0.22    6.97 v _23185_/X (sky130_fd_sc_hd__a21bo_2)
     3    0.01                           _00660_ (net)
                  0.06    0.00    6.97 v _23442_/B (sky130_fd_sc_hd__and2_2)
                  0.04    0.20    7.17 v _23442_/X (sky130_fd_sc_hd__and2_2)
     1    0.00                           _00943_ (net)
                  0.04    0.00    7.17 v _23443_/A2 (sky130_fd_sc_hd__o21ai_2)
                  0.11    0.12    7.29 ^ _23443_/Y (sky130_fd_sc_hd__o21ai_2)
     1    0.01                           _00944_ (net)
                  0.11    0.00    7.29 ^ _23444_/C (sky130_fd_sc_hd__nand3_2)
                  0.08    0.10    7.39 v _23444_/Y (sky130_fd_sc_hd__nand3_2)
     2    0.01                           _00945_ (net)
                  0.08    0.00    7.39 v _23578_/B1 (sky130_fd_sc_hd__a31oi_2)
                  0.26    0.25    7.64 ^ _23578_/Y (sky130_fd_sc_hd__a31oi_2)
     4    0.02                           _01093_ (net)
                  0.26    0.00    7.64 ^ _23861_/B1 (sky130_fd_sc_hd__o22a_2)
                  0.08    0.24    7.88 ^ _23861_/X (sky130_fd_sc_hd__o22a_2)
     3    0.01                           _01402_ (net)
                  0.08    0.00    7.88 ^ _24336_/A (sky130_fd_sc_hd__nand3_2)
                  0.06    0.07    7.95 v _24336_/Y (sky130_fd_sc_hd__nand3_2)
     1    0.01                           _01920_ (net)
                  0.06    0.00    7.95 v _24337_/B2 (sky130_fd_sc_hd__a22oi_2)
                  0.27    0.26    8.21 ^ _24337_/Y (sky130_fd_sc_hd__a22oi_2)
     4    0.02                           _01922_ (net)
                  0.27    0.00    8.21 ^ _24624_/A (sky130_fd_sc_hd__nand4_2)
                  0.13    0.15    8.36 v _24624_/Y (sky130_fd_sc_hd__nand4_2)
     3    0.01                           _02233_ (net)
                  0.13    0.00    8.36 v _24695_/B (sky130_fd_sc_hd__and3_2)
                  0.04    0.23    8.60 v _24695_/X (sky130_fd_sc_hd__and3_2)
     1    0.00                           _02311_ (net)
                  0.04    0.00    8.60 v _24697_/A3 (sky130_fd_sc_hd__o31ai_2)
                  0.38    0.33    8.93 ^ _24697_/Y (sky130_fd_sc_hd__o31ai_2)
     1    0.02                           STAGE2.SR4.din_im[10] (net)
                  0.38    0.00    8.93 ^ _26239_/D (sky130_fd_sc_hd__dfrtp_2)
                                  8.93   data arrival time

                  0.15   20.00   20.00   clock clk (rise edge)
                          0.00   20.00   clock network delay (ideal)
                         -0.10   19.90   clock uncertainty
                          0.00   19.90   clock reconvergence pessimism
                                 19.90 ^ _26239_/CLK (sky130_fd_sc_hd__dfrtp_2)
                         -0.12   19.78   library setup time
                                 19.78   data required time
-----------------------------------------------------------------------------
                                 19.78   data required time
                                 -8.93   data arrival time
-----------------------------------------------------------------------------
                                 10.85   slack (MET)



===========================================================================
report_checks --slack_max -0.01
============================================================================
No paths found.
