
===========================================================================
report_checks -path_delay min (Hold)
============================================================================
Startpoint: _26254_ (rising edge-triggered flip-flop clocked by clk)
Endpoint: _26266_ (rising edge-triggered flip-flop clocked by clk)
Path Group: clk
Path Type: min

Fanout     Cap    Slew   Delay    Time   Description
-----------------------------------------------------------------------------
                  0.15    0.00    0.00   clock clk (rise edge)
                          0.00    0.00   clock network delay (ideal)
                  0.15    0.00    0.00 ^ _26254_/CLK (sky130_fd_sc_hd__dfrtp_1)
                  0.04    0.35    0.35 ^ _26254_/Q (sky130_fd_sc_hd__dfrtp_1)
     1    0.00                           STAGE2.SR4.delay_im[2][1] (net)
                  0.04    0.00    0.35 ^ _26266_/D (sky130_fd_sc_hd__dfrtp_2)
                                  0.35   data arrival time

                  0.15    0.00    0.00   clock clk (rise edge)
                          0.00    0.00   clock network delay (ideal)
                          0.20    0.20   clock uncertainty
                          0.00    0.20   clock reconvergence pessimism
                                  0.20 ^ _26266_/CLK (sky130_fd_sc_hd__dfrtp_2)
                         -0.02    0.18   library hold time
                                  0.18   data required time
-----------------------------------------------------------------------------
                                  0.18   data required time
                                 -0.35   data arrival time
-----------------------------------------------------------------------------
                                  0.17   slack (MET)


Startpoint: _26081_ (rising edge-triggered flip-flop clocked by clk)
Endpoint: _26093_ (rising edge-triggered flip-flop clocked by clk)
Path Group: clk
Path Type: min

Fanout     Cap    Slew   Delay    Time   Description
-----------------------------------------------------------------------------
                  0.15    0.00    0.00   clock clk (rise edge)
                          0.00    0.00   clock network delay (ideal)
                  0.15    0.00    0.00 ^ _26081_/CLK (sky130_fd_sc_hd__dfrtp_1)
                  0.04    0.35    0.35 ^ _26081_/Q (sky130_fd_sc_hd__dfrtp_1)
     1    0.00                           STAGE1.SR8.delay_im[2][1] (net)
                  0.04    0.00    0.35 ^ _26093_/D (sky130_fd_sc_hd__dfrtp_1)
                                  0.35   data arrival time

                  0.15    0.00    0.00   clock clk (rise edge)
                          0.00    0.00   clock network delay (ideal)
                          0.20    0.20   clock uncertainty
                          0.00    0.20   clock reconvergence pessimism
                                  0.20 ^ _26093_/CLK (sky130_fd_sc_hd__dfrtp_1)
                         -0.02    0.18   library hold time
                                  0.18   data required time
-----------------------------------------------------------------------------
                                  0.18   data required time
                                 -0.35   data arrival time
-----------------------------------------------------------------------------
                                  0.17   slack (MET)


Startpoint: _26110_ (rising edge-triggered flip-flop clocked by clk)
Endpoint: _26122_ (rising edge-triggered flip-flop clocked by clk)
Path Group: clk
Path Type: min

Fanout     Cap    Slew   Delay    Time   Description
-----------------------------------------------------------------------------
                  0.15    0.00    0.00   clock clk (rise edge)
                          0.00    0.00   clock network delay (ideal)
                  0.15    0.00    0.00 ^ _26110_/CLK (sky130_fd_sc_hd__dfrtp_1)
                  0.04    0.35    0.35 ^ _26110_/Q (sky130_fd_sc_hd__dfrtp_1)
     1    0.00                           STAGE1.SR8.delay_im[4][6] (net)
                  0.04    0.00    0.35 ^ _26122_/D (sky130_fd_sc_hd__dfrtp_1)
                                  0.35   data arrival time

                  0.15    0.00    0.00   clock clk (rise edge)
                          0.00    0.00   clock network delay (ideal)
                          0.20    0.20   clock uncertainty
                          0.00    0.20   clock reconvergence pessimism
                                  0.20 ^ _26122_/CLK (sky130_fd_sc_hd__dfrtp_1)
                         -0.02    0.18   library hold time
                                  0.18   data required time
-----------------------------------------------------------------------------
                                  0.18   data required time
                                 -0.35   data arrival time
-----------------------------------------------------------------------------
                                  0.17   slack (MET)


Startpoint: _26137_ (rising edge-triggered flip-flop clocked by clk)
Endpoint: _26149_ (rising edge-triggered flip-flop clocked by clk)
Path Group: clk
Path Type: min

Fanout     Cap    Slew   Delay    Time   Description
-----------------------------------------------------------------------------
                  0.15    0.00    0.00   clock clk (rise edge)
                          0.00    0.00   clock network delay (ideal)
                  0.15    0.00    0.00 ^ _26137_/CLK (sky130_fd_sc_hd__dfrtp_1)
                  0.04    0.35    0.35 ^ _26137_/Q (sky130_fd_sc_hd__dfrtp_1)
     1    0.00                           STAGE1.SR8.delay_im[6][9] (net)
                  0.04    0.00    0.35 ^ _26149_/D (sky130_fd_sc_hd__dfrtp_4)
                                  0.35   data arrival time

                  0.15    0.00    0.00   clock clk (rise edge)
                          0.00    0.00   clock network delay (ideal)
                          0.20    0.20   clock uncertainty
                          0.00    0.20   clock reconvergence pessimism
                                  0.20 ^ _26149_/CLK (sky130_fd_sc_hd__dfrtp_4)
                         -0.02    0.18   library hold time
                                  0.18   data required time
-----------------------------------------------------------------------------
                                  0.18   data required time
                                 -0.35   data arrival time
-----------------------------------------------------------------------------
                                  0.17   slack (MET)


Startpoint: _26383_ (rising edge-triggered flip-flop clocked by clk)
Endpoint: _26395_ (rising edge-triggered flip-flop clocked by clk)
Path Group: clk
Path Type: min

Fanout     Cap    Slew   Delay    Time   Description
-----------------------------------------------------------------------------
                  0.15    0.00    0.00   clock clk (rise edge)
                          0.00    0.00   clock network delay (ideal)
                  0.15    0.00    0.00 ^ _26383_/CLK (sky130_fd_sc_hd__dfrtp_1)
                  0.04    0.35    0.35 ^ _26383_/Q (sky130_fd_sc_hd__dfrtp_1)
     1    0.00                           STAGE1.SR8.delay_re[0][11] (net)
                  0.04    0.00    0.35 ^ _26395_/D (sky130_fd_sc_hd__dfrtp_1)
                                  0.35   data arrival time

                  0.15    0.00    0.00   clock clk (rise edge)
                          0.00    0.00   clock network delay (ideal)
                          0.20    0.20   clock uncertainty
                          0.00    0.20   clock reconvergence pessimism
                                  0.20 ^ _26395_/CLK (sky130_fd_sc_hd__dfrtp_1)
                         -0.02    0.18   library hold time
                                  0.18   data required time
-----------------------------------------------------------------------------
                                  0.18   data required time
                                 -0.35   data arrival time
-----------------------------------------------------------------------------
                                  0.17   slack (MET)


