
===========================================================================
report_checks -unconstrained
============================================================================
Startpoint: _26172_ (rising edge-triggered flip-flop clocked by clk)
Endpoint: _26189_ (rising edge-triggered flip-flop clocked by clk)
Path Group: clk
Path Type: max

Fanout     Cap    Slew   Delay    Time   Description
-----------------------------------------------------------------------------
                          0.00    0.00   clock clk (rise edge)
                          0.00    0.00   clock source latency
                  0.00    0.00    0.00 ^ clk (in)
     1    0.04                           clk (net)
                  0.00    0.00    0.00 ^ clkbuf_0_clk/A (sky130_fd_sc_hd__clkbuf_16)
                  0.04    0.11    0.11 ^ clkbuf_0_clk/X (sky130_fd_sc_hd__clkbuf_16)
     2    0.02                           clknet_0_clk (net)
                  0.04    0.00    0.11 ^ clkbuf_1_0_0_clk/A (sky130_fd_sc_hd__clkbuf_8)
                  0.03    0.11    0.23 ^ clkbuf_1_0_0_clk/X (sky130_fd_sc_hd__clkbuf_8)
     1    0.01                           clknet_1_0_0_clk (net)
                  0.03    0.00    0.23 ^ clkbuf_1_0_1_clk/A (sky130_fd_sc_hd__clkbuf_8)
                  0.25    0.27    0.50 ^ clkbuf_1_0_1_clk/X (sky130_fd_sc_hd__clkbuf_8)
    12    0.14                           clknet_1_0_1_clk (net)
                  0.25    0.01    0.50 ^ clkbuf_leaf_9_clk/A (sky130_fd_sc_hd__clkbuf_16)
                  0.09    0.23    0.73 ^ clkbuf_leaf_9_clk/X (sky130_fd_sc_hd__clkbuf_16)
    25    0.07                           clknet_leaf_9_clk (net)
                  0.09    0.00    0.73 ^ _26172_/CLK (sky130_fd_sc_hd__dfrtp_1)
                  0.05    0.39    1.12 v _26172_/Q (sky130_fd_sc_hd__dfrtp_1)
     2    0.01                           STAGE1.BUTTERFLY.b_re[4] (net)
                  0.05    0.00    1.12 v _13554_/A (sky130_fd_sc_hd__dlymetal6s2s_1)
                  0.09    0.19    1.31 v _13554_/X (sky130_fd_sc_hd__dlymetal6s2s_1)
     5    0.02                           _12182_ (net)
                  0.09    0.00    1.31 v _13558_/A (sky130_fd_sc_hd__and2_2)
                  0.08    0.23    1.54 v _13558_/X (sky130_fd_sc_hd__and2_2)
     5    0.02                           _12225_ (net)
                  0.08    0.00    1.54 v _19281_/C (sky130_fd_sc_hd__nor3_4)
                  0.40    0.33    1.87 ^ _19281_/Y (sky130_fd_sc_hd__nor3_4)
     4    0.04                           _09298_ (net)
                  0.40    0.00    1.87 ^ _19282_/B (sky130_fd_sc_hd__nand2_2)
                  0.13    0.17    2.05 v _19282_/Y (sky130_fd_sc_hd__nand2_2)
     4    0.02                           _09299_ (net)
                  0.13    0.00    2.05 v _19284_/A (sky130_fd_sc_hd__nand2_2)
                  0.12    0.15    2.20 ^ _19284_/Y (sky130_fd_sc_hd__nand2_2)
     2    0.02                           _09301_ (net)
                  0.12    0.00    2.20 ^ _19285_/C1 (sky130_fd_sc_hd__o211ai_4)
                  0.09    0.11    2.31 v _19285_/Y (sky130_fd_sc_hd__o211ai_4)
     3    0.02                           _09302_ (net)
                  0.09    0.00    2.31 v _19288_/A1 (sky130_fd_sc_hd__a21oi_2)
                  0.28    0.28    2.59 ^ _19288_/Y (sky130_fd_sc_hd__a21oi_2)
     3    0.02                           _09306_ (net)
                  0.28    0.00    2.59 ^ _19301_/A (sky130_fd_sc_hd__nand2_2)
                  0.13    0.17    2.76 v _19301_/Y (sky130_fd_sc_hd__nand2_2)
     4    0.02                           _09320_ (net)
                  0.13    0.00    2.76 v _19365_/A (sky130_fd_sc_hd__and3_1)
                  0.04    0.18    2.94 v _19365_/X (sky130_fd_sc_hd__and3_1)
     1    0.00                           _09390_ (net)
                  0.04    0.00    2.94 v _19366_/A (sky130_fd_sc_hd__clkbuf_4)
                  0.09    0.19    3.13 v _19366_/X (sky130_fd_sc_hd__clkbuf_4)
     5    0.04                           _09391_ (net)
                  0.09    0.00    3.13 v _19441_/A1_N (sky130_fd_sc_hd__o2bb2ai_4)
                  0.10    0.19    3.32 v _19441_/Y (sky130_fd_sc_hd__o2bb2ai_4)
     4    0.03                           _09474_ (net)
                  0.10    0.00    3.32 v _20245_/A1 (sky130_fd_sc_hd__o21ai_4)
                  0.27    0.28    3.61 ^ _20245_/Y (sky130_fd_sc_hd__o21ai_4)
     4    0.03                           _10358_ (net)
                  0.27    0.00    3.61 ^ _20271_/A2_N (sky130_fd_sc_hd__o2bb2ai_4)
                  0.22    0.19    3.80 ^ _20271_/Y (sky130_fd_sc_hd__o2bb2ai_4)
     3    0.03                           _10387_ (net)
                  0.22    0.00    3.81 ^ _20272_/A (sky130_fd_sc_hd__buf_2)
                  0.18    0.26    4.06 ^ _20272_/X (sky130_fd_sc_hd__buf_2)
     5    0.04                           _10388_ (net)
                  0.18    0.00    4.06 ^ _20273_/B1 (sky130_fd_sc_hd__o21ai_4)
                  0.09    0.12    4.18 v _20273_/Y (sky130_fd_sc_hd__o21ai_4)
     3    0.03                           _10389_ (net)
                  0.09    0.00    4.18 v _20274_/A (sky130_fd_sc_hd__clkbuf_4)
                  0.09    0.21    4.40 v _20274_/X (sky130_fd_sc_hd__clkbuf_4)
     5    0.04                           _10390_ (net)
                  0.09    0.00    4.40 v _20275_/A (sky130_fd_sc_hd__clkbuf_4)
                  0.10    0.22    4.62 v _20275_/X (sky130_fd_sc_hd__clkbuf_4)
     5    0.04                           _10391_ (net)
                  0.10    0.00    4.62 v _20276_/B2 (sky130_fd_sc_hd__o2bb2ai_1)
                  0.18    0.19    4.81 ^ _20276_/Y (sky130_fd_sc_hd__o2bb2ai_1)
     1    0.01                           _10392_ (net)
                  0.18    0.00    4.81 ^ _20277_/C (sky130_fd_sc_hd__nand3_1)
                  0.11    0.13    4.94 v _20277_/Y (sky130_fd_sc_hd__nand3_1)
     2    0.01                           _10394_ (net)
                  0.11    0.00    4.94 v _20278_/A (sky130_fd_sc_hd__clkbuf_2)
                  0.09    0.19    5.13 v _20278_/X (sky130_fd_sc_hd__clkbuf_2)
     5    0.02                           _10395_ (net)
                  0.09    0.00    5.13 v _20294_/A1 (sky130_fd_sc_hd__a21o_1)
                  0.08    0.22    5.35 v _20294_/X (sky130_fd_sc_hd__a21o_1)
     4    0.01                           _10412_ (net)
                  0.08    0.00    5.35 v _20298_/C (sky130_fd_sc_hd__nand3_1)
                  0.07    0.10    5.44 ^ _20298_/Y (sky130_fd_sc_hd__nand3_1)
     1    0.00                           _10417_ (net)
                  0.07    0.00    5.44 ^ _20301_/A (sky130_fd_sc_hd__nand3_1)
                  0.11    0.11    5.55 v _20301_/Y (sky130_fd_sc_hd__nand3_1)
     3    0.01                           _10420_ (net)
                  0.11    0.00    5.55 v _20302_/A (sky130_fd_sc_hd__dlymetal6s2s_1)
                  0.09    0.21    5.76 v _20302_/X (sky130_fd_sc_hd__dlymetal6s2s_1)
     5    0.01                           _10421_ (net)
                  0.09    0.00    5.76 v _21177_/C (sky130_fd_sc_hd__and3_1)
                  0.09    0.25    6.01 v _21177_/X (sky130_fd_sc_hd__and3_1)
     5    0.02                           _11383_ (net)
                  0.09    0.00    6.01 v _21178_/A2 (sky130_fd_sc_hd__o21ai_1)
                  0.17    0.18    6.18 ^ _21178_/Y (sky130_fd_sc_hd__o21ai_1)
     2    0.01                           _11384_ (net)
                  0.17    0.00    6.18 ^ _21179_/B1 (sky130_fd_sc_hd__o21ai_1)
                  0.09    0.13    6.31 v _21179_/Y (sky130_fd_sc_hd__o21ai_1)
     2    0.01                           _11385_ (net)
                  0.09    0.00    6.31 v _21200_/B1 (sky130_fd_sc_hd__a31oi_2)
                  0.23    0.24    6.55 ^ _21200_/Y (sky130_fd_sc_hd__a31oi_2)
     4    0.01                           _11408_ (net)
                  0.23    0.00    6.55 ^ _21201_/A (sky130_fd_sc_hd__nand2_1)
                  0.08    0.11    6.66 v _21201_/Y (sky130_fd_sc_hd__nand2_1)
     1    0.01                           _11409_ (net)
                  0.08    0.00    6.66 v _21202_/C (sky130_fd_sc_hd__nand3b_2)
                  0.11    0.13    6.79 ^ _21202_/Y (sky130_fd_sc_hd__nand3b_2)
     3    0.01                           _11410_ (net)
                  0.11    0.00    6.79 ^ _21205_/A2_N (sky130_fd_sc_hd__o2bb2ai_2)
                  0.24    0.17    6.96 ^ _21205_/Y (sky130_fd_sc_hd__o2bb2ai_2)
     3    0.02                           _11413_ (net)
                  0.24    0.00    6.96 ^ _21211_/B (sky130_fd_sc_hd__nand3_2)
                  0.13    0.17    7.13 v _21211_/Y (sky130_fd_sc_hd__nand3_2)
     3    0.02                           _11420_ (net)
                  0.13    0.00    7.13 v _21457_/A2 (sky130_fd_sc_hd__a31oi_4)
                  0.28    0.31    7.43 ^ _21457_/Y (sky130_fd_sc_hd__a31oi_4)
     2    0.03                           _11690_ (net)
                  0.28    0.00    7.43 ^ _22304_/A (sky130_fd_sc_hd__nand4_2)
                  0.15    0.17    7.61 v _22304_/Y (sky130_fd_sc_hd__nand4_2)
     2    0.01                           _12617_ (net)
                  0.15    0.00    7.61 v _22311_/A2 (sky130_fd_sc_hd__o211ai_4)
                  0.28    0.30    7.91 ^ _22311_/Y (sky130_fd_sc_hd__o211ai_4)
     3    0.03                           _12625_ (net)
                  0.28    0.00    7.91 ^ _22694_/A1 (sky130_fd_sc_hd__a31oi_4)
                  0.15    0.19    8.10 v _22694_/Y (sky130_fd_sc_hd__a31oi_4)
     4    0.03                           _00124_ (net)
                  0.15    0.00    8.10 v _22695_/C1 (sky130_fd_sc_hd__a211o_2)
                  0.13    0.41    8.51 v _22695_/X (sky130_fd_sc_hd__a211o_2)
     1    0.04                           _00125_ (net)
                  0.13    0.00    8.52 v _22698_/B1 (sky130_fd_sc_hd__a22o_1)
                  0.08    0.25    8.77 v _22698_/X (sky130_fd_sc_hd__a22o_1)
     1    0.01                           STAGE2.SR4.din_re[8] (net)
                  0.08    0.00    8.77 v _26189_/D (sky130_fd_sc_hd__dfrtp_1)
                                  8.77   data arrival time

                         20.00   20.00   clock clk (rise edge)
                          0.00   20.00   clock source latency
                  0.00    0.00   20.00 ^ clk (in)
     1    0.04                           clk (net)
                  0.00    0.00   20.00 ^ clkbuf_0_clk/A (sky130_fd_sc_hd__clkbuf_16)
                  0.04    0.11   20.11 ^ clkbuf_0_clk/X (sky130_fd_sc_hd__clkbuf_16)
     2    0.02                           clknet_0_clk (net)
                  0.04    0.00   20.11 ^ clkbuf_1_0_0_clk/A (sky130_fd_sc_hd__clkbuf_8)
                  0.03    0.11   20.23 ^ clkbuf_1_0_0_clk/X (sky130_fd_sc_hd__clkbuf_8)
     1    0.01                           clknet_1_0_0_clk (net)
                  0.03    0.00   20.23 ^ clkbuf_1_0_1_clk/A (sky130_fd_sc_hd__clkbuf_8)
                  0.25    0.27   20.50 ^ clkbuf_1_0_1_clk/X (sky130_fd_sc_hd__clkbuf_8)
    12    0.14                           clknet_1_0_1_clk (net)
                  0.25    0.01   20.50 ^ clkbuf_leaf_12_clk/A (sky130_fd_sc_hd__clkbuf_16)
                  0.06    0.20   20.70 ^ clkbuf_leaf_12_clk/X (sky130_fd_sc_hd__clkbuf_16)
    12    0.03                           clknet_leaf_12_clk (net)
                  0.06    0.00   20.70 ^ _26189_/CLK (sky130_fd_sc_hd__dfrtp_1)
                         -0.10   20.60   clock uncertainty
                          0.00   20.60   clock reconvergence pessimism
                         -0.13   20.48   library setup time
                                 20.48   data required time
-----------------------------------------------------------------------------
                                 20.48   data required time
                                 -8.77   data arrival time
-----------------------------------------------------------------------------
                                 11.71   slack (MET)



===========================================================================
report_checks --slack_max -0.01
============================================================================
No paths found.
