
===========================================================================
report_checks -path_delay max (Setup)
============================================================================
Startpoint: _26172_ (rising edge-triggered flip-flop clocked by clk)
Endpoint: _26189_ (rising edge-triggered flip-flop clocked by clk)
Path Group: clk
Path Type: max

Fanout     Cap    Slew   Delay    Time   Description
-----------------------------------------------------------------------------
                          0.00    0.00   clock clk (rise edge)
                          0.00    0.00   clock source latency
                  0.00    0.00    0.00 ^ clk (in)
     1    0.04                           clk (net)
                  0.00    0.00    0.00 ^ clkbuf_0_clk/A (sky130_fd_sc_hd__clkbuf_16)
                  0.04    0.11    0.11 ^ clkbuf_0_clk/X (sky130_fd_sc_hd__clkbuf_16)
     2    0.02                           clknet_0_clk (net)
                  0.04    0.00    0.11 ^ clkbuf_1_0_0_clk/A (sky130_fd_sc_hd__clkbuf_8)
                  0.03    0.11    0.23 ^ clkbuf_1_0_0_clk/X (sky130_fd_sc_hd__clkbuf_8)
     1    0.01                           clknet_1_0_0_clk (net)
                  0.03    0.00    0.23 ^ clkbuf_1_0_1_clk/A (sky130_fd_sc_hd__clkbuf_8)
                  0.25    0.27    0.50 ^ clkbuf_1_0_1_clk/X (sky130_fd_sc_hd__clkbuf_8)
    12    0.14                           clknet_1_0_1_clk (net)
                  0.25    0.01    0.50 ^ clkbuf_leaf_9_clk/A (sky130_fd_sc_hd__clkbuf_16)
                  0.09    0.23    0.73 ^ clkbuf_leaf_9_clk/X (sky130_fd_sc_hd__clkbuf_16)
    25    0.07                           clknet_leaf_9_clk (net)
                  0.09    0.00    0.73 ^ _26172_/CLK (sky130_fd_sc_hd__dfrtp_1)
                  0.05    0.39    1.12 v _26172_/Q (sky130_fd_sc_hd__dfrtp_1)
     2    0.01                           STAGE1.BUTTERFLY.b_re[4] (net)
                  0.05    0.00    1.12 v _13554_/A (sky130_fd_sc_hd__dlymetal6s2s_1)
                  0.09    0.19    1.31 v _13554_/X (sky130_fd_sc_hd__dlymetal6s2s_1)
     5    0.02                           _12182_ (net)
                  0.09    0.00    1.31 v _13558_/A (sky130_fd_sc_hd__and2_2)
                  0.08    0.23    1.54 v _13558_/X (sky130_fd_sc_hd__and2_2)
     5    0.02                           _12225_ (net)
                  0.08    0.00    1.54 v _19281_/C (sky130_fd_sc_hd__nor3_4)
                  0.40    0.33    1.87 ^ _19281_/Y (sky130_fd_sc_hd__nor3_4)
     4    0.04                           _09298_ (net)
                  0.40    0.00    1.87 ^ _19282_/B (sky130_fd_sc_hd__nand2_2)
                  0.13    0.17    2.05 v _19282_/Y (sky130_fd_sc_hd__nand2_2)
     4    0.02                           _09299_ (net)
                  0.13    0.00    2.05 v _19284_/A (sky130_fd_sc_hd__nand2_2)
                  0.12    0.15    2.20 ^ _19284_/Y (sky130_fd_sc_hd__nand2_2)
     2    0.02                           _09301_ (net)
                  0.12    0.00    2.20 ^ _19285_/C1 (sky130_fd_sc_hd__o211ai_4)
                  0.09    0.11    2.31 v _19285_/Y (sky130_fd_sc_hd__o211ai_4)
     3    0.02                           _09302_ (net)
                  0.09    0.00    2.31 v _19288_/A1 (sky130_fd_sc_hd__a21oi_2)
                  0.28    0.28    2.59 ^ _19288_/Y (sky130_fd_sc_hd__a21oi_2)
     3    0.02                           _09306_ (net)
                  0.28    0.00    2.59 ^ _19301_/A (sky130_fd_sc_hd__nand2_2)
                  0.13    0.17    2.76 v _19301_/Y (sky130_fd_sc_hd__nand2_2)
     4    0.02                           _09320_ (net)
                  0.13    0.00    2.76 v _19365_/A (sky130_fd_sc_hd__and3_1)
                  0.04    0.18    2.94 v _19365_/X (sky130_fd_sc_hd__and3_1)
     1    0.00                           _09390_ (net)
                  0.04    0.00    2.94 v _19366_/A (sky130_fd_sc_hd__clkbuf_4)
                  0.09    0.19    3.13 v _19366_/X (sky130_fd_sc_hd__clkbuf_4)
     5    0.04                           _09391_ (net)
                  0.09    0.00    3.13 v _19441_/A1_N (sky130_fd_sc_hd__o2bb2ai_4)
                  0.10    0.19    3.32 v _19441_/Y (sky130_fd_sc_hd__o2bb2ai_4)
     4    0.03                           _09474_ (net)
                  0.10    0.00    3.32 v _20245_/A1 (sky130_fd_sc_hd__o21ai_4)
                  0.27    0.28    3.61 ^ _20245_/Y (sky130_fd_sc_hd__o21ai_4)
     4    0.03                           _10358_ (net)
                  0.27    0.00    3.61 ^ _20271_/A2_N (sky130_fd_sc_hd__o2bb2ai_4)
                  0.22    0.19    3.80 ^ _20271_/Y (sky130_fd_sc_hd__o2bb2ai_4)
     3    0.03                           _10387_ (net)
                  0.22    0.00    3.81 ^ _20272_/A (sky130_fd_sc_hd__buf_2)
                  0.18    0.26    4.06 ^ _20272_/X (sky130_fd_sc_hd__buf_2)
     5    0.04                           _10388_ (net)
                  0.18    0.00    4.06 ^ _20273_/B1 (sky130_fd_sc_hd__o21ai_4)
                  0.09    0.12    4.18 v _20273_/Y (sky130_fd_sc_hd__o21ai_4)
     3    0.03                           _10389_ (net)
                  0.09    0.00    4.18 v _20274_/A (sky130_fd_sc_hd__clkbuf_4)
                  0.09    0.21    4.40 v _20274_/X (sky130_fd_sc_hd__clkbuf_4)
     5    0.04                           _10390_ (net)
                  0.09    0.00    4.40 v _20275_/A (sky130_fd_sc_hd__clkbuf_4)
                  0.10    0.22    4.62 v _20275_/X (sky130_fd_sc_hd__clkbuf_4)
     5    0.04                           _10391_ (net)
                  0.10    0.00    4.62 v _20276_/B2 (sky130_fd_sc_hd__o2bb2ai_1)
                  0.18    0.19    4.81 ^ _20276_/Y (sky130_fd_sc_hd__o2bb2ai_1)
     1    0.01                           _10392_ (net)
                  0.18    0.00    4.81 ^ _20277_/C (sky130_fd_sc_hd__nand3_1)
                  0.11    0.13    4.94 v _20277_/Y (sky130_fd_sc_hd__nand3_1)
     2    0.01                           _10394_ (net)
                  0.11    0.00    4.94 v _20278_/A (sky130_fd_sc_hd__clkbuf_2)
                  0.09    0.19    5.13 v _20278_/X (sky130_fd_sc_hd__clkbuf_2)
     5    0.02                           _10395_ (net)
                  0.09    0.00    5.13 v _20294_/A1 (sky130_fd_sc_hd__a21o_1)
                  0.08    0.22    5.35 v _20294_/X (sky130_fd_sc_hd__a21o_1)
     4    0.01                           _10412_ (net)
                  0.08    0.00    5.35 v _20298_/C (sky130_fd_sc_hd__nand3_1)
                  0.07    0.10    5.44 ^ _20298_/Y (sky130_fd_sc_hd__nand3_1)
     1    0.00                           _10417_ (net)
                  0.07    0.00    5.44 ^ _20301_/A (sky130_fd_sc_hd__nand3_1)
                  0.11    0.11    5.55 v _20301_/Y (sky130_fd_sc_hd__nand3_1)
     3    0.01                           _10420_ (net)
                  0.11    0.00    5.55 v _20302_/A (sky130_fd_sc_hd__dlymetal6s2s_1)
                  0.09    0.21    5.76 v _20302_/X (sky130_fd_sc_hd__dlymetal6s2s_1)
     5    0.01                           _10421_ (net)
                  0.09    0.00    5.76 v _21177_/C (sky130_fd_sc_hd__and3_1)
                  0.09    0.25    6.01 v _21177_/X (sky130_fd_sc_hd__and3_1)
     5    0.02                           _11383_ (net)
                  0.09    0.00    6.01 v _21178_/A2 (sky130_fd_sc_hd__o21ai_1)
                  0.17    0.18    6.18 ^ _21178_/Y (sky130_fd_sc_hd__o21ai_1)
     2    0.01                           _11384_ (net)
                  0.17    0.00    6.18 ^ _21179_/B1 (sky130_fd_sc_hd__o21ai_1)
                  0.09    0.13    6.31 v _21179_/Y (sky130_fd_sc_hd__o21ai_1)
     2    0.01                           _11385_ (net)
                  0.09    0.00    6.31 v _21200_/B1 (sky130_fd_sc_hd__a31oi_2)
                  0.23    0.24    6.55 ^ _21200_/Y (sky130_fd_sc_hd__a31oi_2)
     4    0.01                           _11408_ (net)
                  0.23    0.00    6.55 ^ _21201_/A (sky130_fd_sc_hd__nand2_1)
                  0.08    0.11    6.66 v _21201_/Y (sky130_fd_sc_hd__nand2_1)
     1    0.01                           _11409_ (net)
                  0.08    0.00    6.66 v _21202_/C (sky130_fd_sc_hd__nand3b_2)
                  0.11    0.13    6.79 ^ _21202_/Y (sky130_fd_sc_hd__nand3b_2)
     3    0.01                           _11410_ (net)
                  0.11    0.00    6.79 ^ _21205_/A2_N (sky130_fd_sc_hd__o2bb2ai_2)
                  0.24    0.17    6.96 ^ _21205_/Y (sky130_fd_sc_hd__o2bb2ai_2)
     3    0.02                           _11413_ (net)
                  0.24    0.00    6.96 ^ _21211_/B (sky130_fd_sc_hd__nand3_2)
                  0.13    0.17    7.13 v _21211_/Y (sky130_fd_sc_hd__nand3_2)
     3    0.02                           _11420_ (net)
                  0.13    0.00    7.13 v _21457_/A2 (sky130_fd_sc_hd__a31oi_4)
                  0.28    0.31    7.43 ^ _21457_/Y (sky130_fd_sc_hd__a31oi_4)
     2    0.03                           _11690_ (net)
                  0.28    0.00    7.43 ^ _22304_/A (sky130_fd_sc_hd__nand4_2)
                  0.15    0.17    7.61 v _22304_/Y (sky130_fd_sc_hd__nand4_2)
     2    0.01                           _12617_ (net)
                  0.15    0.00    7.61 v _22311_/A2 (sky130_fd_sc_hd__o211ai_4)
                  0.28    0.30    7.91 ^ _22311_/Y (sky130_fd_sc_hd__o211ai_4)
     3    0.03                           _12625_ (net)
                  0.28    0.00    7.91 ^ _22694_/A1 (sky130_fd_sc_hd__a31oi_4)
                  0.15    0.19    8.10 v _22694_/Y (sky130_fd_sc_hd__a31oi_4)
     4    0.03                           _00124_ (net)
                  0.15    0.00    8.10 v _22695_/C1 (sky130_fd_sc_hd__a211o_2)
                  0.13    0.41    8.51 v _22695_/X (sky130_fd_sc_hd__a211o_2)
     1    0.04                           _00125_ (net)
                  0.13    0.00    8.52 v _22698_/B1 (sky130_fd_sc_hd__a22o_1)
                  0.08    0.25    8.77 v _22698_/X (sky130_fd_sc_hd__a22o_1)
     1    0.01                           STAGE2.SR4.din_re[8] (net)
                  0.08    0.00    8.77 v _26189_/D (sky130_fd_sc_hd__dfrtp_1)
                                  8.77   data arrival time

                         20.00   20.00   clock clk (rise edge)
                          0.00   20.00   clock source latency
                  0.00    0.00   20.00 ^ clk (in)
     1    0.04                           clk (net)
                  0.00    0.00   20.00 ^ clkbuf_0_clk/A (sky130_fd_sc_hd__clkbuf_16)
                  0.04    0.11   20.11 ^ clkbuf_0_clk/X (sky130_fd_sc_hd__clkbuf_16)
     2    0.02                           clknet_0_clk (net)
                  0.04    0.00   20.11 ^ clkbuf_1_0_0_clk/A (sky130_fd_sc_hd__clkbuf_8)
                  0.03    0.11   20.23 ^ clkbuf_1_0_0_clk/X (sky130_fd_sc_hd__clkbuf_8)
     1    0.01                           clknet_1_0_0_clk (net)
                  0.03    0.00   20.23 ^ clkbuf_1_0_1_clk/A (sky130_fd_sc_hd__clkbuf_8)
                  0.25    0.27   20.50 ^ clkbuf_1_0_1_clk/X (sky130_fd_sc_hd__clkbuf_8)
    12    0.14                           clknet_1_0_1_clk (net)
                  0.25    0.01   20.50 ^ clkbuf_leaf_12_clk/A (sky130_fd_sc_hd__clkbuf_16)
                  0.06    0.20   20.70 ^ clkbuf_leaf_12_clk/X (sky130_fd_sc_hd__clkbuf_16)
    12    0.03                           clknet_leaf_12_clk (net)
                  0.06    0.00   20.70 ^ _26189_/CLK (sky130_fd_sc_hd__dfrtp_1)
                         -0.10   20.60   clock uncertainty
                          0.00   20.60   clock reconvergence pessimism
                         -0.13   20.48   library setup time
                                 20.48   data required time
-----------------------------------------------------------------------------
                                 20.48   data required time
                                 -8.77   data arrival time
-----------------------------------------------------------------------------
                                 11.71   slack (MET)


Startpoint: _26142_ (rising edge-triggered flip-flop clocked by clk)
Endpoint: _26192_ (rising edge-triggered flip-flop clocked by clk)
Path Group: clk
Path Type: max

Fanout     Cap    Slew   Delay    Time   Description
-----------------------------------------------------------------------------
                          0.00    0.00   clock clk (rise edge)
                          0.00    0.00   clock source latency
                  0.00    0.00    0.00 ^ clk (in)
     1    0.04                           clk (net)
                  0.00    0.00    0.00 ^ clkbuf_0_clk/A (sky130_fd_sc_hd__clkbuf_16)
                  0.04    0.11    0.11 ^ clkbuf_0_clk/X (sky130_fd_sc_hd__clkbuf_16)
     2    0.02                           clknet_0_clk (net)
                  0.04    0.00    0.11 ^ clkbuf_1_1_0_clk/A (sky130_fd_sc_hd__clkbuf_8)
                  0.03    0.11    0.23 ^ clkbuf_1_1_0_clk/X (sky130_fd_sc_hd__clkbuf_8)
     1    0.01                           clknet_1_1_0_clk (net)
                  0.03    0.00    0.23 ^ clkbuf_1_1_1_clk/A (sky130_fd_sc_hd__clkbuf_8)
                  0.28    0.29    0.52 ^ clkbuf_1_1_1_clk/X (sky130_fd_sc_hd__clkbuf_8)
    15    0.16                           clknet_1_1_1_clk (net)
                  0.28    0.01    0.52 ^ clkbuf_leaf_23_clk/A (sky130_fd_sc_hd__clkbuf_16)
                  0.05    0.21    0.73 ^ clkbuf_leaf_23_clk/X (sky130_fd_sc_hd__clkbuf_16)
     9    0.03                           clknet_leaf_23_clk (net)
                  0.05    0.00    0.73 ^ _26142_/CLK (sky130_fd_sc_hd__dfrtp_1)
                  0.07    0.39    1.13 v _26142_/Q (sky130_fd_sc_hd__dfrtp_1)
     2    0.01                           STAGE1.BUTTERFLY.a_im[2] (net)
                  0.07    0.00    1.13 v _13082_/A (sky130_fd_sc_hd__clkbuf_2)
                  0.08    0.16    1.29 v _13082_/X (sky130_fd_sc_hd__clkbuf_2)
     5    0.02                           _07006_ (net)
                  0.08    0.00    1.29 v _13083_/B (sky130_fd_sc_hd__and2_1)
                  0.09    0.22    1.50 v _13083_/X (sky130_fd_sc_hd__and2_1)
     5    0.02                           _07017_ (net)
                  0.09    0.00    1.50 v _19025_/B1 (sky130_fd_sc_hd__a21oi_1)
                  0.24    0.23    1.73 ^ _19025_/Y (sky130_fd_sc_hd__a21oi_1)
     2    0.01                           _09016_ (net)
                  0.24    0.00    1.73 ^ _19027_/A2 (sky130_fd_sc_hd__a21oi_2)
                  0.09    0.13    1.87 v _19027_/Y (sky130_fd_sc_hd__a21oi_2)
     3    0.02                           _09019_ (net)
                  0.09    0.00    1.87 v _19033_/A2 (sky130_fd_sc_hd__o211ai_4)
                  0.27    0.27    2.14 ^ _19033_/Y (sky130_fd_sc_hd__o211ai_4)
     5    0.03                           _09025_ (net)
                  0.27    0.00    2.14 ^ _19134_/A (sky130_fd_sc_hd__nand3_1)
                  0.16    0.20    2.34 v _19134_/Y (sky130_fd_sc_hd__nand3_1)
     2    0.01                           _09136_ (net)
                  0.16    0.00    2.34 v _19138_/A2 (sky130_fd_sc_hd__a21oi_2)
                  0.21    0.27    2.61 ^ _19138_/Y (sky130_fd_sc_hd__a21oi_2)
     2    0.02                           _09141_ (net)
                  0.21    0.00    2.61 ^ _19151_/A (sky130_fd_sc_hd__clkbuf_2)
                  0.15    0.23    2.84 ^ _19151_/X (sky130_fd_sc_hd__clkbuf_2)
     5    0.03                           _09155_ (net)
                  0.15    0.00    2.84 ^ _19868_/A1_N (sky130_fd_sc_hd__a2bb2oi_4)
                  0.25    0.28    3.11 ^ _19868_/Y (sky130_fd_sc_hd__a2bb2oi_4)
     4    0.03                           _09944_ (net)
                  0.25    0.00    3.12 ^ _19881_/A (sky130_fd_sc_hd__nand2_1)
                  0.14    0.17    3.29 v _19881_/Y (sky130_fd_sc_hd__nand2_1)
     3    0.01                           _09958_ (net)
                  0.14    0.00    3.29 v _20095_/A2 (sky130_fd_sc_hd__o21ai_4)
                  0.24    0.26    3.54 ^ _20095_/Y (sky130_fd_sc_hd__o21ai_4)
     3    0.03                           _10193_ (net)
                  0.24    0.00    3.55 ^ _20127_/B2 (sky130_fd_sc_hd__a2bb2oi_4)
                  0.10    0.12    3.67 v _20127_/Y (sky130_fd_sc_hd__a2bb2oi_4)
     2    0.02                           _10229_ (net)
                  0.10    0.00    3.67 v _20128_/A (sky130_fd_sc_hd__buf_2)
                  0.08    0.20    3.86 v _20128_/X (sky130_fd_sc_hd__buf_2)
     5    0.03                           _10230_ (net)
                  0.08    0.00    3.86 v _20993_/B2 (sky130_fd_sc_hd__o22ai_4)
                  0.27    0.22    4.08 ^ _20993_/Y (sky130_fd_sc_hd__o22ai_4)
     5    0.03                           _11180_ (net)
                  0.27    0.00    4.08 ^ _21327_/A (sky130_fd_sc_hd__clkbuf_2)
                  0.12    0.23    4.31 ^ _21327_/X (sky130_fd_sc_hd__clkbuf_2)
     5    0.02                           _11547_ (net)
                  0.12    0.00    4.31 ^ _21738_/A (sky130_fd_sc_hd__clkbuf_2)
                  0.15    0.21    4.52 ^ _21738_/X (sky130_fd_sc_hd__clkbuf_2)
     5    0.03                           _11997_ (net)
                  0.15    0.00    4.52 ^ _21763_/A (sky130_fd_sc_hd__clkbuf_4)
                  0.15    0.25    4.77 ^ _21763_/X (sky130_fd_sc_hd__clkbuf_4)
     5    0.05                           _12024_ (net)
                  0.15    0.00    4.77 ^ _22321_/A (sky130_fd_sc_hd__dlymetal6s2s_1)
                  0.19    0.22    4.99 ^ _22321_/X (sky130_fd_sc_hd__dlymetal6s2s_1)
     5    0.02                           _12635_ (net)
                  0.19    0.00    4.99 ^ _22355_/A (sky130_fd_sc_hd__buf_2)
                  0.17    0.24    5.23 ^ _22355_/X (sky130_fd_sc_hd__buf_2)
     5    0.03                           _12672_ (net)
                  0.17    0.00    5.23 ^ _22362_/A4 (sky130_fd_sc_hd__a41oi_4)
                  0.12    0.15    5.38 v _22362_/Y (sky130_fd_sc_hd__a41oi_4)
     2    0.01                           _12680_ (net)
                  0.12    0.00    5.38 v _22585_/A1 (sky130_fd_sc_hd__a21oi_2)
                  0.23    0.25    5.64 ^ _22585_/Y (sky130_fd_sc_hd__a21oi_2)
     5    0.02                           _12924_ (net)
                  0.23    0.00    5.64 ^ _22769_/B (sky130_fd_sc_hd__nand2_1)
                  0.10    0.14    5.77 v _22769_/Y (sky130_fd_sc_hd__nand2_1)
     2    0.01                           _00206_ (net)
                  0.10    0.00    5.77 v _22786_/A2 (sky130_fd_sc_hd__a21o_1)
                  0.04    0.20    5.98 v _22786_/X (sky130_fd_sc_hd__a21o_1)
     2    0.01                           _00224_ (net)
                  0.04    0.00    5.98 v _22787_/A (sky130_fd_sc_hd__dlymetal6s2s_1)
                  0.09    0.18    6.16 v _22787_/X (sky130_fd_sc_hd__dlymetal6s2s_1)
     5    0.01                           _00226_ (net)
                  0.09    0.00    6.16 v _22792_/C (sky130_fd_sc_hd__and3b_1)
                  0.06    0.22    6.38 v _22792_/X (sky130_fd_sc_hd__and3b_1)
     2    0.01                           _00231_ (net)
                  0.06    0.00    6.38 v _22793_/B2 (sky130_fd_sc_hd__o2bb2ai_2)
                  0.25    0.23    6.61 ^ _22793_/Y (sky130_fd_sc_hd__o2bb2ai_2)
     5    0.02                           _00232_ (net)
                  0.25    0.00    6.61 ^ _22801_/A (sky130_fd_sc_hd__nand3_2)
                  0.13    0.16    6.77 v _22801_/Y (sky130_fd_sc_hd__nand3_2)
     4    0.01                           _00241_ (net)
                  0.13    0.00    6.77 v _22817_/A (sky130_fd_sc_hd__nand2_1)
                  0.15    0.17    6.93 ^ _22817_/Y (sky130_fd_sc_hd__nand2_1)
     2    0.02                           _00259_ (net)
                  0.15    0.00    6.93 ^ _22818_/B (sky130_fd_sc_hd__nor2_2)
                  0.10    0.09    7.03 v _22818_/Y (sky130_fd_sc_hd__nor2_2)
     4    0.02                           _00260_ (net)
                  0.10    0.00    7.03 v _22833_/A (sky130_fd_sc_hd__nor3_1)
                  0.31    0.32    7.35 ^ _22833_/Y (sky130_fd_sc_hd__nor3_1)
     2    0.01                           _00276_ (net)
                  0.31    0.00    7.35 ^ _22834_/B2 (sky130_fd_sc_hd__o22ai_2)
                  0.10    0.14    7.48 v _22834_/Y (sky130_fd_sc_hd__o22ai_2)
     1    0.01                           _00277_ (net)
                  0.10    0.00    7.48 v _22836_/A1 (sky130_fd_sc_hd__a21oi_4)
                  0.21    0.23    7.71 ^ _22836_/Y (sky130_fd_sc_hd__a21oi_4)
     3    0.02                           _00279_ (net)
                  0.21    0.00    7.71 ^ _22852_/A3 (sky130_fd_sc_hd__o31a_1)
                  0.12    0.20    7.91 ^ _22852_/X (sky130_fd_sc_hd__o31a_1)
     2    0.01                           _00296_ (net)
                  0.12    0.00    7.91 ^ _22853_/B1 (sky130_fd_sc_hd__o21a_1)
                  0.08    0.16    8.08 ^ _22853_/X (sky130_fd_sc_hd__o21a_1)
     2    0.01                           _00297_ (net)
                  0.08    0.00    8.08 ^ _22958_/A2 (sky130_fd_sc_hd__a21oi_1)
                  0.08    0.09    8.16 v _22958_/Y (sky130_fd_sc_hd__a21oi_1)
     2    0.01                           _00413_ (net)
                  0.08    0.00    8.16 v _23019_/A2 (sky130_fd_sc_hd__o21bai_1)
                  0.17    0.18    8.34 ^ _23019_/Y (sky130_fd_sc_hd__o21bai_1)
     1    0.01                           _00479_ (net)
                  0.17    0.00    8.34 ^ _23025_/A (sky130_fd_sc_hd__nand2_2)
                  0.14    0.16    8.50 v _23025_/Y (sky130_fd_sc_hd__nand2_2)
     1    0.03                           _00485_ (net)
                  0.14    0.00    8.51 v _23028_/A1 (sky130_fd_sc_hd__a21o_1)
                  0.05    0.21    8.72 v _23028_/X (sky130_fd_sc_hd__a21o_1)
     1    0.01                           STAGE2.SR4.din_re[11] (net)
                  0.05    0.00    8.72 v _26192_/D (sky130_fd_sc_hd__dfrtp_1)
                                  8.72   data arrival time

                         20.00   20.00   clock clk (rise edge)
                          0.00   20.00   clock source latency
                  0.00    0.00   20.00 ^ clk (in)
     1    0.04                           clk (net)
                  0.00    0.00   20.00 ^ clkbuf_0_clk/A (sky130_fd_sc_hd__clkbuf_16)
                  0.04    0.11   20.11 ^ clkbuf_0_clk/X (sky130_fd_sc_hd__clkbuf_16)
     2    0.02                           clknet_0_clk (net)
                  0.04    0.00   20.11 ^ clkbuf_1_0_0_clk/A (sky130_fd_sc_hd__clkbuf_8)
                  0.03    0.11   20.23 ^ clkbuf_1_0_0_clk/X (sky130_fd_sc_hd__clkbuf_8)
     1    0.01                           clknet_1_0_0_clk (net)
                  0.03    0.00   20.23 ^ clkbuf_1_0_1_clk/A (sky130_fd_sc_hd__clkbuf_8)
                  0.25    0.27   20.50 ^ clkbuf_1_0_1_clk/X (sky130_fd_sc_hd__clkbuf_8)
    12    0.14                           clknet_1_0_1_clk (net)
                  0.25    0.01   20.50 ^ clkbuf_leaf_12_clk/A (sky130_fd_sc_hd__clkbuf_16)
                  0.06    0.20   20.70 ^ clkbuf_leaf_12_clk/X (sky130_fd_sc_hd__clkbuf_16)
    12    0.03                           clknet_leaf_12_clk (net)
                  0.06    0.00   20.70 ^ _26192_/CLK (sky130_fd_sc_hd__dfrtp_1)
                         -0.10   20.60   clock uncertainty
                          0.00   20.60   clock reconvergence pessimism
                         -0.12   20.49   library setup time
                                 20.49   data required time
-----------------------------------------------------------------------------
                                 20.49   data required time
                                 -8.72   data arrival time
-----------------------------------------------------------------------------
                                 11.77   slack (MET)


Startpoint: _26152_ (rising edge-triggered flip-flop clocked by clk)
Endpoint: _26067_ (rising edge-triggered flip-flop clocked by clk)
Path Group: clk
Path Type: max

Fanout     Cap    Slew   Delay    Time   Description
-----------------------------------------------------------------------------
                          0.00    0.00   clock clk (rise edge)
                          0.00    0.00   clock source latency
                  0.00    0.00    0.00 ^ clk (in)
     1    0.04                           clk (net)
                  0.00    0.00    0.00 ^ clkbuf_0_clk/A (sky130_fd_sc_hd__clkbuf_16)
                  0.04    0.11    0.11 ^ clkbuf_0_clk/X (sky130_fd_sc_hd__clkbuf_16)
     2    0.02                           clknet_0_clk (net)
                  0.04    0.00    0.11 ^ clkbuf_1_1_0_clk/A (sky130_fd_sc_hd__clkbuf_8)
                  0.03    0.11    0.23 ^ clkbuf_1_1_0_clk/X (sky130_fd_sc_hd__clkbuf_8)
     1    0.01                           clknet_1_1_0_clk (net)
                  0.03    0.00    0.23 ^ clkbuf_1_1_1_clk/A (sky130_fd_sc_hd__clkbuf_8)
                  0.28    0.29    0.52 ^ clkbuf_1_1_1_clk/X (sky130_fd_sc_hd__clkbuf_8)
    15    0.16                           clknet_1_1_1_clk (net)
                  0.28    0.01    0.52 ^ clkbuf_leaf_22_clk/A (sky130_fd_sc_hd__clkbuf_16)
                  0.09    0.24    0.76 ^ clkbuf_leaf_22_clk/X (sky130_fd_sc_hd__clkbuf_16)
    24    0.07                           clknet_leaf_22_clk (net)
                  0.09    0.00    0.76 ^ _26152_/CLK (sky130_fd_sc_hd__dfrtp_1)
                  0.07    0.35    1.12 ^ _26152_/Q (sky130_fd_sc_hd__dfrtp_1)
     2    0.01                           STAGE1.BUTTERFLY.b_im[0] (net)
                  0.07    0.00    1.12 ^ _12996_/A (sky130_fd_sc_hd__clkbuf_2)
                  0.13    0.17    1.29 ^ _12996_/X (sky130_fd_sc_hd__clkbuf_2)
     5    0.02                           _06063_ (net)
                  0.13    0.00    1.29 ^ _13093_/B_N (sky130_fd_sc_hd__nor2b_4)
                  0.29    0.32    1.62 ^ _13093_/Y (sky130_fd_sc_hd__nor2b_4)
     4    0.04                           _07127_ (net)
                  0.29    0.00    1.62 ^ _13094_/B1 (sky130_fd_sc_hd__o21ai_1)
                  0.09    0.12    1.74 v _13094_/Y (sky130_fd_sc_hd__o21ai_1)
     1    0.00                           _07138_ (net)
                  0.09    0.00    1.74 v _13095_/C1 (sky130_fd_sc_hd__o211ai_1)
                  0.19    0.12    1.85 ^ _13095_/Y (sky130_fd_sc_hd__o211ai_1)
     2    0.01                           _07149_ (net)
                  0.19    0.00    1.85 ^ _13101_/A1 (sky130_fd_sc_hd__a21o_1)
                  0.15    0.22    2.08 ^ _13101_/X (sky130_fd_sc_hd__a21o_1)
     3    0.02                           _07215_ (net)
                  0.15    0.00    2.08 ^ _13109_/A1 (sky130_fd_sc_hd__a21oi_1)
                  0.09    0.12    2.20 v _13109_/Y (sky130_fd_sc_hd__a21oi_1)
     1    0.01                           _07303_ (net)
                  0.09    0.00    2.20 v _13110_/B2 (sky130_fd_sc_hd__o22ai_4)
                  0.29    0.23    2.43 ^ _13110_/Y (sky130_fd_sc_hd__o22ai_4)
     5    0.03                           _07314_ (net)
                  0.29    0.00    2.43 ^ _13118_/A1 (sky130_fd_sc_hd__a21oi_2)
                  0.11    0.14    2.57 v _13118_/Y (sky130_fd_sc_hd__a21oi_2)
     3    0.02                           _07401_ (net)
                  0.11    0.00    2.57 v _13119_/B2 (sky130_fd_sc_hd__o22ai_4)
                  0.31    0.25    2.82 ^ _13119_/Y (sky130_fd_sc_hd__o22ai_4)
     4    0.03                           _07412_ (net)
                  0.31    0.00    2.83 ^ _13864_/A1 (sky130_fd_sc_hd__a21oi_4)
                  0.11    0.14    2.97 v _13864_/Y (sky130_fd_sc_hd__a21oi_4)
     5    0.03                           _02644_ (net)
                  0.11    0.00    2.97 v _13865_/B2 (sky130_fd_sc_hd__o22ai_1)
                  0.19    0.18    3.14 ^ _13865_/Y (sky130_fd_sc_hd__o22ai_1)
     2    0.01                           _02655_ (net)
                  0.19    0.00    3.14 ^ _13866_/A (sky130_fd_sc_hd__clkbuf_2)
                  0.12    0.20    3.35 ^ _13866_/X (sky130_fd_sc_hd__clkbuf_2)
     5    0.02                           _02666_ (net)
                  0.12    0.00    3.35 ^ _14144_/A (sky130_fd_sc_hd__dlymetal6s2s_1)
                  0.19    0.22    3.57 ^ _14144_/X (sky130_fd_sc_hd__dlymetal6s2s_1)
     5    0.02                           _03868_ (net)
                  0.19    0.00    3.57 ^ _14326_/A (sky130_fd_sc_hd__nand2_1)
                  0.13    0.16    3.72 v _14326_/Y (sky130_fd_sc_hd__nand2_1)
     3    0.02                           _04050_ (net)
                  0.13    0.00    3.72 v _15591_/A (sky130_fd_sc_hd__clkbuf_4)
                  0.09    0.23    3.95 v _15591_/X (sky130_fd_sc_hd__clkbuf_4)
     5    0.04                           _05311_ (net)
                  0.09    0.00    3.95 v _15592_/A (sky130_fd_sc_hd__buf_2)
                  0.08    0.19    4.14 v _15592_/X (sky130_fd_sc_hd__buf_2)
     5    0.03                           _05312_ (net)
                  0.08    0.00    4.15 v _15593_/D (sky130_fd_sc_hd__nor4_4)
                  0.35    0.27    4.41 ^ _15593_/Y (sky130_fd_sc_hd__nor4_4)
     3    0.02                           _05313_ (net)
                  0.35    0.00    4.41 ^ _15594_/B2 (sky130_fd_sc_hd__o22ai_2)
                  0.11    0.14    4.55 v _15594_/Y (sky130_fd_sc_hd__o22ai_2)
     2    0.01                           _05314_ (net)
                  0.11    0.00    4.55 v _15597_/C (sky130_fd_sc_hd__and3_1)
                  0.08    0.25    4.80 v _15597_/X (sky130_fd_sc_hd__and3_1)
     4    0.01                           _05317_ (net)
                  0.08    0.00    4.80 v _15599_/D (sky130_fd_sc_hd__nor4_1)
                  0.54    0.41    5.21 ^ _15599_/Y (sky130_fd_sc_hd__nor4_1)
     3    0.01                           _05319_ (net)
                  0.54    0.00    5.21 ^ _15600_/B (sky130_fd_sc_hd__nor2_1)
                  0.12    0.13    5.34 v _15600_/Y (sky130_fd_sc_hd__nor2_1)
     2    0.01                           _05320_ (net)
                  0.12    0.00    5.34 v _15601_/A (sky130_fd_sc_hd__dlymetal6s2s_1)
                  0.09    0.21    5.55 v _15601_/X (sky130_fd_sc_hd__dlymetal6s2s_1)
     5    0.01                           _05321_ (net)
                  0.09    0.00    5.55 v _15603_/C (sky130_fd_sc_hd__and3_1)
                  0.04    0.20    5.75 v _15603_/X (sky130_fd_sc_hd__and3_1)
     1    0.00                           _05323_ (net)
                  0.04    0.00    5.75 v _15607_/A2 (sky130_fd_sc_hd__o21bai_1)
                  0.19    0.18    5.93 ^ _15607_/Y (sky130_fd_sc_hd__o21bai_1)
     2    0.01                           _05327_ (net)
                  0.19    0.00    5.93 ^ _15608_/A (sky130_fd_sc_hd__dlymetal6s2s_1)
                  0.18    0.22    6.15 ^ _15608_/X (sky130_fd_sc_hd__dlymetal6s2s_1)
     5    0.02                           _05328_ (net)
                  0.18    0.00    6.15 ^ _15833_/A (sky130_fd_sc_hd__nand3_1)
                  0.17    0.19    6.34 v _15833_/Y (sky130_fd_sc_hd__nand3_1)
     5    0.02                           _05552_ (net)
                  0.17    0.00    6.34 v _15845_/B1 (sky130_fd_sc_hd__o211ai_1)
                  0.22    0.18    6.51 ^ _15845_/Y (sky130_fd_sc_hd__o211ai_1)
     2    0.01                           _05564_ (net)
                  0.22    0.00    6.51 ^ _15846_/B (sky130_fd_sc_hd__nand2_1)
                  0.09    0.13    6.64 v _15846_/Y (sky130_fd_sc_hd__nand2_1)
     3    0.01                           _05565_ (net)
                  0.09    0.00    6.64 v _15984_/B2 (sky130_fd_sc_hd__a2bb2o_1)
                  0.07    0.28    6.92 v _15984_/X (sky130_fd_sc_hd__a2bb2o_1)
     2    0.01                           _05702_ (net)
                  0.07    0.00    6.92 v _15985_/B1 (sky130_fd_sc_hd__a21oi_2)
                  0.24    0.22    7.14 ^ _15985_/Y (sky130_fd_sc_hd__a21oi_2)
     3    0.02                           _05703_ (net)
                  0.24    0.00    7.14 ^ _16145_/A_N (sky130_fd_sc_hd__and2b_1)
                  0.06    0.25    7.39 v _16145_/X (sky130_fd_sc_hd__and2b_1)
     3    0.01                           _05867_ (net)
                  0.06    0.00    7.39 v _16155_/B1 (sky130_fd_sc_hd__a21oi_1)
                  0.24    0.22    7.61 ^ _16155_/Y (sky130_fd_sc_hd__a21oi_1)
     3    0.01                           _05877_ (net)
                  0.24    0.00    7.61 ^ _16393_/A1 (sky130_fd_sc_hd__o21ai_1)
                  0.10    0.15    7.76 v _16393_/Y (sky130_fd_sc_hd__o21ai_1)
     2    0.01                           _06136_ (net)
                  0.10    0.00    7.76 v _16402_/A2 (sky130_fd_sc_hd__a21oi_2)
                  0.22    0.25    8.01 ^ _16402_/Y (sky130_fd_sc_hd__a21oi_2)
     3    0.02                           _06145_ (net)
                  0.22    0.00    8.01 ^ _16514_/B1_N (sky130_fd_sc_hd__a21boi_1)
                  0.12    0.20    8.21 ^ _16514_/Y (sky130_fd_sc_hd__a21boi_1)
     1    0.00                           _06267_ (net)
                  0.12    0.00    8.21 ^ _16515_/A2 (sky130_fd_sc_hd__o21bai_1)
                  0.06    0.07    8.28 v _16515_/Y (sky130_fd_sc_hd__o21bai_1)
     1    0.00                           _06268_ (net)
                  0.06    0.00    8.28 v _16516_/A2 (sky130_fd_sc_hd__o21ai_1)
                  0.21    0.21    8.48 ^ _16516_/Y (sky130_fd_sc_hd__o21ai_1)
     1    0.01                           _06269_ (net)
                  0.21    0.00    8.48 ^ _16517_/B2 (sky130_fd_sc_hd__o22ai_4)
                  0.12    0.15    8.63 v _16517_/Y (sky130_fd_sc_hd__o22ai_4)
     1    0.03                           STAGE1.SR8.din_im[11] (net)
                  0.12    0.01    8.64 v _26067_/D (sky130_fd_sc_hd__dfrtp_4)
                                  8.64   data arrival time

                         20.00   20.00   clock clk (rise edge)
                          0.00   20.00   clock source latency
                  0.00    0.00   20.00 ^ clk (in)
     1    0.04                           clk (net)
                  0.00    0.00   20.00 ^ clkbuf_0_clk/A (sky130_fd_sc_hd__clkbuf_16)
                  0.04    0.11   20.11 ^ clkbuf_0_clk/X (sky130_fd_sc_hd__clkbuf_16)
     2    0.02                           clknet_0_clk (net)
                  0.04    0.00   20.11 ^ clkbuf_1_1_0_clk/A (sky130_fd_sc_hd__clkbuf_8)
                  0.03    0.11   20.23 ^ clkbuf_1_1_0_clk/X (sky130_fd_sc_hd__clkbuf_8)
     1    0.01                           clknet_1_1_0_clk (net)
                  0.03    0.00   20.23 ^ clkbuf_1_1_1_clk/A (sky130_fd_sc_hd__clkbuf_8)
                  0.28    0.29   20.52 ^ clkbuf_1_1_1_clk/X (sky130_fd_sc_hd__clkbuf_8)
    15    0.16                           clknet_1_1_1_clk (net)
                  0.28    0.01   20.53 ^ clkbuf_leaf_24_clk/A (sky130_fd_sc_hd__clkbuf_16)
                  0.04    0.19   20.72 ^ clkbuf_leaf_24_clk/X (sky130_fd_sc_hd__clkbuf_16)
     3    0.01                           clknet_leaf_24_clk (net)
                  0.04    0.00   20.72 ^ _26067_/CLK (sky130_fd_sc_hd__dfrtp_4)
                         -0.10   20.62   clock uncertainty
                          0.00   20.62   clock reconvergence pessimism
                         -0.15   20.47   library setup time
                                 20.47   data required time
-----------------------------------------------------------------------------
                                 20.47   data required time
                                 -8.64   data arrival time
-----------------------------------------------------------------------------
                                 11.83   slack (MET)


Startpoint: _26142_ (rising edge-triggered flip-flop clocked by clk)
Endpoint: _26191_ (rising edge-triggered flip-flop clocked by clk)
Path Group: clk
Path Type: max

Fanout     Cap    Slew   Delay    Time   Description
-----------------------------------------------------------------------------
                          0.00    0.00   clock clk (rise edge)
                          0.00    0.00   clock source latency
                  0.00    0.00    0.00 ^ clk (in)
     1    0.04                           clk (net)
                  0.00    0.00    0.00 ^ clkbuf_0_clk/A (sky130_fd_sc_hd__clkbuf_16)
                  0.04    0.11    0.11 ^ clkbuf_0_clk/X (sky130_fd_sc_hd__clkbuf_16)
     2    0.02                           clknet_0_clk (net)
                  0.04    0.00    0.11 ^ clkbuf_1_1_0_clk/A (sky130_fd_sc_hd__clkbuf_8)
                  0.03    0.11    0.23 ^ clkbuf_1_1_0_clk/X (sky130_fd_sc_hd__clkbuf_8)
     1    0.01                           clknet_1_1_0_clk (net)
                  0.03    0.00    0.23 ^ clkbuf_1_1_1_clk/A (sky130_fd_sc_hd__clkbuf_8)
                  0.28    0.29    0.52 ^ clkbuf_1_1_1_clk/X (sky130_fd_sc_hd__clkbuf_8)
    15    0.16                           clknet_1_1_1_clk (net)
                  0.28    0.01    0.52 ^ clkbuf_leaf_23_clk/A (sky130_fd_sc_hd__clkbuf_16)
                  0.05    0.21    0.73 ^ clkbuf_leaf_23_clk/X (sky130_fd_sc_hd__clkbuf_16)
     9    0.03                           clknet_leaf_23_clk (net)
                  0.05    0.00    0.73 ^ _26142_/CLK (sky130_fd_sc_hd__dfrtp_1)
                  0.07    0.39    1.13 v _26142_/Q (sky130_fd_sc_hd__dfrtp_1)
     2    0.01                           STAGE1.BUTTERFLY.a_im[2] (net)
                  0.07    0.00    1.13 v _13082_/A (sky130_fd_sc_hd__clkbuf_2)
                  0.08    0.16    1.29 v _13082_/X (sky130_fd_sc_hd__clkbuf_2)
     5    0.02                           _07006_ (net)
                  0.08    0.00    1.29 v _13083_/B (sky130_fd_sc_hd__and2_1)
                  0.09    0.22    1.50 v _13083_/X (sky130_fd_sc_hd__and2_1)
     5    0.02                           _07017_ (net)
                  0.09    0.00    1.50 v _19025_/B1 (sky130_fd_sc_hd__a21oi_1)
                  0.24    0.23    1.73 ^ _19025_/Y (sky130_fd_sc_hd__a21oi_1)
     2    0.01                           _09016_ (net)
                  0.24    0.00    1.73 ^ _19027_/A2 (sky130_fd_sc_hd__a21oi_2)
                  0.09    0.13    1.87 v _19027_/Y (sky130_fd_sc_hd__a21oi_2)
     3    0.02                           _09019_ (net)
                  0.09    0.00    1.87 v _19033_/A2 (sky130_fd_sc_hd__o211ai_4)
                  0.27    0.27    2.14 ^ _19033_/Y (sky130_fd_sc_hd__o211ai_4)
     5    0.03                           _09025_ (net)
                  0.27    0.00    2.14 ^ _19134_/A (sky130_fd_sc_hd__nand3_1)
                  0.16    0.20    2.34 v _19134_/Y (sky130_fd_sc_hd__nand3_1)
     2    0.01                           _09136_ (net)
                  0.16    0.00    2.34 v _19138_/A2 (sky130_fd_sc_hd__a21oi_2)
                  0.21    0.27    2.61 ^ _19138_/Y (sky130_fd_sc_hd__a21oi_2)
     2    0.02                           _09141_ (net)
                  0.21    0.00    2.61 ^ _19151_/A (sky130_fd_sc_hd__clkbuf_2)
                  0.15    0.23    2.84 ^ _19151_/X (sky130_fd_sc_hd__clkbuf_2)
     5    0.03                           _09155_ (net)
                  0.15    0.00    2.84 ^ _19868_/A1_N (sky130_fd_sc_hd__a2bb2oi_4)
                  0.25    0.28    3.11 ^ _19868_/Y (sky130_fd_sc_hd__a2bb2oi_4)
     4    0.03                           _09944_ (net)
                  0.25    0.00    3.12 ^ _19881_/A (sky130_fd_sc_hd__nand2_1)
                  0.14    0.17    3.29 v _19881_/Y (sky130_fd_sc_hd__nand2_1)
     3    0.01                           _09958_ (net)
                  0.14    0.00    3.29 v _20095_/A2 (sky130_fd_sc_hd__o21ai_4)
                  0.24    0.26    3.54 ^ _20095_/Y (sky130_fd_sc_hd__o21ai_4)
     3    0.03                           _10193_ (net)
                  0.24    0.00    3.55 ^ _20127_/B2 (sky130_fd_sc_hd__a2bb2oi_4)
                  0.10    0.12    3.67 v _20127_/Y (sky130_fd_sc_hd__a2bb2oi_4)
     2    0.02                           _10229_ (net)
                  0.10    0.00    3.67 v _20128_/A (sky130_fd_sc_hd__buf_2)
                  0.08    0.20    3.86 v _20128_/X (sky130_fd_sc_hd__buf_2)
     5    0.03                           _10230_ (net)
                  0.08    0.00    3.86 v _20993_/B2 (sky130_fd_sc_hd__o22ai_4)
                  0.27    0.22    4.08 ^ _20993_/Y (sky130_fd_sc_hd__o22ai_4)
     5    0.03                           _11180_ (net)
                  0.27    0.00    4.08 ^ _21327_/A (sky130_fd_sc_hd__clkbuf_2)
                  0.12    0.23    4.31 ^ _21327_/X (sky130_fd_sc_hd__clkbuf_2)
     5    0.02                           _11547_ (net)
                  0.12    0.00    4.31 ^ _21738_/A (sky130_fd_sc_hd__clkbuf_2)
                  0.15    0.21    4.52 ^ _21738_/X (sky130_fd_sc_hd__clkbuf_2)
     5    0.03                           _11997_ (net)
                  0.15    0.00    4.52 ^ _21763_/A (sky130_fd_sc_hd__clkbuf_4)
                  0.15    0.25    4.77 ^ _21763_/X (sky130_fd_sc_hd__clkbuf_4)
     5    0.05                           _12024_ (net)
                  0.15    0.00    4.77 ^ _22321_/A (sky130_fd_sc_hd__dlymetal6s2s_1)
                  0.19    0.22    4.99 ^ _22321_/X (sky130_fd_sc_hd__dlymetal6s2s_1)
     5    0.02                           _12635_ (net)
                  0.19    0.00    4.99 ^ _22355_/A (sky130_fd_sc_hd__buf_2)
                  0.17    0.24    5.23 ^ _22355_/X (sky130_fd_sc_hd__buf_2)
     5    0.03                           _12672_ (net)
                  0.17    0.00    5.23 ^ _22362_/A4 (sky130_fd_sc_hd__a41oi_4)
                  0.12    0.15    5.38 v _22362_/Y (sky130_fd_sc_hd__a41oi_4)
     2    0.01                           _12680_ (net)
                  0.12    0.00    5.38 v _22585_/A1 (sky130_fd_sc_hd__a21oi_2)
                  0.23    0.25    5.64 ^ _22585_/Y (sky130_fd_sc_hd__a21oi_2)
     5    0.02                           _12924_ (net)
                  0.23    0.00    5.64 ^ _22769_/B (sky130_fd_sc_hd__nand2_1)
                  0.10    0.14    5.77 v _22769_/Y (sky130_fd_sc_hd__nand2_1)
     2    0.01                           _00206_ (net)
                  0.10    0.00    5.77 v _22786_/A2 (sky130_fd_sc_hd__a21o_1)
                  0.04    0.20    5.98 v _22786_/X (sky130_fd_sc_hd__a21o_1)
     2    0.01                           _00224_ (net)
                  0.04    0.00    5.98 v _22787_/A (sky130_fd_sc_hd__dlymetal6s2s_1)
                  0.09    0.18    6.16 v _22787_/X (sky130_fd_sc_hd__dlymetal6s2s_1)
     5    0.01                           _00226_ (net)
                  0.09    0.00    6.16 v _22790_/B1 (sky130_fd_sc_hd__a221oi_2)
                  0.27    0.30    6.45 ^ _22790_/Y (sky130_fd_sc_hd__a221oi_2)
     2    0.01                           _00229_ (net)
                  0.27    0.00    6.45 ^ _22793_/B1 (sky130_fd_sc_hd__o2bb2ai_2)
                  0.10    0.15    6.61 v _22793_/Y (sky130_fd_sc_hd__o2bb2ai_2)
     5    0.02                           _00232_ (net)
                  0.10    0.00    6.61 v _22801_/A (sky130_fd_sc_hd__nand3_2)
                  0.10    0.12    6.73 ^ _22801_/Y (sky130_fd_sc_hd__nand3_2)
     4    0.02                           _00241_ (net)
                  0.10    0.00    6.73 ^ _22817_/A (sky130_fd_sc_hd__nand2_1)
                  0.10    0.12    6.85 v _22817_/Y (sky130_fd_sc_hd__nand2_1)
     2    0.01                           _00259_ (net)
                  0.10    0.00    6.85 v _22818_/B (sky130_fd_sc_hd__nor2_2)
                  0.26    0.24    7.09 ^ _22818_/Y (sky130_fd_sc_hd__nor2_2)
     4    0.02                           _00260_ (net)
                  0.26    0.00    7.09 ^ _22819_/B2 (sky130_fd_sc_hd__o22ai_4)
                  0.09    0.13    7.22 v _22819_/Y (sky130_fd_sc_hd__o22ai_4)
     3    0.02                           _00261_ (net)
                  0.09    0.00    7.22 v _22825_/A1 (sky130_fd_sc_hd__a21oi_1)
                  0.24    0.24    7.46 ^ _22825_/Y (sky130_fd_sc_hd__a21oi_1)
     1    0.01                           _00267_ (net)
                  0.24    0.00    7.46 ^ _22826_/B1 (sky130_fd_sc_hd__a21oi_4)
                  0.10    0.08    7.54 v _22826_/Y (sky130_fd_sc_hd__a21oi_4)
     3    0.02                           _00268_ (net)
                  0.10    0.00    7.54 v _22837_/A1 (sky130_fd_sc_hd__a21oi_2)
                  0.22    0.25    7.79 ^ _22837_/Y (sky130_fd_sc_hd__a21oi_2)
     4    0.02                           _00281_ (net)
                  0.22    0.00    7.79 ^ _22847_/D (sky130_fd_sc_hd__nand4_1)
                  0.09    0.12    7.91 v _22847_/Y (sky130_fd_sc_hd__nand4_1)
     1    0.00                           _00291_ (net)
                  0.09    0.00    7.91 v _22848_/B1_N (sky130_fd_sc_hd__o21bai_1)
                  0.08    0.19    8.10 v _22848_/Y (sky130_fd_sc_hd__o21bai_1)
     2    0.01                           _00292_ (net)
                  0.08    0.00    8.10 v _22958_/A1 (sky130_fd_sc_hd__a21oi_1)
                  0.18    0.19    8.29 ^ _22958_/Y (sky130_fd_sc_hd__a21oi_1)
     2    0.01                           _00413_ (net)
                  0.18    0.00    8.29 ^ _22960_/A1_N (sky130_fd_sc_hd__a2bb2o_2)
                  0.10    0.37    8.66 v _22960_/X (sky130_fd_sc_hd__a2bb2o_2)
     1    0.03                           STAGE2.SR4.din_re[10] (net)
                  0.10    0.00    8.66 v _26191_/D (sky130_fd_sc_hd__dfrtp_1)
                                  8.66   data arrival time

                         20.00   20.00   clock clk (rise edge)
                          0.00   20.00   clock source latency
                  0.00    0.00   20.00 ^ clk (in)
     1    0.04                           clk (net)
                  0.00    0.00   20.00 ^ clkbuf_0_clk/A (sky130_fd_sc_hd__clkbuf_16)
                  0.04    0.11   20.11 ^ clkbuf_0_clk/X (sky130_fd_sc_hd__clkbuf_16)
     2    0.02                           clknet_0_clk (net)
                  0.04    0.00   20.11 ^ clkbuf_1_0_0_clk/A (sky130_fd_sc_hd__clkbuf_8)
                  0.03    0.11   20.23 ^ clkbuf_1_0_0_clk/X (sky130_fd_sc_hd__clkbuf_8)
     1    0.01                           clknet_1_0_0_clk (net)
                  0.03    0.00   20.23 ^ clkbuf_1_0_1_clk/A (sky130_fd_sc_hd__clkbuf_8)
                  0.25    0.27   20.50 ^ clkbuf_1_0_1_clk/X (sky130_fd_sc_hd__clkbuf_8)
    12    0.14                           clknet_1_0_1_clk (net)
                  0.25    0.01   20.50 ^ clkbuf_leaf_8_clk/A (sky130_fd_sc_hd__clkbuf_16)
                  0.09    0.23   20.73 ^ clkbuf_leaf_8_clk/X (sky130_fd_sc_hd__clkbuf_16)
    25    0.07                           clknet_leaf_8_clk (net)
                  0.09    0.00   20.73 ^ _26191_/CLK (sky130_fd_sc_hd__dfrtp_1)
                         -0.10   20.63   clock uncertainty
                          0.00   20.63   clock reconvergence pessimism
                         -0.13   20.51   library setup time
                                 20.51   data required time
-----------------------------------------------------------------------------
                                 20.51   data required time
                                 -8.66   data arrival time
-----------------------------------------------------------------------------
                                 11.85   slack (MET)


Startpoint: _26152_ (rising edge-triggered flip-flop clocked by clk)
Endpoint: _26065_ (rising edge-triggered flip-flop clocked by clk)
Path Group: clk
Path Type: max

Fanout     Cap    Slew   Delay    Time   Description
-----------------------------------------------------------------------------
                          0.00    0.00   clock clk (rise edge)
                          0.00    0.00   clock source latency
                  0.00    0.00    0.00 ^ clk (in)
     1    0.04                           clk (net)
                  0.00    0.00    0.00 ^ clkbuf_0_clk/A (sky130_fd_sc_hd__clkbuf_16)
                  0.04    0.11    0.11 ^ clkbuf_0_clk/X (sky130_fd_sc_hd__clkbuf_16)
     2    0.02                           clknet_0_clk (net)
                  0.04    0.00    0.11 ^ clkbuf_1_1_0_clk/A (sky130_fd_sc_hd__clkbuf_8)
                  0.03    0.11    0.23 ^ clkbuf_1_1_0_clk/X (sky130_fd_sc_hd__clkbuf_8)
     1    0.01                           clknet_1_1_0_clk (net)
                  0.03    0.00    0.23 ^ clkbuf_1_1_1_clk/A (sky130_fd_sc_hd__clkbuf_8)
                  0.28    0.29    0.52 ^ clkbuf_1_1_1_clk/X (sky130_fd_sc_hd__clkbuf_8)
    15    0.16                           clknet_1_1_1_clk (net)
                  0.28    0.01    0.52 ^ clkbuf_leaf_22_clk/A (sky130_fd_sc_hd__clkbuf_16)
                  0.09    0.24    0.76 ^ clkbuf_leaf_22_clk/X (sky130_fd_sc_hd__clkbuf_16)
    24    0.07                           clknet_leaf_22_clk (net)
                  0.09    0.00    0.76 ^ _26152_/CLK (sky130_fd_sc_hd__dfrtp_1)
                  0.07    0.35    1.12 ^ _26152_/Q (sky130_fd_sc_hd__dfrtp_1)
     2    0.01                           STAGE1.BUTTERFLY.b_im[0] (net)
                  0.07    0.00    1.12 ^ _12996_/A (sky130_fd_sc_hd__clkbuf_2)
                  0.13    0.17    1.29 ^ _12996_/X (sky130_fd_sc_hd__clkbuf_2)
     5    0.02                           _06063_ (net)
                  0.13    0.00    1.29 ^ _13093_/B_N (sky130_fd_sc_hd__nor2b_4)
                  0.29    0.32    1.62 ^ _13093_/Y (sky130_fd_sc_hd__nor2b_4)
     4    0.04                           _07127_ (net)
                  0.29    0.00    1.62 ^ _13094_/B1 (sky130_fd_sc_hd__o21ai_1)
                  0.09    0.12    1.74 v _13094_/Y (sky130_fd_sc_hd__o21ai_1)
     1    0.00                           _07138_ (net)
                  0.09    0.00    1.74 v _13095_/C1 (sky130_fd_sc_hd__o211ai_1)
                  0.19    0.12    1.85 ^ _13095_/Y (sky130_fd_sc_hd__o211ai_1)
     2    0.01                           _07149_ (net)
                  0.19    0.00    1.85 ^ _13101_/A1 (sky130_fd_sc_hd__a21o_1)
                  0.15    0.22    2.08 ^ _13101_/X (sky130_fd_sc_hd__a21o_1)
     3    0.02                           _07215_ (net)
                  0.15    0.00    2.08 ^ _13109_/A1 (sky130_fd_sc_hd__a21oi_1)
                  0.09    0.12    2.20 v _13109_/Y (sky130_fd_sc_hd__a21oi_1)
     1    0.01                           _07303_ (net)
                  0.09    0.00    2.20 v _13110_/B2 (sky130_fd_sc_hd__o22ai_4)
                  0.29    0.23    2.43 ^ _13110_/Y (sky130_fd_sc_hd__o22ai_4)
     5    0.03                           _07314_ (net)
                  0.29    0.00    2.43 ^ _13118_/A1 (sky130_fd_sc_hd__a21oi_2)
                  0.11    0.14    2.57 v _13118_/Y (sky130_fd_sc_hd__a21oi_2)
     3    0.02                           _07401_ (net)
                  0.11    0.00    2.57 v _13119_/B2 (sky130_fd_sc_hd__o22ai_4)
                  0.31    0.25    2.82 ^ _13119_/Y (sky130_fd_sc_hd__o22ai_4)
     4    0.03                           _07412_ (net)
                  0.31    0.00    2.83 ^ _13864_/A1 (sky130_fd_sc_hd__a21oi_4)
                  0.11    0.14    2.97 v _13864_/Y (sky130_fd_sc_hd__a21oi_4)
     5    0.03                           _02644_ (net)
                  0.11    0.00    2.97 v _13865_/B2 (sky130_fd_sc_hd__o22ai_1)
                  0.19    0.18    3.14 ^ _13865_/Y (sky130_fd_sc_hd__o22ai_1)
     2    0.01                           _02655_ (net)
                  0.19    0.00    3.14 ^ _13866_/A (sky130_fd_sc_hd__clkbuf_2)
                  0.12    0.20    3.35 ^ _13866_/X (sky130_fd_sc_hd__clkbuf_2)
     5    0.02                           _02666_ (net)
                  0.12    0.00    3.35 ^ _14144_/A (sky130_fd_sc_hd__dlymetal6s2s_1)
                  0.19    0.22    3.57 ^ _14144_/X (sky130_fd_sc_hd__dlymetal6s2s_1)
     5    0.02                           _03868_ (net)
                  0.19    0.00    3.57 ^ _14326_/A (sky130_fd_sc_hd__nand2_1)
                  0.13    0.16    3.72 v _14326_/Y (sky130_fd_sc_hd__nand2_1)
     3    0.02                           _04050_ (net)
                  0.13    0.00    3.72 v _15591_/A (sky130_fd_sc_hd__clkbuf_4)
                  0.09    0.23    3.95 v _15591_/X (sky130_fd_sc_hd__clkbuf_4)
     5    0.04                           _05311_ (net)
                  0.09    0.00    3.95 v _15592_/A (sky130_fd_sc_hd__buf_2)
                  0.08    0.19    4.14 v _15592_/X (sky130_fd_sc_hd__buf_2)
     5    0.03                           _05312_ (net)
                  0.08    0.00    4.15 v _15593_/D (sky130_fd_sc_hd__nor4_4)
                  0.35    0.27    4.41 ^ _15593_/Y (sky130_fd_sc_hd__nor4_4)
     3    0.02                           _05313_ (net)
                  0.35    0.00    4.41 ^ _15594_/B2 (sky130_fd_sc_hd__o22ai_2)
                  0.11    0.14    4.55 v _15594_/Y (sky130_fd_sc_hd__o22ai_2)
     2    0.01                           _05314_ (net)
                  0.11    0.00    4.55 v _15597_/C (sky130_fd_sc_hd__and3_1)
                  0.08    0.25    4.80 v _15597_/X (sky130_fd_sc_hd__and3_1)
     4    0.01                           _05317_ (net)
                  0.08    0.00    4.80 v _15599_/D (sky130_fd_sc_hd__nor4_1)
                  0.54    0.41    5.21 ^ _15599_/Y (sky130_fd_sc_hd__nor4_1)
     3    0.01                           _05319_ (net)
                  0.54    0.00    5.21 ^ _15600_/B (sky130_fd_sc_hd__nor2_1)
                  0.12    0.13    5.34 v _15600_/Y (sky130_fd_sc_hd__nor2_1)
     2    0.01                           _05320_ (net)
                  0.12    0.00    5.34 v _15601_/A (sky130_fd_sc_hd__dlymetal6s2s_1)
                  0.09    0.21    5.55 v _15601_/X (sky130_fd_sc_hd__dlymetal6s2s_1)
     5    0.01                           _05321_ (net)
                  0.09    0.00    5.55 v _15603_/C (sky130_fd_sc_hd__and3_1)
                  0.04    0.20    5.75 v _15603_/X (sky130_fd_sc_hd__and3_1)
     1    0.00                           _05323_ (net)
                  0.04    0.00    5.75 v _15607_/A2 (sky130_fd_sc_hd__o21bai_1)
                  0.19    0.18    5.93 ^ _15607_/Y (sky130_fd_sc_hd__o21bai_1)
     2    0.01                           _05327_ (net)
                  0.19    0.00    5.93 ^ _15608_/A (sky130_fd_sc_hd__dlymetal6s2s_1)
                  0.18    0.22    6.15 ^ _15608_/X (sky130_fd_sc_hd__dlymetal6s2s_1)
     5    0.02                           _05328_ (net)
                  0.18    0.00    6.15 ^ _15833_/A (sky130_fd_sc_hd__nand3_1)
                  0.17    0.19    6.34 v _15833_/Y (sky130_fd_sc_hd__nand3_1)
     5    0.02                           _05552_ (net)
                  0.17    0.00    6.34 v _15836_/B1 (sky130_fd_sc_hd__a2bb2o_1)
                  0.07    0.34    6.68 v _15836_/X (sky130_fd_sc_hd__a2bb2o_1)
     2    0.01                           _05555_ (net)
                  0.07    0.00    6.68 v _15850_/A (sky130_fd_sc_hd__nand2_1)
                  0.06    0.07    6.75 ^ _15850_/Y (sky130_fd_sc_hd__nand2_1)
     1    0.00                           _05569_ (net)
                  0.06    0.00    6.75 ^ _15851_/B1 (sky130_fd_sc_hd__a21o_1)
                  0.05    0.08    6.83 ^ _15851_/X (sky130_fd_sc_hd__a21o_1)
     1    0.00                           _05570_ (net)
                  0.05    0.00    6.83 ^ _15853_/B (sky130_fd_sc_hd__nand3_1)
                  0.14    0.13    6.96 v _15853_/Y (sky130_fd_sc_hd__nand3_1)
     3    0.01                           _05572_ (net)
                  0.14    0.00    6.96 v _15855_/A2 (sky130_fd_sc_hd__a21o_1)
                  0.05    0.22    7.18 v _15855_/X (sky130_fd_sc_hd__a21o_1)
     2    0.01                           _05574_ (net)
                  0.05    0.00    7.18 v _15858_/A1 (sky130_fd_sc_hd__a21oi_1)
                  0.22    0.20    7.39 ^ _15858_/Y (sky130_fd_sc_hd__a21oi_1)
     3    0.01                           _05577_ (net)
                  0.22    0.00    7.39 ^ _15860_/A_N (sky130_fd_sc_hd__and2b_1)
                  0.08    0.26    7.65 v _15860_/X (sky130_fd_sc_hd__and2b_1)
     2    0.01                           _05579_ (net)
                  0.08    0.00    7.65 v _15995_/C1 (sky130_fd_sc_hd__o2111ai_4)
                  0.25    0.13    7.78 ^ _15995_/Y (sky130_fd_sc_hd__o2111ai_4)
     2    0.02                           _05713_ (net)
                  0.25    0.00    7.78 ^ _15997_/A (sky130_fd_sc_hd__nand2_4)
                  0.11    0.13    7.91 v _15997_/Y (sky130_fd_sc_hd__nand2_4)
     5    0.03                           _05715_ (net)
                  0.11    0.00    7.91 v _16394_/A1 (sky130_fd_sc_hd__a21oi_1)
                  0.24    0.24    8.16 ^ _16394_/Y (sky130_fd_sc_hd__a21oi_1)
     1    0.01                           _06137_ (net)
                  0.24    0.00    8.16 ^ _16395_/A2 (sky130_fd_sc_hd__o2111ai_4)
                  0.11    0.14    8.30 v _16395_/Y (sky130_fd_sc_hd__o2111ai_4)
     1    0.01                           _06138_ (net)
                  0.11    0.00    8.30 v _16397_/A2 (sky130_fd_sc_hd__a31oi_4)
                  0.28    0.30    8.60 ^ _16397_/Y (sky130_fd_sc_hd__a31oi_4)
     1    0.03                           STAGE1.SR8.din_im[9] (net)
                  0.28    0.01    8.61 ^ _26065_/D (sky130_fd_sc_hd__dfrtp_4)
                                  8.61   data arrival time

                         20.00   20.00   clock clk (rise edge)
                          0.00   20.00   clock source latency
                  0.00    0.00   20.00 ^ clk (in)
     1    0.04                           clk (net)
                  0.00    0.00   20.00 ^ clkbuf_0_clk/A (sky130_fd_sc_hd__clkbuf_16)
                  0.04    0.11   20.11 ^ clkbuf_0_clk/X (sky130_fd_sc_hd__clkbuf_16)
     2    0.02                           clknet_0_clk (net)
                  0.04    0.00   20.11 ^ clkbuf_1_1_0_clk/A (sky130_fd_sc_hd__clkbuf_8)
                  0.03    0.11   20.23 ^ clkbuf_1_1_0_clk/X (sky130_fd_sc_hd__clkbuf_8)
     1    0.01                           clknet_1_1_0_clk (net)
                  0.03    0.00   20.23 ^ clkbuf_1_1_1_clk/A (sky130_fd_sc_hd__clkbuf_8)
                  0.28    0.29   20.52 ^ clkbuf_1_1_1_clk/X (sky130_fd_sc_hd__clkbuf_8)
    15    0.16                           clknet_1_1_1_clk (net)
                  0.28    0.01   20.53 ^ clkbuf_leaf_24_clk/A (sky130_fd_sc_hd__clkbuf_16)
                  0.04    0.19   20.72 ^ clkbuf_leaf_24_clk/X (sky130_fd_sc_hd__clkbuf_16)
     3    0.01                           clknet_leaf_24_clk (net)
                  0.04    0.00   20.72 ^ _26065_/CLK (sky130_fd_sc_hd__dfrtp_4)
                         -0.10   20.62   clock uncertainty
                          0.00   20.62   clock reconvergence pessimism
                         -0.12   20.50   library setup time
                                 20.50   data required time
-----------------------------------------------------------------------------
                                 20.50   data required time
                                 -8.61   data arrival time
-----------------------------------------------------------------------------
                                 11.89   slack (MET)


