
===========================================================================
report_checks -unconstrained
============================================================================
Startpoint: _26142_ (rising edge-triggered flip-flop clocked by clk)
Endpoint: _26189_ (rising edge-triggered flip-flop clocked by clk)
Path Group: clk
Path Type: max

Fanout     Cap    Slew   Delay    Time   Description
-----------------------------------------------------------------------------
                          0.00    0.00   clock clk (rise edge)
                          0.00    0.00   clock source latency
                  0.00    0.00    0.00 ^ clk (in)
     1    0.04                           clk (net)
                  0.00    0.00    0.00 ^ clkbuf_0_clk/A (sky130_fd_sc_hd__clkbuf_16)
                  0.04    0.11    0.11 ^ clkbuf_0_clk/X (sky130_fd_sc_hd__clkbuf_16)
     2    0.02                           clknet_0_clk (net)
                  0.04    0.00    0.11 ^ clkbuf_1_1_0_clk/A (sky130_fd_sc_hd__clkbuf_8)
                  0.03    0.11    0.23 ^ clkbuf_1_1_0_clk/X (sky130_fd_sc_hd__clkbuf_8)
     1    0.01                           clknet_1_1_0_clk (net)
                  0.03    0.00    0.23 ^ clkbuf_1_1_1_clk/A (sky130_fd_sc_hd__clkbuf_8)
                  0.28    0.29    0.52 ^ clkbuf_1_1_1_clk/X (sky130_fd_sc_hd__clkbuf_8)
    15    0.16                           clknet_1_1_1_clk (net)
                  0.28    0.01    0.52 ^ clkbuf_leaf_23_clk/A (sky130_fd_sc_hd__clkbuf_16)
                  0.05    0.21    0.73 ^ clkbuf_leaf_23_clk/X (sky130_fd_sc_hd__clkbuf_16)
     9    0.03                           clknet_leaf_23_clk (net)
                  0.05    0.00    0.73 ^ _26142_/CLK (sky130_fd_sc_hd__dfrtp_1)
                  0.07    0.39    1.13 v _26142_/Q (sky130_fd_sc_hd__dfrtp_1)
     2    0.01                           STAGE1.BUTTERFLY.a_im[2] (net)
                  0.07    0.00    1.13 v _13082_/A (sky130_fd_sc_hd__clkbuf_2)
                  0.08    0.16    1.29 v _13082_/X (sky130_fd_sc_hd__clkbuf_2)
     5    0.02                           _07006_ (net)
                  0.08    0.00    1.29 v _13083_/B (sky130_fd_sc_hd__and2_1)
                  0.09    0.22    1.50 v _13083_/X (sky130_fd_sc_hd__and2_1)
     5    0.02                           _07017_ (net)
                  0.09    0.00    1.51 v _19025_/B1 (sky130_fd_sc_hd__a21oi_1)
                  0.24    0.23    1.74 ^ _19025_/Y (sky130_fd_sc_hd__a21oi_1)
     2    0.01                           _09016_ (net)
                  0.24    0.00    1.74 ^ _19057_/B (sky130_fd_sc_hd__nand2_1)
                  0.09    0.13    1.86 v _19057_/Y (sky130_fd_sc_hd__nand2_1)
     2    0.01                           _09052_ (net)
                  0.09    0.00    1.86 v _19079_/A1 (sky130_fd_sc_hd__a21oi_2)
                  0.22    0.23    2.10 ^ _19079_/Y (sky130_fd_sc_hd__a21oi_2)
     4    0.02                           _09076_ (net)
                  0.22    0.00    2.10 ^ _19083_/A (sky130_fd_sc_hd__nand2_2)
                  0.11    0.13    2.23 v _19083_/Y (sky130_fd_sc_hd__nand2_2)
     4    0.02                           _09080_ (net)
                  0.11    0.00    2.23 v _19085_/A2 (sky130_fd_sc_hd__a21oi_4)
                  0.22    0.26    2.49 ^ _19085_/Y (sky130_fd_sc_hd__a21oi_4)
     3    0.03                           _09082_ (net)
                  0.22    0.00    2.49 ^ _19087_/A (sky130_fd_sc_hd__nor2_4)
                  0.08    0.11    2.60 v _19087_/Y (sky130_fd_sc_hd__nor2_4)
     5    0.04                           _09085_ (net)
                  0.08    0.00    2.60 v _19115_/A1 (sky130_fd_sc_hd__o21bai_4)
                  0.23    0.25    2.85 ^ _19115_/Y (sky130_fd_sc_hd__o21bai_4)
     5    0.03                           _09115_ (net)
                  0.23    0.00    2.85 ^ _19124_/A (sky130_fd_sc_hd__nand3_1)
                  0.16    0.19    3.04 v _19124_/Y (sky130_fd_sc_hd__nand3_1)
     3    0.01                           _09125_ (net)
                  0.16    0.00    3.04 v _19853_/C (sky130_fd_sc_hd__nor3_2)
                  0.32    0.29    3.33 ^ _19853_/Y (sky130_fd_sc_hd__nor3_2)
     2    0.02                           _09927_ (net)
                  0.32    0.00    3.33 ^ _19854_/A (sky130_fd_sc_hd__clkbuf_2)
                  0.15    0.25    3.59 ^ _19854_/X (sky130_fd_sc_hd__clkbuf_2)
     5    0.03                           _09928_ (net)
                  0.15    0.00    3.59 ^ _19882_/B2 (sky130_fd_sc_hd__o22ai_1)
                  0.08    0.10    3.69 v _19882_/Y (sky130_fd_sc_hd__o22ai_1)
     2    0.00                           _09959_ (net)
                  0.08    0.00    3.69 v _19898_/A (sky130_fd_sc_hd__buf_2)
                  0.08    0.19    3.87 v _19898_/X (sky130_fd_sc_hd__buf_2)
     5    0.03                           _09977_ (net)
                  0.08    0.00    3.87 v _19931_/A (sky130_fd_sc_hd__clkbuf_2)
                  0.09    0.17    4.05 v _19931_/X (sky130_fd_sc_hd__clkbuf_2)
     5    0.02                           _10013_ (net)
                  0.09    0.00    4.05 v _19932_/A (sky130_fd_sc_hd__clkbuf_4)
                  0.09    0.22    4.26 v _19932_/X (sky130_fd_sc_hd__clkbuf_4)
     5    0.04                           _10014_ (net)
                  0.09    0.00    4.26 v _19938_/A1 (sky130_fd_sc_hd__a21oi_4)
                  0.44    0.40    4.66 ^ _19938_/Y (sky130_fd_sc_hd__a21oi_4)
     5    0.06                           _10021_ (net)
                  0.44    0.01    4.67 ^ _19952_/A3 (sky130_fd_sc_hd__o31ai_2)
                  0.11    0.13    4.80 v _19952_/Y (sky130_fd_sc_hd__o31ai_2)
     2    0.01                           _10036_ (net)
                  0.11    0.00    4.80 v _19953_/B1 (sky130_fd_sc_hd__o21ai_2)
                  0.19    0.12    4.92 ^ _19953_/Y (sky130_fd_sc_hd__o21ai_2)
     2    0.01                           _10037_ (net)
                  0.19    0.00    4.92 ^ _19975_/B (sky130_fd_sc_hd__nand3b_4)
                  0.11    0.14    5.07 v _19975_/Y (sky130_fd_sc_hd__nand3b_4)
     5    0.02                           _10061_ (net)
                  0.11    0.00    5.07 v _20156_/A_N (sky130_fd_sc_hd__nand3b_1)
                  0.13    0.24    5.31 v _20156_/Y (sky130_fd_sc_hd__nand3b_1)
     2    0.01                           _10260_ (net)
                  0.13    0.00    5.31 v _20157_/A (sky130_fd_sc_hd__dlymetal6s2s_1)
                  0.09    0.22    5.52 v _20157_/X (sky130_fd_sc_hd__dlymetal6s2s_1)
     5    0.01                           _10262_ (net)
                  0.09    0.00    5.52 v _20195_/A1_N (sky130_fd_sc_hd__o2bb2ai_1)
                  0.06    0.14    5.67 v _20195_/Y (sky130_fd_sc_hd__o2bb2ai_1)
     1    0.00                           _10303_ (net)
                  0.06    0.00    5.67 v _20200_/A (sky130_fd_sc_hd__nand3_1)
                  0.14    0.13    5.79 ^ _20200_/Y (sky130_fd_sc_hd__nand3_1)
     4    0.01                           _10309_ (net)
                  0.14    0.00    5.79 ^ _20313_/B (sky130_fd_sc_hd__nand4_1)
                  0.10    0.13    5.92 v _20313_/Y (sky130_fd_sc_hd__nand4_1)
     2    0.01                           _10433_ (net)
                  0.10    0.00    5.92 v _20314_/A (sky130_fd_sc_hd__clkbuf_2)
                  0.09    0.18    6.10 v _20314_/X (sky130_fd_sc_hd__clkbuf_2)
     5    0.02                           _10434_ (net)
                  0.09    0.00    6.10 v _20318_/A2 (sky130_fd_sc_hd__a21oi_2)
                  0.22    0.25    6.35 ^ _20318_/Y (sky130_fd_sc_hd__a21oi_2)
     3    0.02                           _10439_ (net)
                  0.22    0.00    6.35 ^ _20319_/B2 (sky130_fd_sc_hd__o22ai_1)
                  0.09    0.13    6.48 v _20319_/Y (sky130_fd_sc_hd__o22ai_1)
     2    0.01                           _10440_ (net)
                  0.09    0.00    6.48 v _20451_/A (sky130_fd_sc_hd__nand3_1)
                  0.16    0.15    6.63 ^ _20451_/Y (sky130_fd_sc_hd__nand3_1)
     2    0.01                           _10585_ (net)
                  0.16    0.00    6.63 ^ _20459_/A2 (sky130_fd_sc_hd__a21oi_1)
                  0.09    0.13    6.76 v _20459_/Y (sky130_fd_sc_hd__a21oi_1)
     1    0.01                           _10594_ (net)
                  0.09    0.00    6.76 v _20460_/B1 (sky130_fd_sc_hd__a21oi_4)
                  0.22    0.22    6.98 ^ _20460_/Y (sky130_fd_sc_hd__a21oi_4)
     3    0.03                           _10595_ (net)
                  0.22    0.00    6.98 ^ _21212_/A1 (sky130_fd_sc_hd__o211ai_4)
                  0.10    0.14    7.12 v _21212_/Y (sky130_fd_sc_hd__o211ai_4)
     3    0.02                           _11421_ (net)
                  0.10    0.00    7.12 v _21457_/A3 (sky130_fd_sc_hd__a31oi_4)
                  0.28    0.31    7.43 ^ _21457_/Y (sky130_fd_sc_hd__a31oi_4)
     2    0.03                           _11690_ (net)
                  0.28    0.00    7.44 ^ _22304_/A (sky130_fd_sc_hd__nand4_2)
                  0.15    0.17    7.61 v _22304_/Y (sky130_fd_sc_hd__nand4_2)
     2    0.01                           _12617_ (net)
                  0.15    0.00    7.61 v _22311_/A2 (sky130_fd_sc_hd__o211ai_4)
                  0.28    0.30    7.91 ^ _22311_/Y (sky130_fd_sc_hd__o211ai_4)
     3    0.03                           _12625_ (net)
                  0.28    0.00    7.91 ^ _22694_/A1 (sky130_fd_sc_hd__a31oi_4)
                  0.15    0.19    8.10 v _22694_/Y (sky130_fd_sc_hd__a31oi_4)
     4    0.03                           _00124_ (net)
                  0.15    0.00    8.11 v _22695_/C1 (sky130_fd_sc_hd__a211o_2)
                  0.13    0.41    8.51 v _22695_/X (sky130_fd_sc_hd__a211o_2)
     1    0.04                           _00125_ (net)
                  0.13    0.00    8.52 v _22698_/B1 (sky130_fd_sc_hd__a22o_1)
                  0.08    0.25    8.77 v _22698_/X (sky130_fd_sc_hd__a22o_1)
     1    0.01                           STAGE2.SR4.din_re[8] (net)
                  0.08    0.00    8.77 v _26189_/D (sky130_fd_sc_hd__dfrtp_1)
                                  8.77   data arrival time

                         20.00   20.00   clock clk (rise edge)
                          0.00   20.00   clock source latency
                  0.00    0.00   20.00 ^ clk (in)
     1    0.04                           clk (net)
                  0.00    0.00   20.00 ^ clkbuf_0_clk/A (sky130_fd_sc_hd__clkbuf_16)
                  0.04    0.11   20.11 ^ clkbuf_0_clk/X (sky130_fd_sc_hd__clkbuf_16)
     2    0.02                           clknet_0_clk (net)
                  0.04    0.00   20.11 ^ clkbuf_1_0_0_clk/A (sky130_fd_sc_hd__clkbuf_8)
                  0.03    0.11   20.23 ^ clkbuf_1_0_0_clk/X (sky130_fd_sc_hd__clkbuf_8)
     1    0.01                           clknet_1_0_0_clk (net)
                  0.03    0.00   20.23 ^ clkbuf_1_0_1_clk/A (sky130_fd_sc_hd__clkbuf_8)
                  0.24    0.26   20.49 ^ clkbuf_1_0_1_clk/X (sky130_fd_sc_hd__clkbuf_8)
    12    0.14                           clknet_1_0_1_clk (net)
                  0.24    0.01   20.50 ^ clkbuf_leaf_12_clk/A (sky130_fd_sc_hd__clkbuf_16)
                  0.06    0.20   20.70 ^ clkbuf_leaf_12_clk/X (sky130_fd_sc_hd__clkbuf_16)
    12    0.03                           clknet_leaf_12_clk (net)
                  0.06    0.00   20.70 ^ _26189_/CLK (sky130_fd_sc_hd__dfrtp_1)
                         -0.10   20.60   clock uncertainty
                          0.00   20.60   clock reconvergence pessimism
                         -0.13   20.47   library setup time
                                 20.47   data required time
-----------------------------------------------------------------------------
                                 20.47   data required time
                                 -8.77   data arrival time
-----------------------------------------------------------------------------
                                 11.70   slack (MET)



===========================================================================
report_checks --slack_max -0.01
============================================================================
No paths found.
