
49. Executing CHECK pass (checking for obvious problems).
Checking module DIF_R2SDF_top...
Warning: Wire DIF_R2SDF_top.\out_valid is used but has no driver.
Warning: Wire DIF_R2SDF_top.\dout_re [11] is used but has no driver.
Warning: Wire DIF_R2SDF_top.\dout_re [10] is used but has no driver.
Warning: Wire DIF_R2SDF_top.\dout_re [9] is used but has no driver.
Warning: Wire DIF_R2SDF_top.\dout_re [8] is used but has no driver.
Warning: Wire DIF_R2SDF_top.\dout_re [7] is used but has no driver.
Warning: Wire DIF_R2SDF_top.\dout_re [6] is used but has no driver.
Warning: Wire DIF_R2SDF_top.\dout_re [5] is used but has no driver.
Warning: Wire DIF_R2SDF_top.\dout_re [4] is used but has no driver.
Warning: Wire DIF_R2SDF_top.\dout_re [3] is used but has no driver.
Warning: Wire DIF_R2SDF_top.\dout_re [2] is used but has no driver.
Warning: Wire DIF_R2SDF_top.\dout_re [1] is used but has no driver.
Warning: Wire DIF_R2SDF_top.\dout_re [0] is used but has no driver.
Warning: Wire DIF_R2SDF_top.\dout_im [11] is used but has no driver.
Warning: Wire DIF_R2SDF_top.\dout_im [10] is used but has no driver.
Warning: Wire DIF_R2SDF_top.\dout_im [9] is used but has no driver.
Warning: Wire DIF_R2SDF_top.\dout_im [8] is used but has no driver.
Warning: Wire DIF_R2SDF_top.\dout_im [7] is used but has no driver.
Warning: Wire DIF_R2SDF_top.\dout_im [6] is used but has no driver.
Warning: Wire DIF_R2SDF_top.\dout_im [5] is used but has no driver.
Warning: Wire DIF_R2SDF_top.\dout_im [4] is used but has no driver.
Warning: Wire DIF_R2SDF_top.\dout_im [3] is used but has no driver.
Warning: Wire DIF_R2SDF_top.\dout_im [2] is used but has no driver.
Warning: Wire DIF_R2SDF_top.\dout_im [1] is used but has no driver.
Warning: Wire DIF_R2SDF_top.\dout_im [0] is used but has no driver.
Found and reported 25 problems.
