
===========================================================================
report_checks -path_delay max (Setup)
============================================================================
Startpoint: _26142_ (rising edge-triggered flip-flop clocked by clk)
Endpoint: _26189_ (rising edge-triggered flip-flop clocked by clk)
Path Group: clk
Path Type: max

Fanout     Cap    Slew   Delay    Time   Description
-----------------------------------------------------------------------------
                  0.15    0.00    0.00   clock clk (rise edge)
                          0.00    0.00   clock network delay (ideal)
                  0.15    0.00    0.00 ^ _26142_/CLK (sky130_fd_sc_hd__dfrtp_2)
                  0.05    0.43    0.43 v _26142_/Q (sky130_fd_sc_hd__dfrtp_2)
     2    0.01                           STAGE1.BUTTERFLY.a_im[2] (net)
                  0.05    0.00    0.43 v _13082_/A (sky130_fd_sc_hd__buf_1)
                  0.09    0.14    0.57 v _13082_/X (sky130_fd_sc_hd__buf_1)
     5    0.02                           _07006_ (net)
                  0.09    0.00    0.58 v _13083_/B (sky130_fd_sc_hd__and2_2)
                  0.07    0.25    0.83 v _13083_/X (sky130_fd_sc_hd__and2_2)
     5    0.02                           _07017_ (net)
                  0.08    0.01    0.83 v _19025_/B1 (sky130_fd_sc_hd__a21oi_2)
                  0.15    0.16    0.99 ^ _19025_/Y (sky130_fd_sc_hd__a21oi_2)
     2    0.01                           _09016_ (net)
                  0.15    0.01    1.00 ^ _19027_/A2 (sky130_fd_sc_hd__a21oi_2)
                  0.07    0.10    1.10 v _19027_/Y (sky130_fd_sc_hd__a21oi_2)
     3    0.01                           _09019_ (net)
                  0.07    0.01    1.10 v _19033_/A2 (sky130_fd_sc_hd__o211ai_2)
                  0.30    0.28    1.38 ^ _19033_/Y (sky130_fd_sc_hd__o211ai_2)
     5    0.02                           _09025_ (net)
                  0.30    0.01    1.39 ^ _19861_/A1 (sky130_fd_sc_hd__a21oi_2)
                  0.11    0.14    1.53 v _19861_/Y (sky130_fd_sc_hd__a21oi_2)
     4    0.02                           _09936_ (net)
                  0.11    0.01    1.53 v _19862_/A2 (sky130_fd_sc_hd__o21ai_2)
                  0.11    0.14    1.67 ^ _19862_/Y (sky130_fd_sc_hd__o21ai_2)
     1    0.01                           _09937_ (net)
                  0.11    0.01    1.68 ^ _19863_/C (sky130_fd_sc_hd__nand3_2)
                  0.11    0.11    1.79 v _19863_/Y (sky130_fd_sc_hd__nand3_2)
     3    0.01                           _09938_ (net)
                  0.11    0.00    1.80 v _19877_/A (sky130_fd_sc_hd__buf_1)
                  0.11    0.18    1.97 v _19877_/X (sky130_fd_sc_hd__buf_1)
     5    0.02                           _09954_ (net)
                  0.11    0.00    1.97 v _19939_/A (sky130_fd_sc_hd__and3_2)
                  0.08    0.24    2.22 v _19939_/X (sky130_fd_sc_hd__and3_2)
     5    0.02                           _10022_ (net)
                  0.08    0.01    2.22 v _20097_/B2 (sky130_fd_sc_hd__a22oi_2)
                  0.33    0.31    2.53 ^ _20097_/Y (sky130_fd_sc_hd__a22oi_2)
     5    0.02                           _10196_ (net)
                  0.33    0.01    2.53 ^ _20115_/A1_N (sky130_fd_sc_hd__o2bb2ai_2)
                  0.20    0.19    2.73 ^ _20115_/Y (sky130_fd_sc_hd__o2bb2ai_2)
     4    0.01                           _10215_ (net)
                  0.20    0.00    2.73 ^ _20116_/A (sky130_fd_sc_hd__buf_1)
                  0.23    0.24    2.97 ^ _20116_/X (sky130_fd_sc_hd__buf_1)
     5    0.02                           _10216_ (net)
                  0.23    0.01    2.97 ^ _20998_/A (sky130_fd_sc_hd__nand3_2)
                  0.14    0.16    3.14 v _20998_/Y (sky130_fd_sc_hd__nand3_2)
     5    0.02                           _11186_ (net)
                  0.14    0.00    3.14 v _21478_/A (sky130_fd_sc_hd__buf_1)
                  0.12    0.20    3.34 v _21478_/X (sky130_fd_sc_hd__buf_1)
     5    0.02                           _11712_ (net)
                  0.12    0.00    3.34 v _21717_/A (sky130_fd_sc_hd__buf_1)
                  0.11    0.18    3.52 v _21717_/X (sky130_fd_sc_hd__buf_1)
     5    0.02                           _11974_ (net)
                  0.11    0.00    3.53 v _21718_/C (sky130_fd_sc_hd__and3_2)
                  0.05    0.24    3.77 v _21718_/X (sky130_fd_sc_hd__and3_2)
     2    0.01                           _11975_ (net)
                  0.05    0.00    3.77 v _21785_/A1 (sky130_fd_sc_hd__o211a_2)
                  0.07    0.29    4.06 v _21785_/X (sky130_fd_sc_hd__o211a_2)
     3    0.01                           _12048_ (net)
                  0.07    0.01    4.07 v _21786_/A2 (sky130_fd_sc_hd__o21ai_2)
                  0.18    0.18    4.24 ^ _21786_/Y (sky130_fd_sc_hd__o21ai_2)
     3    0.01                           _12049_ (net)
                  0.18    0.01    4.25 ^ _21787_/C1 (sky130_fd_sc_hd__o211ai_2)
                  0.12    0.15    4.40 v _21787_/Y (sky130_fd_sc_hd__o211ai_2)
     4    0.01                           _12051_ (net)
                  0.12    0.00    4.40 v _21804_/B2 (sky130_fd_sc_hd__a22o_2)
                  0.06    0.27    4.68 v _21804_/X (sky130_fd_sc_hd__a22o_2)
     2    0.01                           _12069_ (net)
                  0.06    0.01    4.68 v _21806_/B1 (sky130_fd_sc_hd__o211ai_2)
                  0.16    0.08    4.76 ^ _21806_/Y (sky130_fd_sc_hd__o211ai_2)
     2    0.01                           _12071_ (net)
                  0.16    0.00    4.77 ^ _21870_/A (sky130_fd_sc_hd__buf_1)
                  0.25    0.25    5.01 ^ _21870_/X (sky130_fd_sc_hd__buf_1)
     5    0.02                           _12142_ (net)
                  0.25    0.01    5.02 ^ _21878_/A2_N (sky130_fd_sc_hd__o2bb2ai_2)
                  0.11    0.13    5.15 ^ _21878_/Y (sky130_fd_sc_hd__o2bb2ai_2)
     1    0.00                           _12151_ (net)
                  0.11    0.01    5.16 ^ _21879_/C1 (sky130_fd_sc_hd__o211ai_2)
                  0.12    0.14    5.30 v _21879_/Y (sky130_fd_sc_hd__o211ai_2)
     5    0.02                           _12152_ (net)
                  0.12    0.00    5.30 v _21885_/A2 (sky130_fd_sc_hd__a21o_2)
                  0.04    0.24    5.54 v _21885_/X (sky130_fd_sc_hd__a21o_2)
     1    0.00                           _12158_ (net)
                  0.04    0.01    5.55 v _21888_/A (sky130_fd_sc_hd__nand3_2)
                  0.06    0.06    5.60 ^ _21888_/Y (sky130_fd_sc_hd__nand3_2)
     2    0.01                           _12162_ (net)
                  0.06    0.00    5.61 ^ _21889_/A (sky130_fd_sc_hd__buf_1)
                  0.29    0.25    5.86 ^ _21889_/X (sky130_fd_sc_hd__buf_1)
     5    0.02                           _12163_ (net)
                  0.29    0.01    5.87 ^ _21898_/D (sky130_fd_sc_hd__nand4_2)
                  0.10    0.14    6.01 v _21898_/Y (sky130_fd_sc_hd__nand4_2)
     1    0.00                           _12173_ (net)
                  0.10    0.01    6.01 v _21900_/B (sky130_fd_sc_hd__nand3_2)
                  0.05    0.08    6.10 ^ _21900_/Y (sky130_fd_sc_hd__nand3_2)
     1    0.00                           _12175_ (net)
                  0.05    0.00    6.10 ^ _21901_/B1 (sky130_fd_sc_hd__o21a_2)
                  0.05    0.13    6.23 ^ _21901_/X (sky130_fd_sc_hd__o21a_2)
     2    0.01                           _12176_ (net)
                  0.05    0.00    6.24 ^ _21902_/A (sky130_fd_sc_hd__buf_1)
                  0.24    0.21    6.45 ^ _21902_/X (sky130_fd_sc_hd__buf_1)
     5    0.02                           _12177_ (net)
                  0.24    0.01    6.46 ^ _22305_/A (sky130_fd_sc_hd__nand4_2)
                  0.15    0.17    6.63 v _22305_/Y (sky130_fd_sc_hd__nand4_2)
     4    0.01                           _12618_ (net)
                  0.15    0.01    6.63 v _22311_/B1 (sky130_fd_sc_hd__o211ai_2)
                  0.27    0.16    6.80 ^ _22311_/Y (sky130_fd_sc_hd__o211ai_2)
     3    0.02                           _12625_ (net)
                  0.27    0.01    6.80 ^ _22694_/A1 (sky130_fd_sc_hd__a31oi_2)
                  0.14    0.19    6.99 v _22694_/Y (sky130_fd_sc_hd__a31oi_2)
     4    0.02                           _00124_ (net)
                  0.14    0.00    6.99 v _22695_/C1 (sky130_fd_sc_hd__a211o_2)
                  0.05    0.29    7.28 v _22695_/X (sky130_fd_sc_hd__a211o_2)
     1    0.00                           _00125_ (net)
                  0.05    0.00    7.29 v _22698_/B1 (sky130_fd_sc_hd__a22o_2)
                  0.04    0.20    7.48 v _22698_/X (sky130_fd_sc_hd__a22o_2)
     1    0.00                           STAGE2.SR4.din_re[8] (net)
                  0.04    0.00    7.49 v _26189_/D (sky130_fd_sc_hd__dfrtp_2)
                                  7.49   data arrival time

                  0.15   20.00   20.00   clock clk (rise edge)
                          0.00   20.00   clock network delay (ideal)
                         -0.10   19.90   clock uncertainty
                          0.00   19.90   clock reconvergence pessimism
                                 19.90 ^ _26189_/CLK (sky130_fd_sc_hd__dfrtp_2)
                         -0.09   19.81   library setup time
                                 19.81   data required time
-----------------------------------------------------------------------------
                                 19.81   data required time
                                 -7.49   data arrival time
-----------------------------------------------------------------------------
                                 12.32   slack (MET)


Startpoint: _26142_ (rising edge-triggered flip-flop clocked by clk)
Endpoint: _26191_ (rising edge-triggered flip-flop clocked by clk)
Path Group: clk
Path Type: max

Fanout     Cap    Slew   Delay    Time   Description
-----------------------------------------------------------------------------
                  0.15    0.00    0.00   clock clk (rise edge)
                          0.00    0.00   clock network delay (ideal)
                  0.15    0.00    0.00 ^ _26142_/CLK (sky130_fd_sc_hd__dfrtp_2)
                  0.06    0.39    0.39 ^ _26142_/Q (sky130_fd_sc_hd__dfrtp_2)
     2    0.01                           STAGE1.BUTTERFLY.a_im[2] (net)
                  0.06    0.00    0.39 ^ _13082_/A (sky130_fd_sc_hd__buf_1)
                  0.20    0.19    0.58 ^ _13082_/X (sky130_fd_sc_hd__buf_1)
     5    0.02                           _07006_ (net)
                  0.20    0.00    0.59 ^ _19020_/A2 (sky130_fd_sc_hd__o22a_2)
                  0.07    0.19    0.78 ^ _19020_/X (sky130_fd_sc_hd__o22a_2)
     2    0.01                           _09011_ (net)
                  0.07    0.01    0.78 ^ _19024_/A (sky130_fd_sc_hd__nand3_2)
                  0.14    0.12    0.91 v _19024_/Y (sky130_fd_sc_hd__nand3_2)
     5    0.02                           _09015_ (net)
                  0.14    0.01    0.91 v _19027_/A1 (sky130_fd_sc_hd__a21oi_2)
                  0.20    0.24    1.15 ^ _19027_/Y (sky130_fd_sc_hd__a21oi_2)
     3    0.01                           _09019_ (net)
                  0.20    0.01    1.16 ^ _19033_/A2 (sky130_fd_sc_hd__o211ai_2)
                  0.15    0.17    1.33 v _19033_/Y (sky130_fd_sc_hd__o211ai_2)
     5    0.02                           _09025_ (net)
                  0.15    0.01    1.33 v _19861_/A1 (sky130_fd_sc_hd__a21oi_2)
                  0.23    0.26    1.60 ^ _19861_/Y (sky130_fd_sc_hd__a21oi_2)
     4    0.02                           _09936_ (net)
                  0.23    0.01    1.60 ^ _19909_/B2 (sky130_fd_sc_hd__o221ai_2)
                  0.11    0.15    1.76 v _19909_/Y (sky130_fd_sc_hd__o221ai_2)
     3    0.01                           _09989_ (net)
                  0.11    0.00    1.76 v _20104_/B1 (sky130_fd_sc_hd__a2bb2o_2)
                  0.05    0.29    2.05 v _20104_/X (sky130_fd_sc_hd__a2bb2o_2)
     2    0.01                           _10203_ (net)
                  0.05    0.01    2.05 v _20106_/A (sky130_fd_sc_hd__nand2_2)
                  0.05    0.05    2.11 ^ _20106_/Y (sky130_fd_sc_hd__nand2_2)
     2    0.00                           _10205_ (net)
                  0.05    0.00    2.11 ^ _20107_/A (sky130_fd_sc_hd__buf_1)
                  0.27    0.24    2.35 ^ _20107_/X (sky130_fd_sc_hd__buf_1)
     5    0.02                           _10207_ (net)
                  0.27    0.01    2.35 ^ _20113_/A2 (sky130_fd_sc_hd__a21oi_2)
                  0.08    0.12    2.47 v _20113_/Y (sky130_fd_sc_hd__a21oi_2)
     2    0.01                           _10213_ (net)
                  0.08    0.01    2.47 v _20127_/A1_N (sky130_fd_sc_hd__a2bb2oi_2)
                  0.07    0.17    2.65 v _20127_/Y (sky130_fd_sc_hd__a2bb2oi_2)
     2    0.01                           _10229_ (net)
                  0.07    0.00    2.65 v _20128_/A (sky130_fd_sc_hd__buf_1)
                  0.11    0.16    2.81 v _20128_/X (sky130_fd_sc_hd__buf_1)
     5    0.02                           _10230_ (net)
                  0.11    0.01    2.82 v _20993_/B2 (sky130_fd_sc_hd__o22ai_2)
                  0.27    0.23    3.04 ^ _20993_/Y (sky130_fd_sc_hd__o22ai_2)
     5    0.02                           _11180_ (net)
                  0.27    0.00    3.05 ^ _21327_/A (sky130_fd_sc_hd__buf_1)
                  0.20    0.23    3.28 ^ _21327_/X (sky130_fd_sc_hd__buf_1)
     5    0.02                           _11547_ (net)
                  0.20    0.00    3.28 ^ _21738_/A (sky130_fd_sc_hd__buf_1)
                  0.23    0.24    3.52 ^ _21738_/X (sky130_fd_sc_hd__buf_1)
     5    0.02                           _11997_ (net)
                  0.23    0.00    3.52 ^ _21763_/A (sky130_fd_sc_hd__buf_1)
                  0.26    0.26    3.78 ^ _21763_/X (sky130_fd_sc_hd__buf_1)
     5    0.02                           _12024_ (net)
                  0.26    0.00    3.79 ^ _22321_/A (sky130_fd_sc_hd__buf_1)
                  0.20    0.22    4.01 ^ _22321_/X (sky130_fd_sc_hd__buf_1)
     5    0.02                           _12635_ (net)
                  0.20    0.00    4.01 ^ _22355_/A (sky130_fd_sc_hd__buf_1)
                  0.24    0.24    4.26 ^ _22355_/X (sky130_fd_sc_hd__buf_1)
     5    0.02                           _12672_ (net)
                  0.24    0.01    4.27 ^ _22362_/A4 (sky130_fd_sc_hd__a41oi_2)
                  0.13    0.18    4.44 v _22362_/Y (sky130_fd_sc_hd__a41oi_2)
     2    0.01                           _12680_ (net)
                  0.13    0.01    4.45 v _22585_/A1 (sky130_fd_sc_hd__a21oi_2)
                  0.27    0.29    4.74 ^ _22585_/Y (sky130_fd_sc_hd__a21oi_2)
     5    0.02                           _12924_ (net)
                  0.27    0.01    4.74 ^ _22769_/B (sky130_fd_sc_hd__nand2_2)
                  0.07    0.10    4.84 v _22769_/Y (sky130_fd_sc_hd__nand2_2)
     2    0.01                           _00206_ (net)
                  0.07    0.00    4.84 v _22786_/A2 (sky130_fd_sc_hd__a21o_2)
                  0.04    0.22    5.06 v _22786_/X (sky130_fd_sc_hd__a21o_2)
     2    0.00                           _00224_ (net)
                  0.04    0.00    5.06 v _22787_/A (sky130_fd_sc_hd__buf_1)
                  0.10    0.14    5.20 v _22787_/X (sky130_fd_sc_hd__buf_1)
     5    0.02                           _00226_ (net)
                  0.10    0.01    5.21 v _22790_/B1 (sky130_fd_sc_hd__a221oi_2)
                  0.29    0.32    5.53 ^ _22790_/Y (sky130_fd_sc_hd__a221oi_2)
     2    0.01                           _00229_ (net)
                  0.29    0.01    5.54 ^ _22793_/B1 (sky130_fd_sc_hd__o2bb2ai_2)
                  0.10    0.15    5.68 v _22793_/Y (sky130_fd_sc_hd__o2bb2ai_2)
     5    0.02                           _00232_ (net)
                  0.10    0.00    5.68 v _22820_/A (sky130_fd_sc_hd__and3_2)
                  0.05    0.21    5.89 v _22820_/X (sky130_fd_sc_hd__and3_2)
     2    0.01                           _00262_ (net)
                  0.06    0.01    5.90 v _22821_/A2 (sky130_fd_sc_hd__o21bai_2)
                  0.15    0.15    6.05 ^ _22821_/Y (sky130_fd_sc_hd__o21bai_2)
     2    0.01                           _00263_ (net)
                  0.15    0.01    6.06 ^ _22823_/B1 (sky130_fd_sc_hd__o211ai_2)
                  0.10    0.13    6.19 v _22823_/Y (sky130_fd_sc_hd__o211ai_2)
     2    0.01                           _00265_ (net)
                  0.10    0.01    6.20 v _22825_/A2 (sky130_fd_sc_hd__a21oi_2)
                  0.10    0.16    6.36 ^ _22825_/Y (sky130_fd_sc_hd__a21oi_2)
     1    0.01                           _00267_ (net)
                  0.10    0.01    6.37 ^ _22826_/B1 (sky130_fd_sc_hd__a21oi_2)
                  0.10    0.06    6.42 v _22826_/Y (sky130_fd_sc_hd__a21oi_2)
     3    0.01                           _00268_ (net)
                  0.10    0.01    6.43 v _22837_/A1 (sky130_fd_sc_hd__a21oi_2)
                  0.22    0.24    6.67 ^ _22837_/Y (sky130_fd_sc_hd__a21oi_2)
     4    0.02                           _00281_ (net)
                  0.22    0.01    6.67 ^ _22847_/D (sky130_fd_sc_hd__nand4_2)
                  0.08    0.11    6.78 v _22847_/Y (sky130_fd_sc_hd__nand4_2)
     1    0.00                           _00291_ (net)
                  0.08    0.00    6.79 v _22848_/B1_N (sky130_fd_sc_hd__o21bai_2)
                  0.06    0.21    6.99 v _22848_/Y (sky130_fd_sc_hd__o21bai_2)
     2    0.01                           _00292_ (net)
                  0.06    0.01    7.00 v _22958_/A1 (sky130_fd_sc_hd__a21oi_2)
                  0.12    0.14    7.14 ^ _22958_/Y (sky130_fd_sc_hd__a21oi_2)
     2    0.01                           _00413_ (net)
                  0.12    0.00    7.15 ^ _22960_/A1_N (sky130_fd_sc_hd__a2bb2o_2)
                  0.04    0.28    7.43 v _22960_/X (sky130_fd_sc_hd__a2bb2o_2)
     1    0.00                           STAGE2.SR4.din_re[10] (net)
                  0.04    0.00    7.43 v _26191_/D (sky130_fd_sc_hd__dfrtp_2)
                                  7.43   data arrival time

                  0.15   20.00   20.00   clock clk (rise edge)
                          0.00   20.00   clock network delay (ideal)
                         -0.10   19.90   clock uncertainty
                          0.00   19.90   clock reconvergence pessimism
                                 19.90 ^ _26191_/CLK (sky130_fd_sc_hd__dfrtp_2)
                         -0.09   19.81   library setup time
                                 19.81   data required time
-----------------------------------------------------------------------------
                                 19.81   data required time
                                 -7.43   data arrival time
-----------------------------------------------------------------------------
                                 12.38   slack (MET)


Startpoint: _26142_ (rising edge-triggered flip-flop clocked by clk)
Endpoint: _26188_ (rising edge-triggered flip-flop clocked by clk)
Path Group: clk
Path Type: max

Fanout     Cap    Slew   Delay    Time   Description
-----------------------------------------------------------------------------
                  0.15    0.00    0.00   clock clk (rise edge)
                          0.00    0.00   clock network delay (ideal)
                  0.15    0.00    0.00 ^ _26142_/CLK (sky130_fd_sc_hd__dfrtp_2)
                  0.05    0.43    0.43 v _26142_/Q (sky130_fd_sc_hd__dfrtp_2)
     2    0.01                           STAGE1.BUTTERFLY.a_im[2] (net)
                  0.05    0.00    0.43 v _13082_/A (sky130_fd_sc_hd__buf_1)
                  0.09    0.14    0.57 v _13082_/X (sky130_fd_sc_hd__buf_1)
     5    0.02                           _07006_ (net)
                  0.09    0.00    0.58 v _13083_/B (sky130_fd_sc_hd__and2_2)
                  0.07    0.25    0.83 v _13083_/X (sky130_fd_sc_hd__and2_2)
     5    0.02                           _07017_ (net)
                  0.08    0.01    0.83 v _19025_/B1 (sky130_fd_sc_hd__a21oi_2)
                  0.15    0.16    0.99 ^ _19025_/Y (sky130_fd_sc_hd__a21oi_2)
     2    0.01                           _09016_ (net)
                  0.15    0.01    1.00 ^ _19027_/A2 (sky130_fd_sc_hd__a21oi_2)
                  0.07    0.10    1.10 v _19027_/Y (sky130_fd_sc_hd__a21oi_2)
     3    0.01                           _09019_ (net)
                  0.07    0.01    1.10 v _19033_/A2 (sky130_fd_sc_hd__o211ai_2)
                  0.30    0.28    1.38 ^ _19033_/Y (sky130_fd_sc_hd__o211ai_2)
     5    0.02                           _09025_ (net)
                  0.30    0.01    1.39 ^ _19861_/A1 (sky130_fd_sc_hd__a21oi_2)
                  0.11    0.14    1.53 v _19861_/Y (sky130_fd_sc_hd__a21oi_2)
     4    0.02                           _09936_ (net)
                  0.11    0.01    1.53 v _19862_/A2 (sky130_fd_sc_hd__o21ai_2)
                  0.11    0.14    1.67 ^ _19862_/Y (sky130_fd_sc_hd__o21ai_2)
     1    0.01                           _09937_ (net)
                  0.11    0.01    1.68 ^ _19863_/C (sky130_fd_sc_hd__nand3_2)
                  0.11    0.11    1.79 v _19863_/Y (sky130_fd_sc_hd__nand3_2)
     3    0.01                           _09938_ (net)
                  0.11    0.00    1.80 v _19877_/A (sky130_fd_sc_hd__buf_1)
                  0.11    0.18    1.97 v _19877_/X (sky130_fd_sc_hd__buf_1)
     5    0.02                           _09954_ (net)
                  0.11    0.00    1.97 v _19939_/A (sky130_fd_sc_hd__and3_2)
                  0.08    0.24    2.22 v _19939_/X (sky130_fd_sc_hd__and3_2)
     5    0.02                           _10022_ (net)
                  0.08    0.01    2.22 v _20097_/B2 (sky130_fd_sc_hd__a22oi_2)
                  0.33    0.31    2.53 ^ _20097_/Y (sky130_fd_sc_hd__a22oi_2)
     5    0.02                           _10196_ (net)
                  0.33    0.01    2.53 ^ _20115_/A1_N (sky130_fd_sc_hd__o2bb2ai_2)
                  0.20    0.19    2.73 ^ _20115_/Y (sky130_fd_sc_hd__o2bb2ai_2)
     4    0.01                           _10215_ (net)
                  0.20    0.00    2.73 ^ _20116_/A (sky130_fd_sc_hd__buf_1)
                  0.23    0.24    2.97 ^ _20116_/X (sky130_fd_sc_hd__buf_1)
     5    0.02                           _10216_ (net)
                  0.23    0.01    2.97 ^ _20998_/A (sky130_fd_sc_hd__nand3_2)
                  0.14    0.16    3.14 v _20998_/Y (sky130_fd_sc_hd__nand3_2)
     5    0.02                           _11186_ (net)
                  0.14    0.00    3.14 v _21478_/A (sky130_fd_sc_hd__buf_1)
                  0.12    0.20    3.34 v _21478_/X (sky130_fd_sc_hd__buf_1)
     5    0.02                           _11712_ (net)
                  0.12    0.00    3.34 v _21717_/A (sky130_fd_sc_hd__buf_1)
                  0.11    0.18    3.52 v _21717_/X (sky130_fd_sc_hd__buf_1)
     5    0.02                           _11974_ (net)
                  0.11    0.00    3.53 v _21718_/C (sky130_fd_sc_hd__and3_2)
                  0.05    0.24    3.77 v _21718_/X (sky130_fd_sc_hd__and3_2)
     2    0.01                           _11975_ (net)
                  0.05    0.00    3.77 v _21785_/A1 (sky130_fd_sc_hd__o211a_2)
                  0.07    0.29    4.06 v _21785_/X (sky130_fd_sc_hd__o211a_2)
     3    0.01                           _12048_ (net)
                  0.07    0.01    4.07 v _21786_/A2 (sky130_fd_sc_hd__o21ai_2)
                  0.18    0.18    4.24 ^ _21786_/Y (sky130_fd_sc_hd__o21ai_2)
     3    0.01                           _12049_ (net)
                  0.18    0.01    4.25 ^ _21787_/C1 (sky130_fd_sc_hd__o211ai_2)
                  0.12    0.15    4.40 v _21787_/Y (sky130_fd_sc_hd__o211ai_2)
     4    0.01                           _12051_ (net)
                  0.12    0.00    4.40 v _21804_/B2 (sky130_fd_sc_hd__a22o_2)
                  0.06    0.27    4.68 v _21804_/X (sky130_fd_sc_hd__a22o_2)
     2    0.01                           _12069_ (net)
                  0.06    0.01    4.68 v _21806_/B1 (sky130_fd_sc_hd__o211ai_2)
                  0.16    0.08    4.76 ^ _21806_/Y (sky130_fd_sc_hd__o211ai_2)
     2    0.01                           _12071_ (net)
                  0.16    0.00    4.77 ^ _21870_/A (sky130_fd_sc_hd__buf_1)
                  0.25    0.25    5.01 ^ _21870_/X (sky130_fd_sc_hd__buf_1)
     5    0.02                           _12142_ (net)
                  0.25    0.01    5.02 ^ _21878_/A2_N (sky130_fd_sc_hd__o2bb2ai_2)
                  0.11    0.13    5.15 ^ _21878_/Y (sky130_fd_sc_hd__o2bb2ai_2)
     1    0.00                           _12151_ (net)
                  0.11    0.01    5.16 ^ _21879_/C1 (sky130_fd_sc_hd__o211ai_2)
                  0.12    0.14    5.30 v _21879_/Y (sky130_fd_sc_hd__o211ai_2)
     5    0.02                           _12152_ (net)
                  0.12    0.00    5.30 v _21885_/A2 (sky130_fd_sc_hd__a21o_2)
                  0.04    0.24    5.54 v _21885_/X (sky130_fd_sc_hd__a21o_2)
     1    0.00                           _12158_ (net)
                  0.04    0.01    5.55 v _21888_/A (sky130_fd_sc_hd__nand3_2)
                  0.06    0.06    5.60 ^ _21888_/Y (sky130_fd_sc_hd__nand3_2)
     2    0.01                           _12162_ (net)
                  0.06    0.00    5.61 ^ _21889_/A (sky130_fd_sc_hd__buf_1)
                  0.29    0.25    5.86 ^ _21889_/X (sky130_fd_sc_hd__buf_1)
     5    0.02                           _12163_ (net)
                  0.29    0.01    5.87 ^ _21898_/D (sky130_fd_sc_hd__nand4_2)
                  0.10    0.14    6.01 v _21898_/Y (sky130_fd_sc_hd__nand4_2)
     1    0.00                           _12173_ (net)
                  0.10    0.01    6.01 v _21900_/B (sky130_fd_sc_hd__nand3_2)
                  0.05    0.08    6.10 ^ _21900_/Y (sky130_fd_sc_hd__nand3_2)
     1    0.00                           _12175_ (net)
                  0.05    0.00    6.10 ^ _21901_/B1 (sky130_fd_sc_hd__o21a_2)
                  0.05    0.13    6.23 ^ _21901_/X (sky130_fd_sc_hd__o21a_2)
     2    0.01                           _12176_ (net)
                  0.05    0.00    6.24 ^ _21902_/A (sky130_fd_sc_hd__buf_1)
                  0.24    0.21    6.45 ^ _21902_/X (sky130_fd_sc_hd__buf_1)
     5    0.02                           _12177_ (net)
                  0.24    0.01    6.46 ^ _22315_/A (sky130_fd_sc_hd__nand3_2)
                  0.09    0.11    6.56 v _22315_/Y (sky130_fd_sc_hd__nand3_2)
     2    0.01                           _12628_ (net)
                  0.09    0.00    6.57 v _22316_/A3 (sky130_fd_sc_hd__o31a_2)
                  0.05    0.29    6.86 v _22316_/X (sky130_fd_sc_hd__o31a_2)
     1    0.00                           _12629_ (net)
                  0.05    0.00    6.86 v _22497_/A2 (sky130_fd_sc_hd__a311o_2)
                  0.05    0.35    7.21 v _22497_/X (sky130_fd_sc_hd__a311o_2)
     1    0.00                           _12829_ (net)
                  0.05    0.00    7.22 v _22501_/A1 (sky130_fd_sc_hd__a31o_2)
                  0.04    0.19    7.41 v _22501_/X (sky130_fd_sc_hd__a31o_2)
     1    0.00                           STAGE2.SR4.din_re[7] (net)
                  0.04    0.00    7.41 v _26188_/D (sky130_fd_sc_hd__dfrtp_2)
                                  7.41   data arrival time

                  0.15   20.00   20.00   clock clk (rise edge)
                          0.00   20.00   clock network delay (ideal)
                         -0.10   19.90   clock uncertainty
                          0.00   19.90   clock reconvergence pessimism
                                 19.90 ^ _26188_/CLK (sky130_fd_sc_hd__dfrtp_2)
                         -0.09   19.81   library setup time
                                 19.81   data required time
-----------------------------------------------------------------------------
                                 19.81   data required time
                                 -7.41   data arrival time
-----------------------------------------------------------------------------
                                 12.40   slack (MET)


Startpoint: _26142_ (rising edge-triggered flip-flop clocked by clk)
Endpoint: _26192_ (rising edge-triggered flip-flop clocked by clk)
Path Group: clk
Path Type: max

Fanout     Cap    Slew   Delay    Time   Description
-----------------------------------------------------------------------------
                  0.15    0.00    0.00   clock clk (rise edge)
                          0.00    0.00   clock network delay (ideal)
                  0.15    0.00    0.00 ^ _26142_/CLK (sky130_fd_sc_hd__dfrtp_2)
                  0.06    0.39    0.39 ^ _26142_/Q (sky130_fd_sc_hd__dfrtp_2)
     2    0.01                           STAGE1.BUTTERFLY.a_im[2] (net)
                  0.06    0.00    0.39 ^ _13082_/A (sky130_fd_sc_hd__buf_1)
                  0.20    0.19    0.58 ^ _13082_/X (sky130_fd_sc_hd__buf_1)
     5    0.02                           _07006_ (net)
                  0.20    0.00    0.59 ^ _19020_/A2 (sky130_fd_sc_hd__o22a_2)
                  0.07    0.19    0.78 ^ _19020_/X (sky130_fd_sc_hd__o22a_2)
     2    0.01                           _09011_ (net)
                  0.07    0.01    0.78 ^ _19024_/A (sky130_fd_sc_hd__nand3_2)
                  0.14    0.12    0.91 v _19024_/Y (sky130_fd_sc_hd__nand3_2)
     5    0.02                           _09015_ (net)
                  0.14    0.01    0.91 v _19027_/A1 (sky130_fd_sc_hd__a21oi_2)
                  0.20    0.24    1.15 ^ _19027_/Y (sky130_fd_sc_hd__a21oi_2)
     3    0.01                           _09019_ (net)
                  0.20    0.01    1.16 ^ _19033_/A2 (sky130_fd_sc_hd__o211ai_2)
                  0.15    0.17    1.33 v _19033_/Y (sky130_fd_sc_hd__o211ai_2)
     5    0.02                           _09025_ (net)
                  0.15    0.01    1.33 v _19861_/A1 (sky130_fd_sc_hd__a21oi_2)
                  0.23    0.26    1.60 ^ _19861_/Y (sky130_fd_sc_hd__a21oi_2)
     4    0.02                           _09936_ (net)
                  0.23    0.01    1.60 ^ _19909_/B2 (sky130_fd_sc_hd__o221ai_2)
                  0.11    0.15    1.76 v _19909_/Y (sky130_fd_sc_hd__o221ai_2)
     3    0.01                           _09989_ (net)
                  0.11    0.00    1.76 v _20104_/B1 (sky130_fd_sc_hd__a2bb2o_2)
                  0.05    0.29    2.05 v _20104_/X (sky130_fd_sc_hd__a2bb2o_2)
     2    0.01                           _10203_ (net)
                  0.05    0.01    2.05 v _20106_/A (sky130_fd_sc_hd__nand2_2)
                  0.05    0.05    2.11 ^ _20106_/Y (sky130_fd_sc_hd__nand2_2)
     2    0.00                           _10205_ (net)
                  0.05    0.00    2.11 ^ _20107_/A (sky130_fd_sc_hd__buf_1)
                  0.27    0.24    2.35 ^ _20107_/X (sky130_fd_sc_hd__buf_1)
     5    0.02                           _10207_ (net)
                  0.27    0.01    2.35 ^ _20113_/A2 (sky130_fd_sc_hd__a21oi_2)
                  0.08    0.12    2.47 v _20113_/Y (sky130_fd_sc_hd__a21oi_2)
     2    0.01                           _10213_ (net)
                  0.08    0.01    2.47 v _20127_/A1_N (sky130_fd_sc_hd__a2bb2oi_2)
                  0.07    0.17    2.65 v _20127_/Y (sky130_fd_sc_hd__a2bb2oi_2)
     2    0.01                           _10229_ (net)
                  0.07    0.00    2.65 v _20128_/A (sky130_fd_sc_hd__buf_1)
                  0.11    0.16    2.81 v _20128_/X (sky130_fd_sc_hd__buf_1)
     5    0.02                           _10230_ (net)
                  0.11    0.01    2.82 v _20993_/B2 (sky130_fd_sc_hd__o22ai_2)
                  0.27    0.23    3.04 ^ _20993_/Y (sky130_fd_sc_hd__o22ai_2)
     5    0.02                           _11180_ (net)
                  0.27    0.00    3.05 ^ _21327_/A (sky130_fd_sc_hd__buf_1)
                  0.20    0.23    3.28 ^ _21327_/X (sky130_fd_sc_hd__buf_1)
     5    0.02                           _11547_ (net)
                  0.20    0.00    3.28 ^ _21738_/A (sky130_fd_sc_hd__buf_1)
                  0.23    0.24    3.52 ^ _21738_/X (sky130_fd_sc_hd__buf_1)
     5    0.02                           _11997_ (net)
                  0.23    0.00    3.52 ^ _21763_/A (sky130_fd_sc_hd__buf_1)
                  0.26    0.26    3.78 ^ _21763_/X (sky130_fd_sc_hd__buf_1)
     5    0.02                           _12024_ (net)
                  0.26    0.00    3.79 ^ _22321_/A (sky130_fd_sc_hd__buf_1)
                  0.20    0.22    4.01 ^ _22321_/X (sky130_fd_sc_hd__buf_1)
     5    0.02                           _12635_ (net)
                  0.20    0.00    4.01 ^ _22355_/A (sky130_fd_sc_hd__buf_1)
                  0.24    0.24    4.26 ^ _22355_/X (sky130_fd_sc_hd__buf_1)
     5    0.02                           _12672_ (net)
                  0.24    0.01    4.27 ^ _22362_/A4 (sky130_fd_sc_hd__a41oi_2)
                  0.13    0.18    4.44 v _22362_/Y (sky130_fd_sc_hd__a41oi_2)
     2    0.01                           _12680_ (net)
                  0.13    0.01    4.45 v _22585_/A1 (sky130_fd_sc_hd__a21oi_2)
                  0.27    0.29    4.74 ^ _22585_/Y (sky130_fd_sc_hd__a21oi_2)
     5    0.02                           _12924_ (net)
                  0.27    0.01    4.74 ^ _22769_/B (sky130_fd_sc_hd__nand2_2)
                  0.07    0.10    4.84 v _22769_/Y (sky130_fd_sc_hd__nand2_2)
     2    0.01                           _00206_ (net)
                  0.07    0.00    4.84 v _22786_/A2 (sky130_fd_sc_hd__a21o_2)
                  0.04    0.22    5.06 v _22786_/X (sky130_fd_sc_hd__a21o_2)
     2    0.00                           _00224_ (net)
                  0.04    0.00    5.06 v _22787_/A (sky130_fd_sc_hd__buf_1)
                  0.10    0.14    5.20 v _22787_/X (sky130_fd_sc_hd__buf_1)
     5    0.02                           _00226_ (net)
                  0.10    0.01    5.21 v _22790_/B1 (sky130_fd_sc_hd__a221oi_2)
                  0.29    0.32    5.53 ^ _22790_/Y (sky130_fd_sc_hd__a221oi_2)
     2    0.01                           _00229_ (net)
                  0.29    0.01    5.54 ^ _22793_/B1 (sky130_fd_sc_hd__o2bb2ai_2)
                  0.10    0.15    5.68 v _22793_/Y (sky130_fd_sc_hd__o2bb2ai_2)
     5    0.02                           _00232_ (net)
                  0.10    0.00    5.68 v _22820_/A (sky130_fd_sc_hd__and3_2)
                  0.05    0.21    5.89 v _22820_/X (sky130_fd_sc_hd__and3_2)
     2    0.01                           _00262_ (net)
                  0.06    0.01    5.90 v _22821_/A2 (sky130_fd_sc_hd__o21bai_2)
                  0.15    0.15    6.05 ^ _22821_/Y (sky130_fd_sc_hd__o21bai_2)
     2    0.01                           _00263_ (net)
                  0.15    0.01    6.06 ^ _22823_/B1 (sky130_fd_sc_hd__o211ai_2)
                  0.10    0.13    6.19 v _22823_/Y (sky130_fd_sc_hd__o211ai_2)
     2    0.01                           _00265_ (net)
                  0.10    0.01    6.20 v _22825_/A2 (sky130_fd_sc_hd__a21oi_2)
                  0.10    0.16    6.36 ^ _22825_/Y (sky130_fd_sc_hd__a21oi_2)
     1    0.01                           _00267_ (net)
                  0.10    0.01    6.37 ^ _22826_/B1 (sky130_fd_sc_hd__a21oi_2)
                  0.10    0.06    6.42 v _22826_/Y (sky130_fd_sc_hd__a21oi_2)
     3    0.01                           _00268_ (net)
                  0.10    0.01    6.43 v _22837_/A1 (sky130_fd_sc_hd__a21oi_2)
                  0.22    0.24    6.67 ^ _22837_/Y (sky130_fd_sc_hd__a21oi_2)
     4    0.02                           _00281_ (net)
                  0.22    0.00    6.67 ^ _23020_/D (sky130_fd_sc_hd__and4_2)
                  0.07    0.26    6.93 ^ _23020_/X (sky130_fd_sc_hd__and4_2)
     1    0.01                           _00480_ (net)
                  0.07    0.01    6.94 ^ _23022_/A2 (sky130_fd_sc_hd__a21oi_2)
                  0.07    0.06    6.99 v _23022_/Y (sky130_fd_sc_hd__a21oi_2)
     1    0.00                           _00482_ (net)
                  0.07    0.01    7.00 v _23024_/A2 (sky130_fd_sc_hd__o211ai_2)
                  0.13    0.15    7.15 ^ _23024_/Y (sky130_fd_sc_hd__o211ai_2)
     1    0.00                           _00484_ (net)
                  0.13    0.01    7.16 ^ _23025_/B (sky130_fd_sc_hd__nand2_2)
                  0.04    0.06    7.22 v _23025_/Y (sky130_fd_sc_hd__nand2_2)
     1    0.00                           _00485_ (net)
                  0.04    0.00    7.22 v _23028_/A1 (sky130_fd_sc_hd__a21o_2)
                  0.03    0.17    7.40 v _23028_/X (sky130_fd_sc_hd__a21o_2)
     1    0.00                           STAGE2.SR4.din_re[11] (net)
                  0.03    0.00    7.40 v _26192_/D (sky130_fd_sc_hd__dfrtp_2)
                                  7.40   data arrival time

                  0.15   20.00   20.00   clock clk (rise edge)
                          0.00   20.00   clock network delay (ideal)
                         -0.10   19.90   clock uncertainty
                          0.00   19.90   clock reconvergence pessimism
                                 19.90 ^ _26192_/CLK (sky130_fd_sc_hd__dfrtp_2)
                         -0.09   19.81   library setup time
                                 19.81   data required time
-----------------------------------------------------------------------------
                                 19.81   data required time
                                 -7.40   data arrival time
-----------------------------------------------------------------------------
                                 12.41   slack (MET)


Startpoint: _26169_ (rising edge-triggered flip-flop clocked by clk)
Endpoint: _26240_ (rising edge-triggered flip-flop clocked by clk)
Path Group: clk
Path Type: max

Fanout     Cap    Slew   Delay    Time   Description
-----------------------------------------------------------------------------
                  0.15    0.00    0.00   clock clk (rise edge)
                          0.00    0.00   clock network delay (ideal)
                  0.15    0.00    0.00 ^ _26169_/CLK (sky130_fd_sc_hd__dfrtp_2)
                  0.06    0.39    0.39 ^ _26169_/Q (sky130_fd_sc_hd__dfrtp_2)
     2    0.01                           STAGE1.BUTTERFLY.b_re[1] (net)
                  0.06    0.00    0.39 ^ _13005_/A (sky130_fd_sc_hd__buf_1)
                  0.24    0.22    0.60 ^ _13005_/X (sky130_fd_sc_hd__buf_1)
     5    0.02                           _06161_ (net)
                  0.24    0.01    0.61 ^ _19277_/B1 (sky130_fd_sc_hd__o22ai_2)
                  0.11    0.15    0.76 v _19277_/Y (sky130_fd_sc_hd__o22ai_2)
     3    0.01                           _09294_ (net)
                  0.11    0.01    0.77 v _19279_/A1 (sky130_fd_sc_hd__o211ai_2)
                  0.16    0.21    0.98 ^ _19279_/Y (sky130_fd_sc_hd__o211ai_2)
     2    0.01                           _09296_ (net)
                  0.16    0.00    0.98 ^ _19280_/A (sky130_fd_sc_hd__buf_1)
                  0.29    0.27    1.25 ^ _19280_/X (sky130_fd_sc_hd__buf_1)
     5    0.02                           _09297_ (net)
                  0.29    0.01    1.26 ^ _19308_/A2 (sky130_fd_sc_hd__a41oi_2)
                  0.17    0.23    1.49 v _19308_/Y (sky130_fd_sc_hd__a41oi_2)
     4    0.02                           _09328_ (net)
                  0.17    0.00    1.49 v _19316_/A3 (sky130_fd_sc_hd__o31a_2)
                  0.08    0.36    1.85 v _19316_/X (sky130_fd_sc_hd__o31a_2)
     3    0.01                           _09336_ (net)
                  0.08    0.01    1.86 v _19321_/A1 (sky130_fd_sc_hd__o21ai_2)
                  0.12    0.16    2.02 ^ _19321_/Y (sky130_fd_sc_hd__o21ai_2)
     2    0.01                           _09342_ (net)
                  0.12    0.00    2.02 ^ _19333_/A (sky130_fd_sc_hd__buf_1)
                  0.27    0.25    2.28 ^ _19333_/X (sky130_fd_sc_hd__buf_1)
     5    0.02                           _09355_ (net)
                  0.27    0.01    2.28 ^ _19363_/B1 (sky130_fd_sc_hd__o211ai_2)
                  0.16    0.21    2.50 v _19363_/Y (sky130_fd_sc_hd__o211ai_2)
     5    0.02                           _09388_ (net)
                  0.16    0.00    2.50 v _19619_/A (sky130_fd_sc_hd__buf_1)
                  0.09    0.19    2.68 v _19619_/X (sky130_fd_sc_hd__buf_1)
     5    0.02                           _09670_ (net)
                  0.09    0.01    2.69 v _19738_/A (sky130_fd_sc_hd__nand4_2)
                  0.10    0.11    2.80 ^ _19738_/Y (sky130_fd_sc_hd__nand4_2)
     4    0.01                           _09801_ (net)
                  0.10    0.00    2.80 ^ _19746_/A (sky130_fd_sc_hd__buf_1)
                  0.23    0.22    3.02 ^ _19746_/X (sky130_fd_sc_hd__buf_1)
     5    0.02                           _09809_ (net)
                  0.23    0.01    3.03 ^ _20383_/B (sky130_fd_sc_hd__nand3_2)
                  0.13    0.16    3.19 v _20383_/Y (sky130_fd_sc_hd__nand3_2)
     4    0.02                           _10510_ (net)
                  0.13    0.00    3.19 v _20384_/A (sky130_fd_sc_hd__buf_1)
                  0.11    0.19    3.38 v _20384_/X (sky130_fd_sc_hd__buf_1)
     5    0.02                           _10511_ (net)
                  0.11    0.00    3.38 v _22374_/A (sky130_fd_sc_hd__buf_1)
                  0.10    0.17    3.55 v _22374_/X (sky130_fd_sc_hd__buf_1)
     5    0.02                           _12693_ (net)
                  0.10    0.01    3.56 v _23529_/B2 (sky130_fd_sc_hd__o221ai_2)
                  0.21    0.19    3.75 ^ _23529_/Y (sky130_fd_sc_hd__o221ai_2)
     2    0.01                           _01039_ (net)
                  0.21    0.01    3.76 ^ _23536_/D1 (sky130_fd_sc_hd__o2111ai_2)
                  0.19    0.21    3.97 v _23536_/Y (sky130_fd_sc_hd__o2111ai_2)
     5    0.02                           _01046_ (net)
                  0.19    0.00    3.97 v _23537_/C (sky130_fd_sc_hd__and3_2)
                  0.06    0.31    4.27 v _23537_/X (sky130_fd_sc_hd__and3_2)
     4    0.01                           _01048_ (net)
                  0.06    0.00    4.28 v _23539_/B1 (sky130_fd_sc_hd__a211o_2)
                  0.09    0.36    4.64 v _23539_/X (sky130_fd_sc_hd__a211o_2)
     5    0.02                           _01050_ (net)
                  0.09    0.00    4.64 v _23542_/B1 (sky130_fd_sc_hd__a32o_2)
                  0.06    0.25    4.89 v _23542_/X (sky130_fd_sc_hd__a32o_2)
     2    0.01                           _01053_ (net)
                  0.06    0.01    4.89 v _23548_/A (sky130_fd_sc_hd__nand2_2)
                  0.08    0.08    4.98 ^ _23548_/Y (sky130_fd_sc_hd__nand2_2)
     3    0.01                           _01060_ (net)
                  0.08    0.00    4.98 ^ _23551_/B1_N (sky130_fd_sc_hd__o21bai_2)
                  0.15    0.13    5.11 ^ _23551_/Y (sky130_fd_sc_hd__o21bai_2)
     2    0.01                           _01063_ (net)
                  0.15    0.01    5.12 ^ _23557_/A (sky130_fd_sc_hd__nand3_2)
                  0.07    0.08    5.20 v _23557_/Y (sky130_fd_sc_hd__nand3_2)
     2    0.00                           _01070_ (net)
                  0.07    0.00    5.20 v _23558_/A (sky130_fd_sc_hd__buf_1)
                  0.12    0.17    5.37 v _23558_/X (sky130_fd_sc_hd__buf_1)
     5    0.02                           _01071_ (net)
                  0.12    0.01    5.38 v _23564_/B (sky130_fd_sc_hd__nand3_2)
                  0.08    0.12    5.50 ^ _23564_/Y (sky130_fd_sc_hd__nand3_2)
     2    0.01                           _01077_ (net)
                  0.08    0.01    5.51 ^ _23565_/C (sky130_fd_sc_hd__nand3_2)
                  0.05    0.08    5.58 v _23565_/Y (sky130_fd_sc_hd__nand3_2)
     2    0.00                           _01078_ (net)
                  0.05    0.00    5.59 v _23569_/A (sky130_fd_sc_hd__buf_1)
                  0.11    0.16    5.74 v _23569_/X (sky130_fd_sc_hd__buf_1)
     5    0.02                           _01083_ (net)
                  0.11    0.00    5.74 v _23576_/A2 (sky130_fd_sc_hd__a21o_2)
                  0.04    0.24    5.98 v _23576_/X (sky130_fd_sc_hd__a21o_2)
     1    0.00                           _01090_ (net)
                  0.04    0.01    5.99 v _23578_/A2 (sky130_fd_sc_hd__a31oi_2)
                  0.25    0.25    6.24 ^ _23578_/Y (sky130_fd_sc_hd__a31oi_2)
     4    0.02                           _01093_ (net)
                  0.25    0.00    6.24 ^ _23861_/B1 (sky130_fd_sc_hd__o22a_2)
                  0.08    0.23    6.47 ^ _23861_/X (sky130_fd_sc_hd__o22a_2)
     3    0.01                           _01402_ (net)
                  0.08    0.01    6.48 ^ _24336_/A (sky130_fd_sc_hd__nand3_2)
                  0.05    0.06    6.54 v _24336_/Y (sky130_fd_sc_hd__nand3_2)
     1    0.00                           _01920_ (net)
                  0.05    0.01    6.55 v _24337_/B2 (sky130_fd_sc_hd__a22oi_2)
                  0.25    0.23    6.78 ^ _24337_/Y (sky130_fd_sc_hd__a22oi_2)
     4    0.01                           _01922_ (net)
                  0.25    0.01    6.79 ^ _24624_/A (sky130_fd_sc_hd__nand4_2)
                  0.12    0.14    6.93 v _24624_/Y (sky130_fd_sc_hd__nand4_2)
     3    0.01                           _02233_ (net)
                  0.12    0.00    6.93 v _24732_/A1 (sky130_fd_sc_hd__a21o_2)
                  0.04    0.22    7.15 v _24732_/X (sky130_fd_sc_hd__a21o_2)
     1    0.00                           _02351_ (net)
                  0.04    0.01    7.16 v _24733_/C1 (sky130_fd_sc_hd__o211ai_2)
                  0.13    0.06    7.22 ^ _24733_/Y (sky130_fd_sc_hd__o211ai_2)
     1    0.00                           _02352_ (net)
                  0.13    0.01    7.22 ^ _24735_/A2 (sky130_fd_sc_hd__a31oi_2)
                  0.07    0.09    7.32 v _24735_/Y (sky130_fd_sc_hd__a31oi_2)
     1    0.00                           STAGE2.SR4.din_im[11] (net)
                  0.07    0.00    7.32 v _26240_/D (sky130_fd_sc_hd__dfrtp_2)
                                  7.32   data arrival time

                  0.15   20.00   20.00   clock clk (rise edge)
                          0.00   20.00   clock network delay (ideal)
                         -0.10   19.90   clock uncertainty
                          0.00   19.90   clock reconvergence pessimism
                                 19.90 ^ _26240_/CLK (sky130_fd_sc_hd__dfrtp_2)
                         -0.10   19.80   library setup time
                                 19.80   data required time
-----------------------------------------------------------------------------
                                 19.80   data required time
                                 -7.32   data arrival time
-----------------------------------------------------------------------------
                                 12.48   slack (MET)


