
===========================================================================
report_checks -unconstrained
============================================================================
Startpoint: _26142_ (rising edge-triggered flip-flop clocked by clk)
Endpoint: _26189_ (rising edge-triggered flip-flop clocked by clk)
Path Group: clk
Path Type: max

Fanout     Cap    Slew   Delay    Time   Description
-----------------------------------------------------------------------------
                  0.15    0.00    0.00   clock clk (rise edge)
                          0.00    0.00   clock network delay (ideal)
                  0.15    0.00    0.00 ^ _26142_/CLK (sky130_fd_sc_hd__dfrtp_2)
                  0.05    0.43    0.43 v _26142_/Q (sky130_fd_sc_hd__dfrtp_2)
     2    0.01                           STAGE1.BUTTERFLY.a_im[2] (net)
                  0.05    0.00    0.43 v _13082_/A (sky130_fd_sc_hd__buf_1)
                  0.09    0.14    0.57 v _13082_/X (sky130_fd_sc_hd__buf_1)
     5    0.02                           _07006_ (net)
                  0.09    0.00    0.58 v _13083_/B (sky130_fd_sc_hd__and2_2)
                  0.07    0.25    0.83 v _13083_/X (sky130_fd_sc_hd__and2_2)
     5    0.02                           _07017_ (net)
                  0.08    0.01    0.83 v _19025_/B1 (sky130_fd_sc_hd__a21oi_2)
                  0.15    0.16    0.99 ^ _19025_/Y (sky130_fd_sc_hd__a21oi_2)
     2    0.01                           _09016_ (net)
                  0.15    0.01    1.00 ^ _19027_/A2 (sky130_fd_sc_hd__a21oi_2)
                  0.07    0.10    1.10 v _19027_/Y (sky130_fd_sc_hd__a21oi_2)
     3    0.01                           _09019_ (net)
                  0.07    0.01    1.10 v _19033_/A2 (sky130_fd_sc_hd__o211ai_2)
                  0.30    0.28    1.38 ^ _19033_/Y (sky130_fd_sc_hd__o211ai_2)
     5    0.02                           _09025_ (net)
                  0.30    0.01    1.39 ^ _19861_/A1 (sky130_fd_sc_hd__a21oi_2)
                  0.11    0.14    1.53 v _19861_/Y (sky130_fd_sc_hd__a21oi_2)
     4    0.02                           _09936_ (net)
                  0.11    0.01    1.53 v _19862_/A2 (sky130_fd_sc_hd__o21ai_2)
                  0.11    0.14    1.67 ^ _19862_/Y (sky130_fd_sc_hd__o21ai_2)
     1    0.01                           _09937_ (net)
                  0.11    0.01    1.68 ^ _19863_/C (sky130_fd_sc_hd__nand3_2)
                  0.11    0.11    1.79 v _19863_/Y (sky130_fd_sc_hd__nand3_2)
     3    0.01                           _09938_ (net)
                  0.11    0.00    1.80 v _19877_/A (sky130_fd_sc_hd__buf_1)
                  0.11    0.18    1.97 v _19877_/X (sky130_fd_sc_hd__buf_1)
     5    0.02                           _09954_ (net)
                  0.11    0.00    1.97 v _19939_/A (sky130_fd_sc_hd__and3_2)
                  0.08    0.24    2.22 v _19939_/X (sky130_fd_sc_hd__and3_2)
     5    0.02                           _10022_ (net)
                  0.08    0.01    2.22 v _20097_/B2 (sky130_fd_sc_hd__a22oi_2)
                  0.33    0.31    2.53 ^ _20097_/Y (sky130_fd_sc_hd__a22oi_2)
     5    0.02                           _10196_ (net)
                  0.33    0.01    2.53 ^ _20115_/A1_N (sky130_fd_sc_hd__o2bb2ai_2)
                  0.20    0.19    2.73 ^ _20115_/Y (sky130_fd_sc_hd__o2bb2ai_2)
     4    0.01                           _10215_ (net)
                  0.20    0.00    2.73 ^ _20116_/A (sky130_fd_sc_hd__buf_1)
                  0.23    0.24    2.97 ^ _20116_/X (sky130_fd_sc_hd__buf_1)
     5    0.02                           _10216_ (net)
                  0.23    0.01    2.97 ^ _20998_/A (sky130_fd_sc_hd__nand3_2)
                  0.14    0.16    3.14 v _20998_/Y (sky130_fd_sc_hd__nand3_2)
     5    0.02                           _11186_ (net)
                  0.14    0.00    3.14 v _21478_/A (sky130_fd_sc_hd__buf_1)
                  0.12    0.20    3.34 v _21478_/X (sky130_fd_sc_hd__buf_1)
     5    0.02                           _11712_ (net)
                  0.12    0.00    3.34 v _21717_/A (sky130_fd_sc_hd__buf_1)
                  0.11    0.18    3.52 v _21717_/X (sky130_fd_sc_hd__buf_1)
     5    0.02                           _11974_ (net)
                  0.11    0.00    3.53 v _21718_/C (sky130_fd_sc_hd__and3_2)
                  0.05    0.24    3.77 v _21718_/X (sky130_fd_sc_hd__and3_2)
     2    0.01                           _11975_ (net)
                  0.05    0.00    3.77 v _21785_/A1 (sky130_fd_sc_hd__o211a_2)
                  0.07    0.29    4.06 v _21785_/X (sky130_fd_sc_hd__o211a_2)
     3    0.01                           _12048_ (net)
                  0.07    0.01    4.07 v _21786_/A2 (sky130_fd_sc_hd__o21ai_2)
                  0.18    0.18    4.24 ^ _21786_/Y (sky130_fd_sc_hd__o21ai_2)
     3    0.01                           _12049_ (net)
                  0.18    0.01    4.25 ^ _21787_/C1 (sky130_fd_sc_hd__o211ai_2)
                  0.12    0.15    4.40 v _21787_/Y (sky130_fd_sc_hd__o211ai_2)
     4    0.01                           _12051_ (net)
                  0.12    0.00    4.40 v _21804_/B2 (sky130_fd_sc_hd__a22o_2)
                  0.06    0.27    4.68 v _21804_/X (sky130_fd_sc_hd__a22o_2)
     2    0.01                           _12069_ (net)
                  0.06    0.01    4.68 v _21806_/B1 (sky130_fd_sc_hd__o211ai_2)
                  0.16    0.08    4.76 ^ _21806_/Y (sky130_fd_sc_hd__o211ai_2)
     2    0.01                           _12071_ (net)
                  0.16    0.00    4.77 ^ _21870_/A (sky130_fd_sc_hd__buf_1)
                  0.25    0.25    5.01 ^ _21870_/X (sky130_fd_sc_hd__buf_1)
     5    0.02                           _12142_ (net)
                  0.25    0.01    5.02 ^ _21878_/A2_N (sky130_fd_sc_hd__o2bb2ai_2)
                  0.11    0.13    5.15 ^ _21878_/Y (sky130_fd_sc_hd__o2bb2ai_2)
     1    0.00                           _12151_ (net)
                  0.11    0.01    5.16 ^ _21879_/C1 (sky130_fd_sc_hd__o211ai_2)
                  0.12    0.14    5.30 v _21879_/Y (sky130_fd_sc_hd__o211ai_2)
     5    0.02                           _12152_ (net)
                  0.12    0.00    5.30 v _21885_/A2 (sky130_fd_sc_hd__a21o_2)
                  0.04    0.24    5.54 v _21885_/X (sky130_fd_sc_hd__a21o_2)
     1    0.00                           _12158_ (net)
                  0.04    0.01    5.55 v _21888_/A (sky130_fd_sc_hd__nand3_2)
                  0.06    0.06    5.60 ^ _21888_/Y (sky130_fd_sc_hd__nand3_2)
     2    0.01                           _12162_ (net)
                  0.06    0.00    5.61 ^ _21889_/A (sky130_fd_sc_hd__buf_1)
                  0.29    0.25    5.86 ^ _21889_/X (sky130_fd_sc_hd__buf_1)
     5    0.02                           _12163_ (net)
                  0.29    0.01    5.87 ^ _21898_/D (sky130_fd_sc_hd__nand4_2)
                  0.10    0.14    6.01 v _21898_/Y (sky130_fd_sc_hd__nand4_2)
     1    0.00                           _12173_ (net)
                  0.10    0.01    6.01 v _21900_/B (sky130_fd_sc_hd__nand3_2)
                  0.05    0.08    6.10 ^ _21900_/Y (sky130_fd_sc_hd__nand3_2)
     1    0.00                           _12175_ (net)
                  0.05    0.00    6.10 ^ _21901_/B1 (sky130_fd_sc_hd__o21a_2)
                  0.05    0.13    6.23 ^ _21901_/X (sky130_fd_sc_hd__o21a_2)
     2    0.01                           _12176_ (net)
                  0.05    0.00    6.24 ^ _21902_/A (sky130_fd_sc_hd__buf_1)
                  0.24    0.21    6.45 ^ _21902_/X (sky130_fd_sc_hd__buf_1)
     5    0.02                           _12177_ (net)
                  0.24    0.01    6.46 ^ _22305_/A (sky130_fd_sc_hd__nand4_2)
                  0.15    0.17    6.63 v _22305_/Y (sky130_fd_sc_hd__nand4_2)
     4    0.01                           _12618_ (net)
                  0.15    0.01    6.63 v _22311_/B1 (sky130_fd_sc_hd__o211ai_2)
                  0.27    0.16    6.80 ^ _22311_/Y (sky130_fd_sc_hd__o211ai_2)
     3    0.02                           _12625_ (net)
                  0.27    0.01    6.80 ^ _22694_/A1 (sky130_fd_sc_hd__a31oi_2)
                  0.14    0.19    6.99 v _22694_/Y (sky130_fd_sc_hd__a31oi_2)
     4    0.02                           _00124_ (net)
                  0.14    0.00    6.99 v _22695_/C1 (sky130_fd_sc_hd__a211o_2)
                  0.05    0.29    7.28 v _22695_/X (sky130_fd_sc_hd__a211o_2)
     1    0.00                           _00125_ (net)
                  0.05    0.00    7.29 v _22698_/B1 (sky130_fd_sc_hd__a22o_2)
                  0.04    0.20    7.48 v _22698_/X (sky130_fd_sc_hd__a22o_2)
     1    0.00                           STAGE2.SR4.din_re[8] (net)
                  0.04    0.00    7.49 v _26189_/D (sky130_fd_sc_hd__dfrtp_2)
                                  7.49   data arrival time

                  0.15   20.00   20.00   clock clk (rise edge)
                          0.00   20.00   clock network delay (ideal)
                         -0.10   19.90   clock uncertainty
                          0.00   19.90   clock reconvergence pessimism
                                 19.90 ^ _26189_/CLK (sky130_fd_sc_hd__dfrtp_2)
                         -0.09   19.81   library setup time
                                 19.81   data required time
-----------------------------------------------------------------------------
                                 19.81   data required time
                                 -7.49   data arrival time
-----------------------------------------------------------------------------
                                 12.32   slack (MET)



===========================================================================
report_checks --slack_max -0.01
============================================================================
No paths found.
