Instance name,  X location,  Y location,  Voltage 
PHY_517, 707.4, 715.36, 1.8
PHY_514, 5.4, 709.92, 1.8
PHY_516, 5.4, 709.92, 1.8
PHY_513, 707.4, 709.92, 1.8
PHY_515, 707.4, 709.92, 1.8
PHY_510, 5.4, 704.48, 1.8
PHY_512, 5.4, 704.48, 1.8
PHY_509, 707.4, 704.48, 1.8
PHY_511, 707.4, 704.48, 1.8
PHY_506, 5.4, 699.04, 1.8
PHY_508, 5.4, 699.04, 1.8
PHY_505, 707.4, 699.04, 1.8
PHY_507, 707.4, 699.04, 1.8
PHY_502, 5.4, 693.6, 1.8
PHY_504, 5.4, 693.6, 1.8
PHY_501, 707.4, 693.6, 1.8
PHY_503, 707.4, 693.6, 1.8
PHY_498, 5.4, 688.16, 1.8
PHY_500, 5.4, 688.16, 1.8
PHY_497, 707.4, 688.16, 1.8
PHY_499, 707.4, 688.16, 1.8
PHY_494, 5.4, 682.72, 1.8
PHY_496, 5.4, 682.72, 1.8
PHY_493, 707.4, 682.72, 1.8
PHY_495, 707.4, 682.72, 1.8
PHY_490, 5.4, 677.28, 1.8
PHY_492, 5.4, 677.28, 1.8
PHY_489, 707.4, 677.28, 1.8
PHY_491, 707.4, 677.28, 1.8
PHY_486, 5.4, 671.84, 1.8
PHY_488, 5.4, 671.84, 1.8
PHY_485, 707.4, 671.84, 1.8
PHY_487, 707.4, 671.84, 1.8
PHY_482, 5.4, 666.4, 1.8
PHY_484, 5.4, 666.4, 1.8
PHY_481, 707.4, 666.4, 1.8
PHY_483, 707.4, 666.4, 1.8
PHY_478, 5.4, 660.96, 1.8
PHY_480, 5.4, 660.96, 1.8
PHY_477, 707.4, 660.96, 1.8
PHY_479, 707.4, 660.96, 1.8
PHY_474, 5.4, 655.52, 1.8
PHY_476, 5.4, 655.52, 1.8
PHY_473, 707.4, 655.52, 1.8
PHY_475, 707.4, 655.52, 1.8
PHY_470, 5.4, 650.08, 1.8
PHY_472, 5.4, 650.08, 1.8
PHY_469, 707.4, 650.08, 1.8
PHY_471, 707.4, 650.08, 1.8
PHY_466, 5.4, 644.64, 1.8
PHY_468, 5.4, 644.64, 1.8
PHY_465, 707.4, 644.64, 1.8
PHY_467, 707.4, 644.64, 1.8
PHY_462, 5.4, 639.2, 1.8
PHY_464, 5.4, 639.2, 1.8
PHY_461, 707.4, 639.2, 1.8
PHY_463, 707.4, 639.2, 1.8
PHY_458, 5.4, 633.76, 1.8
PHY_460, 5.4, 633.76, 1.8
PHY_457, 707.4, 633.76, 1.8
PHY_459, 707.4, 633.76, 1.8
PHY_454, 5.4, 628.32, 1.8
PHY_456, 5.4, 628.32, 1.8
PHY_453, 707.4, 628.32, 1.8
PHY_455, 707.4, 628.32, 1.8
PHY_450, 5.4, 622.88, 1.8
PHY_452, 5.4, 622.88, 1.8
PHY_449, 707.4, 622.88, 1.8
PHY_451, 707.4, 622.88, 1.8
PHY_446, 5.4, 617.44, 1.8
PHY_448, 5.4, 617.44, 1.8
PHY_445, 707.4, 617.44, 1.8
PHY_447, 707.4, 617.44, 1.8
PHY_442, 5.4, 612, 1.8
PHY_444, 5.4, 612, 1.8
PHY_441, 707.4, 612, 1.8
PHY_443, 707.4, 612, 1.8
PHY_438, 5.4, 606.56, 1.8
PHY_440, 5.4, 606.56, 1.8
PHY_437, 707.4, 606.56, 1.8
PHY_439, 707.4, 606.56, 1.8
PHY_434, 5.4, 601.12, 1.8
PHY_436, 5.4, 601.12, 1.8
PHY_433, 707.4, 601.12, 1.8
PHY_435, 707.4, 601.12, 1.8
PHY_430, 5.4, 595.68, 1.8
PHY_432, 5.4, 595.68, 1.8
PHY_429, 707.4, 595.68, 1.8
PHY_431, 707.4, 595.68, 1.8
PHY_426, 5.4, 590.24, 1.8
PHY_428, 5.4, 590.24, 1.8
PHY_425, 707.4, 590.24, 1.8
PHY_427, 707.4, 590.24, 1.8
PHY_422, 5.4, 584.8, 1.8
PHY_424, 5.4, 584.8, 1.8
PHY_421, 707.4, 584.8, 1.8
PHY_423, 707.4, 584.8, 1.8
PHY_418, 5.4, 579.36, 1.8
PHY_420, 5.4, 579.36, 1.8
PHY_417, 707.4, 579.36, 1.8
PHY_419, 707.4, 579.36, 1.8
PHY_414, 5.4, 573.92, 1.8
PHY_416, 5.4, 573.92, 1.8
PHY_413, 707.4, 573.92, 1.8
PHY_415, 707.4, 573.92, 1.8
PHY_410, 5.4, 568.48, 1.8
PHY_412, 5.4, 568.48, 1.8
PHY_409, 707.4, 568.48, 1.8
PHY_411, 707.4, 568.48, 1.8
PHY_406, 5.4, 563.04, 1.8
PHY_408, 5.4, 563.04, 1.8
PHY_405, 707.4, 563.04, 1.8
PHY_407, 707.4, 563.04, 1.8
PHY_402, 5.4, 557.6, 1.8
PHY_404, 5.4, 557.6, 1.8
PHY_401, 707.4, 557.6, 1.8
PHY_403, 707.4, 557.6, 1.8
PHY_398, 5.4, 552.16, 1.8
PHY_400, 5.4, 552.16, 1.8
PHY_397, 707.4, 552.16, 1.8
PHY_399, 707.4, 552.16, 1.8
PHY_394, 5.4, 546.72, 1.8
PHY_396, 5.4, 546.72, 1.8
PHY_393, 707.4, 546.72, 1.8
PHY_395, 707.4, 546.72, 1.8
PHY_390, 5.4, 541.28, 1.8
PHY_392, 5.4, 541.28, 1.8
PHY_389, 707.4, 541.28, 1.8
PHY_391, 707.4, 541.28, 1.8
PHY_386, 5.4, 535.84, 1.8
PHY_388, 5.4, 535.84, 1.8
PHY_385, 707.4, 535.84, 1.8
PHY_387, 707.4, 535.84, 1.8
PHY_382, 5.4, 530.4, 1.8
PHY_384, 5.4, 530.4, 1.8
PHY_381, 707.4, 530.4, 1.8
PHY_383, 707.4, 530.4, 1.8
PHY_378, 5.4, 524.96, 1.8
PHY_380, 5.4, 524.96, 1.8
PHY_377, 707.4, 524.96, 1.8
PHY_379, 707.4, 524.96, 1.8
PHY_374, 5.4, 519.52, 1.8
PHY_376, 5.4, 519.52, 1.8
PHY_373, 707.4, 519.52, 1.8
PHY_375, 707.4, 519.52, 1.8
PHY_370, 5.4, 514.08, 1.8
PHY_372, 5.4, 514.08, 1.8
PHY_369, 707.4, 514.08, 1.8
PHY_371, 707.4, 514.08, 1.8
PHY_366, 5.4, 508.64, 1.8
PHY_368, 5.4, 508.64, 1.8
PHY_365, 707.4, 508.64, 1.8
PHY_367, 707.4, 508.64, 1.8
PHY_362, 5.4, 503.2, 1.8
PHY_364, 5.4, 503.2, 1.8
PHY_361, 707.4, 503.2, 1.8
PHY_363, 707.4, 503.2, 1.8
PHY_358, 5.4, 497.76, 1.8
PHY_360, 5.4, 497.76, 1.8
PHY_357, 707.4, 497.76, 1.8
PHY_359, 707.4, 497.76, 1.8
PHY_354, 5.4, 492.32, 1.8
PHY_356, 5.4, 492.32, 1.8
PHY_353, 707.4, 492.32, 1.8
PHY_355, 707.4, 492.32, 1.8
PHY_350, 5.4, 486.88, 1.8
PHY_352, 5.4, 486.88, 1.8
PHY_349, 707.4, 486.88, 1.8
PHY_351, 707.4, 486.88, 1.8
PHY_346, 5.4, 481.44, 1.8
PHY_348, 5.4, 481.44, 1.8
PHY_345, 707.4, 481.44, 1.8
PHY_347, 707.4, 481.44, 1.8
PHY_342, 5.4, 476, 1.8
PHY_344, 5.4, 476, 1.8
PHY_341, 707.4, 476, 1.8
PHY_343, 707.4, 476, 1.8
PHY_338, 5.4, 470.56, 1.8
PHY_340, 5.4, 470.56, 1.8
PHY_337, 707.4, 470.56, 1.8
PHY_339, 707.4, 470.56, 1.8
PHY_334, 5.4, 465.12, 1.8
PHY_336, 5.4, 465.12, 1.8
PHY_333, 707.4, 465.12, 1.8
PHY_335, 707.4, 465.12, 1.8
PHY_330, 5.4, 459.68, 1.8
PHY_332, 5.4, 459.68, 1.8
PHY_329, 707.4, 459.68, 1.8
PHY_331, 707.4, 459.68, 1.8
PHY_326, 5.4, 454.24, 1.8
PHY_328, 5.4, 454.24, 1.8
PHY_325, 707.4, 454.24, 1.8
PHY_327, 707.4, 454.24, 1.8
PHY_322, 5.4, 448.8, 1.8
PHY_324, 5.4, 448.8, 1.8
PHY_321, 707.4, 448.8, 1.8
PHY_323, 707.4, 448.8, 1.8
PHY_318, 5.4, 443.36, 1.8
PHY_320, 5.4, 443.36, 1.8
PHY_317, 707.4, 443.36, 1.8
PHY_319, 707.4, 443.36, 1.8
PHY_314, 5.4, 437.92, 1.8
PHY_316, 5.4, 437.92, 1.8
PHY_313, 707.4, 437.92, 1.8
PHY_315, 707.4, 437.92, 1.8
PHY_310, 5.4, 432.48, 1.8
PHY_312, 5.4, 432.48, 1.8
PHY_309, 707.4, 432.48, 1.8
PHY_311, 707.4, 432.48, 1.8
PHY_306, 5.4, 427.04, 1.8
PHY_308, 5.4, 427.04, 1.8
PHY_305, 707.4, 427.04, 1.8
PHY_307, 707.4, 427.04, 1.8
PHY_302, 5.4, 421.6, 1.8
PHY_304, 5.4, 421.6, 1.8
PHY_301, 707.4, 421.6, 1.8
PHY_303, 707.4, 421.6, 1.8
PHY_298, 5.4, 416.16, 1.8
PHY_300, 5.4, 416.16, 1.8
PHY_297, 707.4, 416.16, 1.8
PHY_299, 707.4, 416.16, 1.8
PHY_294, 5.4, 410.72, 1.8
PHY_296, 5.4, 410.72, 1.8
PHY_293, 707.4, 410.72, 1.8
PHY_295, 707.4, 410.72, 1.8
PHY_290, 5.4, 405.28, 1.8
PHY_292, 5.4, 405.28, 1.8
PHY_289, 707.4, 405.28, 1.8
PHY_291, 707.4, 405.28, 1.8
PHY_286, 5.4, 399.84, 1.8
PHY_288, 5.4, 399.84, 1.8
PHY_285, 707.4, 399.84, 1.8
PHY_287, 707.4, 399.84, 1.8
PHY_282, 5.4, 394.4, 1.8
PHY_284, 5.4, 394.4, 1.8
PHY_281, 707.4, 394.4, 1.8
PHY_283, 707.4, 394.4, 1.8
PHY_278, 5.4, 388.96, 1.8
PHY_280, 5.4, 388.96, 1.8
PHY_277, 707.4, 388.96, 1.8
PHY_279, 707.4, 388.96, 1.8
PHY_274, 5.4, 383.52, 1.8
PHY_276, 5.4, 383.52, 1.8
PHY_273, 707.4, 383.52, 1.8
PHY_275, 707.4, 383.52, 1.8
PHY_270, 5.4, 378.08, 1.8
PHY_272, 5.4, 378.08, 1.8
PHY_269, 707.4, 378.08, 1.8
PHY_271, 707.4, 378.08, 1.8
PHY_266, 5.4, 372.64, 1.8
PHY_268, 5.4, 372.64, 1.8
PHY_265, 707.4, 372.64, 1.8
PHY_267, 707.4, 372.64, 1.8
PHY_262, 5.4, 367.2, 1.8
PHY_264, 5.4, 367.2, 1.8
PHY_261, 707.4, 367.2, 1.8
PHY_263, 707.4, 367.2, 1.8
PHY_258, 5.4, 361.76, 1.8
PHY_260, 5.4, 361.76, 1.8
PHY_257, 707.4, 361.76, 1.8
PHY_259, 707.4, 361.76, 1.8
PHY_254, 5.4, 356.32, 1.8
PHY_256, 5.4, 356.32, 1.8
PHY_253, 707.4, 356.32, 1.8
PHY_255, 707.4, 356.32, 1.8
PHY_250, 5.4, 350.88, 1.8
PHY_252, 5.4, 350.88, 1.8
PHY_249, 707.4, 350.88, 1.8
PHY_251, 707.4, 350.88, 1.8
PHY_246, 5.4, 345.44, 1.8
PHY_248, 5.4, 345.44, 1.8
PHY_245, 707.4, 345.44, 1.8
PHY_247, 707.4, 345.44, 1.8
PHY_242, 5.4, 340, 1.8
PHY_244, 5.4, 340, 1.8
PHY_241, 707.4, 340, 1.8
PHY_243, 707.4, 340, 1.8
PHY_238, 5.4, 334.56, 1.8
PHY_240, 5.4, 334.56, 1.8
PHY_237, 707.4, 334.56, 1.8
PHY_239, 707.4, 334.56, 1.8
PHY_234, 5.4, 329.12, 1.8
PHY_236, 5.4, 329.12, 1.8
PHY_233, 707.4, 329.12, 1.8
PHY_235, 707.4, 329.12, 1.8
PHY_230, 5.4, 323.68, 1.8
PHY_232, 5.4, 323.68, 1.8
PHY_229, 707.4, 323.68, 1.8
PHY_231, 707.4, 323.68, 1.8
PHY_226, 5.4, 318.24, 1.8
PHY_228, 5.4, 318.24, 1.8
PHY_225, 707.4, 318.24, 1.8
PHY_227, 707.4, 318.24, 1.8
PHY_222, 5.4, 312.8, 1.8
PHY_224, 5.4, 312.8, 1.8
PHY_221, 707.4, 312.8, 1.8
PHY_223, 707.4, 312.8, 1.8
PHY_218, 5.4, 307.36, 1.8
PHY_220, 5.4, 307.36, 1.8
PHY_217, 707.4, 307.36, 1.8
PHY_219, 707.4, 307.36, 1.8
PHY_214, 5.4, 301.92, 1.8
PHY_216, 5.4, 301.92, 1.8
PHY_213, 707.4, 301.92, 1.8
PHY_215, 707.4, 301.92, 1.8
PHY_210, 5.4, 296.48, 1.8
PHY_212, 5.4, 296.48, 1.8
PHY_209, 707.4, 296.48, 1.8
PHY_211, 707.4, 296.48, 1.8
PHY_206, 5.4, 291.04, 1.8
PHY_208, 5.4, 291.04, 1.8
PHY_205, 707.4, 291.04, 1.8
PHY_207, 707.4, 291.04, 1.8
PHY_202, 5.4, 285.6, 1.8
PHY_204, 5.4, 285.6, 1.8
PHY_201, 707.4, 285.6, 1.8
PHY_203, 707.4, 285.6, 1.8
PHY_198, 5.4, 280.16, 1.8
PHY_200, 5.4, 280.16, 1.8
PHY_197, 707.4, 280.16, 1.8
PHY_199, 707.4, 280.16, 1.8
PHY_194, 5.4, 274.72, 1.8
PHY_196, 5.4, 274.72, 1.8
PHY_193, 707.4, 274.72, 1.8
PHY_195, 707.4, 274.72, 1.8
PHY_190, 5.4, 269.28, 1.8
PHY_192, 5.4, 269.28, 1.8
PHY_189, 707.4, 269.28, 1.8
PHY_191, 707.4, 269.28, 1.8
PHY_186, 5.4, 263.84, 1.8
PHY_188, 5.4, 263.84, 1.8
PHY_185, 707.4, 263.84, 1.8
PHY_187, 707.4, 263.84, 1.8
PHY_182, 5.4, 258.4, 1.8
PHY_184, 5.4, 258.4, 1.8
PHY_181, 707.4, 258.4, 1.8
PHY_183, 707.4, 258.4, 1.8
PHY_178, 5.4, 252.96, 1.8
PHY_180, 5.4, 252.96, 1.8
PHY_177, 707.4, 252.96, 1.8
PHY_179, 707.4, 252.96, 1.8
PHY_174, 5.4, 247.52, 1.8
PHY_176, 5.4, 247.52, 1.8
PHY_173, 707.4, 247.52, 1.8
PHY_175, 707.4, 247.52, 1.8
PHY_170, 5.4, 242.08, 1.8
PHY_172, 5.4, 242.08, 1.8
PHY_169, 707.4, 242.08, 1.8
PHY_171, 707.4, 242.08, 1.8
PHY_166, 5.4, 236.64, 1.8
PHY_168, 5.4, 236.64, 1.8
PHY_165, 707.4, 236.64, 1.8
PHY_167, 707.4, 236.64, 1.8
PHY_162, 5.4, 231.2, 1.8
PHY_164, 5.4, 231.2, 1.8
PHY_161, 707.4, 231.2, 1.8
PHY_163, 707.4, 231.2, 1.8
PHY_158, 5.4, 225.76, 1.8
PHY_160, 5.4, 225.76, 1.8
PHY_157, 707.4, 225.76, 1.8
PHY_159, 707.4, 225.76, 1.8
PHY_154, 5.4, 220.32, 1.8
PHY_156, 5.4, 220.32, 1.8
PHY_153, 707.4, 220.32, 1.8
PHY_155, 707.4, 220.32, 1.8
PHY_150, 5.4, 214.88, 1.8
PHY_152, 5.4, 214.88, 1.8
PHY_149, 707.4, 214.88, 1.8
PHY_151, 707.4, 214.88, 1.8
PHY_146, 5.4, 209.44, 1.8
PHY_148, 5.4, 209.44, 1.8
PHY_145, 707.4, 209.44, 1.8
PHY_147, 707.4, 209.44, 1.8
PHY_142, 5.4, 204, 1.8
PHY_144, 5.4, 204, 1.8
PHY_141, 707.4, 204, 1.8
PHY_143, 707.4, 204, 1.8
PHY_138, 5.4, 198.56, 1.8
PHY_140, 5.4, 198.56, 1.8
PHY_137, 707.4, 198.56, 1.8
PHY_139, 707.4, 198.56, 1.8
PHY_134, 5.4, 193.12, 1.8
PHY_136, 5.4, 193.12, 1.8
PHY_133, 707.4, 193.12, 1.8
PHY_135, 707.4, 193.12, 1.8
PHY_130, 5.4, 187.68, 1.8
PHY_132, 5.4, 187.68, 1.8
PHY_129, 707.4, 187.68, 1.8
PHY_131, 707.4, 187.68, 1.8
PHY_126, 5.4, 182.24, 1.8
PHY_128, 5.4, 182.24, 1.8
PHY_125, 707.4, 182.24, 1.8
PHY_127, 707.4, 182.24, 1.8
PHY_122, 5.4, 176.8, 1.8
PHY_124, 5.4, 176.8, 1.8
PHY_121, 707.4, 176.8, 1.8
PHY_123, 707.4, 176.8, 1.8
PHY_118, 5.4, 171.36, 1.8
PHY_120, 5.4, 171.36, 1.8
PHY_117, 707.4, 171.36, 1.8
PHY_119, 707.4, 171.36, 1.8
PHY_114, 5.4, 165.92, 1.8
PHY_116, 5.4, 165.92, 1.8
PHY_113, 707.4, 165.92, 1.8
PHY_115, 707.4, 165.92, 1.8
PHY_110, 5.4, 160.48, 1.8
PHY_112, 5.4, 160.48, 1.8
PHY_109, 707.4, 160.48, 1.8
PHY_111, 707.4, 160.48, 1.8
PHY_106, 5.4, 155.04, 1.8
PHY_108, 5.4, 155.04, 1.8
PHY_105, 707.4, 155.04, 1.8
PHY_107, 707.4, 155.04, 1.8
PHY_102, 5.4, 149.6, 1.8
PHY_104, 5.4, 149.6, 1.8
PHY_101, 707.4, 149.6, 1.8
PHY_103, 707.4, 149.6, 1.8
PHY_100, 5.4, 144.16, 1.8
PHY_98, 5.4, 144.16, 1.8
PHY_97, 707.4, 144.16, 1.8
PHY_99, 707.4, 144.16, 1.8
PHY_94, 5.4, 138.72, 1.8
PHY_96, 5.4, 138.72, 1.8
PHY_93, 707.4, 138.72, 1.8
PHY_95, 707.4, 138.72, 1.8
PHY_90, 5.4, 133.28, 1.8
PHY_92, 5.4, 133.28, 1.8
PHY_89, 707.4, 133.28, 1.8
PHY_91, 707.4, 133.28, 1.8
PHY_86, 5.4, 127.84, 1.8
PHY_88, 5.4, 127.84, 1.8
PHY_85, 707.4, 127.84, 1.8
PHY_87, 707.4, 127.84, 1.8
PHY_82, 5.4, 122.4, 1.8
PHY_84, 5.4, 122.4, 1.8
PHY_81, 707.4, 122.4, 1.8
PHY_83, 707.4, 122.4, 1.8
PHY_78, 5.4, 116.96, 1.8
PHY_80, 5.4, 116.96, 1.8
PHY_77, 707.4, 116.96, 1.8
PHY_79, 707.4, 116.96, 1.8
PHY_74, 5.4, 111.52, 1.8
PHY_76, 5.4, 111.52, 1.8
PHY_73, 707.4, 111.52, 1.8
PHY_75, 707.4, 111.52, 1.8
PHY_70, 5.4, 106.08, 1.8
PHY_72, 5.4, 106.08, 1.8
PHY_69, 707.4, 106.08, 1.8
PHY_71, 707.4, 106.08, 1.8
PHY_66, 5.4, 100.64, 1.8
PHY_68, 5.4, 100.64, 1.8
PHY_65, 707.4, 100.64, 1.8
PHY_67, 707.4, 100.64, 1.8
PHY_62, 5.4, 95.2, 1.8
PHY_64, 5.4, 95.2, 1.8
PHY_61, 707.4, 95.2, 1.8
PHY_63, 707.4, 95.2, 1.8
PHY_58, 5.4, 89.76, 1.8
PHY_60, 5.4, 89.76, 1.8
PHY_57, 707.4, 89.76, 1.8
PHY_59, 707.4, 89.76, 1.8
PHY_54, 5.4, 84.32, 1.8
PHY_56, 5.4, 84.32, 1.8
PHY_53, 707.4, 84.32, 1.8
PHY_55, 707.4, 84.32, 1.8
PHY_50, 5.4, 78.88, 1.8
PHY_52, 5.4, 78.88, 1.8
PHY_49, 707.4, 78.88, 1.8
PHY_51, 707.4, 78.88, 1.8
PHY_46, 5.4, 73.44, 1.8
PHY_48, 5.4, 73.44, 1.8
PHY_45, 707.4, 73.44, 1.8
PHY_47, 707.4, 73.44, 1.8
PHY_42, 5.4, 68, 1.8
PHY_44, 5.4, 68, 1.8
PHY_41, 707.4, 68, 1.8
PHY_43, 707.4, 68, 1.8
PHY_38, 5.4, 62.56, 1.8
PHY_40, 5.4, 62.56, 1.8
PHY_37, 707.4, 62.56, 1.8
PHY_39, 707.4, 62.56, 1.8
PHY_34, 5.4, 57.12, 1.8
PHY_36, 5.4, 57.12, 1.8
PHY_33, 707.4, 57.12, 1.8
PHY_35, 707.4, 57.12, 1.8
PHY_30, 5.4, 51.68, 1.8
PHY_32, 5.4, 51.68, 1.8
PHY_29, 707.4, 51.68, 1.8
PHY_31, 707.4, 51.68, 1.8
PHY_26, 5.4, 46.24, 1.8
PHY_28, 5.4, 46.24, 1.8
PHY_25, 707.4, 46.24, 1.8
PHY_27, 707.4, 46.24, 1.8
PHY_22, 5.4, 40.8, 1.8
PHY_24, 5.4, 40.8, 1.8
PHY_21, 707.4, 40.8, 1.8
PHY_23, 707.4, 40.8, 1.8
PHY_18, 5.4, 35.36, 1.8
PHY_20, 5.4, 35.36, 1.8
PHY_17, 707.4, 35.36, 1.8
PHY_19, 707.4, 35.36, 1.8
PHY_14, 5.4, 29.92, 1.8
PHY_16, 5.4, 29.92, 1.8
PHY_13, 707.4, 29.92, 1.8
PHY_15, 707.4, 29.92, 1.8
PHY_10, 5.4, 24.48, 1.8
PHY_12, 5.4, 24.48, 1.8
PHY_11, 707.4, 24.48, 1.8
PHY_9, 707.4, 24.48, 1.8
PHY_6, 5.4, 19.04, 1.8
PHY_8, 5.4, 19.04, 1.8
PHY_5, 707.4, 19.04, 1.8
PHY_7, 707.4, 19.04, 1.8
PHY_0, 5.4, 13.6, 1.8
PHY_2, 5.4, 13.6, 1.8
PHY_4, 5.4, 13.6, 1.8
PHY_1, 707.4, 13.6, 1.8
PHY_3, 707.4, 13.6, 1.8

