OpenROAD v2.0-4194-g9d55eaa0c 
This program is licensed under the BSD-3 license. See the LICENSE file for details.
Components of this program may be licensed under more restrictive licenses which must be honored.
[INFO ODB-0222] Reading LEF file: /home/opentools/OpenLane/designs/fft/runs/opttime1/tmp/merged.unpadded.nom.lef
[INFO ODB-0223]     Created 13 technology layers
[INFO ODB-0224]     Created 25 technology vias
[INFO ODB-0225]     Created 441 library cells
[INFO ODB-0226] Finished LEF file:  /home/opentools/OpenLane/designs/fft/runs/opttime1/tmp/merged.unpadded.nom.lef
[INFO ODB-0127] Reading DEF file: /home/opentools/OpenLane/designs/fft/runs/opttime1/tmp/routing/18-fill.def
[INFO ODB-0128] Design: DIF_R2SDF_top
[INFO ODB-0130]     Created 54 pins.
[INFO ODB-0131]     Created 62585 components and 288144 component-terminals.
[INFO ODB-0132]     Created 2 special nets and 236246 connections.
[INFO ODB-0133]     Created 13627 nets and 51898 connections.
[INFO ODB-0134] Finished DEF file: /home/opentools/OpenLane/designs/fft/runs/opttime1/tmp/routing/18-fill.def
###############################################################################
# Created by write_sdc
# Sat Aug 15 13:53:23 2026
###############################################################################
current_design DIF_R2SDF_top
###############################################################################
# Timing Constraints
###############################################################################
create_clock -name clk -period 20.0000 [get_ports {clk}]
set_clock_transition 0.1500 [get_clocks {clk}]
set_clock_uncertainty -setup 0.1000 clk
set_clock_uncertainty -hold 0.2000 clk
set_propagated_clock [get_clocks {clk}]
###############################################################################
# Environment
###############################################################################
###############################################################################
# Design Rules
###############################################################################
[INFO]: Setting signal min routing layer to: met1 and clock min routing layer to met1. 
[INFO]: Setting signal max routing layer to: met5 and clock max routing layer to met5. 
-congestion_iterations 50 -verbose
[INFO GRT-0020] Min routing layer: met1
[INFO GRT-0021] Max routing layer: met5
[INFO GRT-0022] Global adjustment: 30%
[INFO GRT-0023] Grid origin: (0, 0)
[INFO GRT-0043] No OR_DEFAULT vias defined.
[INFO GRT-0088] Layer li1     Track-Pitch = 0.4600  line-2-Via Pitch: 0.3400
[INFO GRT-0088] Layer met1    Track-Pitch = 0.3400  line-2-Via Pitch: 0.3400
[INFO GRT-0088] Layer met2    Track-Pitch = 0.4600  line-2-Via Pitch: 0.3500
[INFO GRT-0088] Layer met3    Track-Pitch = 0.6800  line-2-Via Pitch: 0.6150
[INFO GRT-0088] Layer met4    Track-Pitch = 0.9200  line-2-Via Pitch: 1.0400
[INFO GRT-0088] Layer met5    Track-Pitch = 3.4000  line-2-Via Pitch: 3.1100
[INFO GRT-0019] Found 40 clock nets.
[INFO GRT-0001] Minimum degree: 2
[INFO GRT-0002] Maximum degree: 115
[INFO GRT-0003] Macros: 15296
[INFO GRT-0004] Blockages: 7148

[INFO GRT-0053] Routing resources analysis:
          Routing      Original      Derated      Resource
Layer     Direction    Resources     Resources    Reduction (%)
---------------------------------------------------------------
li1        Vertical            0             0          0.00%
met1       Horizontal     216300         88842          58.93%
met2       Vertical       162225        108464          33.14%
met3       Horizontal     108150         75480          30.21%
met4       Vertical        64890         42866          33.94%
met5       Horizontal      21630         10710          50.49%
---------------------------------------------------------------

[INFO GRT-0101] Running extra iterations to remove overflow.
[INFO GRT-0197] Via related to pin nodes: 74201
[INFO GRT-0198] Via related Steiner nodes: 2344
[INFO GRT-0199] Via filling finished.
[INFO GRT-0111] Final number of vias: 88821
[INFO GRT-0112] Final usage 3D: 397306

[INFO GRT-0096] Final congestion report:
Layer         Resource        Demand        Usage (%)    Max H / Max V / Total Overflow
---------------------------------------------------------------------------------------
li1                  0             0            0.00%             0 /  0 /  0
met1             88842         43156           48.58%             0 /  0 /  0
met2            108464         47438           43.74%             0 /  0 /  0
met3             75480         25008           33.13%             0 /  0 /  0
met4             42866         12706           29.64%             0 /  0 /  0
met5             10710          2535           23.67%             0 /  0 /  0
---------------------------------------------------------------------------------------
Total           326362        130843           40.09%             0 /  0 /  0

[INFO GRT-0018] Total wirelength: 1211377 um
[INFO GRT-0014] Routed nets: 13627
[INFO]: Setting RC values...
min_report

===========================================================================
report_checks -path_delay min (Hold)
============================================================================
Startpoint: _26187_ (rising edge-triggered flip-flop clocked by clk)
Endpoint: _26199_ (rising edge-triggered flip-flop clocked by clk)
Path Group: clk
Path Type: min

Fanout     Cap    Slew   Delay    Time   Description
-----------------------------------------------------------------------------
                          0.00    0.00   clock clk (rise edge)
                          0.00    0.00   clock source latency
                  0.00    0.00    0.00 ^ clk (in)
     1    0.04                           clk (net)
                  0.00    0.00    0.00 ^ clkbuf_0_clk/A (sky130_fd_sc_hd__clkbuf_16)
                  0.04    0.11    0.11 ^ clkbuf_0_clk/X (sky130_fd_sc_hd__clkbuf_16)
     2    0.02                           clknet_0_clk (net)
                  0.04    0.00    0.11 ^ clkbuf_1_1_0_clk/A (sky130_fd_sc_hd__clkbuf_8)
                  0.03    0.11    0.23 ^ clkbuf_1_1_0_clk/X (sky130_fd_sc_hd__clkbuf_8)
     1    0.01                           clknet_1_1_0_clk (net)
                  0.03    0.00    0.23 ^ clkbuf_1_1_1_clk/A (sky130_fd_sc_hd__clkbuf_8)
                  0.28    0.29    0.52 ^ clkbuf_1_1_1_clk/X (sky130_fd_sc_hd__clkbuf_8)
    15    0.16                           clknet_1_1_1_clk (net)
                  0.28    0.00    0.52 ^ clkbuf_leaf_11_clk/A (sky130_fd_sc_hd__clkbuf_16)
                  0.05    0.20    0.73 ^ clkbuf_leaf_11_clk/X (sky130_fd_sc_hd__clkbuf_16)
     7    0.02                           clknet_leaf_11_clk (net)
                  0.05    0.00    0.73 ^ _26187_/CLK (sky130_fd_sc_hd__dfrtp_1)
                  0.05    0.32    1.04 ^ _26187_/Q (sky130_fd_sc_hd__dfrtp_1)
     1    0.00                           STAGE2.SR4.delay_re[0][6] (net)
                  0.05    0.00    1.04 ^ _26199_/D (sky130_fd_sc_hd__dfrtp_1)
                                  1.04   data arrival time

                          0.00    0.00   clock clk (rise edge)
                          0.00    0.00   clock source latency
                  0.00    0.00    0.00 ^ clk (in)
     1    0.04                           clk (net)
                  0.00    0.00    0.00 ^ clkbuf_0_clk/A (sky130_fd_sc_hd__clkbuf_16)
                  0.04    0.11    0.11 ^ clkbuf_0_clk/X (sky130_fd_sc_hd__clkbuf_16)
     2    0.02                           clknet_0_clk (net)
                  0.04    0.00    0.11 ^ clkbuf_1_1_0_clk/A (sky130_fd_sc_hd__clkbuf_8)
                  0.03    0.11    0.23 ^ clkbuf_1_1_0_clk/X (sky130_fd_sc_hd__clkbuf_8)
     1    0.01                           clknet_1_1_0_clk (net)
                  0.03    0.00    0.23 ^ clkbuf_1_1_1_clk/A (sky130_fd_sc_hd__clkbuf_8)
                  0.28    0.29    0.52 ^ clkbuf_1_1_1_clk/X (sky130_fd_sc_hd__clkbuf_8)
    15    0.16                           clknet_1_1_1_clk (net)
                  0.28    0.00    0.52 ^ clkbuf_leaf_15_clk/A (sky130_fd_sc_hd__clkbuf_16)
                  0.06    0.22    0.74 ^ clkbuf_leaf_15_clk/X (sky130_fd_sc_hd__clkbuf_16)
    13    0.04                           clknet_leaf_15_clk (net)
                  0.06    0.00    0.74 ^ _26199_/CLK (sky130_fd_sc_hd__dfrtp_1)
                          0.20    0.94   clock uncertainty
                          0.00    0.94   clock reconvergence pessimism
                         -0.03    0.91   library hold time
                                  0.91   data required time
-----------------------------------------------------------------------------
                                  0.91   data required time
                                 -1.04   data arrival time
-----------------------------------------------------------------------------
                                  0.14   slack (MET)


Startpoint: _26425_ (rising edge-triggered flip-flop clocked by clk)
Endpoint: _26437_ (rising edge-triggered flip-flop clocked by clk)
Path Group: clk
Path Type: min

Fanout     Cap    Slew   Delay    Time   Description
-----------------------------------------------------------------------------
                          0.00    0.00   clock clk (rise edge)
                          0.00    0.00   clock source latency
                  0.00    0.00    0.00 ^ clk (in)
     1    0.04                           clk (net)
                  0.00    0.00    0.00 ^ clkbuf_0_clk/A (sky130_fd_sc_hd__clkbuf_16)
                  0.04    0.11    0.11 ^ clkbuf_0_clk/X (sky130_fd_sc_hd__clkbuf_16)
     2    0.02                           clknet_0_clk (net)
                  0.04    0.00    0.11 ^ clkbuf_1_0_0_clk/A (sky130_fd_sc_hd__clkbuf_8)
                  0.03    0.11    0.23 ^ clkbuf_1_0_0_clk/X (sky130_fd_sc_hd__clkbuf_8)
     1    0.01                           clknet_1_0_0_clk (net)
                  0.03    0.00    0.23 ^ clkbuf_1_0_1_clk/A (sky130_fd_sc_hd__clkbuf_8)
                  0.24    0.26    0.49 ^ clkbuf_1_0_1_clk/X (sky130_fd_sc_hd__clkbuf_8)
    12    0.14                           clknet_1_0_1_clk (net)
                  0.24    0.01    0.50 ^ clkbuf_opt_2_0_clk/A (sky130_fd_sc_hd__clkbuf_16)
                  0.04    0.19    0.69 ^ clkbuf_opt_2_0_clk/X (sky130_fd_sc_hd__clkbuf_16)
     1    0.02                           clknet_opt_2_0_clk (net)
                  0.04    0.00    0.69 ^ clkbuf_leaf_3_clk/A (sky130_fd_sc_hd__clkbuf_16)
                  0.07    0.15    0.83 ^ clkbuf_leaf_3_clk/X (sky130_fd_sc_hd__clkbuf_16)
    18    0.05                           clknet_leaf_3_clk (net)
                  0.07    0.00    0.83 ^ _26425_/CLK (sky130_fd_sc_hd__dfrtp_1)
                  0.05    0.33    1.16 ^ _26425_/Q (sky130_fd_sc_hd__dfrtp_1)
     1    0.00                           STAGE1.SR8.delay_re[4][5] (net)
                  0.05    0.00    1.16 ^ _26437_/D (sky130_fd_sc_hd__dfrtp_1)
                                  1.16   data arrival time

                          0.00    0.00   clock clk (rise edge)
                          0.00    0.00   clock source latency
                  0.00    0.00    0.00 ^ clk (in)
     1    0.04                           clk (net)
                  0.00    0.00    0.00 ^ clkbuf_0_clk/A (sky130_fd_sc_hd__clkbuf_16)
                  0.04    0.11    0.11 ^ clkbuf_0_clk/X (sky130_fd_sc_hd__clkbuf_16)
     2    0.02                           clknet_0_clk (net)
                  0.04    0.00    0.11 ^ clkbuf_1_0_0_clk/A (sky130_fd_sc_hd__clkbuf_8)
                  0.03    0.11    0.23 ^ clkbuf_1_0_0_clk/X (sky130_fd_sc_hd__clkbuf_8)
     1    0.01                           clknet_1_0_0_clk (net)
                  0.03    0.00    0.23 ^ clkbuf_1_0_1_clk/A (sky130_fd_sc_hd__clkbuf_8)
                  0.24    0.26    0.49 ^ clkbuf_1_0_1_clk/X (sky130_fd_sc_hd__clkbuf_8)
    12    0.14                           clknet_1_0_1_clk (net)
                  0.24    0.01    0.50 ^ clkbuf_opt_1_0_clk/A (sky130_fd_sc_hd__clkbuf_16)
                  0.04    0.18    0.68 ^ clkbuf_opt_1_0_clk/X (sky130_fd_sc_hd__clkbuf_16)
     1    0.01                           clknet_opt_1_0_clk (net)
                  0.04    0.00    0.69 ^ clkbuf_leaf_1_clk/A (sky130_fd_sc_hd__clkbuf_16)
                  0.08    0.16    0.85 ^ clkbuf_leaf_1_clk/X (sky130_fd_sc_hd__clkbuf_16)
    25    0.07                           clknet_leaf_1_clk (net)
                  0.08    0.00    0.85 ^ _26437_/CLK (sky130_fd_sc_hd__dfrtp_1)
                          0.20    1.05   clock uncertainty
                          0.00    1.05   clock reconvergence pessimism
                         -0.03    1.02   library hold time
                                  1.02   data required time
-----------------------------------------------------------------------------
                                  1.02   data required time
                                 -1.16   data arrival time
-----------------------------------------------------------------------------
                                  0.14   slack (MET)


Startpoint: _26195_ (rising edge-triggered flip-flop clocked by clk)
Endpoint: _26207_ (rising edge-triggered flip-flop clocked by clk)
Path Group: clk
Path Type: min

Fanout     Cap    Slew   Delay    Time   Description
-----------------------------------------------------------------------------
                          0.00    0.00   clock clk (rise edge)
                          0.00    0.00   clock source latency
                  0.00    0.00    0.00 ^ clk (in)
     1    0.04                           clk (net)
                  0.00    0.00    0.00 ^ clkbuf_0_clk/A (sky130_fd_sc_hd__clkbuf_16)
                  0.04    0.11    0.11 ^ clkbuf_0_clk/X (sky130_fd_sc_hd__clkbuf_16)
     2    0.02                           clknet_0_clk (net)
                  0.04    0.00    0.11 ^ clkbuf_1_1_0_clk/A (sky130_fd_sc_hd__clkbuf_8)
                  0.03    0.11    0.23 ^ clkbuf_1_1_0_clk/X (sky130_fd_sc_hd__clkbuf_8)
     1    0.01                           clknet_1_1_0_clk (net)
                  0.03    0.00    0.23 ^ clkbuf_1_1_1_clk/A (sky130_fd_sc_hd__clkbuf_8)
                  0.28    0.29    0.52 ^ clkbuf_1_1_1_clk/X (sky130_fd_sc_hd__clkbuf_8)
    15    0.16                           clknet_1_1_1_clk (net)
                  0.28    0.01    0.52 ^ clkbuf_leaf_17_clk/A (sky130_fd_sc_hd__clkbuf_16)
                  0.05    0.21    0.73 ^ clkbuf_leaf_17_clk/X (sky130_fd_sc_hd__clkbuf_16)
     8    0.03                           clknet_leaf_17_clk (net)
                  0.05    0.00    0.73 ^ _26195_/CLK (sky130_fd_sc_hd__dfrtp_1)
                  0.05    0.32    1.05 ^ _26195_/Q (sky130_fd_sc_hd__dfrtp_1)
     1    0.00                           STAGE2.SR4.delay_re[1][2] (net)
                  0.05    0.00    1.05 ^ _26207_/D (sky130_fd_sc_hd__dfrtp_1)
                                  1.05   data arrival time

                          0.00    0.00   clock clk (rise edge)
                          0.00    0.00   clock source latency
                  0.00    0.00    0.00 ^ clk (in)
     1    0.04                           clk (net)
                  0.00    0.00    0.00 ^ clkbuf_0_clk/A (sky130_fd_sc_hd__clkbuf_16)
                  0.04    0.11    0.11 ^ clkbuf_0_clk/X (sky130_fd_sc_hd__clkbuf_16)
     2    0.02                           clknet_0_clk (net)
                  0.04    0.00    0.11 ^ clkbuf_1_1_0_clk/A (sky130_fd_sc_hd__clkbuf_8)
                  0.03    0.11    0.23 ^ clkbuf_1_1_0_clk/X (sky130_fd_sc_hd__clkbuf_8)
     1    0.01                           clknet_1_1_0_clk (net)
                  0.03    0.00    0.23 ^ clkbuf_1_1_1_clk/A (sky130_fd_sc_hd__clkbuf_8)
                  0.28    0.29    0.52 ^ clkbuf_1_1_1_clk/X (sky130_fd_sc_hd__clkbuf_8)
    15    0.16                           clknet_1_1_1_clk (net)
                  0.28    0.00    0.52 ^ clkbuf_leaf_25_clk/A (sky130_fd_sc_hd__clkbuf_16)
                  0.06    0.21    0.74 ^ clkbuf_leaf_25_clk/X (sky130_fd_sc_hd__clkbuf_16)
    12    0.03                           clknet_leaf_25_clk (net)
                  0.06    0.00    0.74 ^ _26207_/CLK (sky130_fd_sc_hd__dfrtp_1)
                          0.20    0.94   clock uncertainty
                          0.00    0.94   clock reconvergence pessimism
                         -0.03    0.90   library hold time
                                  0.90   data required time
-----------------------------------------------------------------------------
                                  0.90   data required time
                                 -1.05   data arrival time
-----------------------------------------------------------------------------
                                  0.15   slack (MET)


Startpoint: _26211_ (rising edge-triggered flip-flop clocked by clk)
Endpoint: _26223_ (rising edge-triggered flip-flop clocked by clk)
Path Group: clk
Path Type: min

Fanout     Cap    Slew   Delay    Time   Description
-----------------------------------------------------------------------------
                          0.00    0.00   clock clk (rise edge)
                          0.00    0.00   clock source latency
                  0.00    0.00    0.00 ^ clk (in)
     1    0.04                           clk (net)
                  0.00    0.00    0.00 ^ clkbuf_0_clk/A (sky130_fd_sc_hd__clkbuf_16)
                  0.04    0.11    0.11 ^ clkbuf_0_clk/X (sky130_fd_sc_hd__clkbuf_16)
     2    0.02                           clknet_0_clk (net)
                  0.04    0.00    0.11 ^ clkbuf_1_1_0_clk/A (sky130_fd_sc_hd__clkbuf_8)
                  0.03    0.11    0.23 ^ clkbuf_1_1_0_clk/X (sky130_fd_sc_hd__clkbuf_8)
     1    0.01                           clknet_1_1_0_clk (net)
                  0.03    0.00    0.23 ^ clkbuf_1_1_1_clk/A (sky130_fd_sc_hd__clkbuf_8)
                  0.28    0.29    0.52 ^ clkbuf_1_1_1_clk/X (sky130_fd_sc_hd__clkbuf_8)
    15    0.16                           clknet_1_1_1_clk (net)
                  0.28    0.00    0.52 ^ clkbuf_leaf_11_clk/A (sky130_fd_sc_hd__clkbuf_16)
                  0.05    0.20    0.73 ^ clkbuf_leaf_11_clk/X (sky130_fd_sc_hd__clkbuf_16)
     7    0.02                           clknet_leaf_11_clk (net)
                  0.05    0.00    0.73 ^ _26211_/CLK (sky130_fd_sc_hd__dfrtp_1)
                  0.05    0.32    1.05 ^ _26211_/Q (sky130_fd_sc_hd__dfrtp_1)
     1    0.00                           STAGE2.SR4.delay_re[2][6] (net)
                  0.05    0.00    1.05 ^ _26223_/D (sky130_fd_sc_hd__dfrtp_1)
                                  1.05   data arrival time

                          0.00    0.00   clock clk (rise edge)
                          0.00    0.00   clock source latency
                  0.00    0.00    0.00 ^ clk (in)
     1    0.04                           clk (net)
                  0.00    0.00    0.00 ^ clkbuf_0_clk/A (sky130_fd_sc_hd__clkbuf_16)
                  0.04    0.11    0.11 ^ clkbuf_0_clk/X (sky130_fd_sc_hd__clkbuf_16)
     2    0.02                           clknet_0_clk (net)
                  0.04    0.00    0.11 ^ clkbuf_1_1_0_clk/A (sky130_fd_sc_hd__clkbuf_8)
                  0.03    0.11    0.23 ^ clkbuf_1_1_0_clk/X (sky130_fd_sc_hd__clkbuf_8)
     1    0.01                           clknet_1_1_0_clk (net)
                  0.03    0.00    0.23 ^ clkbuf_1_1_1_clk/A (sky130_fd_sc_hd__clkbuf_8)
                  0.28    0.29    0.52 ^ clkbuf_1_1_1_clk/X (sky130_fd_sc_hd__clkbuf_8)
    15    0.16                           clknet_1_1_1_clk (net)
                  0.28    0.00    0.52 ^ clkbuf_leaf_15_clk/A (sky130_fd_sc_hd__clkbuf_16)
                  0.06    0.22    0.74 ^ clkbuf_leaf_15_clk/X (sky130_fd_sc_hd__clkbuf_16)
    13    0.04                           clknet_leaf_15_clk (net)
                  0.06    0.00    0.74 ^ _26223_/CLK (sky130_fd_sc_hd__dfrtp_1)
                          0.20    0.94   clock uncertainty
                          0.00    0.94   clock reconvergence pessimism
                         -0.03    0.90   library hold time
                                  0.90   data required time
-----------------------------------------------------------------------------
                                  0.90   data required time
                                 -1.05   data arrival time
-----------------------------------------------------------------------------
                                  0.15   slack (MET)


Startpoint: _26309_ (rising edge-triggered flip-flop clocked by clk)
Endpoint: _26321_ (rising edge-triggered flip-flop clocked by clk)
Path Group: clk
Path Type: min

Fanout     Cap    Slew   Delay    Time   Description
-----------------------------------------------------------------------------
                          0.00    0.00   clock clk (rise edge)
                          0.00    0.00   clock source latency
                  0.00    0.00    0.00 ^ clk (in)
     1    0.04                           clk (net)
                  0.00    0.00    0.00 ^ clkbuf_0_clk/A (sky130_fd_sc_hd__clkbuf_16)
                  0.04    0.11    0.11 ^ clkbuf_0_clk/X (sky130_fd_sc_hd__clkbuf_16)
     2    0.02                           clknet_0_clk (net)
                  0.04    0.00    0.11 ^ clkbuf_1_1_0_clk/A (sky130_fd_sc_hd__clkbuf_8)
                  0.03    0.11    0.23 ^ clkbuf_1_1_0_clk/X (sky130_fd_sc_hd__clkbuf_8)
     1    0.01                           clknet_1_1_0_clk (net)
                  0.03    0.00    0.23 ^ clkbuf_1_1_1_clk/A (sky130_fd_sc_hd__clkbuf_8)
                  0.28    0.29    0.52 ^ clkbuf_1_1_1_clk/X (sky130_fd_sc_hd__clkbuf_8)
    15    0.16                           clknet_1_1_1_clk (net)
                  0.28    0.01    0.52 ^ clkbuf_leaf_23_clk/A (sky130_fd_sc_hd__clkbuf_16)
                  0.05    0.21    0.73 ^ clkbuf_leaf_23_clk/X (sky130_fd_sc_hd__clkbuf_16)
     9    0.03                           clknet_leaf_23_clk (net)
                  0.05    0.00    0.73 ^ _26309_/CLK (sky130_fd_sc_hd__dfrtp_1)
                  0.04    0.32    1.05 ^ _26309_/Q (sky130_fd_sc_hd__dfrtp_1)
     1    0.00                           STAGE3.SR2.delay_im[0][1] (net)
                  0.04    0.00    1.05 ^ _26321_/D (sky130_fd_sc_hd__dfrtp_1)
                                  1.05   data arrival time

                          0.00    0.00   clock clk (rise edge)
                          0.00    0.00   clock source latency
                  0.00    0.00    0.00 ^ clk (in)
     1    0.04                           clk (net)
                  0.00    0.00    0.00 ^ clkbuf_0_clk/A (sky130_fd_sc_hd__clkbuf_16)
                  0.04    0.11    0.11 ^ clkbuf_0_clk/X (sky130_fd_sc_hd__clkbuf_16)
     2    0.02                           clknet_0_clk (net)
                  0.04    0.00    0.11 ^ clkbuf_1_1_0_clk/A (sky130_fd_sc_hd__clkbuf_8)
                  0.03    0.11    0.23 ^ clkbuf_1_1_0_clk/X (sky130_fd_sc_hd__clkbuf_8)
     1    0.01                           clknet_1_1_0_clk (net)
                  0.03    0.00    0.23 ^ clkbuf_1_1_1_clk/A (sky130_fd_sc_hd__clkbuf_8)
                  0.28    0.29    0.52 ^ clkbuf_1_1_1_clk/X (sky130_fd_sc_hd__clkbuf_8)
    15    0.16                           clknet_1_1_1_clk (net)
                  0.28    0.01    0.52 ^ clkbuf_leaf_23_clk/A (sky130_fd_sc_hd__clkbuf_16)
                  0.05    0.21    0.73 ^ clkbuf_leaf_23_clk/X (sky130_fd_sc_hd__clkbuf_16)
     9    0.03                           clknet_leaf_23_clk (net)
                  0.05    0.00    0.73 ^ _26321_/CLK (sky130_fd_sc_hd__dfrtp_1)
                          0.20    0.93   clock uncertainty
                          0.00    0.93   clock reconvergence pessimism
                         -0.03    0.90   library hold time
                                  0.90   data required time
-----------------------------------------------------------------------------
                                  0.90   data required time
                                 -1.05   data arrival time
-----------------------------------------------------------------------------
                                  0.15   slack (MET)


min_report_end
max_report

===========================================================================
report_checks -path_delay max (Setup)
============================================================================
Startpoint: _26142_ (rising edge-triggered flip-flop clocked by clk)
Endpoint: _26189_ (rising edge-triggered flip-flop clocked by clk)
Path Group: clk
Path Type: max

Fanout     Cap    Slew   Delay    Time   Description
-----------------------------------------------------------------------------
                          0.00    0.00   clock clk (rise edge)
                          0.00    0.00   clock source latency
                  0.00    0.00    0.00 ^ clk (in)
     1    0.04                           clk (net)
                  0.00    0.00    0.00 ^ clkbuf_0_clk/A (sky130_fd_sc_hd__clkbuf_16)
                  0.04    0.11    0.11 ^ clkbuf_0_clk/X (sky130_fd_sc_hd__clkbuf_16)
     2    0.02                           clknet_0_clk (net)
                  0.04    0.00    0.11 ^ clkbuf_1_1_0_clk/A (sky130_fd_sc_hd__clkbuf_8)
                  0.03    0.11    0.23 ^ clkbuf_1_1_0_clk/X (sky130_fd_sc_hd__clkbuf_8)
     1    0.01                           clknet_1_1_0_clk (net)
                  0.03    0.00    0.23 ^ clkbuf_1_1_1_clk/A (sky130_fd_sc_hd__clkbuf_8)
                  0.28    0.29    0.52 ^ clkbuf_1_1_1_clk/X (sky130_fd_sc_hd__clkbuf_8)
    15    0.16                           clknet_1_1_1_clk (net)
                  0.28    0.01    0.52 ^ clkbuf_leaf_23_clk/A (sky130_fd_sc_hd__clkbuf_16)
                  0.05    0.21    0.73 ^ clkbuf_leaf_23_clk/X (sky130_fd_sc_hd__clkbuf_16)
     9    0.03                           clknet_leaf_23_clk (net)
                  0.05    0.00    0.73 ^ _26142_/CLK (sky130_fd_sc_hd__dfrtp_1)
                  0.07    0.39    1.13 v _26142_/Q (sky130_fd_sc_hd__dfrtp_1)
     2    0.01                           STAGE1.BUTTERFLY.a_im[2] (net)
                  0.07    0.00    1.13 v _13082_/A (sky130_fd_sc_hd__clkbuf_2)
                  0.08    0.16    1.29 v _13082_/X (sky130_fd_sc_hd__clkbuf_2)
     5    0.02                           _07006_ (net)
                  0.08    0.00    1.29 v _13083_/B (sky130_fd_sc_hd__and2_1)
                  0.09    0.22    1.50 v _13083_/X (sky130_fd_sc_hd__and2_1)
     5    0.02                           _07017_ (net)
                  0.09    0.00    1.51 v _19025_/B1 (sky130_fd_sc_hd__a21oi_1)
                  0.24    0.23    1.74 ^ _19025_/Y (sky130_fd_sc_hd__a21oi_1)
     2    0.01                           _09016_ (net)
                  0.24    0.00    1.74 ^ _19057_/B (sky130_fd_sc_hd__nand2_1)
                  0.09    0.13    1.86 v _19057_/Y (sky130_fd_sc_hd__nand2_1)
     2    0.01                           _09052_ (net)
                  0.09    0.00    1.86 v _19079_/A1 (sky130_fd_sc_hd__a21oi_2)
                  0.22    0.23    2.10 ^ _19079_/Y (sky130_fd_sc_hd__a21oi_2)
     4    0.02                           _09076_ (net)
                  0.22    0.00    2.10 ^ _19083_/A (sky130_fd_sc_hd__nand2_2)
                  0.11    0.13    2.23 v _19083_/Y (sky130_fd_sc_hd__nand2_2)
     4    0.02                           _09080_ (net)
                  0.11    0.00    2.23 v _19085_/A2 (sky130_fd_sc_hd__a21oi_4)
                  0.22    0.26    2.49 ^ _19085_/Y (sky130_fd_sc_hd__a21oi_4)
     3    0.03                           _09082_ (net)
                  0.22    0.00    2.49 ^ _19087_/A (sky130_fd_sc_hd__nor2_4)
                  0.08    0.11    2.60 v _19087_/Y (sky130_fd_sc_hd__nor2_4)
     5    0.04                           _09085_ (net)
                  0.08    0.00    2.60 v _19115_/A1 (sky130_fd_sc_hd__o21bai_4)
                  0.23    0.25    2.85 ^ _19115_/Y (sky130_fd_sc_hd__o21bai_4)
     5    0.03                           _09115_ (net)
                  0.23    0.00    2.85 ^ _19124_/A (sky130_fd_sc_hd__nand3_1)
                  0.16    0.19    3.04 v _19124_/Y (sky130_fd_sc_hd__nand3_1)
     3    0.01                           _09125_ (net)
                  0.16    0.00    3.04 v _19853_/C (sky130_fd_sc_hd__nor3_2)
                  0.32    0.29    3.33 ^ _19853_/Y (sky130_fd_sc_hd__nor3_2)
     2    0.02                           _09927_ (net)
                  0.32    0.00    3.33 ^ _19854_/A (sky130_fd_sc_hd__clkbuf_2)
                  0.15    0.25    3.59 ^ _19854_/X (sky130_fd_sc_hd__clkbuf_2)
     5    0.03                           _09928_ (net)
                  0.15    0.00    3.59 ^ _19882_/B2 (sky130_fd_sc_hd__o22ai_1)
                  0.08    0.10    3.69 v _19882_/Y (sky130_fd_sc_hd__o22ai_1)
     2    0.00                           _09959_ (net)
                  0.08    0.00    3.69 v _19898_/A (sky130_fd_sc_hd__buf_2)
                  0.08    0.19    3.87 v _19898_/X (sky130_fd_sc_hd__buf_2)
     5    0.03                           _09977_ (net)
                  0.08    0.00    3.87 v _19931_/A (sky130_fd_sc_hd__clkbuf_2)
                  0.09    0.17    4.05 v _19931_/X (sky130_fd_sc_hd__clkbuf_2)
     5    0.02                           _10013_ (net)
                  0.09    0.00    4.05 v _19932_/A (sky130_fd_sc_hd__clkbuf_4)
                  0.09    0.22    4.26 v _19932_/X (sky130_fd_sc_hd__clkbuf_4)
     5    0.04                           _10014_ (net)
                  0.09    0.00    4.26 v _19938_/A1 (sky130_fd_sc_hd__a21oi_4)
                  0.44    0.40    4.66 ^ _19938_/Y (sky130_fd_sc_hd__a21oi_4)
     5    0.06                           _10021_ (net)
                  0.44    0.01    4.67 ^ _19952_/A3 (sky130_fd_sc_hd__o31ai_2)
                  0.11    0.13    4.80 v _19952_/Y (sky130_fd_sc_hd__o31ai_2)
     2    0.01                           _10036_ (net)
                  0.11    0.00    4.80 v _19953_/B1 (sky130_fd_sc_hd__o21ai_2)
                  0.19    0.12    4.92 ^ _19953_/Y (sky130_fd_sc_hd__o21ai_2)
     2    0.01                           _10037_ (net)
                  0.19    0.00    4.92 ^ _19975_/B (sky130_fd_sc_hd__nand3b_4)
                  0.11    0.14    5.07 v _19975_/Y (sky130_fd_sc_hd__nand3b_4)
     5    0.02                           _10061_ (net)
                  0.11    0.00    5.07 v _20156_/A_N (sky130_fd_sc_hd__nand3b_1)
                  0.13    0.24    5.31 v _20156_/Y (sky130_fd_sc_hd__nand3b_1)
     2    0.01                           _10260_ (net)
                  0.13    0.00    5.31 v _20157_/A (sky130_fd_sc_hd__dlymetal6s2s_1)
                  0.09    0.22    5.52 v _20157_/X (sky130_fd_sc_hd__dlymetal6s2s_1)
     5    0.01                           _10262_ (net)
                  0.09    0.00    5.52 v _20195_/A1_N (sky130_fd_sc_hd__o2bb2ai_1)
                  0.06    0.14    5.67 v _20195_/Y (sky130_fd_sc_hd__o2bb2ai_1)
     1    0.00                           _10303_ (net)
                  0.06    0.00    5.67 v _20200_/A (sky130_fd_sc_hd__nand3_1)
                  0.14    0.13    5.79 ^ _20200_/Y (sky130_fd_sc_hd__nand3_1)
     4    0.01                           _10309_ (net)
                  0.14    0.00    5.79 ^ _20313_/B (sky130_fd_sc_hd__nand4_1)
                  0.10    0.13    5.92 v _20313_/Y (sky130_fd_sc_hd__nand4_1)
     2    0.01                           _10433_ (net)
                  0.10    0.00    5.92 v _20314_/A (sky130_fd_sc_hd__clkbuf_2)
                  0.09    0.18    6.10 v _20314_/X (sky130_fd_sc_hd__clkbuf_2)
     5    0.02                           _10434_ (net)
                  0.09    0.00    6.10 v _20318_/A2 (sky130_fd_sc_hd__a21oi_2)
                  0.22    0.25    6.35 ^ _20318_/Y (sky130_fd_sc_hd__a21oi_2)
     3    0.02                           _10439_ (net)
                  0.22    0.00    6.35 ^ _20319_/B2 (sky130_fd_sc_hd__o22ai_1)
                  0.09    0.13    6.48 v _20319_/Y (sky130_fd_sc_hd__o22ai_1)
     2    0.01                           _10440_ (net)
                  0.09    0.00    6.48 v _20451_/A (sky130_fd_sc_hd__nand3_1)
                  0.16    0.15    6.63 ^ _20451_/Y (sky130_fd_sc_hd__nand3_1)
     2    0.01                           _10585_ (net)
                  0.16    0.00    6.63 ^ _20459_/A2 (sky130_fd_sc_hd__a21oi_1)
                  0.09    0.13    6.76 v _20459_/Y (sky130_fd_sc_hd__a21oi_1)
     1    0.01                           _10594_ (net)
                  0.09    0.00    6.76 v _20460_/B1 (sky130_fd_sc_hd__a21oi_4)
                  0.22    0.22    6.98 ^ _20460_/Y (sky130_fd_sc_hd__a21oi_4)
     3    0.03                           _10595_ (net)
                  0.22    0.00    6.98 ^ _21212_/A1 (sky130_fd_sc_hd__o211ai_4)
                  0.10    0.14    7.12 v _21212_/Y (sky130_fd_sc_hd__o211ai_4)
     3    0.02                           _11421_ (net)
                  0.10    0.00    7.12 v _21457_/A3 (sky130_fd_sc_hd__a31oi_4)
                  0.28    0.31    7.43 ^ _21457_/Y (sky130_fd_sc_hd__a31oi_4)
     2    0.03                           _11690_ (net)
                  0.28    0.00    7.44 ^ _22304_/A (sky130_fd_sc_hd__nand4_2)
                  0.15    0.17    7.61 v _22304_/Y (sky130_fd_sc_hd__nand4_2)
     2    0.01                           _12617_ (net)
                  0.15    0.00    7.61 v _22311_/A2 (sky130_fd_sc_hd__o211ai_4)
                  0.28    0.30    7.91 ^ _22311_/Y (sky130_fd_sc_hd__o211ai_4)
     3    0.03                           _12625_ (net)
                  0.28    0.00    7.91 ^ _22694_/A1 (sky130_fd_sc_hd__a31oi_4)
                  0.15    0.19    8.10 v _22694_/Y (sky130_fd_sc_hd__a31oi_4)
     4    0.03                           _00124_ (net)
                  0.15    0.00    8.11 v _22695_/C1 (sky130_fd_sc_hd__a211o_2)
                  0.13    0.41    8.51 v _22695_/X (sky130_fd_sc_hd__a211o_2)
     1    0.04                           _00125_ (net)
                  0.13    0.00    8.52 v _22698_/B1 (sky130_fd_sc_hd__a22o_1)
                  0.08    0.25    8.77 v _22698_/X (sky130_fd_sc_hd__a22o_1)
     1    0.01                           STAGE2.SR4.din_re[8] (net)
                  0.08    0.00    8.77 v _26189_/D (sky130_fd_sc_hd__dfrtp_1)
                                  8.77   data arrival time

                         20.00   20.00   clock clk (rise edge)
                          0.00   20.00   clock source latency
                  0.00    0.00   20.00 ^ clk (in)
     1    0.04                           clk (net)
                  0.00    0.00   20.00 ^ clkbuf_0_clk/A (sky130_fd_sc_hd__clkbuf_16)
                  0.04    0.11   20.11 ^ clkbuf_0_clk/X (sky130_fd_sc_hd__clkbuf_16)
     2    0.02                           clknet_0_clk (net)
                  0.04    0.00   20.11 ^ clkbuf_1_0_0_clk/A (sky130_fd_sc_hd__clkbuf_8)
                  0.03    0.11   20.23 ^ clkbuf_1_0_0_clk/X (sky130_fd_sc_hd__clkbuf_8)
     1    0.01                           clknet_1_0_0_clk (net)
                  0.03    0.00   20.23 ^ clkbuf_1_0_1_clk/A (sky130_fd_sc_hd__clkbuf_8)
                  0.24    0.26   20.49 ^ clkbuf_1_0_1_clk/X (sky130_fd_sc_hd__clkbuf_8)
    12    0.14                           clknet_1_0_1_clk (net)
                  0.24    0.01   20.50 ^ clkbuf_leaf_12_clk/A (sky130_fd_sc_hd__clkbuf_16)
                  0.06    0.20   20.70 ^ clkbuf_leaf_12_clk/X (sky130_fd_sc_hd__clkbuf_16)
    12    0.03                           clknet_leaf_12_clk (net)
                  0.06    0.00   20.70 ^ _26189_/CLK (sky130_fd_sc_hd__dfrtp_1)
                         -0.10   20.60   clock uncertainty
                          0.00   20.60   clock reconvergence pessimism
                         -0.13   20.47   library setup time
                                 20.47   data required time
-----------------------------------------------------------------------------
                                 20.47   data required time
                                 -8.77   data arrival time
-----------------------------------------------------------------------------
                                 11.70   slack (MET)


Startpoint: _26142_ (rising edge-triggered flip-flop clocked by clk)
Endpoint: _26192_ (rising edge-triggered flip-flop clocked by clk)
Path Group: clk
Path Type: max

Fanout     Cap    Slew   Delay    Time   Description
-----------------------------------------------------------------------------
                          0.00    0.00   clock clk (rise edge)
                          0.00    0.00   clock source latency
                  0.00    0.00    0.00 ^ clk (in)
     1    0.04                           clk (net)
                  0.00    0.00    0.00 ^ clkbuf_0_clk/A (sky130_fd_sc_hd__clkbuf_16)
                  0.04    0.11    0.11 ^ clkbuf_0_clk/X (sky130_fd_sc_hd__clkbuf_16)
     2    0.02                           clknet_0_clk (net)
                  0.04    0.00    0.11 ^ clkbuf_1_1_0_clk/A (sky130_fd_sc_hd__clkbuf_8)
                  0.03    0.11    0.23 ^ clkbuf_1_1_0_clk/X (sky130_fd_sc_hd__clkbuf_8)
     1    0.01                           clknet_1_1_0_clk (net)
                  0.03    0.00    0.23 ^ clkbuf_1_1_1_clk/A (sky130_fd_sc_hd__clkbuf_8)
                  0.28    0.29    0.52 ^ clkbuf_1_1_1_clk/X (sky130_fd_sc_hd__clkbuf_8)
    15    0.16                           clknet_1_1_1_clk (net)
                  0.28    0.01    0.52 ^ clkbuf_leaf_23_clk/A (sky130_fd_sc_hd__clkbuf_16)
                  0.05    0.21    0.73 ^ clkbuf_leaf_23_clk/X (sky130_fd_sc_hd__clkbuf_16)
     9    0.03                           clknet_leaf_23_clk (net)
                  0.05    0.00    0.73 ^ _26142_/CLK (sky130_fd_sc_hd__dfrtp_1)
                  0.07    0.39    1.13 v _26142_/Q (sky130_fd_sc_hd__dfrtp_1)
     2    0.01                           STAGE1.BUTTERFLY.a_im[2] (net)
                  0.07    0.00    1.13 v _13082_/A (sky130_fd_sc_hd__clkbuf_2)
                  0.08    0.16    1.29 v _13082_/X (sky130_fd_sc_hd__clkbuf_2)
     5    0.02                           _07006_ (net)
                  0.08    0.00    1.29 v _13083_/B (sky130_fd_sc_hd__and2_1)
                  0.09    0.22    1.50 v _13083_/X (sky130_fd_sc_hd__and2_1)
     5    0.02                           _07017_ (net)
                  0.09    0.00    1.51 v _19025_/B1 (sky130_fd_sc_hd__a21oi_1)
                  0.24    0.23    1.74 ^ _19025_/Y (sky130_fd_sc_hd__a21oi_1)
     2    0.01                           _09016_ (net)
                  0.24    0.00    1.74 ^ _19027_/A2 (sky130_fd_sc_hd__a21oi_2)
                  0.09    0.13    1.87 v _19027_/Y (sky130_fd_sc_hd__a21oi_2)
     3    0.02                           _09019_ (net)
                  0.09    0.00    1.87 v _19033_/A2 (sky130_fd_sc_hd__o211ai_4)
                  0.27    0.27    2.14 ^ _19033_/Y (sky130_fd_sc_hd__o211ai_4)
     5    0.03                           _09025_ (net)
                  0.27    0.00    2.14 ^ _19134_/A (sky130_fd_sc_hd__nand3_1)
                  0.16    0.20    2.34 v _19134_/Y (sky130_fd_sc_hd__nand3_1)
     2    0.01                           _09136_ (net)
                  0.16    0.00    2.34 v _19138_/A2 (sky130_fd_sc_hd__a21oi_2)
                  0.21    0.27    2.61 ^ _19138_/Y (sky130_fd_sc_hd__a21oi_2)
     2    0.02                           _09141_ (net)
                  0.21    0.00    2.61 ^ _19151_/A (sky130_fd_sc_hd__clkbuf_2)
                  0.15    0.23    2.84 ^ _19151_/X (sky130_fd_sc_hd__clkbuf_2)
     5    0.03                           _09155_ (net)
                  0.15    0.00    2.84 ^ _19868_/A1_N (sky130_fd_sc_hd__a2bb2oi_4)
                  0.25    0.28    3.12 ^ _19868_/Y (sky130_fd_sc_hd__a2bb2oi_4)
     4    0.03                           _09944_ (net)
                  0.25    0.00    3.12 ^ _19881_/A (sky130_fd_sc_hd__nand2_1)
                  0.14    0.17    3.29 v _19881_/Y (sky130_fd_sc_hd__nand2_1)
     3    0.01                           _09958_ (net)
                  0.14    0.00    3.29 v _20095_/A2 (sky130_fd_sc_hd__o21ai_4)
                  0.24    0.26    3.55 ^ _20095_/Y (sky130_fd_sc_hd__o21ai_4)
     3    0.03                           _10193_ (net)
                  0.24    0.00    3.55 ^ _20127_/B2 (sky130_fd_sc_hd__a2bb2oi_4)
                  0.10    0.12    3.66 v _20127_/Y (sky130_fd_sc_hd__a2bb2oi_4)
     2    0.02                           _10229_ (net)
                  0.10    0.00    3.67 v _20128_/A (sky130_fd_sc_hd__buf_2)
                  0.08    0.19    3.86 v _20128_/X (sky130_fd_sc_hd__buf_2)
     5    0.03                           _10230_ (net)
                  0.08    0.00    3.86 v _20993_/B2 (sky130_fd_sc_hd__o22ai_4)
                  0.27    0.22    4.08 ^ _20993_/Y (sky130_fd_sc_hd__o22ai_4)
     5    0.03                           _11180_ (net)
                  0.27    0.00    4.08 ^ _21327_/A (sky130_fd_sc_hd__clkbuf_2)
                  0.12    0.23    4.31 ^ _21327_/X (sky130_fd_sc_hd__clkbuf_2)
     5    0.02                           _11547_ (net)
                  0.12    0.00    4.31 ^ _21738_/A (sky130_fd_sc_hd__clkbuf_2)
                  0.15    0.21    4.51 ^ _21738_/X (sky130_fd_sc_hd__clkbuf_2)
     5    0.03                           _11997_ (net)
                  0.15    0.00    4.51 ^ _21763_/A (sky130_fd_sc_hd__clkbuf_4)
                  0.15    0.25    4.76 ^ _21763_/X (sky130_fd_sc_hd__clkbuf_4)
     5    0.05                           _12024_ (net)
                  0.15    0.00    4.76 ^ _22321_/A (sky130_fd_sc_hd__dlymetal6s2s_1)
                  0.19    0.22    4.99 ^ _22321_/X (sky130_fd_sc_hd__dlymetal6s2s_1)
     5    0.02                           _12635_ (net)
                  0.19    0.00    4.99 ^ _22355_/A (sky130_fd_sc_hd__buf_2)
                  0.17    0.24    5.23 ^ _22355_/X (sky130_fd_sc_hd__buf_2)
     5    0.03                           _12672_ (net)
                  0.17    0.00    5.23 ^ _22362_/A4 (sky130_fd_sc_hd__a41oi_4)
                  0.12    0.15    5.38 v _22362_/Y (sky130_fd_sc_hd__a41oi_4)
     2    0.01                           _12680_ (net)
                  0.12    0.00    5.38 v _22585_/A1 (sky130_fd_sc_hd__a21oi_2)
                  0.23    0.26    5.63 ^ _22585_/Y (sky130_fd_sc_hd__a21oi_2)
     5    0.02                           _12924_ (net)
                  0.23    0.00    5.63 ^ _22769_/B (sky130_fd_sc_hd__nand2_1)
                  0.10    0.14    5.77 v _22769_/Y (sky130_fd_sc_hd__nand2_1)
     2    0.01                           _00206_ (net)
                  0.10    0.00    5.77 v _22786_/A2 (sky130_fd_sc_hd__a21o_1)
                  0.04    0.20    5.97 v _22786_/X (sky130_fd_sc_hd__a21o_1)
     2    0.01                           _00224_ (net)
                  0.04    0.00    5.97 v _22787_/A (sky130_fd_sc_hd__dlymetal6s2s_1)
                  0.09    0.18    6.15 v _22787_/X (sky130_fd_sc_hd__dlymetal6s2s_1)
     5    0.01                           _00226_ (net)
                  0.09    0.00    6.15 v _22792_/C (sky130_fd_sc_hd__and3b_1)
                  0.06    0.22    6.37 v _22792_/X (sky130_fd_sc_hd__and3b_1)
     2    0.01                           _00231_ (net)
                  0.06    0.00    6.37 v _22793_/B2 (sky130_fd_sc_hd__o2bb2ai_2)
                  0.25    0.23    6.61 ^ _22793_/Y (sky130_fd_sc_hd__o2bb2ai_2)
     5    0.02                           _00232_ (net)
                  0.25    0.00    6.61 ^ _22801_/A (sky130_fd_sc_hd__nand3_2)
                  0.13    0.16    6.76 v _22801_/Y (sky130_fd_sc_hd__nand3_2)
     4    0.01                           _00241_ (net)
                  0.13    0.00    6.76 v _22817_/A (sky130_fd_sc_hd__nand2_1)
                  0.15    0.17    6.93 ^ _22817_/Y (sky130_fd_sc_hd__nand2_1)
     2    0.02                           _00259_ (net)
                  0.15    0.00    6.93 ^ _22818_/B (sky130_fd_sc_hd__nor2_2)
                  0.10    0.09    7.02 v _22818_/Y (sky130_fd_sc_hd__nor2_2)
     4    0.02                           _00260_ (net)
                  0.10    0.00    7.02 v _22833_/A (sky130_fd_sc_hd__nor3_1)
                  0.31    0.32    7.34 ^ _22833_/Y (sky130_fd_sc_hd__nor3_1)
     2    0.01                           _00276_ (net)
                  0.31    0.00    7.34 ^ _22834_/B2 (sky130_fd_sc_hd__o22ai_2)
                  0.10    0.14    7.48 v _22834_/Y (sky130_fd_sc_hd__o22ai_2)
     1    0.01                           _00277_ (net)
                  0.10    0.00    7.48 v _22836_/A1 (sky130_fd_sc_hd__a21oi_4)
                  0.21    0.23    7.71 ^ _22836_/Y (sky130_fd_sc_hd__a21oi_4)
     3    0.02                           _00279_ (net)
                  0.21    0.00    7.71 ^ _22852_/A3 (sky130_fd_sc_hd__o31a_1)
                  0.13    0.21    7.91 ^ _22852_/X (sky130_fd_sc_hd__o31a_1)
     2    0.01                           _00296_ (net)
                  0.13    0.00    7.92 ^ _22853_/B1 (sky130_fd_sc_hd__o21a_1)
                  0.08    0.16    8.08 ^ _22853_/X (sky130_fd_sc_hd__o21a_1)
     2    0.01                           _00297_ (net)
                  0.08    0.00    8.08 ^ _22958_/A2 (sky130_fd_sc_hd__a21oi_1)
                  0.08    0.09    8.17 v _22958_/Y (sky130_fd_sc_hd__a21oi_1)
     2    0.01                           _00413_ (net)
                  0.08    0.00    8.17 v _23019_/A2 (sky130_fd_sc_hd__o21bai_1)
                  0.17    0.18    8.34 ^ _23019_/Y (sky130_fd_sc_hd__o21bai_1)
     1    0.01                           _00479_ (net)
                  0.17    0.00    8.35 ^ _23025_/A (sky130_fd_sc_hd__nand2_2)
                  0.15    0.16    8.51 v _23025_/Y (sky130_fd_sc_hd__nand2_2)
     1    0.03                           _00485_ (net)
                  0.15    0.00    8.51 v _23028_/A1 (sky130_fd_sc_hd__a21o_1)
                  0.05    0.21    8.73 v _23028_/X (sky130_fd_sc_hd__a21o_1)
     1    0.01                           STAGE2.SR4.din_re[11] (net)
                  0.05    0.00    8.73 v _26192_/D (sky130_fd_sc_hd__dfrtp_1)
                                  8.73   data arrival time

                         20.00   20.00   clock clk (rise edge)
                          0.00   20.00   clock source latency
                  0.00    0.00   20.00 ^ clk (in)
     1    0.04                           clk (net)
                  0.00    0.00   20.00 ^ clkbuf_0_clk/A (sky130_fd_sc_hd__clkbuf_16)
                  0.04    0.11   20.11 ^ clkbuf_0_clk/X (sky130_fd_sc_hd__clkbuf_16)
     2    0.02                           clknet_0_clk (net)
                  0.04    0.00   20.11 ^ clkbuf_1_0_0_clk/A (sky130_fd_sc_hd__clkbuf_8)
                  0.03    0.11   20.23 ^ clkbuf_1_0_0_clk/X (sky130_fd_sc_hd__clkbuf_8)
     1    0.01                           clknet_1_0_0_clk (net)
                  0.03    0.00   20.23 ^ clkbuf_1_0_1_clk/A (sky130_fd_sc_hd__clkbuf_8)
                  0.24    0.26   20.49 ^ clkbuf_1_0_1_clk/X (sky130_fd_sc_hd__clkbuf_8)
    12    0.14                           clknet_1_0_1_clk (net)
                  0.24    0.01   20.50 ^ clkbuf_leaf_12_clk/A (sky130_fd_sc_hd__clkbuf_16)
                  0.06    0.20   20.70 ^ clkbuf_leaf_12_clk/X (sky130_fd_sc_hd__clkbuf_16)
    12    0.03                           clknet_leaf_12_clk (net)
                  0.06    0.00   20.70 ^ _26192_/CLK (sky130_fd_sc_hd__dfrtp_1)
                         -0.10   20.60   clock uncertainty
                          0.00   20.60   clock reconvergence pessimism
                         -0.12   20.48   library setup time
                                 20.48   data required time
-----------------------------------------------------------------------------
                                 20.48   data required time
                                 -8.73   data arrival time
-----------------------------------------------------------------------------
                                 11.76   slack (MET)


Startpoint: _26152_ (rising edge-triggered flip-flop clocked by clk)
Endpoint: _26067_ (rising edge-triggered flip-flop clocked by clk)
Path Group: clk
Path Type: max

Fanout     Cap    Slew   Delay    Time   Description
-----------------------------------------------------------------------------
                          0.00    0.00   clock clk (rise edge)
                          0.00    0.00   clock source latency
                  0.00    0.00    0.00 ^ clk (in)
     1    0.04                           clk (net)
                  0.00    0.00    0.00 ^ clkbuf_0_clk/A (sky130_fd_sc_hd__clkbuf_16)
                  0.04    0.11    0.11 ^ clkbuf_0_clk/X (sky130_fd_sc_hd__clkbuf_16)
     2    0.02                           clknet_0_clk (net)
                  0.04    0.00    0.11 ^ clkbuf_1_1_0_clk/A (sky130_fd_sc_hd__clkbuf_8)
                  0.03    0.11    0.23 ^ clkbuf_1_1_0_clk/X (sky130_fd_sc_hd__clkbuf_8)
     1    0.01                           clknet_1_1_0_clk (net)
                  0.03    0.00    0.23 ^ clkbuf_1_1_1_clk/A (sky130_fd_sc_hd__clkbuf_8)
                  0.28    0.29    0.52 ^ clkbuf_1_1_1_clk/X (sky130_fd_sc_hd__clkbuf_8)
    15    0.16                           clknet_1_1_1_clk (net)
                  0.28    0.01    0.52 ^ clkbuf_leaf_22_clk/A (sky130_fd_sc_hd__clkbuf_16)
                  0.09    0.24    0.76 ^ clkbuf_leaf_22_clk/X (sky130_fd_sc_hd__clkbuf_16)
    24    0.07                           clknet_leaf_22_clk (net)
                  0.09    0.00    0.77 ^ _26152_/CLK (sky130_fd_sc_hd__dfrtp_1)
                  0.07    0.35    1.12 ^ _26152_/Q (sky130_fd_sc_hd__dfrtp_1)
     2    0.01                           STAGE1.BUTTERFLY.b_im[0] (net)
                  0.07    0.00    1.12 ^ _12996_/A (sky130_fd_sc_hd__clkbuf_2)
                  0.13    0.17    1.29 ^ _12996_/X (sky130_fd_sc_hd__clkbuf_2)
     5    0.02                           _06063_ (net)
                  0.13    0.00    1.29 ^ _13093_/B_N (sky130_fd_sc_hd__nor2b_4)
                  0.29    0.32    1.62 ^ _13093_/Y (sky130_fd_sc_hd__nor2b_4)
     4    0.04                           _07127_ (net)
                  0.29    0.00    1.62 ^ _13094_/B1 (sky130_fd_sc_hd__o21ai_1)
                  0.09    0.12    1.74 v _13094_/Y (sky130_fd_sc_hd__o21ai_1)
     1    0.00                           _07138_ (net)
                  0.09    0.00    1.74 v _13095_/C1 (sky130_fd_sc_hd__o211ai_1)
                  0.19    0.12    1.85 ^ _13095_/Y (sky130_fd_sc_hd__o211ai_1)
     2    0.01                           _07149_ (net)
                  0.19    0.00    1.85 ^ _13101_/A1 (sky130_fd_sc_hd__a21o_1)
                  0.15    0.22    2.08 ^ _13101_/X (sky130_fd_sc_hd__a21o_1)
     3    0.02                           _07215_ (net)
                  0.15    0.00    2.08 ^ _13109_/A1 (sky130_fd_sc_hd__a21oi_1)
                  0.09    0.12    2.20 v _13109_/Y (sky130_fd_sc_hd__a21oi_1)
     1    0.01                           _07303_ (net)
                  0.09    0.00    2.20 v _13110_/B2 (sky130_fd_sc_hd__o22ai_4)
                  0.29    0.23    2.43 ^ _13110_/Y (sky130_fd_sc_hd__o22ai_4)
     5    0.03                           _07314_ (net)
                  0.29    0.00    2.43 ^ _13118_/A1 (sky130_fd_sc_hd__a21oi_2)
                  0.11    0.14    2.57 v _13118_/Y (sky130_fd_sc_hd__a21oi_2)
     3    0.02                           _07401_ (net)
                  0.11    0.00    2.57 v _13119_/B2 (sky130_fd_sc_hd__o22ai_4)
                  0.31    0.25    2.82 ^ _13119_/Y (sky130_fd_sc_hd__o22ai_4)
     4    0.03                           _07412_ (net)
                  0.31    0.00    2.83 ^ _13864_/A1 (sky130_fd_sc_hd__a21oi_4)
                  0.11    0.14    2.97 v _13864_/Y (sky130_fd_sc_hd__a21oi_4)
     5    0.03                           _02644_ (net)
                  0.11    0.00    2.97 v _13865_/B2 (sky130_fd_sc_hd__o22ai_1)
                  0.19    0.18    3.15 ^ _13865_/Y (sky130_fd_sc_hd__o22ai_1)
     2    0.01                           _02655_ (net)
                  0.19    0.00    3.15 ^ _13866_/A (sky130_fd_sc_hd__clkbuf_2)
                  0.12    0.20    3.35 ^ _13866_/X (sky130_fd_sc_hd__clkbuf_2)
     5    0.02                           _02666_ (net)
                  0.12    0.00    3.35 ^ _14144_/A (sky130_fd_sc_hd__dlymetal6s2s_1)
                  0.19    0.22    3.57 ^ _14144_/X (sky130_fd_sc_hd__dlymetal6s2s_1)
     5    0.02                           _03868_ (net)
                  0.19    0.00    3.57 ^ _14326_/A (sky130_fd_sc_hd__nand2_1)
                  0.13    0.16    3.73 v _14326_/Y (sky130_fd_sc_hd__nand2_1)
     3    0.02                           _04050_ (net)
                  0.13    0.00    3.73 v _15591_/A (sky130_fd_sc_hd__clkbuf_4)
                  0.09    0.23    3.95 v _15591_/X (sky130_fd_sc_hd__clkbuf_4)
     5    0.04                           _05311_ (net)
                  0.09    0.00    3.95 v _15592_/A (sky130_fd_sc_hd__buf_2)
                  0.08    0.19    4.14 v _15592_/X (sky130_fd_sc_hd__buf_2)
     5    0.03                           _05312_ (net)
                  0.08    0.00    4.15 v _15593_/D (sky130_fd_sc_hd__nor4_4)
                  0.35    0.27    4.41 ^ _15593_/Y (sky130_fd_sc_hd__nor4_4)
     3    0.02                           _05313_ (net)
                  0.35    0.00    4.41 ^ _15594_/B2 (sky130_fd_sc_hd__o22ai_2)
                  0.11    0.14    4.55 v _15594_/Y (sky130_fd_sc_hd__o22ai_2)
     2    0.01                           _05314_ (net)
                  0.11    0.00    4.55 v _15597_/C (sky130_fd_sc_hd__and3_1)
                  0.08    0.25    4.80 v _15597_/X (sky130_fd_sc_hd__and3_1)
     4    0.01                           _05317_ (net)
                  0.08    0.00    4.80 v _15599_/D (sky130_fd_sc_hd__nor4_1)
                  0.54    0.41    5.21 ^ _15599_/Y (sky130_fd_sc_hd__nor4_1)
     3    0.01                           _05319_ (net)
                  0.54    0.00    5.21 ^ _15600_/B (sky130_fd_sc_hd__nor2_1)
                  0.12    0.13    5.34 v _15600_/Y (sky130_fd_sc_hd__nor2_1)
     2    0.01                           _05320_ (net)
                  0.12    0.00    5.34 v _15601_/A (sky130_fd_sc_hd__dlymetal6s2s_1)
                  0.09    0.21    5.55 v _15601_/X (sky130_fd_sc_hd__dlymetal6s2s_1)
     5    0.01                           _05321_ (net)
                  0.09    0.00    5.55 v _15603_/C (sky130_fd_sc_hd__and3_1)
                  0.04    0.20    5.75 v _15603_/X (sky130_fd_sc_hd__and3_1)
     1    0.00                           _05323_ (net)
                  0.04    0.00    5.75 v _15607_/A2 (sky130_fd_sc_hd__o21bai_1)
                  0.19    0.18    5.93 ^ _15607_/Y (sky130_fd_sc_hd__o21bai_1)
     2    0.01                           _05327_ (net)
                  0.19    0.00    5.93 ^ _15608_/A (sky130_fd_sc_hd__dlymetal6s2s_1)
                  0.18    0.22    6.15 ^ _15608_/X (sky130_fd_sc_hd__dlymetal6s2s_1)
     5    0.02                           _05328_ (net)
                  0.18    0.00    6.15 ^ _15833_/A (sky130_fd_sc_hd__nand3_1)
                  0.17    0.19    6.34 v _15833_/Y (sky130_fd_sc_hd__nand3_1)
     5    0.02                           _05552_ (net)
                  0.17    0.00    6.34 v _15845_/B1 (sky130_fd_sc_hd__o211ai_1)
                  0.22    0.18    6.51 ^ _15845_/Y (sky130_fd_sc_hd__o211ai_1)
     2    0.01                           _05564_ (net)
                  0.22    0.00    6.51 ^ _15846_/B (sky130_fd_sc_hd__nand2_1)
                  0.09    0.13    6.64 v _15846_/Y (sky130_fd_sc_hd__nand2_1)
     3    0.01                           _05565_ (net)
                  0.09    0.00    6.64 v _15984_/B2 (sky130_fd_sc_hd__a2bb2o_1)
                  0.07    0.28    6.92 v _15984_/X (sky130_fd_sc_hd__a2bb2o_1)
     2    0.01                           _05702_ (net)
                  0.07    0.00    6.92 v _15985_/B1 (sky130_fd_sc_hd__a21oi_2)
                  0.24    0.22    7.14 ^ _15985_/Y (sky130_fd_sc_hd__a21oi_2)
     3    0.02                           _05703_ (net)
                  0.24    0.00    7.14 ^ _16145_/A_N (sky130_fd_sc_hd__and2b_1)
                  0.06    0.25    7.39 v _16145_/X (sky130_fd_sc_hd__and2b_1)
     3    0.01                           _05867_ (net)
                  0.06    0.00    7.39 v _16155_/B1 (sky130_fd_sc_hd__a21oi_1)
                  0.24    0.22    7.61 ^ _16155_/Y (sky130_fd_sc_hd__a21oi_1)
     3    0.01                           _05877_ (net)
                  0.24    0.00    7.61 ^ _16393_/A1 (sky130_fd_sc_hd__o21ai_1)
                  0.10    0.15    7.76 v _16393_/Y (sky130_fd_sc_hd__o21ai_1)
     2    0.01                           _06136_ (net)
                  0.10    0.00    7.76 v _16402_/A2 (sky130_fd_sc_hd__a21oi_2)
                  0.22    0.25    8.01 ^ _16402_/Y (sky130_fd_sc_hd__a21oi_2)
     3    0.02                           _06145_ (net)
                  0.22    0.00    8.01 ^ _16514_/B1_N (sky130_fd_sc_hd__a21boi_1)
                  0.12    0.20    8.21 ^ _16514_/Y (sky130_fd_sc_hd__a21boi_1)
     1    0.00                           _06267_ (net)
                  0.12    0.00    8.21 ^ _16515_/A2 (sky130_fd_sc_hd__o21bai_1)
                  0.06    0.07    8.28 v _16515_/Y (sky130_fd_sc_hd__o21bai_1)
     1    0.00                           _06268_ (net)
                  0.06    0.00    8.28 v _16516_/A2 (sky130_fd_sc_hd__o21ai_1)
                  0.21    0.21    8.48 ^ _16516_/Y (sky130_fd_sc_hd__o21ai_1)
     1    0.01                           _06269_ (net)
                  0.21    0.00    8.48 ^ _16517_/B2 (sky130_fd_sc_hd__o22ai_4)
                  0.12    0.15    8.63 v _16517_/Y (sky130_fd_sc_hd__o22ai_4)
     1    0.03                           STAGE1.SR8.din_im[11] (net)
                  0.12    0.00    8.64 v _26067_/D (sky130_fd_sc_hd__dfrtp_4)
                                  8.64   data arrival time

                         20.00   20.00   clock clk (rise edge)
                          0.00   20.00   clock source latency
                  0.00    0.00   20.00 ^ clk (in)
     1    0.04                           clk (net)
                  0.00    0.00   20.00 ^ clkbuf_0_clk/A (sky130_fd_sc_hd__clkbuf_16)
                  0.04    0.11   20.11 ^ clkbuf_0_clk/X (sky130_fd_sc_hd__clkbuf_16)
     2    0.02                           clknet_0_clk (net)
                  0.04    0.00   20.11 ^ clkbuf_1_1_0_clk/A (sky130_fd_sc_hd__clkbuf_8)
                  0.03    0.11   20.23 ^ clkbuf_1_1_0_clk/X (sky130_fd_sc_hd__clkbuf_8)
     1    0.01                           clknet_1_1_0_clk (net)
                  0.03    0.00   20.23 ^ clkbuf_1_1_1_clk/A (sky130_fd_sc_hd__clkbuf_8)
                  0.28    0.29   20.52 ^ clkbuf_1_1_1_clk/X (sky130_fd_sc_hd__clkbuf_8)
    15    0.16                           clknet_1_1_1_clk (net)
                  0.28    0.01   20.53 ^ clkbuf_leaf_24_clk/A (sky130_fd_sc_hd__clkbuf_16)
                  0.04    0.19   20.72 ^ clkbuf_leaf_24_clk/X (sky130_fd_sc_hd__clkbuf_16)
     3    0.01                           clknet_leaf_24_clk (net)
                  0.04    0.00   20.72 ^ _26067_/CLK (sky130_fd_sc_hd__dfrtp_4)
                         -0.10   20.62   clock uncertainty
                          0.00   20.62   clock reconvergence pessimism
                         -0.15   20.47   library setup time
                                 20.47   data required time
-----------------------------------------------------------------------------
                                 20.47   data required time
                                 -8.64   data arrival time
-----------------------------------------------------------------------------
                                 11.83   slack (MET)


Startpoint: _26142_ (rising edge-triggered flip-flop clocked by clk)
Endpoint: _26191_ (rising edge-triggered flip-flop clocked by clk)
Path Group: clk
Path Type: max

Fanout     Cap    Slew   Delay    Time   Description
-----------------------------------------------------------------------------
                          0.00    0.00   clock clk (rise edge)
                          0.00    0.00   clock source latency
                  0.00    0.00    0.00 ^ clk (in)
     1    0.04                           clk (net)
                  0.00    0.00    0.00 ^ clkbuf_0_clk/A (sky130_fd_sc_hd__clkbuf_16)
                  0.04    0.11    0.11 ^ clkbuf_0_clk/X (sky130_fd_sc_hd__clkbuf_16)
     2    0.02                           clknet_0_clk (net)
                  0.04    0.00    0.11 ^ clkbuf_1_1_0_clk/A (sky130_fd_sc_hd__clkbuf_8)
                  0.03    0.11    0.23 ^ clkbuf_1_1_0_clk/X (sky130_fd_sc_hd__clkbuf_8)
     1    0.01                           clknet_1_1_0_clk (net)
                  0.03    0.00    0.23 ^ clkbuf_1_1_1_clk/A (sky130_fd_sc_hd__clkbuf_8)
                  0.28    0.29    0.52 ^ clkbuf_1_1_1_clk/X (sky130_fd_sc_hd__clkbuf_8)
    15    0.16                           clknet_1_1_1_clk (net)
                  0.28    0.01    0.52 ^ clkbuf_leaf_23_clk/A (sky130_fd_sc_hd__clkbuf_16)
                  0.05    0.21    0.73 ^ clkbuf_leaf_23_clk/X (sky130_fd_sc_hd__clkbuf_16)
     9    0.03                           clknet_leaf_23_clk (net)
                  0.05    0.00    0.73 ^ _26142_/CLK (sky130_fd_sc_hd__dfrtp_1)
                  0.07    0.39    1.13 v _26142_/Q (sky130_fd_sc_hd__dfrtp_1)
     2    0.01                           STAGE1.BUTTERFLY.a_im[2] (net)
                  0.07    0.00    1.13 v _13082_/A (sky130_fd_sc_hd__clkbuf_2)
                  0.08    0.16    1.29 v _13082_/X (sky130_fd_sc_hd__clkbuf_2)
     5    0.02                           _07006_ (net)
                  0.08    0.00    1.29 v _13083_/B (sky130_fd_sc_hd__and2_1)
                  0.09    0.22    1.50 v _13083_/X (sky130_fd_sc_hd__and2_1)
     5    0.02                           _07017_ (net)
                  0.09    0.00    1.51 v _19025_/B1 (sky130_fd_sc_hd__a21oi_1)
                  0.24    0.23    1.74 ^ _19025_/Y (sky130_fd_sc_hd__a21oi_1)
     2    0.01                           _09016_ (net)
                  0.24    0.00    1.74 ^ _19027_/A2 (sky130_fd_sc_hd__a21oi_2)
                  0.09    0.13    1.87 v _19027_/Y (sky130_fd_sc_hd__a21oi_2)
     3    0.02                           _09019_ (net)
                  0.09    0.00    1.87 v _19033_/A2 (sky130_fd_sc_hd__o211ai_4)
                  0.27    0.27    2.14 ^ _19033_/Y (sky130_fd_sc_hd__o211ai_4)
     5    0.03                           _09025_ (net)
                  0.27    0.00    2.14 ^ _19134_/A (sky130_fd_sc_hd__nand3_1)
                  0.16    0.20    2.34 v _19134_/Y (sky130_fd_sc_hd__nand3_1)
     2    0.01                           _09136_ (net)
                  0.16    0.00    2.34 v _19138_/A2 (sky130_fd_sc_hd__a21oi_2)
                  0.21    0.27    2.61 ^ _19138_/Y (sky130_fd_sc_hd__a21oi_2)
     2    0.02                           _09141_ (net)
                  0.21    0.00    2.61 ^ _19151_/A (sky130_fd_sc_hd__clkbuf_2)
                  0.15    0.23    2.84 ^ _19151_/X (sky130_fd_sc_hd__clkbuf_2)
     5    0.03                           _09155_ (net)
                  0.15    0.00    2.84 ^ _19868_/A1_N (sky130_fd_sc_hd__a2bb2oi_4)
                  0.25    0.28    3.12 ^ _19868_/Y (sky130_fd_sc_hd__a2bb2oi_4)
     4    0.03                           _09944_ (net)
                  0.25    0.00    3.12 ^ _19881_/A (sky130_fd_sc_hd__nand2_1)
                  0.14    0.17    3.29 v _19881_/Y (sky130_fd_sc_hd__nand2_1)
     3    0.01                           _09958_ (net)
                  0.14    0.00    3.29 v _20095_/A2 (sky130_fd_sc_hd__o21ai_4)
                  0.24    0.26    3.55 ^ _20095_/Y (sky130_fd_sc_hd__o21ai_4)
     3    0.03                           _10193_ (net)
                  0.24    0.00    3.55 ^ _20127_/B2 (sky130_fd_sc_hd__a2bb2oi_4)
                  0.10    0.12    3.66 v _20127_/Y (sky130_fd_sc_hd__a2bb2oi_4)
     2    0.02                           _10229_ (net)
                  0.10    0.00    3.67 v _20128_/A (sky130_fd_sc_hd__buf_2)
                  0.08    0.19    3.86 v _20128_/X (sky130_fd_sc_hd__buf_2)
     5    0.03                           _10230_ (net)
                  0.08    0.00    3.86 v _20993_/B2 (sky130_fd_sc_hd__o22ai_4)
                  0.27    0.22    4.08 ^ _20993_/Y (sky130_fd_sc_hd__o22ai_4)
     5    0.03                           _11180_ (net)
                  0.27    0.00    4.08 ^ _21327_/A (sky130_fd_sc_hd__clkbuf_2)
                  0.12    0.23    4.31 ^ _21327_/X (sky130_fd_sc_hd__clkbuf_2)
     5    0.02                           _11547_ (net)
                  0.12    0.00    4.31 ^ _21738_/A (sky130_fd_sc_hd__clkbuf_2)
                  0.15    0.21    4.51 ^ _21738_/X (sky130_fd_sc_hd__clkbuf_2)
     5    0.03                           _11997_ (net)
                  0.15    0.00    4.51 ^ _21763_/A (sky130_fd_sc_hd__clkbuf_4)
                  0.15    0.25    4.76 ^ _21763_/X (sky130_fd_sc_hd__clkbuf_4)
     5    0.05                           _12024_ (net)
                  0.15    0.00    4.76 ^ _22321_/A (sky130_fd_sc_hd__dlymetal6s2s_1)
                  0.19    0.22    4.99 ^ _22321_/X (sky130_fd_sc_hd__dlymetal6s2s_1)
     5    0.02                           _12635_ (net)
                  0.19    0.00    4.99 ^ _22355_/A (sky130_fd_sc_hd__buf_2)
                  0.17    0.24    5.23 ^ _22355_/X (sky130_fd_sc_hd__buf_2)
     5    0.03                           _12672_ (net)
                  0.17    0.00    5.23 ^ _22362_/A4 (sky130_fd_sc_hd__a41oi_4)
                  0.12    0.15    5.38 v _22362_/Y (sky130_fd_sc_hd__a41oi_4)
     2    0.01                           _12680_ (net)
                  0.12    0.00    5.38 v _22585_/A1 (sky130_fd_sc_hd__a21oi_2)
                  0.23    0.26    5.63 ^ _22585_/Y (sky130_fd_sc_hd__a21oi_2)
     5    0.02                           _12924_ (net)
                  0.23    0.00    5.63 ^ _22769_/B (sky130_fd_sc_hd__nand2_1)
                  0.10    0.14    5.77 v _22769_/Y (sky130_fd_sc_hd__nand2_1)
     2    0.01                           _00206_ (net)
                  0.10    0.00    5.77 v _22786_/A2 (sky130_fd_sc_hd__a21o_1)
                  0.04    0.20    5.97 v _22786_/X (sky130_fd_sc_hd__a21o_1)
     2    0.01                           _00224_ (net)
                  0.04    0.00    5.97 v _22787_/A (sky130_fd_sc_hd__dlymetal6s2s_1)
                  0.09    0.18    6.15 v _22787_/X (sky130_fd_sc_hd__dlymetal6s2s_1)
     5    0.01                           _00226_ (net)
                  0.09    0.00    6.15 v _22790_/B1 (sky130_fd_sc_hd__a221oi_2)
                  0.27    0.30    6.45 ^ _22790_/Y (sky130_fd_sc_hd__a221oi_2)
     2    0.01                           _00229_ (net)
                  0.27    0.00    6.45 ^ _22793_/B1 (sky130_fd_sc_hd__o2bb2ai_2)
                  0.10    0.15    6.60 v _22793_/Y (sky130_fd_sc_hd__o2bb2ai_2)
     5    0.02                           _00232_ (net)
                  0.10    0.00    6.61 v _22801_/A (sky130_fd_sc_hd__nand3_2)
                  0.10    0.12    6.73 ^ _22801_/Y (sky130_fd_sc_hd__nand3_2)
     4    0.02                           _00241_ (net)
                  0.10    0.00    6.73 ^ _22817_/A (sky130_fd_sc_hd__nand2_1)
                  0.10    0.12    6.85 v _22817_/Y (sky130_fd_sc_hd__nand2_1)
     2    0.01                           _00259_ (net)
                  0.10    0.00    6.85 v _22818_/B (sky130_fd_sc_hd__nor2_2)
                  0.26    0.24    7.09 ^ _22818_/Y (sky130_fd_sc_hd__nor2_2)
     4    0.02                           _00260_ (net)
                  0.26    0.00    7.09 ^ _22819_/B2 (sky130_fd_sc_hd__o22ai_4)
                  0.09    0.13    7.21 v _22819_/Y (sky130_fd_sc_hd__o22ai_4)
     3    0.02                           _00261_ (net)
                  0.09    0.00    7.21 v _22825_/A1 (sky130_fd_sc_hd__a21oi_1)
                  0.24    0.24    7.46 ^ _22825_/Y (sky130_fd_sc_hd__a21oi_1)
     1    0.01                           _00267_ (net)
                  0.24    0.00    7.46 ^ _22826_/B1 (sky130_fd_sc_hd__a21oi_4)
                  0.10    0.08    7.54 v _22826_/Y (sky130_fd_sc_hd__a21oi_4)
     3    0.02                           _00268_ (net)
                  0.10    0.00    7.54 v _22837_/A1 (sky130_fd_sc_hd__a21oi_2)
                  0.22    0.25    7.79 ^ _22837_/Y (sky130_fd_sc_hd__a21oi_2)
     4    0.02                           _00281_ (net)
                  0.22    0.00    7.79 ^ _22847_/D (sky130_fd_sc_hd__nand4_1)
                  0.09    0.12    7.91 v _22847_/Y (sky130_fd_sc_hd__nand4_1)
     1    0.00                           _00291_ (net)
                  0.09    0.00    7.91 v _22848_/B1_N (sky130_fd_sc_hd__o21bai_1)
                  0.08    0.19    8.10 v _22848_/Y (sky130_fd_sc_hd__o21bai_1)
     2    0.01                           _00292_ (net)
                  0.08    0.00    8.10 v _22958_/A1 (sky130_fd_sc_hd__a21oi_1)
                  0.18    0.19    8.29 ^ _22958_/Y (sky130_fd_sc_hd__a21oi_1)
     2    0.01                           _00413_ (net)
                  0.18    0.00    8.29 ^ _22960_/A1_N (sky130_fd_sc_hd__a2bb2o_2)
                  0.10    0.37    8.66 v _22960_/X (sky130_fd_sc_hd__a2bb2o_2)
     1    0.03                           STAGE2.SR4.din_re[10] (net)
                  0.10    0.00    8.66 v _26191_/D (sky130_fd_sc_hd__dfrtp_1)
                                  8.66   data arrival time

                         20.00   20.00   clock clk (rise edge)
                          0.00   20.00   clock source latency
                  0.00    0.00   20.00 ^ clk (in)
     1    0.04                           clk (net)
                  0.00    0.00   20.00 ^ clkbuf_0_clk/A (sky130_fd_sc_hd__clkbuf_16)
                  0.04    0.11   20.11 ^ clkbuf_0_clk/X (sky130_fd_sc_hd__clkbuf_16)
     2    0.02                           clknet_0_clk (net)
                  0.04    0.00   20.11 ^ clkbuf_1_0_0_clk/A (sky130_fd_sc_hd__clkbuf_8)
                  0.03    0.11   20.23 ^ clkbuf_1_0_0_clk/X (sky130_fd_sc_hd__clkbuf_8)
     1    0.01                           clknet_1_0_0_clk (net)
                  0.03    0.00   20.23 ^ clkbuf_1_0_1_clk/A (sky130_fd_sc_hd__clkbuf_8)
                  0.24    0.26   20.49 ^ clkbuf_1_0_1_clk/X (sky130_fd_sc_hd__clkbuf_8)
    12    0.14                           clknet_1_0_1_clk (net)
                  0.24    0.01   20.50 ^ clkbuf_leaf_8_clk/A (sky130_fd_sc_hd__clkbuf_16)
                  0.09    0.23   20.73 ^ clkbuf_leaf_8_clk/X (sky130_fd_sc_hd__clkbuf_16)
    25    0.07                           clknet_leaf_8_clk (net)
                  0.09    0.00   20.73 ^ _26191_/CLK (sky130_fd_sc_hd__dfrtp_1)
                         -0.10   20.63   clock uncertainty
                          0.00   20.63   clock reconvergence pessimism
                         -0.13   20.50   library setup time
                                 20.50   data required time
-----------------------------------------------------------------------------
                                 20.50   data required time
                                 -8.66   data arrival time
-----------------------------------------------------------------------------
                                 11.84   slack (MET)


Startpoint: _26152_ (rising edge-triggered flip-flop clocked by clk)
Endpoint: _26066_ (rising edge-triggered flip-flop clocked by clk)
Path Group: clk
Path Type: max

Fanout     Cap    Slew   Delay    Time   Description
-----------------------------------------------------------------------------
                          0.00    0.00   clock clk (rise edge)
                          0.00    0.00   clock source latency
                  0.00    0.00    0.00 ^ clk (in)
     1    0.04                           clk (net)
                  0.00    0.00    0.00 ^ clkbuf_0_clk/A (sky130_fd_sc_hd__clkbuf_16)
                  0.04    0.11    0.11 ^ clkbuf_0_clk/X (sky130_fd_sc_hd__clkbuf_16)
     2    0.02                           clknet_0_clk (net)
                  0.04    0.00    0.11 ^ clkbuf_1_1_0_clk/A (sky130_fd_sc_hd__clkbuf_8)
                  0.03    0.11    0.23 ^ clkbuf_1_1_0_clk/X (sky130_fd_sc_hd__clkbuf_8)
     1    0.01                           clknet_1_1_0_clk (net)
                  0.03    0.00    0.23 ^ clkbuf_1_1_1_clk/A (sky130_fd_sc_hd__clkbuf_8)
                  0.28    0.29    0.52 ^ clkbuf_1_1_1_clk/X (sky130_fd_sc_hd__clkbuf_8)
    15    0.16                           clknet_1_1_1_clk (net)
                  0.28    0.01    0.52 ^ clkbuf_leaf_22_clk/A (sky130_fd_sc_hd__clkbuf_16)
                  0.09    0.24    0.76 ^ clkbuf_leaf_22_clk/X (sky130_fd_sc_hd__clkbuf_16)
    24    0.07                           clknet_leaf_22_clk (net)
                  0.09    0.00    0.77 ^ _26152_/CLK (sky130_fd_sc_hd__dfrtp_1)
                  0.07    0.35    1.12 ^ _26152_/Q (sky130_fd_sc_hd__dfrtp_1)
     2    0.01                           STAGE1.BUTTERFLY.b_im[0] (net)
                  0.07    0.00    1.12 ^ _12996_/A (sky130_fd_sc_hd__clkbuf_2)
                  0.13    0.17    1.29 ^ _12996_/X (sky130_fd_sc_hd__clkbuf_2)
     5    0.02                           _06063_ (net)
                  0.13    0.00    1.29 ^ _13093_/B_N (sky130_fd_sc_hd__nor2b_4)
                  0.29    0.32    1.62 ^ _13093_/Y (sky130_fd_sc_hd__nor2b_4)
     4    0.04                           _07127_ (net)
                  0.29    0.00    1.62 ^ _13094_/B1 (sky130_fd_sc_hd__o21ai_1)
                  0.09    0.12    1.74 v _13094_/Y (sky130_fd_sc_hd__o21ai_1)
     1    0.00                           _07138_ (net)
                  0.09    0.00    1.74 v _13095_/C1 (sky130_fd_sc_hd__o211ai_1)
                  0.19    0.12    1.85 ^ _13095_/Y (sky130_fd_sc_hd__o211ai_1)
     2    0.01                           _07149_ (net)
                  0.19    0.00    1.85 ^ _13101_/A1 (sky130_fd_sc_hd__a21o_1)
                  0.15    0.22    2.08 ^ _13101_/X (sky130_fd_sc_hd__a21o_1)
     3    0.02                           _07215_ (net)
                  0.15    0.00    2.08 ^ _13109_/A1 (sky130_fd_sc_hd__a21oi_1)
                  0.09    0.12    2.20 v _13109_/Y (sky130_fd_sc_hd__a21oi_1)
     1    0.01                           _07303_ (net)
                  0.09    0.00    2.20 v _13110_/B2 (sky130_fd_sc_hd__o22ai_4)
                  0.29    0.23    2.43 ^ _13110_/Y (sky130_fd_sc_hd__o22ai_4)
     5    0.03                           _07314_ (net)
                  0.29    0.00    2.43 ^ _13118_/A1 (sky130_fd_sc_hd__a21oi_2)
                  0.11    0.14    2.57 v _13118_/Y (sky130_fd_sc_hd__a21oi_2)
     3    0.02                           _07401_ (net)
                  0.11    0.00    2.57 v _13119_/B2 (sky130_fd_sc_hd__o22ai_4)
                  0.31    0.25    2.82 ^ _13119_/Y (sky130_fd_sc_hd__o22ai_4)
     4    0.03                           _07412_ (net)
                  0.31    0.00    2.83 ^ _13864_/A1 (sky130_fd_sc_hd__a21oi_4)
                  0.11    0.14    2.97 v _13864_/Y (sky130_fd_sc_hd__a21oi_4)
     5    0.03                           _02644_ (net)
                  0.11    0.00    2.97 v _13865_/B2 (sky130_fd_sc_hd__o22ai_1)
                  0.19    0.18    3.15 ^ _13865_/Y (sky130_fd_sc_hd__o22ai_1)
     2    0.01                           _02655_ (net)
                  0.19    0.00    3.15 ^ _13866_/A (sky130_fd_sc_hd__clkbuf_2)
                  0.12    0.20    3.35 ^ _13866_/X (sky130_fd_sc_hd__clkbuf_2)
     5    0.02                           _02666_ (net)
                  0.12    0.00    3.35 ^ _14144_/A (sky130_fd_sc_hd__dlymetal6s2s_1)
                  0.19    0.22    3.57 ^ _14144_/X (sky130_fd_sc_hd__dlymetal6s2s_1)
     5    0.02                           _03868_ (net)
                  0.19    0.00    3.57 ^ _14326_/A (sky130_fd_sc_hd__nand2_1)
                  0.13    0.16    3.73 v _14326_/Y (sky130_fd_sc_hd__nand2_1)
     3    0.02                           _04050_ (net)
                  0.13    0.00    3.73 v _15591_/A (sky130_fd_sc_hd__clkbuf_4)
                  0.09    0.23    3.95 v _15591_/X (sky130_fd_sc_hd__clkbuf_4)
     5    0.04                           _05311_ (net)
                  0.09    0.00    3.95 v _15592_/A (sky130_fd_sc_hd__buf_2)
                  0.08    0.19    4.14 v _15592_/X (sky130_fd_sc_hd__buf_2)
     5    0.03                           _05312_ (net)
                  0.08    0.00    4.15 v _15593_/D (sky130_fd_sc_hd__nor4_4)
                  0.35    0.27    4.41 ^ _15593_/Y (sky130_fd_sc_hd__nor4_4)
     3    0.02                           _05313_ (net)
                  0.35    0.00    4.41 ^ _15594_/B2 (sky130_fd_sc_hd__o22ai_2)
                  0.11    0.14    4.55 v _15594_/Y (sky130_fd_sc_hd__o22ai_2)
     2    0.01                           _05314_ (net)
                  0.11    0.00    4.55 v _15597_/C (sky130_fd_sc_hd__and3_1)
                  0.08    0.25    4.80 v _15597_/X (sky130_fd_sc_hd__and3_1)
     4    0.01                           _05317_ (net)
                  0.08    0.00    4.80 v _15599_/D (sky130_fd_sc_hd__nor4_1)
                  0.54    0.41    5.21 ^ _15599_/Y (sky130_fd_sc_hd__nor4_1)
     3    0.01                           _05319_ (net)
                  0.54    0.00    5.21 ^ _15600_/B (sky130_fd_sc_hd__nor2_1)
                  0.12    0.13    5.34 v _15600_/Y (sky130_fd_sc_hd__nor2_1)
     2    0.01                           _05320_ (net)
                  0.12    0.00    5.34 v _15601_/A (sky130_fd_sc_hd__dlymetal6s2s_1)
                  0.09    0.21    5.55 v _15601_/X (sky130_fd_sc_hd__dlymetal6s2s_1)
     5    0.01                           _05321_ (net)
                  0.09    0.00    5.55 v _15603_/C (sky130_fd_sc_hd__and3_1)
                  0.04    0.20    5.75 v _15603_/X (sky130_fd_sc_hd__and3_1)
     1    0.00                           _05323_ (net)
                  0.04    0.00    5.75 v _15607_/A2 (sky130_fd_sc_hd__o21bai_1)
                  0.19    0.18    5.93 ^ _15607_/Y (sky130_fd_sc_hd__o21bai_1)
     2    0.01                           _05327_ (net)
                  0.19    0.00    5.93 ^ _15608_/A (sky130_fd_sc_hd__dlymetal6s2s_1)
                  0.18    0.22    6.15 ^ _15608_/X (sky130_fd_sc_hd__dlymetal6s2s_1)
     5    0.02                           _05328_ (net)
                  0.18    0.00    6.15 ^ _15833_/A (sky130_fd_sc_hd__nand3_1)
                  0.17    0.19    6.34 v _15833_/Y (sky130_fd_sc_hd__nand3_1)
     5    0.02                           _05552_ (net)
                  0.17    0.00    6.34 v _15845_/B1 (sky130_fd_sc_hd__o211ai_1)
                  0.22    0.18    6.51 ^ _15845_/Y (sky130_fd_sc_hd__o211ai_1)
     2    0.01                           _05564_ (net)
                  0.22    0.00    6.51 ^ _15846_/B (sky130_fd_sc_hd__nand2_1)
                  0.09    0.13    6.64 v _15846_/Y (sky130_fd_sc_hd__nand2_1)
     3    0.01                           _05565_ (net)
                  0.09    0.00    6.64 v _15984_/B2 (sky130_fd_sc_hd__a2bb2o_1)
                  0.07    0.28    6.92 v _15984_/X (sky130_fd_sc_hd__a2bb2o_1)
     2    0.01                           _05702_ (net)
                  0.07    0.00    6.92 v _15985_/B1 (sky130_fd_sc_hd__a21oi_2)
                  0.24    0.22    7.14 ^ _15985_/Y (sky130_fd_sc_hd__a21oi_2)
     3    0.02                           _05703_ (net)
                  0.24    0.00    7.14 ^ _16145_/A_N (sky130_fd_sc_hd__and2b_1)
                  0.06    0.25    7.39 v _16145_/X (sky130_fd_sc_hd__and2b_1)
     3    0.01                           _05867_ (net)
                  0.06    0.00    7.39 v _16147_/B (sky130_fd_sc_hd__nand3_2)
                  0.12    0.13    7.52 ^ _16147_/Y (sky130_fd_sc_hd__nand3_2)
     5    0.02                           _05870_ (net)
                  0.12    0.00    7.52 ^ _16153_/D (sky130_fd_sc_hd__nand4_2)
                  0.13    0.15    7.67 v _16153_/Y (sky130_fd_sc_hd__nand4_2)
     3    0.01                           _05875_ (net)
                  0.13    0.00    7.67 v _16399_/A_N (sky130_fd_sc_hd__and2b_1)
                  0.07    0.25    7.92 ^ _16399_/X (sky130_fd_sc_hd__and2b_1)
     2    0.01                           _06142_ (net)
                  0.07    0.00    7.92 ^ _16400_/B (sky130_fd_sc_hd__nand2_1)
                  0.10    0.11    8.03 v _16400_/Y (sky130_fd_sc_hd__nand2_1)
     2    0.01                           _06143_ (net)
                  0.10    0.00    8.03 v _16474_/A2 (sky130_fd_sc_hd__a31o_1)
                  0.09    0.28    8.30 v _16474_/X (sky130_fd_sc_hd__a31o_1)
     1    0.02                           _06224_ (net)
                  0.09    0.00    8.31 v _16475_/B2 (sky130_fd_sc_hd__o2bb2ai_4)
                  0.38    0.34    8.65 ^ _16475_/Y (sky130_fd_sc_hd__o2bb2ai_4)
     1    0.06                           STAGE1.SR8.din_im[10] (net)
                  0.38    0.00    8.65 ^ _26066_/D (sky130_fd_sc_hd__dfrtp_1)
                                  8.65   data arrival time

                         20.00   20.00   clock clk (rise edge)
                          0.00   20.00   clock source latency
                  0.00    0.00   20.00 ^ clk (in)
     1    0.04                           clk (net)
                  0.00    0.00   20.00 ^ clkbuf_0_clk/A (sky130_fd_sc_hd__clkbuf_16)
                  0.04    0.11   20.11 ^ clkbuf_0_clk/X (sky130_fd_sc_hd__clkbuf_16)
     2    0.02                           clknet_0_clk (net)
                  0.04    0.00   20.11 ^ clkbuf_1_0_0_clk/A (sky130_fd_sc_hd__clkbuf_8)
                  0.03    0.11   20.23 ^ clkbuf_1_0_0_clk/X (sky130_fd_sc_hd__clkbuf_8)
     1    0.01                           clknet_1_0_0_clk (net)
                  0.03    0.00   20.23 ^ clkbuf_1_0_1_clk/A (sky130_fd_sc_hd__clkbuf_8)
                  0.24    0.26   20.49 ^ clkbuf_1_0_1_clk/X (sky130_fd_sc_hd__clkbuf_8)
    12    0.14                           clknet_1_0_1_clk (net)
                  0.24    0.01   20.50 ^ clkbuf_leaf_6_clk/A (sky130_fd_sc_hd__clkbuf_16)
                  0.09    0.23   20.73 ^ clkbuf_leaf_6_clk/X (sky130_fd_sc_hd__clkbuf_16)
    25    0.07                           clknet_leaf_6_clk (net)
                  0.09    0.00   20.73 ^ _26066_/CLK (sky130_fd_sc_hd__dfrtp_1)
                         -0.10   20.63   clock uncertainty
                          0.00   20.63   clock reconvergence pessimism
                         -0.13   20.50   library setup time
                                 20.50   data required time
-----------------------------------------------------------------------------
                                 20.50   data required time
                                 -8.65   data arrival time
-----------------------------------------------------------------------------
                                 11.85   slack (MET)


max_report_end
check_report

===========================================================================
report_checks -unconstrained
============================================================================
Startpoint: _26142_ (rising edge-triggered flip-flop clocked by clk)
Endpoint: _26189_ (rising edge-triggered flip-flop clocked by clk)
Path Group: clk
Path Type: max

Fanout     Cap    Slew   Delay    Time   Description
-----------------------------------------------------------------------------
                          0.00    0.00   clock clk (rise edge)
                          0.00    0.00   clock source latency
                  0.00    0.00    0.00 ^ clk (in)
     1    0.04                           clk (net)
                  0.00    0.00    0.00 ^ clkbuf_0_clk/A (sky130_fd_sc_hd__clkbuf_16)
                  0.04    0.11    0.11 ^ clkbuf_0_clk/X (sky130_fd_sc_hd__clkbuf_16)
     2    0.02                           clknet_0_clk (net)
                  0.04    0.00    0.11 ^ clkbuf_1_1_0_clk/A (sky130_fd_sc_hd__clkbuf_8)
                  0.03    0.11    0.23 ^ clkbuf_1_1_0_clk/X (sky130_fd_sc_hd__clkbuf_8)
     1    0.01                           clknet_1_1_0_clk (net)
                  0.03    0.00    0.23 ^ clkbuf_1_1_1_clk/A (sky130_fd_sc_hd__clkbuf_8)
                  0.28    0.29    0.52 ^ clkbuf_1_1_1_clk/X (sky130_fd_sc_hd__clkbuf_8)
    15    0.16                           clknet_1_1_1_clk (net)
                  0.28    0.01    0.52 ^ clkbuf_leaf_23_clk/A (sky130_fd_sc_hd__clkbuf_16)
                  0.05    0.21    0.73 ^ clkbuf_leaf_23_clk/X (sky130_fd_sc_hd__clkbuf_16)
     9    0.03                           clknet_leaf_23_clk (net)
                  0.05    0.00    0.73 ^ _26142_/CLK (sky130_fd_sc_hd__dfrtp_1)
                  0.07    0.39    1.13 v _26142_/Q (sky130_fd_sc_hd__dfrtp_1)
     2    0.01                           STAGE1.BUTTERFLY.a_im[2] (net)
                  0.07    0.00    1.13 v _13082_/A (sky130_fd_sc_hd__clkbuf_2)
                  0.08    0.16    1.29 v _13082_/X (sky130_fd_sc_hd__clkbuf_2)
     5    0.02                           _07006_ (net)
                  0.08    0.00    1.29 v _13083_/B (sky130_fd_sc_hd__and2_1)
                  0.09    0.22    1.50 v _13083_/X (sky130_fd_sc_hd__and2_1)
     5    0.02                           _07017_ (net)
                  0.09    0.00    1.51 v _19025_/B1 (sky130_fd_sc_hd__a21oi_1)
                  0.24    0.23    1.74 ^ _19025_/Y (sky130_fd_sc_hd__a21oi_1)
     2    0.01                           _09016_ (net)
                  0.24    0.00    1.74 ^ _19057_/B (sky130_fd_sc_hd__nand2_1)
                  0.09    0.13    1.86 v _19057_/Y (sky130_fd_sc_hd__nand2_1)
     2    0.01                           _09052_ (net)
                  0.09    0.00    1.86 v _19079_/A1 (sky130_fd_sc_hd__a21oi_2)
                  0.22    0.23    2.10 ^ _19079_/Y (sky130_fd_sc_hd__a21oi_2)
     4    0.02                           _09076_ (net)
                  0.22    0.00    2.10 ^ _19083_/A (sky130_fd_sc_hd__nand2_2)
                  0.11    0.13    2.23 v _19083_/Y (sky130_fd_sc_hd__nand2_2)
     4    0.02                           _09080_ (net)
                  0.11    0.00    2.23 v _19085_/A2 (sky130_fd_sc_hd__a21oi_4)
                  0.22    0.26    2.49 ^ _19085_/Y (sky130_fd_sc_hd__a21oi_4)
     3    0.03                           _09082_ (net)
                  0.22    0.00    2.49 ^ _19087_/A (sky130_fd_sc_hd__nor2_4)
                  0.08    0.11    2.60 v _19087_/Y (sky130_fd_sc_hd__nor2_4)
     5    0.04                           _09085_ (net)
                  0.08    0.00    2.60 v _19115_/A1 (sky130_fd_sc_hd__o21bai_4)
                  0.23    0.25    2.85 ^ _19115_/Y (sky130_fd_sc_hd__o21bai_4)
     5    0.03                           _09115_ (net)
                  0.23    0.00    2.85 ^ _19124_/A (sky130_fd_sc_hd__nand3_1)
                  0.16    0.19    3.04 v _19124_/Y (sky130_fd_sc_hd__nand3_1)
     3    0.01                           _09125_ (net)
                  0.16    0.00    3.04 v _19853_/C (sky130_fd_sc_hd__nor3_2)
                  0.32    0.29    3.33 ^ _19853_/Y (sky130_fd_sc_hd__nor3_2)
     2    0.02                           _09927_ (net)
                  0.32    0.00    3.33 ^ _19854_/A (sky130_fd_sc_hd__clkbuf_2)
                  0.15    0.25    3.59 ^ _19854_/X (sky130_fd_sc_hd__clkbuf_2)
     5    0.03                           _09928_ (net)
                  0.15    0.00    3.59 ^ _19882_/B2 (sky130_fd_sc_hd__o22ai_1)
                  0.08    0.10    3.69 v _19882_/Y (sky130_fd_sc_hd__o22ai_1)
     2    0.00                           _09959_ (net)
                  0.08    0.00    3.69 v _19898_/A (sky130_fd_sc_hd__buf_2)
                  0.08    0.19    3.87 v _19898_/X (sky130_fd_sc_hd__buf_2)
     5    0.03                           _09977_ (net)
                  0.08    0.00    3.87 v _19931_/A (sky130_fd_sc_hd__clkbuf_2)
                  0.09    0.17    4.05 v _19931_/X (sky130_fd_sc_hd__clkbuf_2)
     5    0.02                           _10013_ (net)
                  0.09    0.00    4.05 v _19932_/A (sky130_fd_sc_hd__clkbuf_4)
                  0.09    0.22    4.26 v _19932_/X (sky130_fd_sc_hd__clkbuf_4)
     5    0.04                           _10014_ (net)
                  0.09    0.00    4.26 v _19938_/A1 (sky130_fd_sc_hd__a21oi_4)
                  0.44    0.40    4.66 ^ _19938_/Y (sky130_fd_sc_hd__a21oi_4)
     5    0.06                           _10021_ (net)
                  0.44    0.01    4.67 ^ _19952_/A3 (sky130_fd_sc_hd__o31ai_2)
                  0.11    0.13    4.80 v _19952_/Y (sky130_fd_sc_hd__o31ai_2)
     2    0.01                           _10036_ (net)
                  0.11    0.00    4.80 v _19953_/B1 (sky130_fd_sc_hd__o21ai_2)
                  0.19    0.12    4.92 ^ _19953_/Y (sky130_fd_sc_hd__o21ai_2)
     2    0.01                           _10037_ (net)
                  0.19    0.00    4.92 ^ _19975_/B (sky130_fd_sc_hd__nand3b_4)
                  0.11    0.14    5.07 v _19975_/Y (sky130_fd_sc_hd__nand3b_4)
     5    0.02                           _10061_ (net)
                  0.11    0.00    5.07 v _20156_/A_N (sky130_fd_sc_hd__nand3b_1)
                  0.13    0.24    5.31 v _20156_/Y (sky130_fd_sc_hd__nand3b_1)
     2    0.01                           _10260_ (net)
                  0.13    0.00    5.31 v _20157_/A (sky130_fd_sc_hd__dlymetal6s2s_1)
                  0.09    0.22    5.52 v _20157_/X (sky130_fd_sc_hd__dlymetal6s2s_1)
     5    0.01                           _10262_ (net)
                  0.09    0.00    5.52 v _20195_/A1_N (sky130_fd_sc_hd__o2bb2ai_1)
                  0.06    0.14    5.67 v _20195_/Y (sky130_fd_sc_hd__o2bb2ai_1)
     1    0.00                           _10303_ (net)
                  0.06    0.00    5.67 v _20200_/A (sky130_fd_sc_hd__nand3_1)
                  0.14    0.13    5.79 ^ _20200_/Y (sky130_fd_sc_hd__nand3_1)
     4    0.01                           _10309_ (net)
                  0.14    0.00    5.79 ^ _20313_/B (sky130_fd_sc_hd__nand4_1)
                  0.10    0.13    5.92 v _20313_/Y (sky130_fd_sc_hd__nand4_1)
     2    0.01                           _10433_ (net)
                  0.10    0.00    5.92 v _20314_/A (sky130_fd_sc_hd__clkbuf_2)
                  0.09    0.18    6.10 v _20314_/X (sky130_fd_sc_hd__clkbuf_2)
     5    0.02                           _10434_ (net)
                  0.09    0.00    6.10 v _20318_/A2 (sky130_fd_sc_hd__a21oi_2)
                  0.22    0.25    6.35 ^ _20318_/Y (sky130_fd_sc_hd__a21oi_2)
     3    0.02                           _10439_ (net)
                  0.22    0.00    6.35 ^ _20319_/B2 (sky130_fd_sc_hd__o22ai_1)
                  0.09    0.13    6.48 v _20319_/Y (sky130_fd_sc_hd__o22ai_1)
     2    0.01                           _10440_ (net)
                  0.09    0.00    6.48 v _20451_/A (sky130_fd_sc_hd__nand3_1)
                  0.16    0.15    6.63 ^ _20451_/Y (sky130_fd_sc_hd__nand3_1)
     2    0.01                           _10585_ (net)
                  0.16    0.00    6.63 ^ _20459_/A2 (sky130_fd_sc_hd__a21oi_1)
                  0.09    0.13    6.76 v _20459_/Y (sky130_fd_sc_hd__a21oi_1)
     1    0.01                           _10594_ (net)
                  0.09    0.00    6.76 v _20460_/B1 (sky130_fd_sc_hd__a21oi_4)
                  0.22    0.22    6.98 ^ _20460_/Y (sky130_fd_sc_hd__a21oi_4)
     3    0.03                           _10595_ (net)
                  0.22    0.00    6.98 ^ _21212_/A1 (sky130_fd_sc_hd__o211ai_4)
                  0.10    0.14    7.12 v _21212_/Y (sky130_fd_sc_hd__o211ai_4)
     3    0.02                           _11421_ (net)
                  0.10    0.00    7.12 v _21457_/A3 (sky130_fd_sc_hd__a31oi_4)
                  0.28    0.31    7.43 ^ _21457_/Y (sky130_fd_sc_hd__a31oi_4)
     2    0.03                           _11690_ (net)
                  0.28    0.00    7.44 ^ _22304_/A (sky130_fd_sc_hd__nand4_2)
                  0.15    0.17    7.61 v _22304_/Y (sky130_fd_sc_hd__nand4_2)
     2    0.01                           _12617_ (net)
                  0.15    0.00    7.61 v _22311_/A2 (sky130_fd_sc_hd__o211ai_4)
                  0.28    0.30    7.91 ^ _22311_/Y (sky130_fd_sc_hd__o211ai_4)
     3    0.03                           _12625_ (net)
                  0.28    0.00    7.91 ^ _22694_/A1 (sky130_fd_sc_hd__a31oi_4)
                  0.15    0.19    8.10 v _22694_/Y (sky130_fd_sc_hd__a31oi_4)
     4    0.03                           _00124_ (net)
                  0.15    0.00    8.11 v _22695_/C1 (sky130_fd_sc_hd__a211o_2)
                  0.13    0.41    8.51 v _22695_/X (sky130_fd_sc_hd__a211o_2)
     1    0.04                           _00125_ (net)
                  0.13    0.00    8.52 v _22698_/B1 (sky130_fd_sc_hd__a22o_1)
                  0.08    0.25    8.77 v _22698_/X (sky130_fd_sc_hd__a22o_1)
     1    0.01                           STAGE2.SR4.din_re[8] (net)
                  0.08    0.00    8.77 v _26189_/D (sky130_fd_sc_hd__dfrtp_1)
                                  8.77   data arrival time

                         20.00   20.00   clock clk (rise edge)
                          0.00   20.00   clock source latency
                  0.00    0.00   20.00 ^ clk (in)
     1    0.04                           clk (net)
                  0.00    0.00   20.00 ^ clkbuf_0_clk/A (sky130_fd_sc_hd__clkbuf_16)
                  0.04    0.11   20.11 ^ clkbuf_0_clk/X (sky130_fd_sc_hd__clkbuf_16)
     2    0.02                           clknet_0_clk (net)
                  0.04    0.00   20.11 ^ clkbuf_1_0_0_clk/A (sky130_fd_sc_hd__clkbuf_8)
                  0.03    0.11   20.23 ^ clkbuf_1_0_0_clk/X (sky130_fd_sc_hd__clkbuf_8)
     1    0.01                           clknet_1_0_0_clk (net)
                  0.03    0.00   20.23 ^ clkbuf_1_0_1_clk/A (sky130_fd_sc_hd__clkbuf_8)
                  0.24    0.26   20.49 ^ clkbuf_1_0_1_clk/X (sky130_fd_sc_hd__clkbuf_8)
    12    0.14                           clknet_1_0_1_clk (net)
                  0.24    0.01   20.50 ^ clkbuf_leaf_12_clk/A (sky130_fd_sc_hd__clkbuf_16)
                  0.06    0.20   20.70 ^ clkbuf_leaf_12_clk/X (sky130_fd_sc_hd__clkbuf_16)
    12    0.03                           clknet_leaf_12_clk (net)
                  0.06    0.00   20.70 ^ _26189_/CLK (sky130_fd_sc_hd__dfrtp_1)
                         -0.10   20.60   clock uncertainty
                          0.00   20.60   clock reconvergence pessimism
                         -0.13   20.47   library setup time
                                 20.47   data required time
-----------------------------------------------------------------------------
                                 20.47   data required time
                                 -8.77   data arrival time
-----------------------------------------------------------------------------
                                 11.70   slack (MET)



===========================================================================
report_checks --slack_max -0.01
============================================================================
No paths found.
check_report_end
check_slew

===========================================================================
 report_check_types -max_slew -max_cap -max_fanout -violators
============================================================================

===========================================================================
max slew violation count 0
max fanout violation count 0
max cap violation count 0
============================================================================
check_slew_end
tns_report

===========================================================================
 report_tns
============================================================================
tns 0.00
tns_report_end
wns_report

===========================================================================
 report_wns
============================================================================
wns 0.00
wns_report_end
worst_slack

===========================================================================
 report_worst_slack -max (Setup)
============================================================================
worst slack 11.70

===========================================================================
 report_worst_slack -min (Hold)
============================================================================
worst slack 0.14
worst_slack_end
clock_skew

===========================================================================
 report_clock_skew
============================================================================
Clock clk
Latency      CRPR       Skew
_26297_/CLK ^
   1.00
_26309_/CLK ^
   0.73      0.00       0.26

clock_skew_end
power_report

===========================================================================
 report_power
============================================================================
Group                  Internal  Switching    Leakage      Total
                          Power      Power      Power      Power (Watts)
----------------------------------------------------------------
Sequential             1.31e-03   2.09e-04   3.55e-09   1.52e-03   5.4%
Combinational          1.06e-02   1.60e-02   1.05e-07   2.65e-02  94.6%
Macro                  0.00e+00   0.00e+00   0.00e+00   0.00e+00   0.0%
Pad                    0.00e+00   0.00e+00   0.00e+00   0.00e+00   0.0%
----------------------------------------------------------------
Total                  1.19e-02   1.62e-02   1.08e-07   2.81e-02 100.0%
                          42.4%      57.6%       0.0%
power_report_end
area_report

===========================================================================
 report_design_area
============================================================================
Design area 483583 u^2 97% utilization.
area_report_end
