OpenROAD v2.0-4194-g9d55eaa0c 
This program is licensed under the BSD-3 license. See the LICENSE file for details.
Components of this program may be licensed under more restrictive licenses which must be honored.
[INFO ODB-0222] Reading LEF file: /home/opentools/OpenLane/designs/fft/runs/opttime1/tmp/merged.unpadded.nom.lef
[INFO ODB-0223]     Created 13 technology layers
[INFO ODB-0224]     Created 25 technology vias
[INFO ODB-0225]     Created 441 library cells
[INFO ODB-0226] Finished LEF file:  /home/opentools/OpenLane/designs/fft/runs/opttime1/tmp/merged.unpadded.nom.lef
[INFO ODB-0127] Reading DEF file: /home/opentools/OpenLane/designs/fft/runs/opttime1/tmp/routing/19-global.def
[INFO ODB-0128] Design: DIF_R2SDF_top
[INFO ODB-0130]     Created 54 pins.
[INFO ODB-0131]     Created 62585 components and 288144 component-terminals.
[INFO ODB-0132]     Created 2 special nets and 236246 connections.
[INFO ODB-0133]     Created 13627 nets and 51898 connections.
[INFO ODB-0134] Finished DEF file: /home/opentools/OpenLane/designs/fft/runs/opttime1/tmp/routing/19-global.def
[INFO ORD-0030] Using 2 thread(s).
[INFO DRT-0149] Reading tech and libs.

Units:                1000
Number of layers:     13
Number of macros:     441
Number of vias:       25
Number of viarulegen: 25

[INFO DRT-0150] Reading design.

Design:                   DIF_R2SDF_top
Die area:                 ( 0 0 ) ( 715930 726650 )
Number of track patterns: 12
Number of DEF vias:       4
Number of components:     62585
Number of terminals:      54
Number of snets:          2
Number of nets:           13627

[INFO DRT-0167] List of default vias:
  Layer mcon
    default via: L1M1_PR
  Layer via
    default via: M1M2_PR
  Layer via2
    default via: M2M3_PR
  Layer via3
    default via: M3M4_PR
  Layer via4
    default via: M4M5_PR
[INFO DRT-0162] Library cell analysis.
[INFO DRT-0163] Instance analysis.
  Complete 10000 instances.
  Complete 20000 instances.
  Complete 30000 instances.
  Complete 40000 instances.
  Complete 50000 instances.
  Complete 60000 instances.
[INFO DRT-0164] Number of unique instances = 757.
[INFO DRT-0168] Init region query.
[INFO DRT-0018]   Complete 10000 insts.
[INFO DRT-0018]   Complete 20000 insts.
[INFO DRT-0018]   Complete 30000 insts.
[INFO DRT-0018]   Complete 40000 insts.
[INFO DRT-0018]   Complete 50000 insts.
[INFO DRT-0018]   Complete 60000 insts.
[INFO DRT-0024]   Complete FR_MASTERSLICE.
[INFO DRT-0024]   Complete FR_VIA.
[INFO DRT-0024]   Complete li1.
[INFO DRT-0024]   Complete mcon.
[INFO DRT-0024]   Complete met1.
[INFO DRT-0024]   Complete via.
[INFO DRT-0024]   Complete met2.
[INFO DRT-0024]   Complete via2.
[INFO DRT-0024]   Complete met3.
[INFO DRT-0024]   Complete via3.
[INFO DRT-0024]   Complete met4.
[INFO DRT-0024]   Complete via4.
[INFO DRT-0024]   Complete met5.
[INFO DRT-0033] FR_MASTERSLICE shape region query size = 0.
[INFO DRT-0033] FR_VIA shape region query size = 0.
[INFO DRT-0033] li1 shape region query size = 599813.
[INFO DRT-0033] mcon shape region query size = 797906.
[INFO DRT-0033] met1 shape region query size = 136515.
[INFO DRT-0033] via shape region query size = 5850.
[INFO DRT-0033] met2 shape region query size = 3538.
[INFO DRT-0033] via2 shape region query size = 4680.
[INFO DRT-0033] met3 shape region query size = 3534.
[INFO DRT-0033] via3 shape region query size = 4680.
[INFO DRT-0033] met4 shape region query size = 1229.
[INFO DRT-0033] via4 shape region query size = 41.
[INFO DRT-0033] met5 shape region query size = 59.
[INFO DRT-0165] Start pin access.
[INFO DRT-0076]   Complete 100 pins.
[INFO DRT-0076]   Complete 200 pins.
[INFO DRT-0076]   Complete 300 pins.
[INFO DRT-0076]   Complete 400 pins.
[INFO DRT-0076]   Complete 500 pins.
[INFO DRT-0076]   Complete 600 pins.
[INFO DRT-0076]   Complete 700 pins.
[INFO DRT-0076]   Complete 800 pins.
[INFO DRT-0076]   Complete 900 pins.
[INFO DRT-0077]   Complete 1000 pins.
[INFO DRT-0077]   Complete 2000 pins.
[INFO DRT-0077]   Complete 3000 pins.
[INFO DRT-0078]   Complete 3353 pins.
[INFO DRT-0079]   Complete 100 unique inst patterns.
[INFO DRT-0079]   Complete 200 unique inst patterns.
[INFO DRT-0079]   Complete 300 unique inst patterns.
[INFO DRT-0079]   Complete 400 unique inst patterns.
[INFO DRT-0079]   Complete 500 unique inst patterns.
[INFO DRT-0079]   Complete 600 unique inst patterns.
[INFO DRT-0079]   Complete 700 unique inst patterns.
[INFO DRT-0081]   Complete 749 unique inst patterns.
[INFO DRT-0082]   Complete 1000 groups.
[INFO DRT-0082]   Complete 2000 groups.
[INFO DRT-0082]   Complete 3000 groups.
[INFO DRT-0082]   Complete 4000 groups.
[INFO DRT-0082]   Complete 5000 groups.
[INFO DRT-0082]   Complete 6000 groups.
[INFO DRT-0082]   Complete 7000 groups.
[INFO DRT-0082]   Complete 8000 groups.
[INFO DRT-0082]   Complete 9000 groups.
[INFO DRT-0083]   Complete 10000 groups.
[INFO DRT-0084]   Complete 13600 groups.
#scanned instances     = 62585
#unique  instances     = 757
#stdCellGenAp          = 24341
#stdCellValidPlanarAp  = 151
#stdCellValidViaAp     = 18749
#stdCellPinNoAp        = 0
#stdCellPinCnt         = 51898
#instTermValidViaApCnt = 0
#macroGenAp            = 0
#macroValidPlanarAp    = 0
#macroValidViaAp       = 0
#macroNoAp             = 0
[INFO DRT-0166] Complete pin access.
[INFO DRT-0267] cpu time = 00:00:18, elapsed time = 00:00:09, memory = 291.59 (MB), peak = 305.97 (MB)

Number of guides:     0

[INFO DRT-0185] Post process initialize RPin region query.

Generating GCell with size = 15 tracks, using layer li1 pitch  = 0.46
li1 V Track-Pitch = 0.46000  line-2-Via Pitch = 0.34000
met1 H Track-Pitch = 0.34000  line-2-Via Pitch = 0.32500
met2 V Track-Pitch = 0.46000  line-2-Via Pitch = 0.34000
met3 H Track-Pitch = 0.68000  line-2-Via Pitch = 0.61000
met4 V Track-Pitch = 0.92000  line-2-Via Pitch = 0.61500
met5 H Track-Pitch = 3.40000  line-2-Via Pitch = 3.11000

initializing congestion map...

start routing resource analysis ...

             Routing   #Avail     #Track     #Total     %Gcell
Layer      Direction    Track    Blocked      Gcell    Blocked
--------------------------------------------------------------
li1             V        1556          0      10815     96.19%
met1            H        2137          0      10815      0.00%
met2            V        1556          0      10815      0.00%
met3            H        1069          0      10815      0.00%
met4            V         778          0      10815      0.00%
met5            H         214          0      10815      0.95%
--------------------------------------------------------------
Total                    7310      0.00%      64890     16.19%

[INFO DRT-0267] cpu time = 00:00:00, elapsed time = 00:00:00, memory = 291.77 (MB), peak = 305.97 (MB)


generating net topology...
done net topology...
[INFO DRT-0032] FR_MASTERSLICE grObj region query size = 0.
[INFO DRT-0032] FR_VIA grObj region query size = 0.
[INFO DRT-0032] li1 grObj region query size = 41091.
[INFO DRT-0032] mcon grObj region query size = 0.
[INFO DRT-0032] met1 grObj region query size = 0.
[INFO DRT-0032] via grObj region query size = 0.
[INFO DRT-0032] met2 grObj region query size = 0.
[INFO DRT-0032] via2 grObj region query size = 0.
[INFO DRT-0032] met3 grObj region query size = 0.
[INFO DRT-0032] via3 grObj region query size = 0.
[INFO DRT-0032] met4 grObj region query size = 0.
[INFO DRT-0032] via4 grObj region query size = 0.
[INFO DRT-0032] met5 grObj region query size = 0.

start reporting 2D congestion ...

              #OverCon  %OverCon
Direction        GCell     GCell
--------------------------------
    H               1     0.01%
    V               0     0.00%
worstConH: 109.09%
worstConV:  91.30%


start 0th optimization iteration ...
[INFO DRT-0267] cpu time = 00:00:00, elapsed time = 00:00:00, memory = 377.25 (MB), peak = 377.04 (MB)


start 1st optimization iteration ...
[INFO DRT-0267] cpu time = 00:00:00, elapsed time = 00:00:00, memory = 378.15 (MB), peak = 377.91 (MB)


start 2nd optimization iteration ...
[INFO DRT-0267] cpu time = 00:00:00, elapsed time = 00:00:00, memory = 378.29 (MB), peak = 378.04 (MB)


start reporting 2D congestion ...

              #OverCon  %OverCon
Direction        GCell     GCell
--------------------------------
    H               0     0.00%
    V               0     0.00%
worstConH:  80.00%
worstConV:  78.26%

layer assignment...
done layer assignment...

start 0th optimization iteration ...
[INFO DRT-0267] cpu time = 00:00:00, elapsed time = 00:00:00, memory = 395.08 (MB), peak = 394.79 (MB)


start reporting 3D congestion ...

---------- li1 ----------
numOverConGCell: 0, %OverConGCell:   0.00%
---------- met1 ----------
numOverConGCell: 0, %OverConGCell:   0.00%
---------- met2 ----------
numOverConGCell: 0, %OverConGCell:   0.00%
---------- met3 ----------
numOverConGCell: 1, %OverConGCell:   0.01%
---------- met4 ----------
numOverConGCell: 0, %OverConGCell:   0.00%
---------- met5 ----------
numOverConGCell: 2, %OverConGCell:   0.02%

[WARNING DRT-0203] dbGcellGrid already exists in db. Clearing existing dbGCellGrid.
[INFO DRT-0156] guideIn read 100000 guides.
[INFO DRT-0156] guideIn read 200000 guides.

Number of guides:     247587

[INFO DRT-0169] Post process guides.
[INFO DRT-0176] GCELLGRID X -5 DO 103 STEP 6900 ;
[INFO DRT-0177] GCELLGRID Y -5 DO 105 STEP 6900 ;
[INFO DRT-0026]   Complete 10000 origin guides.
[INFO DRT-0026]   Complete 20000 origin guides.
[INFO DRT-0026]   Complete 30000 origin guides.
[INFO DRT-0026]   Complete 40000 origin guides.
[INFO DRT-0026]   Complete 50000 origin guides.
[INFO DRT-0026]   Complete 60000 origin guides.
[INFO DRT-0026]   Complete 70000 origin guides.
[INFO DRT-0026]   Complete 80000 origin guides.
[INFO DRT-0026]   Complete 90000 origin guides.
[INFO DRT-0027]   Complete 100000 origin guides.
[INFO DRT-0027]   Complete 200000 origin guides.
[INFO DRT-0028]   Complete FR_MASTERSLICE.
[INFO DRT-0028]   Complete FR_VIA.
[INFO DRT-0028]   Complete li1.
[INFO DRT-0028]   Complete mcon.
[INFO DRT-0028]   Complete met1.
[INFO DRT-0028]   Complete via.
[INFO DRT-0028]   Complete met2.
[INFO DRT-0028]   Complete via2.
[INFO DRT-0028]   Complete met3.
[INFO DRT-0028]   Complete via3.
[INFO DRT-0028]   Complete met4.
[INFO DRT-0028]   Complete via4.
[INFO DRT-0028]   Complete met5.
  complete 10000 nets.
[INFO DRT-0178] Init guide query.
[INFO DRT-0029]   Complete 10000 nets (guide).
[INFO DRT-0035]   Complete FR_MASTERSLICE (guide).
[INFO DRT-0035]   Complete FR_VIA (guide).
[INFO DRT-0035]   Complete li1 (guide).
[INFO DRT-0035]   Complete mcon (guide).
[INFO DRT-0035]   Complete met1 (guide).
[INFO DRT-0035]   Complete via (guide).
[INFO DRT-0035]   Complete met2 (guide).
[INFO DRT-0035]   Complete via2 (guide).
[INFO DRT-0035]   Complete met3 (guide).
[INFO DRT-0035]   Complete via3 (guide).
[INFO DRT-0035]   Complete met4 (guide).
[INFO DRT-0035]   Complete via4 (guide).
[INFO DRT-0035]   Complete met5 (guide).
[INFO DRT-0036] FR_MASTERSLICE guide region query size = 0.
[INFO DRT-0036] FR_VIA guide region query size = 0.
[INFO DRT-0036] li1 guide region query size = 42917.
[INFO DRT-0036] mcon guide region query size = 0.
[INFO DRT-0036] met1 guide region query size = 36552.
[INFO DRT-0036] via guide region query size = 0.
[INFO DRT-0036] met2 guide region query size = 24572.
[INFO DRT-0036] via2 guide region query size = 0.
[INFO DRT-0036] met3 guide region query size = 9131.
[INFO DRT-0036] via3 guide region query size = 0.
[INFO DRT-0036] met4 guide region query size = 3047.
[INFO DRT-0036] via4 guide region query size = 0.
[INFO DRT-0036] met5 guide region query size = 819.
[INFO DRT-0179] Init gr pin query.
[INFO DRT-0245] skipped writing guide updates to database.
[INFO DRT-0181] Start track assignment.
[INFO DRT-0184] Done with 70536 vertical wires in 3 frboxes and 46502 horizontal wires in 3 frboxes.
[INFO DRT-0186] Done with 10373 vertical wires in 3 frboxes and 11077 horizontal wires in 3 frboxes.
[INFO DRT-0182] Complete track assignment.
[INFO DRT-0267] cpu time = 00:00:09, elapsed time = 00:00:05, memory = 727.84 (MB), peak = 727.54 (MB)
[INFO DRT-0187] Start routing data preparation.
[INFO DRT-0267] cpu time = 00:00:00, elapsed time = 00:00:00, memory = 727.84 (MB), peak = 727.54 (MB)
[INFO DRT-0194] Start detail routing.
[INFO DRT-0195] Start 0th optimization iteration.
    Completing 10% with 0 violations.
    elapsed time = 00:00:07, memory = 965.42 (MB).
    Completing 20% with 0 violations.
    elapsed time = 00:00:28, memory = 1446.45 (MB).
    Completing 30% with 980 violations.
    elapsed time = 00:00:44, memory = 1761.13 (MB).
    Completing 40% with 980 violations.
    elapsed time = 00:00:56, memory = 1761.77 (MB).
    Completing 50% with 980 violations.
    elapsed time = 00:01:09, memory = 1762.71 (MB).
    Completing 60% with 1996 violations.
    elapsed time = 00:01:14, memory = 1760.48 (MB).
    Completing 70% with 1996 violations.
    elapsed time = 00:01:30, memory = 1760.52 (MB).
    Completing 80% with 2943 violations.
    elapsed time = 00:01:40, memory = 1760.59 (MB).
    Completing 90% with 2943 violations.
    elapsed time = 00:01:56, memory = 1774.03 (MB).
    Completing 100% with 3854 violations.
    elapsed time = 00:02:11, memory = 1852.38 (MB).
[INFO DRT-0199]   Number of violations = 6544.
[INFO DRT-0267] cpu time = 00:04:16, elapsed time = 00:02:12, memory = 1852.40 (MB), peak = 1852.05 (MB)
Total wire length = 916803 um.
Total wire length on LAYER li1 = 0 um.
Total wire length on LAYER met1 = 218002 um.
Total wire length on LAYER met2 = 309895 um.
Total wire length on LAYER met3 = 231046 um.
Total wire length on LAYER met4 = 120082 um.
Total wire length on LAYER met5 = 37775 um.
Total number of vias = 127362.
Up-via summary (total 127362):.

-------------------------
 FR_MASTERSLICE         0
            li1     51452
           met1     56519
           met2     13628
           met3      4593
           met4      1170
-------------------------
                   127362


[INFO DRT-0195] Start 1st optimization iteration.
    Completing 10% with 6544 violations.
    elapsed time = 00:00:05, memory = 1852.45 (MB).
    Completing 20% with 6544 violations.
    elapsed time = 00:00:18, memory = 1852.45 (MB).
    Completing 30% with 5320 violations.
    elapsed time = 00:00:26, memory = 1863.34 (MB).
    Completing 40% with 5320 violations.
    elapsed time = 00:00:36, memory = 1867.54 (MB).
    Completing 50% with 5320 violations.
    elapsed time = 00:00:47, memory = 1867.54 (MB).
    Completing 60% with 4041 violations.
    elapsed time = 00:00:54, memory = 1867.54 (MB).
    Completing 70% with 4041 violations.
    elapsed time = 00:01:07, memory = 1867.54 (MB).
    Completing 80% with 3031 violations.
    elapsed time = 00:01:17, memory = 1868.46 (MB).
    Completing 90% with 3031 violations.
    elapsed time = 00:01:29, memory = 1868.46 (MB).
    Completing 100% with 1642 violations.
    elapsed time = 00:01:40, memory = 1868.46 (MB).
[INFO DRT-0199]   Number of violations = 1646.
[INFO DRT-0267] cpu time = 00:03:14, elapsed time = 00:01:41, memory = 1868.46 (MB), peak = 1868.05 (MB)
Total wire length = 912651 um.
Total wire length on LAYER li1 = 0 um.
Total wire length on LAYER met1 = 219385 um.
Total wire length on LAYER met2 = 308543 um.
Total wire length on LAYER met3 = 230839 um.
Total wire length on LAYER met4 = 118567 um.
Total wire length on LAYER met5 = 35315 um.
Total number of vias = 126382.
Up-via summary (total 126382):.

-------------------------
 FR_MASTERSLICE         0
            li1     51427
           met1     56155
           met2     13380
           met3      4428
           met4       992
-------------------------
                   126382


[INFO DRT-0195] Start 2nd optimization iteration.
    Completing 10% with 1646 violations.
    elapsed time = 00:00:06, memory = 1868.46 (MB).
    Completing 20% with 1646 violations.
    elapsed time = 00:00:17, memory = 1868.46 (MB).
    Completing 30% with 1602 violations.
    elapsed time = 00:00:24, memory = 1868.46 (MB).
    Completing 40% with 1602 violations.
    elapsed time = 00:00:36, memory = 1868.46 (MB).
    Completing 50% with 1602 violations.
    elapsed time = 00:00:45, memory = 1868.46 (MB).
    Completing 60% with 1526 violations.
    elapsed time = 00:00:56, memory = 1868.46 (MB).
    Completing 70% with 1526 violations.
    elapsed time = 00:01:08, memory = 1868.46 (MB).
    Completing 80% with 1488 violations.
    elapsed time = 00:01:15, memory = 1868.46 (MB).
    Completing 90% with 1488 violations.
    elapsed time = 00:01:28, memory = 1868.46 (MB).
    Completing 100% with 1445 violations.
    elapsed time = 00:01:34, memory = 1868.46 (MB).
[INFO DRT-0199]   Number of violations = 1445.
[INFO DRT-0267] cpu time = 00:03:04, elapsed time = 00:01:35, memory = 1868.46 (MB), peak = 1868.05 (MB)
Total wire length = 911368 um.
Total wire length on LAYER li1 = 0 um.
Total wire length on LAYER met1 = 219618 um.
Total wire length on LAYER met2 = 308211 um.
Total wire length on LAYER met3 = 231120 um.
Total wire length on LAYER met4 = 118170 um.
Total wire length on LAYER met5 = 34247 um.
Total number of vias = 126251.
Up-via summary (total 126251):.

-------------------------
 FR_MASTERSLICE         0
            li1     51427
           met1     56126
           met2     13372
           met3      4408
           met4       918
-------------------------
                   126251


[INFO DRT-0195] Start 3rd optimization iteration.
    Completing 10% with 1445 violations.
    elapsed time = 00:00:06, memory = 1868.46 (MB).
    Completing 20% with 1445 violations.
    elapsed time = 00:00:16, memory = 1878.66 (MB).
    Completing 30% with 1134 violations.
    elapsed time = 00:00:20, memory = 1878.66 (MB).
    Completing 40% with 1134 violations.
    elapsed time = 00:00:25, memory = 1878.67 (MB).
    Completing 50% with 1134 violations.
    elapsed time = 00:00:31, memory = 1878.67 (MB).
    Completing 60% with 755 violations.
    elapsed time = 00:00:38, memory = 1878.67 (MB).
    Completing 70% with 755 violations.
    elapsed time = 00:00:49, memory = 1878.67 (MB).
    Completing 80% with 444 violations.
    elapsed time = 00:00:57, memory = 1921.52 (MB).
    Completing 90% with 444 violations.
    elapsed time = 00:01:01, memory = 1921.52 (MB).
    Completing 100% with 120 violations.
    elapsed time = 00:01:09, memory = 1921.52 (MB).
[INFO DRT-0199]   Number of violations = 120.
[INFO DRT-0267] cpu time = 00:02:08, elapsed time = 00:01:09, memory = 1921.54 (MB), peak = 1921.17 (MB)
Total wire length = 911639 um.
Total wire length on LAYER li1 = 0 um.
Total wire length on LAYER met1 = 221513 um.
Total wire length on LAYER met2 = 308982 um.
Total wire length on LAYER met3 = 229355 um.
Total wire length on LAYER met4 = 117842 um.
Total wire length on LAYER met5 = 33944 um.
Total number of vias = 126909.
Up-via summary (total 126909):.

-------------------------
 FR_MASTERSLICE         0
            li1     51427
           met1     56892
           met2     13287
           met3      4392
           met4       911
-------------------------
                   126909


[INFO DRT-0195] Start 4th optimization iteration.
    Completing 10% with 120 violations.
    elapsed time = 00:00:00, memory = 1921.54 (MB).
    Completing 20% with 120 violations.
    elapsed time = 00:00:01, memory = 1921.54 (MB).
    Completing 30% with 55 violations.
    elapsed time = 00:00:05, memory = 1921.54 (MB).
    Completing 40% with 55 violations.
    elapsed time = 00:00:05, memory = 1921.54 (MB).
    Completing 50% with 55 violations.
    elapsed time = 00:00:06, memory = 1921.54 (MB).
    Completing 60% with 39 violations.
    elapsed time = 00:00:07, memory = 1921.54 (MB).
    Completing 70% with 39 violations.
    elapsed time = 00:00:08, memory = 1921.54 (MB).
    Completing 80% with 22 violations.
    elapsed time = 00:00:08, memory = 1921.54 (MB).
    Completing 90% with 22 violations.
    elapsed time = 00:00:08, memory = 1921.54 (MB).
    Completing 100% with 11 violations.
    elapsed time = 00:00:13, memory = 1921.54 (MB).
[INFO DRT-0199]   Number of violations = 11.
[INFO DRT-0267] cpu time = 00:00:20, elapsed time = 00:00:13, memory = 1921.54 (MB), peak = 1921.17 (MB)
Total wire length = 911649 um.
Total wire length on LAYER li1 = 0 um.
Total wire length on LAYER met1 = 221559 um.
Total wire length on LAYER met2 = 309117 um.
Total wire length on LAYER met3 = 229310 um.
Total wire length on LAYER met4 = 117715 um.
Total wire length on LAYER met5 = 33944 um.
Total number of vias = 126946.
Up-via summary (total 126946):.

-------------------------
 FR_MASTERSLICE         0
            li1     51427
           met1     56930
           met2     13284
           met3      4394
           met4       911
-------------------------
                   126946


[INFO DRT-0195] Start 5th optimization iteration.
    Completing 10% with 11 violations.
    elapsed time = 00:00:00, memory = 1921.54 (MB).
    Completing 20% with 11 violations.
    elapsed time = 00:00:00, memory = 1921.54 (MB).
    Completing 30% with 11 violations.
    elapsed time = 00:00:01, memory = 1921.54 (MB).
    Completing 40% with 11 violations.
    elapsed time = 00:00:01, memory = 1921.54 (MB).
    Completing 50% with 11 violations.
    elapsed time = 00:00:01, memory = 1921.54 (MB).
    Completing 60% with 11 violations.
    elapsed time = 00:00:01, memory = 1921.54 (MB).
    Completing 70% with 11 violations.
    elapsed time = 00:00:01, memory = 1921.54 (MB).
    Completing 80% with 9 violations.
    elapsed time = 00:00:02, memory = 1921.54 (MB).
    Completing 90% with 9 violations.
    elapsed time = 00:00:02, memory = 1921.54 (MB).
    Completing 100% with 5 violations.
    elapsed time = 00:00:02, memory = 1921.54 (MB).
[INFO DRT-0199]   Number of violations = 5.
[INFO DRT-0267] cpu time = 00:00:02, elapsed time = 00:00:02, memory = 1921.54 (MB), peak = 1921.17 (MB)
Total wire length = 911640 um.
Total wire length on LAYER li1 = 0 um.
Total wire length on LAYER met1 = 221562 um.
Total wire length on LAYER met2 = 309117 um.
Total wire length on LAYER met3 = 229299 um.
Total wire length on LAYER met4 = 117715 um.
Total wire length on LAYER met5 = 33944 um.
Total number of vias = 126947.
Up-via summary (total 126947):.

-------------------------
 FR_MASTERSLICE         0
            li1     51427
           met1     56935
           met2     13280
           met3      4394
           met4       911
-------------------------
                   126947


[INFO DRT-0195] Start 6th optimization iteration.
    Completing 10% with 5 violations.
    elapsed time = 00:00:00, memory = 1921.54 (MB).
    Completing 20% with 5 violations.
    elapsed time = 00:00:00, memory = 1921.54 (MB).
    Completing 30% with 3 violations.
    elapsed time = 00:00:01, memory = 1921.54 (MB).
    Completing 40% with 3 violations.
    elapsed time = 00:00:01, memory = 1921.54 (MB).
    Completing 50% with 3 violations.
    elapsed time = 00:00:01, memory = 1921.54 (MB).
    Completing 60% with 3 violations.
    elapsed time = 00:00:01, memory = 1921.54 (MB).
    Completing 70% with 3 violations.
    elapsed time = 00:00:01, memory = 1921.54 (MB).
    Completing 80% with 3 violations.
    elapsed time = 00:00:01, memory = 1921.54 (MB).
    Completing 90% with 3 violations.
    elapsed time = 00:00:01, memory = 1921.54 (MB).
    Completing 100% with 3 violations.
    elapsed time = 00:00:01, memory = 1921.54 (MB).
[INFO DRT-0199]   Number of violations = 3.
[INFO DRT-0267] cpu time = 00:00:02, elapsed time = 00:00:02, memory = 1921.54 (MB), peak = 1921.17 (MB)
Total wire length = 911648 um.
Total wire length on LAYER li1 = 0 um.
Total wire length on LAYER met1 = 221570 um.
Total wire length on LAYER met2 = 309121 um.
Total wire length on LAYER met3 = 229296 um.
Total wire length on LAYER met4 = 117715 um.
Total wire length on LAYER met5 = 33944 um.
Total number of vias = 126949.
Up-via summary (total 126949):.

-------------------------
 FR_MASTERSLICE         0
            li1     51427
           met1     56938
           met2     13279
           met3      4394
           met4       911
-------------------------
                   126949


[INFO DRT-0195] Start 7th optimization iteration.
    Completing 10% with 3 violations.
    elapsed time = 00:00:00, memory = 1921.54 (MB).
    Completing 20% with 3 violations.
    elapsed time = 00:00:00, memory = 1921.54 (MB).
    Completing 30% with 3 violations.
    elapsed time = 00:00:00, memory = 1921.54 (MB).
    Completing 40% with 3 violations.
    elapsed time = 00:00:00, memory = 1921.54 (MB).
    Completing 50% with 3 violations.
    elapsed time = 00:00:00, memory = 1921.54 (MB).
    Completing 60% with 0 violations.
    elapsed time = 00:00:00, memory = 1921.54 (MB).
    Completing 70% with 0 violations.
    elapsed time = 00:00:00, memory = 1921.54 (MB).
    Completing 80% with 0 violations.
    elapsed time = 00:00:00, memory = 1921.54 (MB).
    Completing 90% with 0 violations.
    elapsed time = 00:00:00, memory = 1921.54 (MB).
    Completing 100% with 0 violations.
    elapsed time = 00:00:00, memory = 1921.54 (MB).
[INFO DRT-0199]   Number of violations = 0.
[INFO DRT-0267] cpu time = 00:00:00, elapsed time = 00:00:00, memory = 1921.54 (MB), peak = 1921.17 (MB)
Total wire length = 911647 um.
Total wire length on LAYER li1 = 0 um.
Total wire length on LAYER met1 = 221569 um.
Total wire length on LAYER met2 = 309120 um.
Total wire length on LAYER met3 = 229296 um.
Total wire length on LAYER met4 = 117715 um.
Total wire length on LAYER met5 = 33944 um.
Total number of vias = 126949.
Up-via summary (total 126949):.

-------------------------
 FR_MASTERSLICE         0
            li1     51427
           met1     56938
           met2     13279
           met3      4394
           met4       911
-------------------------
                   126949


[INFO DRT-0198] Complete detail routing.
Total wire length = 911647 um.
Total wire length on LAYER li1 = 0 um.
Total wire length on LAYER met1 = 221569 um.
Total wire length on LAYER met2 = 309120 um.
Total wire length on LAYER met3 = 229296 um.
Total wire length on LAYER met4 = 117715 um.
Total wire length on LAYER met5 = 33944 um.
Total number of vias = 126949.
Up-via summary (total 126949):.

-------------------------
 FR_MASTERSLICE         0
            li1     51427
           met1     56938
           met2     13279
           met3      4394
           met4       911
-------------------------
                   126949


[INFO DRT-0267] cpu time = 00:13:10, elapsed time = 00:06:57, memory = 1921.54 (MB), peak = 1921.17 (MB)

[INFO DRT-0180] Post processing.
Saving to /home/opentools/OpenLane/designs/fft/runs/opttime1/results/routing/DIF_R2SDF_top.def
