Copyright 1986-2018 Xilinx, Inc. All Rights Reserved.
------------------------------------------------------------------------------------------
| Tool Version : Vivado v.2018.2 (win64) Build 2258646 Thu Jun 14 20:03:12 MDT 2018
| Date         : Sat Aug 15 03:49:11 2026
| Host         : DESKTOP-GRGL43M running 64-bit major release  (build 9200)
| Command      : report_control_sets -verbose -file DIF_R2SDF_top_control_sets_placed.rpt
| Design       : DIF_R2SDF_top
| Device       : xc7a35ti
------------------------------------------------------------------------------------------

Control Set Information

Table of Contents
-----------------
1. Summary
2. Histogram
3. Flip-Flop Distribution
4. Detailed Control Set Information

1. Summary
----------

+----------------------------------------------------------+-------+
|                          Status                          | Count |
+----------------------------------------------------------+-------+
| Number of unique control sets                            |     8 |
| Unused register locations in slices containing registers |     2 |
+----------------------------------------------------------+-------+


2. Histogram
------------

+--------+--------------+
| Fanout | Control Sets |
+--------+--------------+
|      8 |            5 |
|    16+ |            3 |
+--------+--------------+


3. Flip-Flop Distribution
-------------------------

+--------------+-----------------------+------------------------+-----------------+--------------+
| Clock Enable | Synchronous Set/Reset | Asynchronous Set/Reset | Total Registers | Total Slices |
+--------------+-----------------------+------------------------+-----------------+--------------+
| No           | No                    | No                     |              96 |           12 |
| No           | No                    | Yes                    |             270 |           44 |
| No           | Yes                   | No                     |               0 |            0 |
| Yes          | No                    | No                     |               0 |            0 |
| Yes          | No                    | Yes                    |              88 |           17 |
| Yes          | Yes                   | No                     |               0 |            0 |
+--------------+-----------------------+------------------------+-----------------+--------------+


4. Detailed Control Set Information
-----------------------------------

+----------------+-------------------------------+---------------------------------+------------------+----------------+
|  Clock Signal  |         Enable Signal         |         Set/Reset Signal        | Slice Load Count | Bel Load Count |
+----------------+-------------------------------+---------------------------------+------------------+----------------+
|  clk_IBUF_BUFG | STAGE2/CU/count[3]_i_1_n_0    | STAGE1/SR8/delay_re_reg[7][0]_0 |                2 |              8 |
|  clk_IBUF_BUFG | STAGE3/CU/count[3]_i_1__0_n_0 | STAGE1/SR8/delay_re_reg[7][0]_0 |                1 |              8 |
|  clk_IBUF_BUFG | STAGE1/valid_reg              | STAGE1/SR8/delay_re_reg[7][0]_0 |                1 |              8 |
|  clk_IBUF_BUFG | STAGE1/CU/rom_addr[2]_i_1_n_0 | STAGE1/SR8/delay_re_reg[7][0]_0 |                1 |              8 |
|  clk_IBUF_BUFG | STAGE4/CU/out_valid_i_1_n_0   | STAGE1/SR8/delay_re_reg[7][0]_0 |                1 |              8 |
|  clk_IBUF_BUFG | in_valid_IBUF                 | STAGE1/SR8/delay_re_reg[7][0]_0 |               11 |             48 |
|  clk_IBUF_BUFG |                               |                                 |               24 |            192 |
|  clk_IBUF_BUFG |                               | STAGE1/SR8/delay_re_reg[7][0]_0 |               44 |            270 |
+----------------+-------------------------------+---------------------------------+------------------+----------------+


