
*** Running vivado
    with args -log DIF_R2SDF_top.vdi -applog -m64 -product Vivado -messageDb vivado.pb -mode batch -source DIF_R2SDF_top.tcl -notrace


****** Vivado v2018.2 (64-bit)
  **** SW Build 2258646 on Thu Jun 14 20:03:12 MDT 2018
  **** IP Build 2256618 on Thu Jun 14 22:10:49 MDT 2018
    ** Copyright 1986-2018 Xilinx, Inc. All Rights Reserved.

source DIF_R2SDF_top.tcl -notrace
Command: link_design -top DIF_R2SDF_top -part xc7a35ticpg236-1L
Design is defaulting to srcset: sources_1
Design is defaulting to constrset: constrs_1
INFO: [Netlist 29-17] Analyzing 95 Unisim elements for replacement
INFO: [Netlist 29-28] Unisim Transformation completed in 0 CPU seconds
INFO: [Project 1-479] Netlist was created with Vivado 2018.2
INFO: [Device 21-403] Loading part xc7a35ticpg236-1L
INFO: [Project 1-570] Preparing netlist for logic optimization
Parsing XDC File [D:/fft_fpga/project_1/project_1.srcs/constrs_1/imports/fft_fpga/FFT_Basys3_full_constraints.xdc]
Finished Parsing XDC File [D:/fft_fpga/project_1/project_1.srcs/constrs_1/imports/fft_fpga/FFT_Basys3_full_constraints.xdc]
INFO: [Opt 31-138] Pushed 0 inverter(s) to 0 load pin(s).
INFO: [Project 1-111] Unisim Transformation Summary:
No Unisim elements were transformed.

7 Infos, 0 Warnings, 0 Critical Warnings and 0 Errors encountered.
link_design completed successfully
link_design: Time (s): cpu = 00:00:15 ; elapsed = 00:00:17 . Memory (MB): peak = 611.609 ; gain = 341.332
Command: opt_design
Attempting to get a license for feature 'Implementation' and/or device 'xc7a35ti'
INFO: [Common 17-349] Got license for feature 'Implementation' and/or device 'xc7a35ti'
Running DRC as a precondition to command opt_design

Starting DRC Task
INFO: [DRC 23-27] Running DRC with 2 threads
INFO: [Project 1-461] DRC finished with 0 Errors
INFO: [Project 1-462] Please refer to the DRC report (report_drc) for more information.

Time (s): cpu = 00:00:01 ; elapsed = 00:00:00.466 . Memory (MB): peak = 621.609 ; gain = 10.000

Starting Cache Timing Information Task
INFO: [Timing 38-35] Done setting XDC timing constraints.
Ending Cache Timing Information Task | Checksum: 1635859fc

Time (s): cpu = 00:00:07 ; elapsed = 00:00:08 . Memory (MB): peak = 1163.512 ; gain = 541.902

Starting Logic Optimization Task

Phase 1 Retarget
INFO: [Opt 31-138] Pushed 0 inverter(s) to 0 load pin(s).
INFO: [Opt 31-49] Retargeted 0 cell(s).
Phase 1 Retarget | Checksum: 1635859fc

Time (s): cpu = 00:00:00 ; elapsed = 00:00:00.067 . Memory (MB): peak = 1163.512 ; gain = 0.000
INFO: [Opt 31-389] Phase Retarget created 0 cells and removed 0 cells

Phase 2 Constant propagation
INFO: [Opt 31-138] Pushed 0 inverter(s) to 0 load pin(s).
Phase 2 Constant propagation | Checksum: 1635859fc

Time (s): cpu = 00:00:00 ; elapsed = 00:00:00.083 . Memory (MB): peak = 1163.512 ; gain = 0.000
INFO: [Opt 31-389] Phase Constant propagation created 0 cells and removed 0 cells

Phase 3 Sweep
Phase 3 Sweep | Checksum: c05d5186

Time (s): cpu = 00:00:00 ; elapsed = 00:00:00.106 . Memory (MB): peak = 1163.512 ; gain = 0.000
INFO: [Opt 31-389] Phase Sweep created 0 cells and removed 0 cells

Phase 4 BUFG optimization
Phase 4 BUFG optimization | Checksum: c05d5186

Time (s): cpu = 00:00:00 ; elapsed = 00:00:00.140 . Memory (MB): peak = 1163.512 ; gain = 0.000
INFO: [Opt 31-662] Phase BUFG optimization created 0 cells of which 0 are BUFGs and removed 0 cells.

Phase 5 Shift Register Optimization
Phase 5 Shift Register Optimization | Checksum: 1fe726de2

Time (s): cpu = 00:00:00 ; elapsed = 00:00:00.165 . Memory (MB): peak = 1163.512 ; gain = 0.000
INFO: [Opt 31-389] Phase Shift Register Optimization created 0 cells and removed 0 cells

Phase 6 Post Processing Netlist
Phase 6 Post Processing Netlist | Checksum: 1fe726de2

Time (s): cpu = 00:00:00 ; elapsed = 00:00:00.170 . Memory (MB): peak = 1163.512 ; gain = 0.000
INFO: [Opt 31-389] Phase Post Processing Netlist created 0 cells and removed 0 cells

Starting Connectivity Check Task

Time (s): cpu = 00:00:00 ; elapsed = 00:00:00.001 . Memory (MB): peak = 1163.512 ; gain = 0.000
Ending Logic Optimization Task | Checksum: 1fe726de2

Time (s): cpu = 00:00:00 ; elapsed = 00:00:00.176 . Memory (MB): peak = 1163.512 ; gain = 0.000

Starting Power Optimization Task
INFO: [Pwropt 34-132] Skipping clock gating for clocks with a period < 2.00 ns.
Ending Power Optimization Task | Checksum: 1fe726de2

Time (s): cpu = 00:00:00 ; elapsed = 00:00:00.010 . Memory (MB): peak = 1163.512 ; gain = 0.000

Starting Final Cleanup Task
Ending Final Cleanup Task | Checksum: 1fe726de2

Time (s): cpu = 00:00:00 ; elapsed = 00:00:00 . Memory (MB): peak = 1163.512 ; gain = 0.000
INFO: [Common 17-83] Releasing license: Implementation
23 Infos, 0 Warnings, 0 Critical Warnings and 0 Errors encountered.
opt_design completed successfully
opt_design: Time (s): cpu = 00:00:08 ; elapsed = 00:00:09 . Memory (MB): peak = 1163.512 ; gain = 551.902
INFO: [Timing 38-480] Writing timing data to binary archive.
Writing placer database...
Writing XDEF routing.
Writing XDEF routing logical nets.
Writing XDEF routing special nets.
Write XDEF Complete: Time (s): cpu = 00:00:00 ; elapsed = 00:00:00.029 . Memory (MB): peak = 1163.512 ; gain = 0.000
INFO: [Common 17-1381] The checkpoint 'D:/fft_fpga/project_1/project_1.runs/impl_1/DIF_R2SDF_top_opt.dcp' has been generated.
INFO: [runtcl-4] Executing : report_drc -file DIF_R2SDF_top_drc_opted.rpt -pb DIF_R2SDF_top_drc_opted.pb -rpx DIF_R2SDF_top_drc_opted.rpx
Command: report_drc -file DIF_R2SDF_top_drc_opted.rpt -pb DIF_R2SDF_top_drc_opted.pb -rpx DIF_R2SDF_top_drc_opted.rpx
INFO: [IP_Flow 19-234] Refreshing IP repositories
INFO: [IP_Flow 19-1704] No user IP repositories specified
INFO: [IP_Flow 19-2313] Loaded Vivado IP repository 'C:/Xilinx/Vivado/2018.2/data/ip'.
INFO: [DRC 23-27] Running DRC with 2 threads
INFO: [Coretcl 2-168] The results of DRC are in file D:/fft_fpga/project_1/project_1.runs/impl_1/DIF_R2SDF_top_drc_opted.rpt.
report_drc completed successfully
Command: place_design
Attempting to get a license for feature 'Implementation' and/or device 'xc7a35ti'
INFO: [Common 17-349] Got license for feature 'Implementation' and/or device 'xc7a35ti'
INFO: [DRC 23-27] Running DRC with 2 threads
INFO: [Vivado_Tcl 4-198] DRC finished with 0 Errors
INFO: [Vivado_Tcl 4-199] Please refer to the DRC report (report_drc) for more information.
Running DRC as a precondition to command place_design
INFO: [DRC 23-27] Running DRC with 2 threads
INFO: [Vivado_Tcl 4-198] DRC finished with 0 Errors
INFO: [Vivado_Tcl 4-199] Please refer to the DRC report (report_drc) for more information.

Starting Placer Task
INFO: [Place 30-611] Multithreading enabled for place_design using a maximum of 2 CPUs

Phase 1 Placer Initialization

Phase 1.1 Placer Initialization Netlist Sorting
Netlist sorting complete. Time (s): cpu = 00:00:00 ; elapsed = 00:00:00.001 . Memory (MB): peak = 1163.512 ; gain = 0.000
Phase 1.1 Placer Initialization Netlist Sorting | Checksum: 15be06085

Time (s): cpu = 00:00:00 ; elapsed = 00:00:00.009 . Memory (MB): peak = 1163.512 ; gain = 0.000
Netlist sorting complete. Time (s): cpu = 00:00:00 ; elapsed = 00:00:00.001 . Memory (MB): peak = 1163.512 ; gain = 0.000

Phase 1.2 IO Placement/ Clock Placement/ Build Placer Device
INFO: [Timing 38-35] Done setting XDC timing constraints.
Phase 1.2 IO Placement/ Clock Placement/ Build Placer Device | Checksum: 1729719a2

Time (s): cpu = 00:00:01 ; elapsed = 00:00:00.580 . Memory (MB): peak = 1174.156 ; gain = 10.645

Phase 1.3 Build Placer Netlist Model
Phase 1.3 Build Placer Netlist Model | Checksum: 18bf43282

Time (s): cpu = 00:00:01 ; elapsed = 00:00:00.777 . Memory (MB): peak = 1174.156 ; gain = 10.645

Phase 1.4 Constrain Clocks/Macros
Phase 1.4 Constrain Clocks/Macros | Checksum: 18bf43282

Time (s): cpu = 00:00:01 ; elapsed = 00:00:00.781 . Memory (MB): peak = 1174.156 ; gain = 10.645
Phase 1 Placer Initialization | Checksum: 18bf43282

Time (s): cpu = 00:00:01 ; elapsed = 00:00:00.786 . Memory (MB): peak = 1174.156 ; gain = 10.645

Phase 2 Global Placement

Phase 2.1 Floorplanning
Phase 2.1 Floorplanning | Checksum: 21d93e939

Time (s): cpu = 00:00:01 ; elapsed = 00:00:00.861 . Memory (MB): peak = 1174.156 ; gain = 10.645

Phase 2.2 Physical Synthesis In Placer
INFO: [Physopt 32-65] No nets found for high-fanout optimization.
INFO: [Physopt 32-232] Optimized 0 net. Created 0 new instance.
INFO: [Physopt 32-775] End 1 Pass. Optimized 0 net or cell. Created 0 new cell, deleted 0 existing cell and moved 0 existing cell
Netlist sorting complete. Time (s): cpu = 00:00:00 ; elapsed = 00:00:00.001 . Memory (MB): peak = 1174.156 ; gain = 0.000

Summary of Physical Synthesis Optimizations
============================================


-----------------------------------------------------------------------------------------------------------------------------
|  Optimization       |  Added Cells  |  Removed Cells  |  Optimized Cells/Nets  |  Dont Touch  |  Iterations  |  Elapsed   |
-----------------------------------------------------------------------------------------------------------------------------
|  Very High Fanout   |            0  |              0  |                     0  |           0  |           1  |  00:00:00  |
|  Total              |            0  |              0  |                     0  |           0  |           1  |  00:00:00  |
-----------------------------------------------------------------------------------------------------------------------------


Phase 2.2 Physical Synthesis In Placer | Checksum: 18cc2d2d1

Time (s): cpu = 00:00:03 ; elapsed = 00:00:02 . Memory (MB): peak = 1174.156 ; gain = 10.645
Phase 2 Global Placement | Checksum: 195491faa

Time (s): cpu = 00:00:03 ; elapsed = 00:00:02 . Memory (MB): peak = 1174.156 ; gain = 10.645

Phase 3 Detail Placement

Phase 3.1 Commit Multi Column Macros
Phase 3.1 Commit Multi Column Macros | Checksum: 195491faa

Time (s): cpu = 00:00:03 ; elapsed = 00:00:02 . Memory (MB): peak = 1174.156 ; gain = 10.645

Phase 3.2 Commit Most Macros & LUTRAMs
Phase 3.2 Commit Most Macros & LUTRAMs | Checksum: 1f3e6866c

Time (s): cpu = 00:00:04 ; elapsed = 00:00:02 . Memory (MB): peak = 1174.156 ; gain = 10.645

Phase 3.3 Area Swap Optimization
Phase 3.3 Area Swap Optimization | Checksum: 180e24497

Time (s): cpu = 00:00:04 ; elapsed = 00:00:02 . Memory (MB): peak = 1174.156 ; gain = 10.645

Phase 3.4 Pipeline Register Optimization
Phase 3.4 Pipeline Register Optimization | Checksum: 19a3f6c11

Time (s): cpu = 00:00:04 ; elapsed = 00:00:02 . Memory (MB): peak = 1174.156 ; gain = 10.645

Phase 3.5 Small Shape Detail Placement
Phase 3.5 Small Shape Detail Placement | Checksum: 23c16f2b7

Time (s): cpu = 00:00:04 ; elapsed = 00:00:02 . Memory (MB): peak = 1174.156 ; gain = 10.645

Phase 3.6 Re-assign LUT pins
Phase 3.6 Re-assign LUT pins | Checksum: 1b3b5b00c

Time (s): cpu = 00:00:04 ; elapsed = 00:00:02 . Memory (MB): peak = 1174.156 ; gain = 10.645

Phase 3.7 Pipeline Register Optimization
Phase 3.7 Pipeline Register Optimization | Checksum: 1b3b5b00c

Time (s): cpu = 00:00:04 ; elapsed = 00:00:02 . Memory (MB): peak = 1174.156 ; gain = 10.645
Phase 3 Detail Placement | Checksum: 1b3b5b00c

Time (s): cpu = 00:00:04 ; elapsed = 00:00:02 . Memory (MB): peak = 1174.156 ; gain = 10.645

Phase 4 Post Placement Optimization and Clean-Up

Phase 4.1 Post Commit Optimization
INFO: [Timing 38-35] Done setting XDC timing constraints.

Phase 4.1.1 Post Placement Optimization
Post Placement Optimization Initialization | Checksum: 1176d80ac

Phase 4.1.1.1 BUFG Insertion
INFO: [Place 46-31] BUFG insertion identified 0 candidate nets, 0 success, 0 skipped for placement/routing, 0 skipped for timing, 0 skipped for netlist change reason.
Phase 4.1.1.1 BUFG Insertion | Checksum: 1176d80ac

Time (s): cpu = 00:00:04 ; elapsed = 00:00:02 . Memory (MB): peak = 1198.859 ; gain = 35.348
INFO: [Place 30-746] Post Placement Timing Summary WNS=4.135. For the most accurate timing information please run report_timing.
Phase 4.1.1 Post Placement Optimization | Checksum: 1ef7ee15d

Time (s): cpu = 00:00:04 ; elapsed = 00:00:02 . Memory (MB): peak = 1198.859 ; gain = 35.348
Phase 4.1 Post Commit Optimization | Checksum: 1ef7ee15d

Time (s): cpu = 00:00:04 ; elapsed = 00:00:02 . Memory (MB): peak = 1198.859 ; gain = 35.348

Phase 4.2 Post Placement Cleanup
Phase 4.2 Post Placement Cleanup | Checksum: 1ef7ee15d

Time (s): cpu = 00:00:04 ; elapsed = 00:00:02 . Memory (MB): peak = 1198.859 ; gain = 35.348

Phase 4.3 Placer Reporting
Phase 4.3 Placer Reporting | Checksum: 1ef7ee15d

Time (s): cpu = 00:00:04 ; elapsed = 00:00:02 . Memory (MB): peak = 1198.859 ; gain = 35.348

Phase 4.4 Final Placement Cleanup
Phase 4.4 Final Placement Cleanup | Checksum: 161b5b6fc

Time (s): cpu = 00:00:04 ; elapsed = 00:00:02 . Memory (MB): peak = 1198.859 ; gain = 35.348
Phase 4 Post Placement Optimization and Clean-Up | Checksum: 161b5b6fc

Time (s): cpu = 00:00:04 ; elapsed = 00:00:02 . Memory (MB): peak = 1198.859 ; gain = 35.348
Ending Placer Task | Checksum: 73cafe59

Time (s): cpu = 00:00:04 ; elapsed = 00:00:02 . Memory (MB): peak = 1198.859 ; gain = 35.348
INFO: [Common 17-83] Releasing license: Implementation
47 Infos, 0 Warnings, 0 Critical Warnings and 0 Errors encountered.
place_design completed successfully
INFO: [Timing 38-480] Writing timing data to binary archive.
Writing placer database...
Writing XDEF routing.
Writing XDEF routing logical nets.
Writing XDEF routing special nets.
Write XDEF Complete: Time (s): cpu = 00:00:00 ; elapsed = 00:00:00.073 . Memory (MB): peak = 1206.465 ; gain = 7.594
INFO: [Common 17-1381] The checkpoint 'D:/fft_fpga/project_1/project_1.runs/impl_1/DIF_R2SDF_top_placed.dcp' has been generated.
INFO: [runtcl-4] Executing : report_io -file DIF_R2SDF_top_io_placed.rpt
report_io: Time (s): cpu = 00:00:00 ; elapsed = 00:00:00.028 . Memory (MB): peak = 1206.465 ; gain = 0.000
INFO: [runtcl-4] Executing : report_utilization -file DIF_R2SDF_top_utilization_placed.rpt -pb DIF_R2SDF_top_utilization_placed.pb
report_utilization: Time (s): cpu = 00:00:00 ; elapsed = 00:00:00.017 . Memory (MB): peak = 1206.465 ; gain = 0.000
INFO: [runtcl-4] Executing : report_control_sets -verbose -file DIF_R2SDF_top_control_sets_placed.rpt
report_control_sets: Time (s): cpu = 00:00:00 ; elapsed = 00:00:00.003 . Memory (MB): peak = 1206.465 ; gain = 0.000
Command: route_design
Attempting to get a license for feature 'Implementation' and/or device 'xc7a35ti'
INFO: [Common 17-349] Got license for feature 'Implementation' and/or device 'xc7a35ti'
Running DRC as a precondition to command route_design
INFO: [DRC 23-27] Running DRC with 2 threads
INFO: [Vivado_Tcl 4-198] DRC finished with 0 Errors
INFO: [Vivado_Tcl 4-199] Please refer to the DRC report (report_drc) for more information.


Starting Routing Task
INFO: [Route 35-254] Multithreading enabled for route_design using a maximum of 2 CPUs
Checksum: PlaceDB: 620246e5 ConstDB: 0 ShapeSum: 11c8b774 RouteDB: 0

Phase 1 Build RT Design
Phase 1 Build RT Design | Checksum: 175cdc27f

Time (s): cpu = 00:00:13 ; elapsed = 00:00:11 . Memory (MB): peak = 1306.012 ; gain = 99.547
Post Restoration Checksum: NetGraph: 77c5cbc7 NumContArr: fe07f6b8 Constraints: 0 Timing: 0

Phase 2 Router Initialization

Phase 2.1 Create Timer
Phase 2.1 Create Timer | Checksum: 175cdc27f

Time (s): cpu = 00:00:13 ; elapsed = 00:00:11 . Memory (MB): peak = 1306.012 ; gain = 99.547

Phase 2.2 Fix Topology Constraints
Phase 2.2 Fix Topology Constraints | Checksum: 175cdc27f

Time (s): cpu = 00:00:13 ; elapsed = 00:00:11 . Memory (MB): peak = 1312.035 ; gain = 105.570

Phase 2.3 Pre Route Cleanup
Phase 2.3 Pre Route Cleanup | Checksum: 175cdc27f

Time (s): cpu = 00:00:13 ; elapsed = 00:00:11 . Memory (MB): peak = 1312.035 ; gain = 105.570
 Number of Nodes with overlaps = 0

Phase 2.4 Update Timing
Phase 2.4 Update Timing | Checksum: 201380471

Time (s): cpu = 00:00:13 ; elapsed = 00:00:11 . Memory (MB): peak = 1317.027 ; gain = 110.562
INFO: [Route 35-416] Intermediate Timing Summary | WNS=4.267  | TNS=0.000  | WHS=-0.145 | THS=-3.421 |

Phase 2 Router Initialization | Checksum: 1a6cb83a4

Time (s): cpu = 00:00:13 ; elapsed = 00:00:11 . Memory (MB): peak = 1317.027 ; gain = 110.562

Phase 3 Initial Routing
Phase 3 Initial Routing | Checksum: ac8acd56

Time (s): cpu = 00:00:13 ; elapsed = 00:00:11 . Memory (MB): peak = 1317.246 ; gain = 110.781

Phase 4 Rip-up And Reroute

Phase 4.1 Global Iteration 0
 Number of Nodes with overlaps = 8
 Number of Nodes with overlaps = 0
INFO: [Route 35-416] Intermediate Timing Summary | WNS=3.686  | TNS=0.000  | WHS=N/A    | THS=N/A    |

Phase 4.1 Global Iteration 0 | Checksum: 1e578428c

Time (s): cpu = 00:00:13 ; elapsed = 00:00:11 . Memory (MB): peak = 1317.270 ; gain = 110.805
Phase 4 Rip-up And Reroute | Checksum: 1e578428c

Time (s): cpu = 00:00:13 ; elapsed = 00:00:11 . Memory (MB): peak = 1317.270 ; gain = 110.805

Phase 5 Delay and Skew Optimization

Phase 5.1 Delay CleanUp

Phase 5.1.1 Update Timing
Phase 5.1.1 Update Timing | Checksum: 23a32f531

Time (s): cpu = 00:00:13 ; elapsed = 00:00:12 . Memory (MB): peak = 1317.270 ; gain = 110.805
INFO: [Route 35-416] Intermediate Timing Summary | WNS=3.765  | TNS=0.000  | WHS=N/A    | THS=N/A    |

Phase 5.1 Delay CleanUp | Checksum: 23a32f531

Time (s): cpu = 00:00:13 ; elapsed = 00:00:12 . Memory (MB): peak = 1317.270 ; gain = 110.805

Phase 5.2 Clock Skew Optimization
Phase 5.2 Clock Skew Optimization | Checksum: 23a32f531

Time (s): cpu = 00:00:13 ; elapsed = 00:00:12 . Memory (MB): peak = 1317.270 ; gain = 110.805
Phase 5 Delay and Skew Optimization | Checksum: 23a32f531

Time (s): cpu = 00:00:13 ; elapsed = 00:00:12 . Memory (MB): peak = 1317.270 ; gain = 110.805

Phase 6 Post Hold Fix

Phase 6.1 Hold Fix Iter

Phase 6.1.1 Update Timing
Phase 6.1.1 Update Timing | Checksum: 2ab378cc0

Time (s): cpu = 00:00:14 ; elapsed = 00:00:12 . Memory (MB): peak = 1317.270 ; gain = 110.805
INFO: [Route 35-416] Intermediate Timing Summary | WNS=3.765  | TNS=0.000  | WHS=0.110  | THS=0.000  |

Phase 6.1 Hold Fix Iter | Checksum: 250a4f1f1

Time (s): cpu = 00:00:14 ; elapsed = 00:00:12 . Memory (MB): peak = 1317.270 ; gain = 110.805
Phase 6 Post Hold Fix | Checksum: 250a4f1f1

Time (s): cpu = 00:00:14 ; elapsed = 00:00:12 . Memory (MB): peak = 1317.270 ; gain = 110.805

Phase 7 Route finalize

Router Utilization Summary
  Global Vertical Routing Utilization    = 0.435621 %
  Global Horizontal Routing Utilization  = 0.331208 %
  Routable Net Status*
  *Does not include unroutable nets such as driverless and loadless.
  Run report_route_status for detailed report.
  Number of Failed Nets               = 0
  Number of Unrouted Nets             = 0
  Number of Partially Routed Nets     = 0
  Number of Node Overlaps             = 0

Phase 7 Route finalize | Checksum: 289784bb3

Time (s): cpu = 00:00:14 ; elapsed = 00:00:12 . Memory (MB): peak = 1317.270 ; gain = 110.805

Phase 8 Verifying routed nets

 Verification completed successfully
Phase 8 Verifying routed nets | Checksum: 289784bb3

Time (s): cpu = 00:00:14 ; elapsed = 00:00:12 . Memory (MB): peak = 1319.777 ; gain = 113.312

Phase 9 Depositing Routes
Phase 9 Depositing Routes | Checksum: 27cb31c4a

Time (s): cpu = 00:00:14 ; elapsed = 00:00:12 . Memory (MB): peak = 1319.777 ; gain = 113.312

Phase 10 Post Router Timing
INFO: [Route 35-57] Estimated Timing Summary | WNS=3.765  | TNS=0.000  | WHS=0.110  | THS=0.000  |

INFO: [Route 35-327] The final timing numbers are based on the router estimated timing analysis. For a complete and accurate timing signoff, please run report_timing_summary.
Phase 10 Post Router Timing | Checksum: 27cb31c4a

Time (s): cpu = 00:00:14 ; elapsed = 00:00:12 . Memory (MB): peak = 1319.777 ; gain = 113.312
INFO: [Route 35-16] Router Completed Successfully

Time (s): cpu = 00:00:14 ; elapsed = 00:00:12 . Memory (MB): peak = 1319.777 ; gain = 113.312

Routing Is Done.
INFO: [Common 17-83] Releasing license: Implementation
65 Infos, 0 Warnings, 0 Critical Warnings and 0 Errors encountered.
route_design completed successfully
route_design: Time (s): cpu = 00:00:15 ; elapsed = 00:00:12 . Memory (MB): peak = 1319.777 ; gain = 113.312
INFO: [Timing 38-480] Writing timing data to binary archive.
Writing placer database...
Writing XDEF routing.
Writing XDEF routing logical nets.
Writing XDEF routing special nets.
Write XDEF Complete: Time (s): cpu = 00:00:00 ; elapsed = 00:00:00.075 . Memory (MB): peak = 1319.777 ; gain = 0.000
INFO: [Common 17-1381] The checkpoint 'D:/fft_fpga/project_1/project_1.runs/impl_1/DIF_R2SDF_top_routed.dcp' has been generated.
INFO: [runtcl-4] Executing : report_drc -file DIF_R2SDF_top_drc_routed.rpt -pb DIF_R2SDF_top_drc_routed.pb -rpx DIF_R2SDF_top_drc_routed.rpx
Command: report_drc -file DIF_R2SDF_top_drc_routed.rpt -pb DIF_R2SDF_top_drc_routed.pb -rpx DIF_R2SDF_top_drc_routed.rpx
INFO: [DRC 23-27] Running DRC with 2 threads
INFO: [Coretcl 2-168] The results of DRC are in file D:/fft_fpga/project_1/project_1.runs/impl_1/DIF_R2SDF_top_drc_routed.rpt.
report_drc completed successfully
INFO: [runtcl-4] Executing : report_methodology -file DIF_R2SDF_top_methodology_drc_routed.rpt -pb DIF_R2SDF_top_methodology_drc_routed.pb -rpx DIF_R2SDF_top_methodology_drc_routed.rpx
Command: report_methodology -file DIF_R2SDF_top_methodology_drc_routed.rpt -pb DIF_R2SDF_top_methodology_drc_routed.pb -rpx DIF_R2SDF_top_methodology_drc_routed.rpx
INFO: [Timing 38-35] Done setting XDC timing constraints.
INFO: [Timing 38-35] Done setting XDC timing constraints.
INFO: [DRC 23-133] Running Methodology with 2 threads
INFO: [Coretcl 2-1520] The results of Report Methodology are in file D:/fft_fpga/project_1/project_1.runs/impl_1/DIF_R2SDF_top_methodology_drc_routed.rpt.
report_methodology completed successfully
INFO: [runtcl-4] Executing : report_power -file DIF_R2SDF_top_power_routed.rpt -pb DIF_R2SDF_top_power_summary_routed.pb -rpx DIF_R2SDF_top_power_routed.rpx
Command: report_power -file DIF_R2SDF_top_power_routed.rpt -pb DIF_R2SDF_top_power_summary_routed.pb -rpx DIF_R2SDF_top_power_routed.rpx
INFO: [Timing 38-35] Done setting XDC timing constraints.
Running Vector-less Activity Propagation...

Finished Running Vector-less Activity Propagation
77 Infos, 0 Warnings, 0 Critical Warnings and 0 Errors encountered.
report_power completed successfully
INFO: [runtcl-4] Executing : report_route_status -file DIF_R2SDF_top_route_status.rpt -pb DIF_R2SDF_top_route_status.pb
INFO: [runtcl-4] Executing : report_timing_summary -max_paths 10 -file DIF_R2SDF_top_timing_summary_routed.rpt -pb DIF_R2SDF_top_timing_summary_routed.pb -rpx DIF_R2SDF_top_timing_summary_routed.rpx -warn_on_violation 
INFO: [Timing 38-91] UpdateTimingParams: Speed grade: -1L, Delay Type: min_max, Timing Stage: Requireds.
INFO: [Timing 38-191] Multithreading enabled for timing update using a maximum of 2 CPUs
INFO: [runtcl-4] Executing : report_incremental_reuse -file DIF_R2SDF_top_incremental_reuse_routed.rpt
INFO: [Vivado_Tcl 4-545] No incremental reuse to report, no incremental placement and routing data was found.
INFO: [runtcl-4] Executing : report_clock_utilization -file DIF_R2SDF_top_clock_utilization_routed.rpt
INFO: [runtcl-4] Executing : report_bus_skew -warn_on_violation -file DIF_R2SDF_top_bus_skew_routed.rpt -pb DIF_R2SDF_top_bus_skew_routed.pb -rpx DIF_R2SDF_top_bus_skew_routed.rpx
INFO: [Timing 38-91] UpdateTimingParams: Speed grade: -1L, Delay Type: min_max, Timing Stage: Requireds.
INFO: [Timing 38-191] Multithreading enabled for timing update using a maximum of 2 CPUs
INFO: [Common 17-206] Exiting Vivado at Sat Aug 15 03:49:26 2026...
