OpenROAD v2.0-4194-g9d55eaa0c 
This program is licensed under the BSD-3 license. See the LICENSE file for details.
Components of this program may be licensed under more restrictive licenses which must be honored.
[INFO ODB-0222] Reading LEF file: /home/opentools/OpenLane/designs/fft/runs/opttime1/tmp/merged.nom.lef
[INFO ODB-0223]     Created 13 technology layers
[INFO ODB-0224]     Created 25 technology vias
[INFO ODB-0225]     Created 441 library cells
[INFO ODB-0226] Finished LEF file:  /home/opentools/OpenLane/designs/fft/runs/opttime1/tmp/merged.nom.lef
[INFO ODB-0127] Reading DEF file: /home/opentools/OpenLane/designs/fft/runs/opttime1/results/routing/DIF_R2SDF_top.def
[INFO ODB-0128] Design: DIF_R2SDF_top
[INFO ODB-0130]     Created 54 pins.
[INFO ODB-0131]     Created 62585 components and 288144 component-terminals.
[INFO ODB-0132]     Created 2 special nets and 236246 connections.
[INFO ODB-0133]     Created 13627 nets and 51898 connections.
[INFO ODB-0134] Finished DEF file: /home/opentools/OpenLane/designs/fft/runs/opttime1/results/routing/DIF_R2SDF_top.def
Top-level design name: DIF_R2SDF_top
Default power net:  VPWR
Default ground net: VGND
Found a total of 1 power ports.
Found a total of 1 ground ports.
Modified power connections of 62585 cells (Remaining: 0 ).
<odb.dbBlock; proxy of <Swig Object of type 'odb::dbBlock *' at 0x7a3ca5cf49c0> > /home/opentools/OpenLane/designs/fft/runs/opttime1/tmp/signoff/33-powered_def.def
