Netgen 1.5.219 compiled on 25 يون, 2022 EET 02:14:42 م
Warning: netgen command 'format' use fully-qualified name '::netgen::format'
Warning: netgen command 'global' use fully-qualified name '::netgen::global'
Generating JSON file result
Reading netlist file /home/opentools/OpenLane/designs/fft/runs/opttime1/results/signoff/DIF_R2SDF_top.spice
Reading netlist file /home/opentools/OpenLane/designs/fft/runs/opttime1/tmp/signoff/33-powered_netlist.v
Warning:  A case-insensitive file has been read and so the	verilog file must be treated case-insensitive to match.
Creating placeholder cell definition for module sky130_fd_sc_hd__decap_3.
Creating placeholder cell definition for module sky130_ef_sc_hd__decap_12.
Creating placeholder cell definition for module sky130_fd_sc_hd__decap_8.
Creating placeholder cell definition for module sky130_fd_sc_hd__fill_1.
Creating placeholder cell definition for module sky130_fd_sc_hd__decap_4.
Creating placeholder cell definition for module sky130_fd_sc_hd__fill_2.
Creating placeholder cell definition for module sky130_fd_sc_hd__decap_6.
Creating placeholder cell definition for module sky130_fd_sc_hd__tapvpwrvgnd_1.
Creating placeholder cell definition for module sky130_fd_sc_hd__inv_2.
Creating placeholder cell definition for module sky130_fd_sc_hd__dlymetal6s2s_1.
Creating placeholder cell definition for module sky130_fd_sc_hd__nor2_1.
Creating placeholder cell definition for module sky130_fd_sc_hd__and2_1.
Creating placeholder cell definition for module sky130_fd_sc_hd__or2_1.
Creating placeholder cell definition for module sky130_fd_sc_hd__clkbuf_1.
Creating placeholder cell definition for module sky130_fd_sc_hd__clkbuf_2.
Creating placeholder cell definition for module sky130_fd_sc_hd__buf_2.
Creating placeholder cell definition for module sky130_fd_sc_hd__or3_1.
Creating placeholder cell definition for module sky130_fd_sc_hd__or3_4.
Creating placeholder cell definition for module sky130_fd_sc_hd__o41a_1.
Creating placeholder cell definition for module sky130_fd_sc_hd__buf_4.
Creating placeholder cell definition for module sky130_fd_sc_hd__and2_2.
Creating placeholder cell definition for module sky130_fd_sc_hd__clkinv_2.
Creating placeholder cell definition for module sky130_fd_sc_hd__nand2_2.
Creating placeholder cell definition for module sky130_fd_sc_hd__and2b_1.
Creating placeholder cell definition for module sky130_fd_sc_hd__o21ai_1.
Creating placeholder cell definition for module sky130_fd_sc_hd__o211ai_4.
Creating placeholder cell definition for module sky130_fd_sc_hd__clkbuf_4.
Creating placeholder cell definition for module sky130_fd_sc_hd__nand2_4.
Creating placeholder cell definition for module sky130_fd_sc_hd__or2b_1.
Creating placeholder cell definition for module sky130_fd_sc_hd__nand2_1.
Creating placeholder cell definition for module sky130_fd_sc_hd__o2111ai_4.
Creating placeholder cell definition for module sky130_fd_sc_hd__and3_1.
Creating placeholder cell definition for module sky130_fd_sc_hd__and4bb_2.
Creating placeholder cell definition for module sky130_fd_sc_hd__o21a_4.
Creating placeholder cell definition for module sky130_fd_sc_hd__or3_2.
Creating placeholder cell definition for module sky130_fd_sc_hd__and4_2.
Creating placeholder cell definition for module sky130_fd_sc_hd__nor2_2.
Creating placeholder cell definition for module sky130_fd_sc_hd__nor2b_4.
Creating placeholder cell definition for module sky130_fd_sc_hd__o211ai_1.
Creating placeholder cell definition for module sky130_fd_sc_hd__a21o_1.
Creating placeholder cell definition for module sky130_fd_sc_hd__a21oi_1.
Creating placeholder cell definition for module sky130_fd_sc_hd__o22ai_4.
Creating placeholder cell definition for module sky130_fd_sc_hd__nor2_4.
Creating placeholder cell definition for module sky130_fd_sc_hd__a21oi_2.
Creating placeholder cell definition for module sky130_fd_sc_hd__a22oi_4.
Creating placeholder cell definition for module sky130_fd_sc_hd__o21bai_2.
Creating placeholder cell definition for module sky130_fd_sc_hd__a2bb2oi_2.
Creating placeholder cell definition for module sky130_fd_sc_hd__or2b_4.
Creating placeholder cell definition for module sky130_fd_sc_hd__nand3_4.
Creating placeholder cell definition for module sky130_fd_sc_hd__buf_6.
Creating placeholder cell definition for module sky130_fd_sc_hd__and2b_4.
Creating placeholder cell definition for module sky130_fd_sc_hd__a2bb2oi_4.
Creating placeholder cell definition for module sky130_fd_sc_hd__o21ai_4.
Creating placeholder cell definition for module sky130_fd_sc_hd__o22a_1.
Creating placeholder cell definition for module sky130_fd_sc_hd__clkbuf_8.
Creating placeholder cell definition for module sky130_fd_sc_hd__and3_2.
Creating placeholder cell definition for module sky130_fd_sc_hd__o21a_1.
Creating placeholder cell definition for module sky130_fd_sc_hd__a211o_1.
Creating placeholder cell definition for module sky130_fd_sc_hd__a31o_1.
Creating placeholder cell definition for module sky130_fd_sc_hd__or2b_2.
Creating placeholder cell definition for module sky130_fd_sc_hd__nand4_2.
Creating placeholder cell definition for module sky130_fd_sc_hd__a32o_1.
Creating placeholder cell definition for module sky130_fd_sc_hd__o211a_1.
Creating placeholder cell definition for module sky130_fd_sc_hd__a21boi_1.
Creating placeholder cell definition for module sky130_fd_sc_hd__xor2_4.
Creating placeholder cell definition for module sky130_fd_sc_hd__o211a_2.
Creating placeholder cell definition for module sky130_fd_sc_hd__a21bo_2.
Creating placeholder cell definition for module sky130_fd_sc_hd__or4_2.
Creating placeholder cell definition for module sky130_fd_sc_hd__o2111ai_2.
Creating placeholder cell definition for module sky130_fd_sc_hd__a22o_1.
Creating placeholder cell definition for module sky130_fd_sc_hd__and4_1.
Creating placeholder cell definition for module sky130_fd_sc_hd__a31oi_1.
Creating placeholder cell definition for module sky130_fd_sc_hd__nor3_1.
Creating placeholder cell definition for module sky130_fd_sc_hd__o32ai_4.
Creating placeholder cell definition for module sky130_fd_sc_hd__a21oi_4.
Creating placeholder cell definition for module sky130_fd_sc_hd__nand2_8.
Creating placeholder cell definition for module sky130_fd_sc_hd__nand4_4.
Creating placeholder cell definition for module sky130_fd_sc_hd__o2bb2ai_1.
Creating placeholder cell definition for module sky130_fd_sc_hd__nand4_1.
Creating placeholder cell definition for module sky130_fd_sc_hd__nand3_2.
Creating placeholder cell definition for module sky130_fd_sc_hd__a211oi_1.
Creating placeholder cell definition for module sky130_fd_sc_hd__a22oi_1.
Creating placeholder cell definition for module sky130_fd_sc_hd__o21bai_1.
Creating placeholder cell definition for module sky130_fd_sc_hd__o221a_2.
Creating placeholder cell definition for module sky130_fd_sc_hd__o22a_4.
Creating placeholder cell definition for module sky130_fd_sc_hd__o21ai_2.
Creating placeholder cell definition for module sky130_fd_sc_hd__o32a_1.
Creating placeholder cell definition for module sky130_fd_sc_hd__or4_1.
Creating placeholder cell definition for module sky130_fd_sc_hd__nand3b_1.
Creating placeholder cell definition for module sky130_fd_sc_hd__a21bo_1.
Creating placeholder cell definition for module sky130_fd_sc_hd__or2_2.
Creating placeholder cell definition for module sky130_fd_sc_hd__or4_4.
Creating placeholder cell definition for module sky130_fd_sc_hd__nand4b_1.
Creating placeholder cell definition for module sky130_fd_sc_hd__xnor2_4.
Creating placeholder cell definition for module sky130_fd_sc_hd__a31o_2.
Creating placeholder cell definition for module sky130_fd_sc_hd__a211o_2.
Creating placeholder cell definition for module sky130_fd_sc_hd__nor4_4.
Creating placeholder cell definition for module sky130_fd_sc_hd__a2bb2o_1.
Creating placeholder cell definition for module sky130_fd_sc_hd__or4bb_1.
Creating placeholder cell definition for module sky130_fd_sc_hd__nand3_1.
Creating placeholder cell definition for module sky130_fd_sc_hd__or2_4.
Creating placeholder cell definition for module sky130_fd_sc_hd__o31a_1.
Creating placeholder cell definition for module sky130_fd_sc_hd__and2b_2.
Creating placeholder cell definition for module sky130_fd_sc_hd__o21a_2.
Creating placeholder cell definition for module sky130_fd_sc_hd__a311o_2.
Creating placeholder cell definition for module sky130_fd_sc_hd__a221o_2.
Creating placeholder cell definition for module sky130_fd_sc_hd__o22ai_2.
Creating placeholder cell definition for module sky130_fd_sc_hd__o211ai_2.
Creating placeholder cell definition for module sky130_fd_sc_hd__o311a_2.
Creating placeholder cell definition for module sky130_fd_sc_hd__o221ai_4.
Creating placeholder cell definition for module sky130_fd_sc_hd__a32oi_4.
Creating placeholder cell definition for module sky130_fd_sc_hd__a21o_2.
Creating placeholder cell definition for module sky130_fd_sc_hd__o221a_1.
Creating placeholder cell definition for module sky130_fd_sc_hd__o221ai_2.
Creating placeholder cell definition for module sky130_fd_sc_hd__o31ai_4.
Creating placeholder cell definition for module sky130_fd_sc_hd__nor3_2.
Creating placeholder cell definition for module sky130_fd_sc_hd__nand3b_2.
Creating placeholder cell definition for module sky130_fd_sc_hd__o2bb2ai_2.
Creating placeholder cell definition for module sky130_fd_sc_hd__and2_4.
Creating placeholder cell definition for module sky130_fd_sc_hd__o22ai_1.
Creating placeholder cell definition for module sky130_fd_sc_hd__a31oi_4.
Creating placeholder cell definition for module sky130_fd_sc_hd__o2111ai_1.
Creating placeholder cell definition for module sky130_fd_sc_hd__o221a_4.
Creating placeholder cell definition for module sky130_fd_sc_hd__a311oi_2.
Creating placeholder cell definition for module sky130_fd_sc_hd__nor4_2.
Creating placeholder cell definition for module sky130_fd_sc_hd__xor2_2.
Creating placeholder cell definition for module sky130_fd_sc_hd__o31ai_1.
Creating placeholder cell definition for module sky130_fd_sc_hd__or4b_1.
Creating placeholder cell definition for module sky130_fd_sc_hd__a32oi_2.
Creating placeholder cell definition for module sky130_fd_sc_hd__o32a_2.
Creating placeholder cell definition for module sky130_fd_sc_hd__and3_4.
Creating placeholder cell definition for module sky130_fd_sc_hd__a2111oi_1.
Creating placeholder cell definition for module sky130_fd_sc_hd__a2bb2o_2.
Creating placeholder cell definition for module sky130_fd_sc_hd__o22a_2.
Creating placeholder cell definition for module sky130_fd_sc_hd__a2bb2oi_1.
Creating placeholder cell definition for module sky130_fd_sc_hd__o221ai_1.
Creating placeholder cell definition for module sky130_fd_sc_hd__nor3b_1.
Creating placeholder cell definition for module sky130_fd_sc_hd__clkinv_4.
Creating placeholder cell definition for module sky130_fd_sc_hd__a22o_2.
Creating placeholder cell definition for module sky130_fd_sc_hd__o31a_2.
Creating placeholder cell definition for module sky130_fd_sc_hd__a32o_4.
Creating placeholder cell definition for module sky130_fd_sc_hd__a41o_2.
Creating placeholder cell definition for module sky130_fd_sc_hd__o41a_2.
Creating placeholder cell definition for module sky130_fd_sc_hd__o2bb2a_1.
Creating placeholder cell definition for module sky130_fd_sc_hd__a311oi_4.
Creating placeholder cell definition for module sky130_fd_sc_hd__xor2_1.
Creating placeholder cell definition for module sky130_fd_sc_hd__o21ba_1.
Creating placeholder cell definition for module sky130_fd_sc_hd__nand4b_2.
Creating placeholder cell definition for module sky130_fd_sc_hd__xnor2_1.
Creating placeholder cell definition for module sky130_fd_sc_hd__or3b_1.
Creating placeholder cell definition for module sky130_fd_sc_hd__or4b_2.
Creating placeholder cell definition for module sky130_fd_sc_hd__a221o_1.
Creating placeholder cell definition for module sky130_fd_sc_hd__a32o_2.
Creating placeholder cell definition for module sky130_fd_sc_hd__o311a_1.
Creating placeholder cell definition for module sky130_fd_sc_hd__a2111oi_4.
Creating placeholder cell definition for module sky130_fd_sc_hd__a2111o_1.
Creating placeholder cell definition for module sky130_fd_sc_hd__nor4_1.
Creating placeholder cell definition for module sky130_fd_sc_hd__a41o_1.
Creating placeholder cell definition for module sky130_fd_sc_hd__a311o_1.
Creating placeholder cell definition for module sky130_fd_sc_hd__and3b_1.
Creating placeholder cell definition for module sky130_fd_sc_hd__a31o_4.
Creating placeholder cell definition for module sky130_fd_sc_hd__a221o_4.
Creating placeholder cell definition for module sky130_fd_sc_hd__a21o_4.
Creating placeholder cell definition for module sky130_fd_sc_hd__nand4b_4.
Creating placeholder cell definition for module sky130_fd_sc_hd__a31oi_2.
Creating placeholder cell definition for module sky130_fd_sc_hd__a22o_4.
Creating placeholder cell definition for module sky130_fd_sc_hd__or3b_4.
Creating placeholder cell definition for module sky130_fd_sc_hd__a2111o_2.
Creating placeholder cell definition for module sky130_fd_sc_hd__a311o_4.
Creating placeholder cell definition for module sky130_fd_sc_hd__a22oi_2.
Creating placeholder cell definition for module sky130_fd_sc_hd__o2bb2ai_4.
Creating placeholder cell definition for module sky130_fd_sc_hd__nand3b_4.
Creating placeholder cell definition for module sky130_fd_sc_hd__a211o_4.
Creating placeholder cell definition for module sky130_fd_sc_hd__nand2b_1.
Creating placeholder cell definition for module sky130_fd_sc_hd__o311a_4.
Creating placeholder cell definition for module sky130_fd_sc_hd__a21boi_2.
Creating placeholder cell definition for module sky130_fd_sc_hd__o31ai_2.
Creating placeholder cell definition for module sky130_fd_sc_hd__nor2b_2.
Creating placeholder cell definition for module sky130_fd_sc_hd__a32oi_1.
Creating placeholder cell definition for module sky130_fd_sc_hd__o41ai_4.
Creating placeholder cell definition for module sky130_fd_sc_hd__nor3_4.
Creating placeholder cell definition for module sky130_fd_sc_hd__o2111a_2.
Creating placeholder cell definition for module sky130_fd_sc_hd__and4bb_1.
Creating placeholder cell definition for module sky130_fd_sc_hd__a2bb2o_4.
Creating placeholder cell definition for module sky130_fd_sc_hd__mux2_2.
Creating placeholder cell definition for module sky130_fd_sc_hd__a211oi_4.
Creating placeholder cell definition for module sky130_fd_sc_hd__and4b_1.
Creating placeholder cell definition for module sky130_fd_sc_hd__and4b_2.
Creating placeholder cell definition for module sky130_fd_sc_hd__o41ai_2.
Creating placeholder cell definition for module sky130_fd_sc_hd__a221oi_1.
Creating placeholder cell definition for module sky130_fd_sc_hd__o21bai_4.
Creating placeholder cell definition for module sky130_fd_sc_hd__o311ai_4.
Creating placeholder cell definition for module sky130_fd_sc_hd__a221oi_4.
Creating placeholder cell definition for module sky130_fd_sc_hd__o32a_4.
Creating placeholder cell definition for module sky130_fd_sc_hd__nor3b_4.
Creating placeholder cell definition for module sky130_fd_sc_hd__nor3b_2.
Creating placeholder cell definition for module sky130_fd_sc_hd__and4_4.
Creating placeholder cell definition for module sky130_fd_sc_hd__o41a_4.
Creating placeholder cell definition for module sky130_fd_sc_hd__a41oi_4.
Creating placeholder cell definition for module sky130_fd_sc_hd__a211oi_2.
Creating placeholder cell definition for module sky130_fd_sc_hd__o2111a_1.
Creating placeholder cell definition for module sky130_fd_sc_hd__a221oi_2.
Creating placeholder cell definition for module sky130_fd_sc_hd__xnor2_2.
Creating placeholder cell definition for module sky130_fd_sc_hd__a311oi_1.
Creating placeholder cell definition for module sky130_fd_sc_hd__o311ai_1.
Creating placeholder cell definition for module sky130_fd_sc_hd__or4b_4.
Creating placeholder cell definition for module sky130_fd_sc_hd__a21boi_4.
Creating placeholder cell definition for module sky130_fd_sc_hd__o21ba_2.
Creating placeholder cell definition for module sky130_fd_sc_hd__or3b_2.
Creating placeholder cell definition for module sky130_fd_sc_hd__o211a_4.
Creating placeholder cell definition for module sky130_fd_sc_hd__o2bb2a_2.
Creating placeholder cell definition for module sky130_fd_sc_hd__mux2_1.
Creating placeholder cell definition for module sky130_fd_sc_hd__o2bb2a_4.
Creating placeholder cell definition for module sky130_fd_sc_hd__o31a_4.
Creating placeholder cell definition for module sky130_fd_sc_hd__nor2_8.
Creating placeholder cell definition for module sky130_fd_sc_hd__or4bb_4.
Creating placeholder cell definition for module sky130_fd_sc_hd__o2111a_4.
Creating placeholder cell definition for module sky130_fd_sc_hd__a2111oi_2.
Creating placeholder cell definition for module sky130_fd_sc_hd__a41oi_1.
Creating placeholder cell definition for module sky130_fd_sc_hd__o32ai_1.
Creating placeholder cell definition for module sky130_fd_sc_hd__mux2_4.
Creating placeholder cell definition for module sky130_fd_sc_hd__mux2_8.
Creating placeholder cell definition for module sky130_fd_sc_hd__dfrtp_1.
Creating placeholder cell definition for module sky130_fd_sc_hd__dfrtp_4.
Creating placeholder cell definition for module sky130_fd_sc_hd__dfrtp_2.
Creating placeholder cell definition for module sky130_fd_sc_hd__clkbuf_16.
Creating placeholder cell definition for module sky130_fd_sc_hd__dlygate4sd3_1.
Creating placeholder cell definition for module sky130_fd_sc_hd__buf_12.
Reading setup file /home/opentools/OpenLane/pdks/sky130A/libs.tech/netgen/sky130A_setup.tcl
Comparison output logged to file /home/opentools/OpenLane/designs/fft/runs/opttime1/logs/signoff/36-DIF_R2SDF_top.lef.log
Logging to file "/home/opentools/OpenLane/designs/fft/runs/opttime1/logs/signoff/36-DIF_R2SDF_top.lef.log" enabled
Circuit sky130_ef_sc_hd__decap_12 contains no devices.
Circuit sky130_fd_sc_hd__decap_6 contains no devices.
Circuit sky130_fd_sc_hd__fill_1 contains no devices.
Circuit sky130_fd_sc_hd__a31o_1 contains no devices.
Circuit sky130_fd_sc_hd__decap_4 contains no devices.
Circuit sky130_fd_sc_hd__a31oi_1 contains no devices.
Circuit sky130_fd_sc_hd__nand3_1 contains no devices.
Circuit sky130_fd_sc_hd__a21o_1 contains no devices.
Circuit sky130_fd_sc_hd__fill_2 contains no devices.
Circuit sky130_fd_sc_hd__clkbuf_4 contains no devices.
Circuit sky130_fd_sc_hd__o211ai_2 contains no devices.
Circuit sky130_fd_sc_hd__decap_3 contains no devices.
Circuit sky130_fd_sc_hd__nand3_2 contains no devices.
Circuit sky130_fd_sc_hd__o211ai_1 contains no devices.
Circuit sky130_fd_sc_hd__nand2_1 contains no devices.
Circuit sky130_fd_sc_hd__buf_2 contains no devices.
Circuit sky130_fd_sc_hd__o2111ai_4 contains no devices.
Circuit sky130_fd_sc_hd__decap_8 contains no devices.
Circuit sky130_fd_sc_hd__o21ai_2 contains no devices.
Circuit sky130_fd_sc_hd__or4_4 contains no devices.
Circuit sky130_fd_sc_hd__buf_4 contains no devices.
Circuit sky130_fd_sc_hd__a2bb2oi_4 contains no devices.
Circuit sky130_fd_sc_hd__mux2_1 contains no devices.
Circuit sky130_fd_sc_hd__dlymetal6s2s_1 contains no devices.
Circuit sky130_fd_sc_hd__tapvpwrvgnd_1 contains no devices.
Circuit sky130_fd_sc_hd__inv_2 contains no devices.
Circuit sky130_fd_sc_hd__o221ai_4 contains no devices.
Circuit sky130_fd_sc_hd__dfrtp_1 contains no devices.
Circuit sky130_fd_sc_hd__a21oi_2 contains no devices.
Circuit sky130_fd_sc_hd__a32o_1 contains no devices.
Circuit sky130_fd_sc_hd__nor2_1 contains no devices.
Circuit sky130_fd_sc_hd__xnor2_2 contains no devices.
Circuit sky130_fd_sc_hd__a21oi_1 contains no devices.
Circuit sky130_fd_sc_hd__or2_1 contains no devices.
Circuit sky130_fd_sc_hd__nand3_4 contains no devices.
Circuit sky130_fd_sc_hd__o311a_1 contains no devices.
Circuit sky130_fd_sc_hd__o21ai_4 contains no devices.
Circuit sky130_fd_sc_hd__o22a_2 contains no devices.
Circuit sky130_fd_sc_hd__o2bb2a_1 contains no devices.
Circuit sky130_fd_sc_hd__nand4_4 contains no devices.
Circuit sky130_fd_sc_hd__a221o_4 contains no devices.
Circuit sky130_fd_sc_hd__o211a_1 contains no devices.
Circuit sky130_fd_sc_hd__a2bb2o_4 contains no devices.
Circuit sky130_fd_sc_hd__o21ai_1 contains no devices.
Circuit sky130_fd_sc_hd__a32o_2 contains no devices.
Circuit sky130_fd_sc_hd__or2b_2 contains no devices.
Circuit sky130_fd_sc_hd__o21bai_1 contains no devices.
Circuit sky130_fd_sc_hd__o22a_1 contains no devices.
Circuit sky130_fd_sc_hd__o2111ai_2 contains no devices.
Circuit sky130_fd_sc_hd__a21oi_4 contains no devices.
Circuit sky130_fd_sc_hd__clkbuf_2 contains no devices.
Circuit sky130_fd_sc_hd__xor2_1 contains no devices.
Circuit sky130_fd_sc_hd__nand4_2 contains no devices.
Circuit sky130_fd_sc_hd__nand3b_2 contains no devices.
Circuit sky130_fd_sc_hd__nand2_2 contains no devices.
Circuit sky130_fd_sc_hd__and3_1 contains no devices.
Circuit sky130_fd_sc_hd__a221oi_2 contains no devices.
Circuit sky130_fd_sc_hd__a31oi_2 contains no devices.
Circuit sky130_fd_sc_hd__and3_2 contains no devices.
Circuit sky130_fd_sc_hd__buf_6 contains no devices.
Circuit sky130_fd_sc_hd__a21boi_1 contains no devices.
Circuit sky130_fd_sc_hd__and2b_1 contains no devices.
Circuit sky130_fd_sc_hd__and2_1 contains no devices.
Circuit sky130_fd_sc_hd__or4_2 contains no devices.
Circuit sky130_fd_sc_hd__o32a_1 contains no devices.
Circuit sky130_fd_sc_hd__o2bb2ai_1 contains no devices.
Circuit sky130_fd_sc_hd__o22ai_4 contains no devices.
Circuit sky130_fd_sc_hd__a221o_2 contains no devices.
Circuit sky130_fd_sc_hd__nor2_2 contains no devices.
Circuit sky130_fd_sc_hd__and4_1 contains no devices.
Circuit sky130_fd_sc_hd__o311a_2 contains no devices.
Circuit sky130_fd_sc_hd__a21bo_1 contains no devices.
Circuit sky130_fd_sc_hd__and4_2 contains no devices.
Circuit sky130_fd_sc_hd__a22oi_1 contains no devices.
Circuit sky130_fd_sc_hd__a211o_1 contains no devices.
Circuit sky130_fd_sc_hd__nor3b_1 contains no devices.
Circuit sky130_fd_sc_hd__o21a_1 contains no devices.
Circuit sky130_fd_sc_hd__o21bai_2 contains no devices.
Circuit sky130_fd_sc_hd__clkbuf_16 contains no devices.
Circuit sky130_fd_sc_hd__a31o_4 contains no devices.
Circuit sky130_fd_sc_hd__nand4_1 contains no devices.
Circuit sky130_fd_sc_hd__a21boi_2 contains no devices.
Circuit sky130_fd_sc_hd__o221a_2 contains no devices.
Circuit sky130_fd_sc_hd__o22ai_2 contains no devices.
Circuit sky130_fd_sc_hd__o221a_4 contains no devices.
Circuit sky130_fd_sc_hd__xnor2_1 contains no devices.
Circuit sky130_fd_sc_hd__and3_4 contains no devices.
Circuit sky130_fd_sc_hd__o211ai_4 contains no devices.
Circuit sky130_fd_sc_hd__clkbuf_1 contains no devices.
Circuit sky130_fd_sc_hd__o2111a_1 contains no devices.
Circuit sky130_fd_sc_hd__xor2_4 contains no devices.
Circuit sky130_fd_sc_hd__dfrtp_4 contains no devices.
Circuit sky130_fd_sc_hd__nand3b_1 contains no devices.
Circuit sky130_fd_sc_hd__nor3_1 contains no devices.
Circuit sky130_fd_sc_hd__a31o_2 contains no devices.
Circuit sky130_fd_sc_hd__o21ba_1 contains no devices.
Circuit sky130_fd_sc_hd__o221ai_1 contains no devices.
Circuit sky130_fd_sc_hd__or3_2 contains no devices.
Circuit sky130_fd_sc_hd__o21ba_2 contains no devices.
Circuit sky130_fd_sc_hd__o21a_4 contains no devices.
Circuit sky130_fd_sc_hd__or3_1 contains no devices.
Circuit sky130_fd_sc_hd__o311ai_4 contains no devices.
Circuit sky130_fd_sc_hd__a2111oi_1 contains no devices.
Circuit sky130_fd_sc_hd__a22o_1 contains no devices.
Circuit sky130_fd_sc_hd__nor3_2 contains no devices.
Circuit sky130_fd_sc_hd__a221o_1 contains no devices.
Circuit sky130_fd_sc_hd__a2bb2o_1 contains no devices.
Circuit sky130_fd_sc_hd__a41oi_4 contains no devices.
Circuit sky130_fd_sc_hd__o211a_4 contains no devices.
Circuit sky130_fd_sc_hd__a211oi_2 contains no devices.
Circuit sky130_fd_sc_hd__a32oi_2 contains no devices.
Circuit sky130_fd_sc_hd__xnor2_4 contains no devices.
Circuit sky130_fd_sc_hd__or2b_1 contains no devices.
Circuit sky130_fd_sc_hd__a311o_4 contains no devices.
Circuit sky130_fd_sc_hd__a21o_2 contains no devices.
Circuit sky130_fd_sc_hd__and3b_1 contains no devices.
Circuit sky130_fd_sc_hd__o31ai_2 contains no devices.
Circuit sky130_fd_sc_hd__dfrtp_2 contains no devices.
Circuit sky130_fd_sc_hd__a211o_4 contains no devices.
Circuit sky130_fd_sc_hd__a311o_1 contains no devices.
Circuit sky130_fd_sc_hd__a2111o_1 contains no devices.
Circuit sky130_fd_sc_hd__or3b_1 contains no devices.
Circuit sky130_fd_sc_hd__o32a_2 contains no devices.
Circuit sky130_fd_sc_hd__a41o_2 contains no devices.
Circuit sky130_fd_sc_hd__o31a_1 contains no devices.
Circuit sky130_fd_sc_hd__or4_1 contains no devices.
Circuit sky130_fd_sc_hd__a22oi_4 contains no devices.
Circuit sky130_fd_sc_hd__nand2_4 contains no devices.
Circuit sky130_fd_sc_hd__o22ai_1 contains no devices.
Circuit sky130_fd_sc_hd__xor2_2 contains no devices.
Circuit sky130_fd_sc_hd__a22oi_2 contains no devices.
Circuit sky130_fd_sc_hd__clkinv_2 contains no devices.
Circuit sky130_fd_sc_hd__o21bai_4 contains no devices.
Circuit sky130_fd_sc_hd__nand3b_4 contains no devices.
Circuit sky130_fd_sc_hd__a32oi_1 contains no devices.
Circuit sky130_fd_sc_hd__o2bb2ai_2 contains no devices.
Circuit sky130_fd_sc_hd__a211oi_1 contains no devices.
Circuit sky130_fd_sc_hd__a2111o_2 contains no devices.
Circuit sky130_fd_sc_hd__a41oi_1 contains no devices.
Circuit sky130_fd_sc_hd__a32o_4 contains no devices.
Circuit sky130_fd_sc_hd__mux2_2 contains no devices.
Circuit sky130_fd_sc_hd__clkbuf_8 contains no devices.
Circuit sky130_fd_sc_hd__a311o_2 contains no devices.
Circuit sky130_fd_sc_hd__o41a_4 contains no devices.
Circuit sky130_fd_sc_hd__a211oi_4 contains no devices.
Circuit sky130_fd_sc_hd__a211o_2 contains no devices.
Circuit sky130_fd_sc_hd__a21bo_2 contains no devices.
Circuit sky130_fd_sc_hd__a41o_1 contains no devices.
Circuit sky130_fd_sc_hd__a22o_4 contains no devices.
Circuit sky130_fd_sc_hd__o211a_2 contains no devices.
Circuit sky130_fd_sc_hd__a31oi_4 contains no devices.
Circuit sky130_fd_sc_hd__o2bb2a_2 contains no devices.
Circuit sky130_fd_sc_hd__o311a_4 contains no devices.
Circuit sky130_fd_sc_hd__nor4_2 contains no devices.
Circuit sky130_fd_sc_hd__nor2_4 contains no devices.
Circuit sky130_fd_sc_hd__a311oi_1 contains no devices.
Circuit sky130_fd_sc_hd__o2111a_2 contains no devices.
Circuit sky130_fd_sc_hd__or3b_2 contains no devices.
Circuit sky130_fd_sc_hd__or2_2 contains no devices.
Circuit sky130_fd_sc_hd__o2bb2ai_4 contains no devices.
Circuit sky130_fd_sc_hd__buf_12 contains no devices.
Circuit sky130_fd_sc_hd__and2_2 contains no devices.
Circuit sky130_fd_sc_hd__or3_4 contains no devices.
Circuit sky130_fd_sc_hd__o32ai_4 contains no devices.
Circuit sky130_fd_sc_hd__a2bb2oi_1 contains no devices.
Circuit sky130_fd_sc_hd__a21o_4 contains no devices.
Circuit sky130_fd_sc_hd__a2bb2oi_2 contains no devices.
Circuit sky130_fd_sc_hd__o41ai_4 contains no devices.
Circuit sky130_fd_sc_hd__a22o_2 contains no devices.
Circuit sky130_fd_sc_hd__o2111a_4 contains no devices.
Circuit sky130_fd_sc_hd__o2111ai_1 contains no devices.
Circuit sky130_fd_sc_hd__a221oi_4 contains no devices.
Circuit sky130_fd_sc_hd__o221ai_2 contains no devices.
Circuit sky130_fd_sc_hd__nand4b_1 contains no devices.
Circuit sky130_fd_sc_hd__o21a_2 contains no devices.
Circuit sky130_fd_sc_hd__mux2_8 contains no devices.
Circuit sky130_fd_sc_hd__a2bb2o_2 contains no devices.
Circuit sky130_fd_sc_hd__or4b_2 contains no devices.
Circuit sky130_fd_sc_hd__nor4_1 contains no devices.
Circuit sky130_fd_sc_hd__a21boi_4 contains no devices.
Circuit sky130_fd_sc_hd__o31ai_1 contains no devices.
Circuit sky130_fd_sc_hd__nor4_4 contains no devices.
Circuit sky130_fd_sc_hd__nand4b_4 contains no devices.
Circuit sky130_fd_sc_hd__nor2_8 contains no devices.
Circuit sky130_fd_sc_hd__o221a_1 contains no devices.
Circuit sky130_fd_sc_hd__a221oi_1 contains no devices.
Circuit sky130_fd_sc_hd__a311oi_4 contains no devices.
Circuit sky130_fd_sc_hd__and4b_1 contains no devices.
Circuit sky130_fd_sc_hd__nand4b_2 contains no devices.
Circuit sky130_fd_sc_hd__and2_4 contains no devices.
Circuit sky130_fd_sc_hd__and4_4 contains no devices.
Circuit sky130_fd_sc_hd__mux2_4 contains no devices.
Circuit sky130_fd_sc_hd__o31a_2 contains no devices.
Circuit sky130_fd_sc_hd__a311oi_2 contains no devices.
Circuit sky130_fd_sc_hd__clkinv_4 contains no devices.
Circuit sky130_fd_sc_hd__and4b_2 contains no devices.
Circuit sky130_fd_sc_hd__nor2b_4 contains no devices.
Circuit sky130_fd_sc_hd__o41a_2 contains no devices.
Circuit sky130_fd_sc_hd__nand2b_1 contains no devices.
Circuit sky130_fd_sc_hd__nor3b_4 contains no devices.
Circuit sky130_fd_sc_hd__a32oi_4 contains no devices.
Circuit sky130_fd_sc_hd__or4b_4 contains no devices.
Circuit sky130_fd_sc_hd__or4b_1 contains no devices.
Circuit sky130_fd_sc_hd__or2_4 contains no devices.
Circuit sky130_fd_sc_hd__o41a_1 contains no devices.
Circuit sky130_fd_sc_hd__o31ai_4 contains no devices.
Circuit sky130_fd_sc_hd__nor2b_2 contains no devices.
Circuit sky130_fd_sc_hd__o22a_4 contains no devices.
Circuit sky130_fd_sc_hd__or4bb_1 contains no devices.
Circuit sky130_fd_sc_hd__nor3_4 contains no devices.
Circuit sky130_fd_sc_hd__and2b_2 contains no devices.
Circuit sky130_fd_sc_hd__o41ai_2 contains no devices.
Circuit sky130_fd_sc_hd__o311ai_1 contains no devices.
Circuit sky130_fd_sc_hd__or3b_4 contains no devices.
Circuit sky130_fd_sc_hd__o32a_4 contains no devices.
Circuit sky130_fd_sc_hd__o32ai_1 contains no devices.
Circuit sky130_fd_sc_hd__nor3b_2 contains no devices.
Circuit sky130_fd_sc_hd__dlygate4sd3_1 contains no devices.
Circuit sky130_fd_sc_hd__nand2_8 contains no devices.
Circuit sky130_fd_sc_hd__and4bb_2 contains no devices.
Circuit sky130_fd_sc_hd__a2111oi_4 contains no devices.
Circuit sky130_fd_sc_hd__or4bb_4 contains no devices.
Circuit sky130_fd_sc_hd__and4bb_1 contains no devices.
Circuit sky130_fd_sc_hd__and2b_4 contains no devices.
Circuit sky130_fd_sc_hd__a2111oi_2 contains no devices.
Circuit sky130_fd_sc_hd__or2b_4 contains no devices.
Circuit sky130_fd_sc_hd__o2bb2a_4 contains no devices.
Circuit sky130_fd_sc_hd__o31a_4 contains no devices.

Contents of circuit 1:  Circuit: 'DIF_R2SDF_top'
Circuit DIF_R2SDF_top contains 62585 device instances.
  Class: sky130_fd_sc_hd__o2111ai_1 instances:  44
  Class: sky130_fd_sc_hd__o2111ai_2 instances:  36
  Class: sky130_fd_sc_hd__a41o_1 instances:  15
  Class: sky130_fd_sc_hd__o2111ai_4 instances: 121
  Class: sky130_fd_sc_hd__a41o_2 instances:   7
  Class: sky130_fd_sc_hd__a31o_1 instances: 243
  Class: sky130_fd_sc_hd__a31o_2 instances:  40
  Class: sky130_fd_sc_hd__a31o_4 instances:   4
  Class: sky130_fd_sc_hd__a21o_1 instances: 502
  Class: sky130_fd_sc_hd__a21o_2 instances:  28
  Class: sky130_fd_sc_hd__a21o_4 instances:   8
  Class: sky130_fd_sc_hd__a2bb2oi_1 instances:  22
  Class: sky130_fd_sc_hd__a2bb2oi_2 instances:  11
  Class: sky130_fd_sc_hd__a2bb2oi_4 instances:  11
  Class: sky130_fd_sc_hd__o32ai_1 instances:   1
  Class: sky130_fd_sc_hd__o32ai_4 instances:   6
  Class: sky130_fd_sc_hd__clkbuf_16 instances:  36
  Class: sky130_fd_sc_hd__a32oi_1 instances:   9
  Class: sky130_fd_sc_hd__a32oi_2 instances:  10
  Class: sky130_fd_sc_hd__a32oi_4 instances:   8
  Class: sky130_fd_sc_hd__o31ai_1 instances:  13
  Class: sky130_fd_sc_hd__o31ai_2 instances:   6
  Class: sky130_fd_sc_hd__o31ai_4 instances:  11
  Class: sky130_fd_sc_hd__or4_1 instances:  34
  Class: sky130_fd_sc_hd__or4_2 instances:  25
  Class: sky130_fd_sc_hd__or4_4 instances:  21
  Class: sky130_fd_sc_hd__a31oi_1 instances:  42
  Class: sky130_fd_sc_hd__a31oi_2 instances:  42
  Class: sky130_fd_sc_hd__nand4_1 instances: 171
  Class: sky130_fd_sc_hd__a31oi_4 instances:  48
  Class: sky130_fd_sc_hd__nand4_2 instances: 102
  Class: sky130_fd_sc_hd__buf_2 instances: 550
  Class: sky130_fd_sc_hd__nand4_4 instances:  69
  Class: sky130_fd_sc_hd__buf_4 instances: 315
  Class: sky130_fd_sc_hd__buf_6 instances:  21
  Class: sky130_fd_sc_hd__a2bb2o_1 instances:  57
  Class: sky130_fd_sc_hd__a2bb2o_2 instances:   8
  Class: sky130_fd_sc_hd__a2bb2o_4 instances:   2
  Class: sky130_fd_sc_hd__and3b_1 instances:  11
  Class: sky130_fd_sc_hd__xor2_1 instances:  61
  Class: sky130_fd_sc_hd__xor2_2 instances:  24
  Class: sky130_fd_sc_hd__o221ai_1 instances:  18
  Class: sky130_fd_sc_hd__xor2_4 instances:  15
  Class: sky130_fd_sc_hd__o221ai_2 instances:  15
  Class: sky130_fd_sc_hd__o221ai_4 instances:  80
  Class: sky130_ef_sc_hd__decap_12 instances: 15296
  Class: sky130_fd_sc_hd__dfrtp_1 instances: 344
  Class: sky130_fd_sc_hd__dfrtp_2 instances:  32
  Class: sky130_fd_sc_hd__dfrtp_4 instances:  36
  Class: sky130_fd_sc_hd__and4_1 instances:  73
  Class: sky130_fd_sc_hd__and4_2 instances:  15
  Class: sky130_fd_sc_hd__and4_4 instances:   3
  Class: sky130_fd_sc_hd__inv_2 instances: 203
  Class: sky130_fd_sc_hd__clkbuf_1 instances: 105
  Class: sky130_fd_sc_hd__clkbuf_2 instances: 525
  Class: sky130_fd_sc_hd__clkbuf_4 instances: 576
  Class: sky130_fd_sc_hd__clkbuf_8 instances:  20
  Class: sky130_fd_sc_hd__or3_1 instances:  37
  Class: sky130_fd_sc_hd__or3_2 instances:  27
  Class: sky130_fd_sc_hd__or3_4 instances:  16
  Class: sky130_fd_sc_hd__nand3_1 instances: 623
  Class: sky130_fd_sc_hd__nand3_2 instances: 242
  Class: sky130_fd_sc_hd__nand3_4 instances:  80
  Class: sky130_fd_sc_hd__o21ba_1 instances:  21
  Class: sky130_fd_sc_hd__o21ba_2 instances:   1
  Class: sky130_fd_sc_hd__and2b_1 instances:  30
  Class: sky130_fd_sc_hd__and2b_2 instances:   3
  Class: sky130_fd_sc_hd__and2b_4 instances:   1
  Class: sky130_fd_sc_hd__a21boi_1 instances:  85
  Class: sky130_fd_sc_hd__a21boi_2 instances:  21
  Class: sky130_fd_sc_hd__a21boi_4 instances:   9
  Class: sky130_fd_sc_hd__nand4b_1 instances:   8
  Class: sky130_fd_sc_hd__nand4b_2 instances:   5
  Class: sky130_fd_sc_hd__nand4b_4 instances:   4
  Class: sky130_fd_sc_hd__buf_12 instances:   4
  Class: sky130_fd_sc_hd__a21bo_1 instances: 104
  Class: sky130_fd_sc_hd__a21bo_2 instances:   8
  Class: sky130_fd_sc_hd__a221oi_1 instances:   5
  Class: sky130_fd_sc_hd__a221oi_2 instances:   6
  Class: sky130_fd_sc_hd__a221oi_4 instances:   5
  Class: sky130_fd_sc_hd__clkinv_2 instances:  22
  Class: sky130_fd_sc_hd__clkinv_4 instances:   2
  Class: sky130_fd_sc_hd__and3_1 instances: 365
  Class: sky130_fd_sc_hd__and3_2 instances:  74
  Class: sky130_fd_sc_hd__and3_4 instances:  21
  Class: sky130_fd_sc_hd__a2111o_1 instances:   3
  Class: sky130_fd_sc_hd__a2111o_2 instances:   2
  Class: sky130_fd_sc_hd__decap_3 instances: 2059
  Class: sky130_fd_sc_hd__decap_4 instances: 7346
  Class: sky130_fd_sc_hd__decap_6 instances: 4522
  Class: sky130_fd_sc_hd__decap_8 instances: 4166
  Class: sky130_fd_sc_hd__dlygate4sd3_1 instances:   3
  Class: sky130_fd_sc_hd__or2_1 instances:  77
  Class: sky130_fd_sc_hd__or2_2 instances:  15
  Class: sky130_fd_sc_hd__or2_4 instances:   5
  Class: sky130_fd_sc_hd__a2111oi_1 instances:   1
  Class: sky130_fd_sc_hd__a2111oi_2 instances:   1
  Class: sky130_fd_sc_hd__a2111oi_4 instances:   3
  Class: sky130_fd_sc_hd__nand2_1 instances: 908
  Class: sky130_fd_sc_hd__nand2_2 instances: 145
  Class: sky130_fd_sc_hd__nand2_4 instances:  38
  Class: sky130_fd_sc_hd__nand2_8 instances:   1
  Class: sky130_fd_sc_hd__o311ai_1 instances:   2
  Class: sky130_fd_sc_hd__o311ai_4 instances:   5
  Class: sky130_fd_sc_hd__nand3b_1 instances:  89
  Class: sky130_fd_sc_hd__nand3b_2 instances:  39
  Class: sky130_fd_sc_hd__mux2_1 instances:  53
  Class: sky130_fd_sc_hd__mux2_2 instances:   6
  Class: sky130_fd_sc_hd__nand3b_4 instances:  11
  Class: sky130_fd_sc_hd__mux2_4 instances:   4
  Class: sky130_fd_sc_hd__mux2_8 instances:   5
  Class: sky130_fd_sc_hd__o2bb2ai_1 instances: 153
  Class: sky130_fd_sc_hd__o2bb2ai_2 instances:  42
  Class: sky130_fd_sc_hd__o2bb2ai_4 instances:  21
  Class: sky130_fd_sc_hd__a211oi_1 instances:   9
  Class: sky130_fd_sc_hd__and2_1 instances: 109
  Class: sky130_fd_sc_hd__and2_2 instances:  12
  Class: sky130_fd_sc_hd__a211oi_2 instances:  11
  Class: sky130_fd_sc_hd__and2_4 instances:   4
  Class: sky130_fd_sc_hd__a211oi_4 instances:  10
  Class: sky130_fd_sc_hd__or4b_1 instances:   4
  Class: sky130_fd_sc_hd__or4b_2 instances:   5
  Class: sky130_fd_sc_hd__or4b_4 instances:   2
  Class: sky130_fd_sc_hd__nor4_1 instances:   7
  Class: sky130_fd_sc_hd__nor4_2 instances:   8
  Class: sky130_fd_sc_hd__nor4_4 instances:   5
  Class: sky130_fd_sc_hd__o32a_1 instances:  57
  Class: sky130_fd_sc_hd__o32a_2 instances:  16
  Class: sky130_fd_sc_hd__o32a_4 instances:   7
  Class: sky130_fd_sc_hd__o22a_1 instances:  73
  Class: sky130_fd_sc_hd__o22a_2 instances:  11
  Class: sky130_fd_sc_hd__o22a_4 instances:   4
  Class: sky130_fd_sc_hd__xnor2_1 instances:  71
  Class: sky130_fd_sc_hd__xnor2_2 instances:  14
  Class: sky130_fd_sc_hd__xnor2_4 instances:  12
  Class: sky130_fd_sc_hd__nor3b_1 instances:   9
  Class: sky130_fd_sc_hd__nor3b_2 instances:   1
  Class: sky130_fd_sc_hd__nor3b_4 instances:   1
  Class: sky130_fd_sc_hd__o221a_1 instances:  56
  Class: sky130_fd_sc_hd__o221a_2 instances:  24
  Class: sky130_fd_sc_hd__o221a_4 instances:   7
  Class: sky130_fd_sc_hd__o21bai_1 instances:  64
  Class: sky130_fd_sc_hd__o21bai_2 instances:  26
  Class: sky130_fd_sc_hd__o21bai_4 instances:  11
  Class: sky130_fd_sc_hd__o211a_1 instances: 164
  Class: sky130_fd_sc_hd__o211a_2 instances:  25
  Class: sky130_fd_sc_hd__o211a_4 instances:   3
  Class: sky130_fd_sc_hd__nand2b_1 instances:   2
  Class: sky130_fd_sc_hd__a311oi_1 instances:   1
  Class: sky130_fd_sc_hd__a311oi_2 instances:   2
  Class: sky130_fd_sc_hd__a311oi_4 instances:  10
  Class: sky130_fd_sc_hd__a221o_1 instances:  31
  Class: sky130_fd_sc_hd__a221o_2 instances:  11
  Class: sky130_fd_sc_hd__a221o_4 instances:   4
  Class: sky130_fd_sc_hd__a211o_1 instances:  77
  Class: sky130_fd_sc_hd__a211o_2 instances:  31
  Class: sky130_fd_sc_hd__a211o_4 instances:   8
  Class: sky130_fd_sc_hd__o2111a_1 instances:  19
  Class: sky130_fd_sc_hd__o2111a_2 instances:   5
  Class: sky130_fd_sc_hd__o2111a_4 instances:   1
  Class: sky130_fd_sc_hd__or3b_1 instances:  21
  Class: sky130_fd_sc_hd__or3b_2 instances:   3
  Class: sky130_fd_sc_hd__or3b_4 instances:   3
  Class: sky130_fd_sc_hd__dlymetal6s2s_1 instances: 329
  Class: sky130_fd_sc_hd__or4bb_1 instances:   2
  Class: sky130_fd_sc_hd__nor3_1 instances:  35
  Class: sky130_fd_sc_hd__nor3_2 instances:  14
  Class: sky130_fd_sc_hd__or4bb_4 instances:   1
  Class: sky130_fd_sc_hd__nor3_4 instances:   4
  Class: sky130_fd_sc_hd__a32o_1 instances: 111
  Class: sky130_fd_sc_hd__a32o_2 instances:  19
  Class: sky130_fd_sc_hd__a32o_4 instances:   8
  Class: sky130_fd_sc_hd__o41a_1 instances:  10
  Class: sky130_fd_sc_hd__o41a_2 instances:   5
  Class: sky130_fd_sc_hd__o41a_4 instances:   3
  Class: sky130_fd_sc_hd__a22o_1 instances: 129
  Class: sky130_fd_sc_hd__a22o_2 instances:  15
  Class: sky130_fd_sc_hd__a22o_4 instances:   5
  Class: sky130_fd_sc_hd__o31a_1 instances: 103
  Class: sky130_fd_sc_hd__o31a_2 instances:  24
  Class: sky130_fd_sc_hd__o31a_4 instances:   1
  Class: sky130_fd_sc_hd__o2bb2a_1 instances:  57
  Class: sky130_fd_sc_hd__o2bb2a_2 instances:   7
  Class: sky130_fd_sc_hd__o2bb2a_4 instances:   1
  Class: sky130_fd_sc_hd__o21a_1 instances: 162
  Class: sky130_fd_sc_hd__o21a_2 instances:  14
  Class: sky130_fd_sc_hd__o41ai_2 instances:   2
  Class: sky130_fd_sc_hd__o21a_4 instances:   6
  Class: sky130_fd_sc_hd__o41ai_4 instances:   4
  Class: sky130_fd_sc_hd__a41oi_1 instances:   1
  Class: sky130_fd_sc_hd__a41oi_4 instances:   8
  Class: sky130_fd_sc_hd__o311a_1 instances:  66
  Class: sky130_fd_sc_hd__o311a_2 instances:  14
  Class: sky130_fd_sc_hd__o311a_4 instances:   7
  Class: sky130_fd_sc_hd__o22ai_1 instances:  48
  Class: sky130_fd_sc_hd__o22ai_2 instances:  41
  Class: sky130_fd_sc_hd__nor2b_2 instances:   2
  Class: sky130_fd_sc_hd__o22ai_4 instances:  82
  Class: sky130_fd_sc_hd__nor2b_4 instances:   2
  Class: sky130_fd_sc_hd__a22oi_1 instances:  34
  Class: sky130_fd_sc_hd__a22oi_2 instances:  30
  Class: sky130_fd_sc_hd__and4b_1 instances:  11
  Class: sky130_fd_sc_hd__and4b_2 instances:   2
  Class: sky130_fd_sc_hd__a22oi_4 instances:  51
  Class: sky130_fd_sc_hd__o21ai_1 instances: 545
  Class: sky130_fd_sc_hd__tapvpwrvgnd_1 instances: 7047
  Class: sky130_fd_sc_hd__o21ai_2 instances: 209
  Class: sky130_fd_sc_hd__o21ai_4 instances: 116
  Class: sky130_fd_sc_hd__a21oi_1 instances: 442
  Class: sky130_fd_sc_hd__a21oi_2 instances: 205
  Class: sky130_fd_sc_hd__a311o_1 instances:  13
  Class: sky130_fd_sc_hd__a21oi_4 instances: 112
  Class: sky130_fd_sc_hd__a311o_2 instances:   6
  Class: sky130_fd_sc_hd__a311o_4 instances:   3
  Class: sky130_fd_sc_hd__fill_1 instances: 6805
  Class: sky130_fd_sc_hd__fill_2 instances: 1744
  Class: sky130_fd_sc_hd__o211ai_1 instances: 231
  Class: sky130_fd_sc_hd__o211ai_2 instances: 217
  Class: sky130_fd_sc_hd__o211ai_4 instances: 194
  Class: sky130_fd_sc_hd__or2b_1 instances:  36
  Class: sky130_fd_sc_hd__or2b_2 instances:   6
  Class: sky130_fd_sc_hd__and4bb_1 instances:   1
  Class: sky130_fd_sc_hd__or2b_4 instances:   1
  Class: sky130_fd_sc_hd__and4bb_2 instances:   1
  Class: sky130_fd_sc_hd__nor2_1 instances: 327
  Class: sky130_fd_sc_hd__nor2_2 instances:  61
  Class: sky130_fd_sc_hd__nor2_4 instances:  16
  Class: sky130_fd_sc_hd__nor2_8 instances:   1
Circuit contains 13629 nets.
Contents of circuit 2:  Circuit: 'DIF_R2SDF_top'
Circuit DIF_R2SDF_top contains 62585 device instances.
  Class: sky130_fd_sc_hd__o2111ai_1 instances:  44
  Class: sky130_fd_sc_hd__o2111ai_2 instances:  36
  Class: sky130_fd_sc_hd__a41o_1 instances:  15
  Class: sky130_fd_sc_hd__o2111ai_4 instances: 121
  Class: sky130_fd_sc_hd__a41o_2 instances:   7
  Class: sky130_fd_sc_hd__a31o_1 instances: 243
  Class: sky130_fd_sc_hd__a31o_2 instances:  40
  Class: sky130_fd_sc_hd__a31o_4 instances:   4
  Class: sky130_fd_sc_hd__a21o_1 instances: 502
  Class: sky130_fd_sc_hd__a21o_2 instances:  28
  Class: sky130_fd_sc_hd__a21o_4 instances:   8
  Class: sky130_fd_sc_hd__a2bb2oi_1 instances:  22
  Class: sky130_fd_sc_hd__a2bb2oi_2 instances:  11
  Class: sky130_fd_sc_hd__a2bb2oi_4 instances:  11
  Class: sky130_fd_sc_hd__o32ai_1 instances:   1
  Class: sky130_fd_sc_hd__clkbuf_16 instances:  36
  Class: sky130_fd_sc_hd__o32ai_4 instances:   6
  Class: sky130_fd_sc_hd__a32oi_1 instances:   9
  Class: sky130_fd_sc_hd__a32oi_2 instances:  10
  Class: sky130_fd_sc_hd__o31ai_1 instances:  13
  Class: sky130_fd_sc_hd__a32oi_4 instances:   8
  Class: sky130_fd_sc_hd__o31ai_2 instances:   6
  Class: sky130_fd_sc_hd__o31ai_4 instances:  11
  Class: sky130_fd_sc_hd__or4_1 instances:  34
  Class: sky130_fd_sc_hd__or4_2 instances:  25
  Class: sky130_fd_sc_hd__or4_4 instances:  21
  Class: sky130_fd_sc_hd__a31oi_1 instances:  42
  Class: sky130_fd_sc_hd__a31oi_2 instances:  42
  Class: sky130_fd_sc_hd__nand4_1 instances: 171
  Class: sky130_fd_sc_hd__a31oi_4 instances:  48
  Class: sky130_fd_sc_hd__nand4_2 instances: 102
  Class: sky130_fd_sc_hd__buf_2 instances: 550
  Class: sky130_fd_sc_hd__nand4_4 instances:  69
  Class: sky130_fd_sc_hd__buf_4 instances: 315
  Class: sky130_fd_sc_hd__buf_6 instances:  21
  Class: sky130_fd_sc_hd__a2bb2o_1 instances:  57
  Class: sky130_fd_sc_hd__a2bb2o_2 instances:   8
  Class: sky130_fd_sc_hd__a2bb2o_4 instances:   2
  Class: sky130_fd_sc_hd__and3b_1 instances:  11
  Class: sky130_fd_sc_hd__xor2_1 instances:  61
  Class: sky130_fd_sc_hd__xor2_2 instances:  24
  Class: sky130_fd_sc_hd__o221ai_1 instances:  18
  Class: sky130_fd_sc_hd__xor2_4 instances:  15
  Class: sky130_fd_sc_hd__o221ai_2 instances:  15
  Class: sky130_fd_sc_hd__o221ai_4 instances:  80
  Class: sky130_ef_sc_hd__decap_12 instances: 15296
  Class: sky130_fd_sc_hd__dfrtp_1 instances: 344
  Class: sky130_fd_sc_hd__dfrtp_2 instances:  32
  Class: sky130_fd_sc_hd__dfrtp_4 instances:  36
  Class: sky130_fd_sc_hd__and4_1 instances:  73
  Class: sky130_fd_sc_hd__and4_2 instances:  15
  Class: sky130_fd_sc_hd__and4_4 instances:   3
  Class: sky130_fd_sc_hd__inv_2 instances: 203
  Class: sky130_fd_sc_hd__clkbuf_1 instances: 105
  Class: sky130_fd_sc_hd__clkbuf_2 instances: 525
  Class: sky130_fd_sc_hd__clkbuf_4 instances: 576
  Class: sky130_fd_sc_hd__clkbuf_8 instances:  20
  Class: sky130_fd_sc_hd__or3_1 instances:  37
  Class: sky130_fd_sc_hd__or3_2 instances:  27
  Class: sky130_fd_sc_hd__or3_4 instances:  16
  Class: sky130_fd_sc_hd__nand3_1 instances: 623
  Class: sky130_fd_sc_hd__nand3_2 instances: 242
  Class: sky130_fd_sc_hd__nand3_4 instances:  80
  Class: sky130_fd_sc_hd__o21ba_1 instances:  21
  Class: sky130_fd_sc_hd__o21ba_2 instances:   1
  Class: sky130_fd_sc_hd__and2b_1 instances:  30
  Class: sky130_fd_sc_hd__and2b_2 instances:   3
  Class: sky130_fd_sc_hd__and2b_4 instances:   1
  Class: sky130_fd_sc_hd__a21boi_1 instances:  85
  Class: sky130_fd_sc_hd__a21boi_2 instances:  21
  Class: sky130_fd_sc_hd__a21boi_4 instances:   9
  Class: sky130_fd_sc_hd__nand4b_1 instances:   8
  Class: sky130_fd_sc_hd__nand4b_2 instances:   5
  Class: sky130_fd_sc_hd__nand4b_4 instances:   4
  Class: sky130_fd_sc_hd__buf_12 instances:   4
  Class: sky130_fd_sc_hd__a21bo_1 instances: 104
  Class: sky130_fd_sc_hd__a21bo_2 instances:   8
  Class: sky130_fd_sc_hd__a221oi_1 instances:   5
  Class: sky130_fd_sc_hd__a221oi_2 instances:   6
  Class: sky130_fd_sc_hd__a221oi_4 instances:   5
  Class: sky130_fd_sc_hd__clkinv_2 instances:  22
  Class: sky130_fd_sc_hd__clkinv_4 instances:   2
  Class: sky130_fd_sc_hd__and3_1 instances: 365
  Class: sky130_fd_sc_hd__and3_2 instances:  74
  Class: sky130_fd_sc_hd__and3_4 instances:  21
  Class: sky130_fd_sc_hd__a2111o_1 instances:   3
  Class: sky130_fd_sc_hd__a2111o_2 instances:   2
  Class: sky130_fd_sc_hd__decap_3 instances: 2059
  Class: sky130_fd_sc_hd__decap_4 instances: 7346
  Class: sky130_fd_sc_hd__decap_6 instances: 4522
  Class: sky130_fd_sc_hd__decap_8 instances: 4166
  Class: sky130_fd_sc_hd__dlygate4sd3_1 instances:   3
  Class: sky130_fd_sc_hd__or2_1 instances:  77
  Class: sky130_fd_sc_hd__or2_2 instances:  15
  Class: sky130_fd_sc_hd__a2111oi_1 instances:   1
  Class: sky130_fd_sc_hd__or2_4 instances:   5
  Class: sky130_fd_sc_hd__a2111oi_2 instances:   1
  Class: sky130_fd_sc_hd__a2111oi_4 instances:   3
  Class: sky130_fd_sc_hd__nand2_1 instances: 908
  Class: sky130_fd_sc_hd__nand2_2 instances: 145
  Class: sky130_fd_sc_hd__nand2_4 instances:  38
  Class: sky130_fd_sc_hd__nand2_8 instances:   1
  Class: sky130_fd_sc_hd__o311ai_1 instances:   2
  Class: sky130_fd_sc_hd__o311ai_4 instances:   5
  Class: sky130_fd_sc_hd__nand3b_1 instances:  89
  Class: sky130_fd_sc_hd__nand3b_2 instances:  39
  Class: sky130_fd_sc_hd__mux2_1 instances:  53
  Class: sky130_fd_sc_hd__mux2_2 instances:   6
  Class: sky130_fd_sc_hd__nand3b_4 instances:  11
  Class: sky130_fd_sc_hd__mux2_4 instances:   4
  Class: sky130_fd_sc_hd__mux2_8 instances:   5
  Class: sky130_fd_sc_hd__o2bb2ai_1 instances: 153
  Class: sky130_fd_sc_hd__o2bb2ai_2 instances:  42
  Class: sky130_fd_sc_hd__o2bb2ai_4 instances:  21
  Class: sky130_fd_sc_hd__a211oi_1 instances:   9
  Class: sky130_fd_sc_hd__and2_1 instances: 109
  Class: sky130_fd_sc_hd__a211oi_2 instances:  11
  Class: sky130_fd_sc_hd__and2_2 instances:  12
  Class: sky130_fd_sc_hd__a211oi_4 instances:  10
  Class: sky130_fd_sc_hd__and2_4 instances:   4
  Class: sky130_fd_sc_hd__or4b_1 instances:   4
  Class: sky130_fd_sc_hd__or4b_2 instances:   5
  Class: sky130_fd_sc_hd__or4b_4 instances:   2
  Class: sky130_fd_sc_hd__nor4_1 instances:   7
  Class: sky130_fd_sc_hd__nor4_2 instances:   8
  Class: sky130_fd_sc_hd__nor4_4 instances:   5
  Class: sky130_fd_sc_hd__o32a_1 instances:  57
  Class: sky130_fd_sc_hd__o32a_2 instances:  16
  Class: sky130_fd_sc_hd__o32a_4 instances:   7
  Class: sky130_fd_sc_hd__o22a_1 instances:  73
  Class: sky130_fd_sc_hd__o22a_2 instances:  11
  Class: sky130_fd_sc_hd__o22a_4 instances:   4
  Class: sky130_fd_sc_hd__xnor2_1 instances:  71
  Class: sky130_fd_sc_hd__xnor2_2 instances:  14
  Class: sky130_fd_sc_hd__xnor2_4 instances:  12
  Class: sky130_fd_sc_hd__nor3b_1 instances:   9
  Class: sky130_fd_sc_hd__nor3b_2 instances:   1
  Class: sky130_fd_sc_hd__nor3b_4 instances:   1
  Class: sky130_fd_sc_hd__o221a_1 instances:  56
  Class: sky130_fd_sc_hd__o221a_2 instances:  24
  Class: sky130_fd_sc_hd__o221a_4 instances:   7
  Class: sky130_fd_sc_hd__o21bai_1 instances:  64
  Class: sky130_fd_sc_hd__o21bai_2 instances:  26
  Class: sky130_fd_sc_hd__o21bai_4 instances:  11
  Class: sky130_fd_sc_hd__o211a_1 instances: 164
  Class: sky130_fd_sc_hd__o211a_2 instances:  25
  Class: sky130_fd_sc_hd__o211a_4 instances:   3
  Class: sky130_fd_sc_hd__nand2b_1 instances:   2
  Class: sky130_fd_sc_hd__a311oi_1 instances:   1
  Class: sky130_fd_sc_hd__a311oi_2 instances:   2
  Class: sky130_fd_sc_hd__a311oi_4 instances:  10
  Class: sky130_fd_sc_hd__a221o_1 instances:  31
  Class: sky130_fd_sc_hd__a221o_2 instances:  11
  Class: sky130_fd_sc_hd__a221o_4 instances:   4
  Class: sky130_fd_sc_hd__a211o_1 instances:  77
  Class: sky130_fd_sc_hd__a211o_2 instances:  31
  Class: sky130_fd_sc_hd__a211o_4 instances:   8
  Class: sky130_fd_sc_hd__o2111a_1 instances:  19
  Class: sky130_fd_sc_hd__o2111a_2 instances:   5
  Class: sky130_fd_sc_hd__o2111a_4 instances:   1
  Class: sky130_fd_sc_hd__or3b_1 instances:  21
  Class: sky130_fd_sc_hd__or3b_2 instances:   3
  Class: sky130_fd_sc_hd__or3b_4 instances:   3
  Class: sky130_fd_sc_hd__dlymetal6s2s_1 instances: 329
  Class: sky130_fd_sc_hd__or4bb_1 instances:   2
  Class: sky130_fd_sc_hd__nor3_1 instances:  35
  Class: sky130_fd_sc_hd__nor3_2 instances:  14
  Class: sky130_fd_sc_hd__or4bb_4 instances:   1
  Class: sky130_fd_sc_hd__nor3_4 instances:   4
  Class: sky130_fd_sc_hd__a32o_1 instances: 111
  Class: sky130_fd_sc_hd__a32o_2 instances:  19
  Class: sky130_fd_sc_hd__a32o_4 instances:   8
  Class: sky130_fd_sc_hd__o41a_1 instances:  10
  Class: sky130_fd_sc_hd__o41a_2 instances:   5
  Class: sky130_fd_sc_hd__o41a_4 instances:   3
  Class: sky130_fd_sc_hd__a22o_1 instances: 129
  Class: sky130_fd_sc_hd__a22o_2 instances:  15
  Class: sky130_fd_sc_hd__a22o_4 instances:   5
  Class: sky130_fd_sc_hd__o31a_1 instances: 103
  Class: sky130_fd_sc_hd__o31a_2 instances:  24
  Class: sky130_fd_sc_hd__o31a_4 instances:   1
  Class: sky130_fd_sc_hd__o2bb2a_1 instances:  57
  Class: sky130_fd_sc_hd__o2bb2a_2 instances:   7
  Class: sky130_fd_sc_hd__o2bb2a_4 instances:   1
  Class: sky130_fd_sc_hd__o21a_1 instances: 162
  Class: sky130_fd_sc_hd__o21a_2 instances:  14
  Class: sky130_fd_sc_hd__o41ai_2 instances:   2
  Class: sky130_fd_sc_hd__o21a_4 instances:   6
  Class: sky130_fd_sc_hd__o41ai_4 instances:   4
  Class: sky130_fd_sc_hd__a41oi_1 instances:   1
  Class: sky130_fd_sc_hd__a41oi_4 instances:   8
  Class: sky130_fd_sc_hd__o311a_1 instances:  66
  Class: sky130_fd_sc_hd__o311a_2 instances:  14
  Class: sky130_fd_sc_hd__o311a_4 instances:   7
  Class: sky130_fd_sc_hd__o22ai_1 instances:  48
  Class: sky130_fd_sc_hd__o22ai_2 instances:  41
  Class: sky130_fd_sc_hd__nor2b_2 instances:   2
  Class: sky130_fd_sc_hd__o22ai_4 instances:  82
  Class: sky130_fd_sc_hd__nor2b_4 instances:   2
  Class: sky130_fd_sc_hd__a22oi_1 instances:  34
  Class: sky130_fd_sc_hd__a22oi_2 instances:  30
  Class: sky130_fd_sc_hd__and4b_1 instances:  11
  Class: sky130_fd_sc_hd__and4b_2 instances:   2
  Class: sky130_fd_sc_hd__a22oi_4 instances:  51
  Class: sky130_fd_sc_hd__o21ai_1 instances: 545
  Class: sky130_fd_sc_hd__o21ai_2 instances: 209
  Class: sky130_fd_sc_hd__tapvpwrvgnd_1 instances: 7047
  Class: sky130_fd_sc_hd__o21ai_4 instances: 116
  Class: sky130_fd_sc_hd__a21oi_1 instances: 442
  Class: sky130_fd_sc_hd__a21oi_2 instances: 205
  Class: sky130_fd_sc_hd__a311o_1 instances:  13
  Class: sky130_fd_sc_hd__a21oi_4 instances: 112
  Class: sky130_fd_sc_hd__a311o_2 instances:   6
  Class: sky130_fd_sc_hd__a311o_4 instances:   3
  Class: sky130_fd_sc_hd__fill_1 instances: 6805
  Class: sky130_fd_sc_hd__fill_2 instances: 1744
  Class: sky130_fd_sc_hd__o211ai_1 instances: 231
  Class: sky130_fd_sc_hd__o211ai_2 instances: 217
  Class: sky130_fd_sc_hd__o211ai_4 instances: 194
  Class: sky130_fd_sc_hd__or2b_1 instances:  36
  Class: sky130_fd_sc_hd__or2b_2 instances:   6
  Class: sky130_fd_sc_hd__and4bb_1 instances:   1
  Class: sky130_fd_sc_hd__or2b_4 instances:   1
  Class: sky130_fd_sc_hd__and4bb_2 instances:   1
  Class: sky130_fd_sc_hd__nor2_1 instances: 327
  Class: sky130_fd_sc_hd__nor2_2 instances:  61
  Class: sky130_fd_sc_hd__nor2_4 instances:  16
  Class: sky130_fd_sc_hd__nor2_8 instances:   1
Circuit contains 13629 nets.

Circuit was modified by parallel/series device merging.
New circuit summary:

Contents of circuit 1:  Circuit: 'DIF_R2SDF_top'
Circuit DIF_R2SDF_top contains 13608 device instances.
  Class: sky130_fd_sc_hd__o2111ai_1 instances:  44
  Class: sky130_fd_sc_hd__o2111ai_2 instances:  36
  Class: sky130_fd_sc_hd__a41o_1 instances:  15
  Class: sky130_fd_sc_hd__o2111ai_4 instances: 121
  Class: sky130_fd_sc_hd__a41o_2 instances:   7
  Class: sky130_fd_sc_hd__a31o_1 instances: 243
  Class: sky130_fd_sc_hd__a31o_2 instances:  40
  Class: sky130_fd_sc_hd__a31o_4 instances:   4
  Class: sky130_fd_sc_hd__a21o_1 instances: 502
  Class: sky130_fd_sc_hd__a21o_2 instances:  28
  Class: sky130_fd_sc_hd__a21o_4 instances:   8
  Class: sky130_fd_sc_hd__a2bb2oi_1 instances:  22
  Class: sky130_fd_sc_hd__a2bb2oi_2 instances:  11
  Class: sky130_fd_sc_hd__a2bb2oi_4 instances:  11
  Class: sky130_fd_sc_hd__o32ai_1 instances:   1
  Class: sky130_fd_sc_hd__o32ai_4 instances:   6
  Class: sky130_fd_sc_hd__clkbuf_16 instances:  36
  Class: sky130_fd_sc_hd__a32oi_1 instances:   9
  Class: sky130_fd_sc_hd__a32oi_2 instances:  10
  Class: sky130_fd_sc_hd__a32oi_4 instances:   8
  Class: sky130_fd_sc_hd__o31ai_1 instances:  13
  Class: sky130_fd_sc_hd__o31ai_2 instances:   6
  Class: sky130_fd_sc_hd__o31ai_4 instances:  11
  Class: sky130_fd_sc_hd__or4_1 instances:  34
  Class: sky130_fd_sc_hd__or4_2 instances:  25
  Class: sky130_fd_sc_hd__or4_4 instances:  21
  Class: sky130_fd_sc_hd__a31oi_1 instances:  42
  Class: sky130_fd_sc_hd__a31oi_2 instances:  42
  Class: sky130_fd_sc_hd__nand4_1 instances: 171
  Class: sky130_fd_sc_hd__a31oi_4 instances:  48
  Class: sky130_fd_sc_hd__nand4_2 instances: 102
  Class: sky130_fd_sc_hd__buf_2 instances: 550
  Class: sky130_fd_sc_hd__nand4_4 instances:  69
  Class: sky130_fd_sc_hd__buf_4 instances: 315
  Class: sky130_fd_sc_hd__buf_6 instances:  21
  Class: sky130_fd_sc_hd__a2bb2o_1 instances:  57
  Class: sky130_fd_sc_hd__a2bb2o_2 instances:   8
  Class: sky130_fd_sc_hd__a2bb2o_4 instances:   2
  Class: sky130_fd_sc_hd__and3b_1 instances:  11
  Class: sky130_fd_sc_hd__xor2_1 instances:  61
  Class: sky130_fd_sc_hd__xor2_2 instances:  24
  Class: sky130_fd_sc_hd__o221ai_1 instances:  18
  Class: sky130_fd_sc_hd__xor2_4 instances:  15
  Class: sky130_fd_sc_hd__o221ai_2 instances:  15
  Class: sky130_fd_sc_hd__o221ai_4 instances:  80
  Class: sky130_ef_sc_hd__decap_12 instances:   1
  Class: sky130_fd_sc_hd__dfrtp_1 instances: 344
  Class: sky130_fd_sc_hd__dfrtp_2 instances:  32
  Class: sky130_fd_sc_hd__dfrtp_4 instances:  36
  Class: sky130_fd_sc_hd__and4_1 instances:  73
  Class: sky130_fd_sc_hd__and4_2 instances:  15
  Class: sky130_fd_sc_hd__and4_4 instances:   3
  Class: sky130_fd_sc_hd__inv_2 instances: 203
  Class: sky130_fd_sc_hd__clkbuf_1 instances: 105
  Class: sky130_fd_sc_hd__clkbuf_2 instances: 525
  Class: sky130_fd_sc_hd__clkbuf_4 instances: 576
  Class: sky130_fd_sc_hd__clkbuf_8 instances:  20
  Class: sky130_fd_sc_hd__or3_1 instances:  37
  Class: sky130_fd_sc_hd__or3_2 instances:  27
  Class: sky130_fd_sc_hd__or3_4 instances:  16
  Class: sky130_fd_sc_hd__nand3_1 instances: 623
  Class: sky130_fd_sc_hd__nand3_2 instances: 242
  Class: sky130_fd_sc_hd__nand3_4 instances:  80
  Class: sky130_fd_sc_hd__o21ba_1 instances:  21
  Class: sky130_fd_sc_hd__o21ba_2 instances:   1
  Class: sky130_fd_sc_hd__and2b_1 instances:  30
  Class: sky130_fd_sc_hd__and2b_2 instances:   3
  Class: sky130_fd_sc_hd__and2b_4 instances:   1
  Class: sky130_fd_sc_hd__a21boi_1 instances:  85
  Class: sky130_fd_sc_hd__a21boi_2 instances:  21
  Class: sky130_fd_sc_hd__a21boi_4 instances:   9
  Class: sky130_fd_sc_hd__nand4b_1 instances:   8
  Class: sky130_fd_sc_hd__nand4b_2 instances:   5
  Class: sky130_fd_sc_hd__nand4b_4 instances:   4
  Class: sky130_fd_sc_hd__buf_12 instances:   4
  Class: sky130_fd_sc_hd__a21bo_1 instances: 104
  Class: sky130_fd_sc_hd__a21bo_2 instances:   8
  Class: sky130_fd_sc_hd__a221oi_1 instances:   5
  Class: sky130_fd_sc_hd__a221oi_2 instances:   6
  Class: sky130_fd_sc_hd__a221oi_4 instances:   5
  Class: sky130_fd_sc_hd__clkinv_2 instances:  22
  Class: sky130_fd_sc_hd__clkinv_4 instances:   2
  Class: sky130_fd_sc_hd__and3_1 instances: 365
  Class: sky130_fd_sc_hd__and3_2 instances:  74
  Class: sky130_fd_sc_hd__and3_4 instances:  21
  Class: sky130_fd_sc_hd__a2111o_1 instances:   3
  Class: sky130_fd_sc_hd__a2111o_2 instances:   2
  Class: sky130_fd_sc_hd__decap_3 instances:   1
  Class: sky130_fd_sc_hd__decap_4 instances:   1
  Class: sky130_fd_sc_hd__decap_6 instances:   1
  Class: sky130_fd_sc_hd__decap_8 instances:   1
  Class: sky130_fd_sc_hd__dlygate4sd3_1 instances:   3
  Class: sky130_fd_sc_hd__or2_1 instances:  77
  Class: sky130_fd_sc_hd__or2_2 instances:  15
  Class: sky130_fd_sc_hd__or2_4 instances:   5
  Class: sky130_fd_sc_hd__a2111oi_1 instances:   1
  Class: sky130_fd_sc_hd__a2111oi_2 instances:   1
  Class: sky130_fd_sc_hd__a2111oi_4 instances:   3
  Class: sky130_fd_sc_hd__nand2_1 instances: 908
  Class: sky130_fd_sc_hd__nand2_2 instances: 145
  Class: sky130_fd_sc_hd__nand2_4 instances:  38
  Class: sky130_fd_sc_hd__nand2_8 instances:   1
  Class: sky130_fd_sc_hd__o311ai_1 instances:   2
  Class: sky130_fd_sc_hd__o311ai_4 instances:   5
  Class: sky130_fd_sc_hd__nand3b_1 instances:  89
  Class: sky130_fd_sc_hd__nand3b_2 instances:  39
  Class: sky130_fd_sc_hd__mux2_1 instances:  53
  Class: sky130_fd_sc_hd__mux2_2 instances:   6
  Class: sky130_fd_sc_hd__nand3b_4 instances:  11
  Class: sky130_fd_sc_hd__mux2_4 instances:   4
  Class: sky130_fd_sc_hd__mux2_8 instances:   5
  Class: sky130_fd_sc_hd__o2bb2ai_1 instances: 153
  Class: sky130_fd_sc_hd__o2bb2ai_2 instances:  42
  Class: sky130_fd_sc_hd__o2bb2ai_4 instances:  21
  Class: sky130_fd_sc_hd__a211oi_1 instances:   9
  Class: sky130_fd_sc_hd__and2_1 instances: 109
  Class: sky130_fd_sc_hd__and2_2 instances:  12
  Class: sky130_fd_sc_hd__a211oi_2 instances:  11
  Class: sky130_fd_sc_hd__and2_4 instances:   4
  Class: sky130_fd_sc_hd__a211oi_4 instances:  10
  Class: sky130_fd_sc_hd__or4b_1 instances:   4
  Class: sky130_fd_sc_hd__or4b_2 instances:   5
  Class: sky130_fd_sc_hd__or4b_4 instances:   2
  Class: sky130_fd_sc_hd__nor4_1 instances:   7
  Class: sky130_fd_sc_hd__nor4_2 instances:   8
  Class: sky130_fd_sc_hd__nor4_4 instances:   5
  Class: sky130_fd_sc_hd__o32a_1 instances:  57
  Class: sky130_fd_sc_hd__o32a_2 instances:  16
  Class: sky130_fd_sc_hd__o32a_4 instances:   7
  Class: sky130_fd_sc_hd__o22a_1 instances:  73
  Class: sky130_fd_sc_hd__o22a_2 instances:  11
  Class: sky130_fd_sc_hd__o22a_4 instances:   4
  Class: sky130_fd_sc_hd__xnor2_1 instances:  71
  Class: sky130_fd_sc_hd__xnor2_2 instances:  14
  Class: sky130_fd_sc_hd__xnor2_4 instances:  12
  Class: sky130_fd_sc_hd__nor3b_1 instances:   9
  Class: sky130_fd_sc_hd__nor3b_2 instances:   1
  Class: sky130_fd_sc_hd__nor3b_4 instances:   1
  Class: sky130_fd_sc_hd__o221a_1 instances:  56
  Class: sky130_fd_sc_hd__o221a_2 instances:  24
  Class: sky130_fd_sc_hd__o221a_4 instances:   7
  Class: sky130_fd_sc_hd__o21bai_1 instances:  64
  Class: sky130_fd_sc_hd__o21bai_2 instances:  26
  Class: sky130_fd_sc_hd__o21bai_4 instances:  11
  Class: sky130_fd_sc_hd__o211a_1 instances: 164
  Class: sky130_fd_sc_hd__o211a_2 instances:  25
  Class: sky130_fd_sc_hd__o211a_4 instances:   3
  Class: sky130_fd_sc_hd__nand2b_1 instances:   2
  Class: sky130_fd_sc_hd__a311oi_1 instances:   1
  Class: sky130_fd_sc_hd__a311oi_2 instances:   2
  Class: sky130_fd_sc_hd__a311oi_4 instances:  10
  Class: sky130_fd_sc_hd__a221o_1 instances:  31
  Class: sky130_fd_sc_hd__a221o_2 instances:  11
  Class: sky130_fd_sc_hd__a221o_4 instances:   4
  Class: sky130_fd_sc_hd__a211o_1 instances:  77
  Class: sky130_fd_sc_hd__a211o_2 instances:  31
  Class: sky130_fd_sc_hd__a211o_4 instances:   8
  Class: sky130_fd_sc_hd__o2111a_1 instances:  19
  Class: sky130_fd_sc_hd__o2111a_2 instances:   5
  Class: sky130_fd_sc_hd__o2111a_4 instances:   1
  Class: sky130_fd_sc_hd__or3b_1 instances:  21
  Class: sky130_fd_sc_hd__or3b_2 instances:   3
  Class: sky130_fd_sc_hd__or3b_4 instances:   3
  Class: sky130_fd_sc_hd__dlymetal6s2s_1 instances: 329
  Class: sky130_fd_sc_hd__or4bb_1 instances:   2
  Class: sky130_fd_sc_hd__nor3_1 instances:  35
  Class: sky130_fd_sc_hd__nor3_2 instances:  14
  Class: sky130_fd_sc_hd__or4bb_4 instances:   1
  Class: sky130_fd_sc_hd__nor3_4 instances:   4
  Class: sky130_fd_sc_hd__a32o_1 instances: 111
  Class: sky130_fd_sc_hd__a32o_2 instances:  19
  Class: sky130_fd_sc_hd__a32o_4 instances:   8
  Class: sky130_fd_sc_hd__o41a_1 instances:  10
  Class: sky130_fd_sc_hd__o41a_2 instances:   5
  Class: sky130_fd_sc_hd__o41a_4 instances:   3
  Class: sky130_fd_sc_hd__a22o_1 instances: 129
  Class: sky130_fd_sc_hd__a22o_2 instances:  15
  Class: sky130_fd_sc_hd__a22o_4 instances:   5
  Class: sky130_fd_sc_hd__o31a_1 instances: 103
  Class: sky130_fd_sc_hd__o31a_2 instances:  24
  Class: sky130_fd_sc_hd__o31a_4 instances:   1
  Class: sky130_fd_sc_hd__o2bb2a_1 instances:  57
  Class: sky130_fd_sc_hd__o2bb2a_2 instances:   7
  Class: sky130_fd_sc_hd__o2bb2a_4 instances:   1
  Class: sky130_fd_sc_hd__o21a_1 instances: 162
  Class: sky130_fd_sc_hd__o21a_2 instances:  14
  Class: sky130_fd_sc_hd__o41ai_2 instances:   2
  Class: sky130_fd_sc_hd__o21a_4 instances:   6
  Class: sky130_fd_sc_hd__o41ai_4 instances:   4
  Class: sky130_fd_sc_hd__a41oi_1 instances:   1
  Class: sky130_fd_sc_hd__a41oi_4 instances:   8
  Class: sky130_fd_sc_hd__o311a_1 instances:  66
  Class: sky130_fd_sc_hd__o311a_2 instances:  14
  Class: sky130_fd_sc_hd__o311a_4 instances:   7
  Class: sky130_fd_sc_hd__o22ai_1 instances:  48
  Class: sky130_fd_sc_hd__o22ai_2 instances:  41
  Class: sky130_fd_sc_hd__nor2b_2 instances:   2
  Class: sky130_fd_sc_hd__o22ai_4 instances:  82
  Class: sky130_fd_sc_hd__nor2b_4 instances:   2
  Class: sky130_fd_sc_hd__a22oi_1 instances:  34
  Class: sky130_fd_sc_hd__a22oi_2 instances:  30
  Class: sky130_fd_sc_hd__and4b_1 instances:  11
  Class: sky130_fd_sc_hd__and4b_2 instances:   2
  Class: sky130_fd_sc_hd__a22oi_4 instances:  51
  Class: sky130_fd_sc_hd__o21ai_1 instances: 545
  Class: sky130_fd_sc_hd__tapvpwrvgnd_1 instances:   1
  Class: sky130_fd_sc_hd__o21ai_2 instances: 209
  Class: sky130_fd_sc_hd__o21ai_4 instances: 116
  Class: sky130_fd_sc_hd__a21oi_1 instances: 442
  Class: sky130_fd_sc_hd__a21oi_2 instances: 205
  Class: sky130_fd_sc_hd__a311o_1 instances:  13
  Class: sky130_fd_sc_hd__a21oi_4 instances: 112
  Class: sky130_fd_sc_hd__a311o_2 instances:   6
  Class: sky130_fd_sc_hd__a311o_4 instances:   3
  Class: sky130_fd_sc_hd__fill_1 instances:   1
  Class: sky130_fd_sc_hd__fill_2 instances:   1
  Class: sky130_fd_sc_hd__o211ai_1 instances: 231
  Class: sky130_fd_sc_hd__o211ai_2 instances: 217
  Class: sky130_fd_sc_hd__o211ai_4 instances: 194
  Class: sky130_fd_sc_hd__or2b_1 instances:  36
  Class: sky130_fd_sc_hd__or2b_2 instances:   6
  Class: sky130_fd_sc_hd__and4bb_1 instances:   1
  Class: sky130_fd_sc_hd__or2b_4 instances:   1
  Class: sky130_fd_sc_hd__and4bb_2 instances:   1
  Class: sky130_fd_sc_hd__nor2_1 instances: 327
  Class: sky130_fd_sc_hd__nor2_2 instances:  61
  Class: sky130_fd_sc_hd__nor2_4 instances:  16
  Class: sky130_fd_sc_hd__nor2_8 instances:   1
Circuit contains 13629 nets.
Contents of circuit 2:  Circuit: 'DIF_R2SDF_top'
Circuit DIF_R2SDF_top contains 13608 device instances.
  Class: sky130_fd_sc_hd__o2111ai_1 instances:  44
  Class: sky130_fd_sc_hd__o2111ai_2 instances:  36
  Class: sky130_fd_sc_hd__a41o_1 instances:  15
  Class: sky130_fd_sc_hd__o2111ai_4 instances: 121
  Class: sky130_fd_sc_hd__a41o_2 instances:   7
  Class: sky130_fd_sc_hd__a31o_1 instances: 243
  Class: sky130_fd_sc_hd__a31o_2 instances:  40
  Class: sky130_fd_sc_hd__a31o_4 instances:   4
  Class: sky130_fd_sc_hd__a21o_1 instances: 502
  Class: sky130_fd_sc_hd__a21o_2 instances:  28
  Class: sky130_fd_sc_hd__a21o_4 instances:   8
  Class: sky130_fd_sc_hd__a2bb2oi_1 instances:  22
  Class: sky130_fd_sc_hd__a2bb2oi_2 instances:  11
  Class: sky130_fd_sc_hd__a2bb2oi_4 instances:  11
  Class: sky130_fd_sc_hd__o32ai_1 instances:   1
  Class: sky130_fd_sc_hd__clkbuf_16 instances:  36
  Class: sky130_fd_sc_hd__o32ai_4 instances:   6
  Class: sky130_fd_sc_hd__a32oi_1 instances:   9
  Class: sky130_fd_sc_hd__a32oi_2 instances:  10
  Class: sky130_fd_sc_hd__o31ai_1 instances:  13
  Class: sky130_fd_sc_hd__a32oi_4 instances:   8
  Class: sky130_fd_sc_hd__o31ai_2 instances:   6
  Class: sky130_fd_sc_hd__o31ai_4 instances:  11
  Class: sky130_fd_sc_hd__or4_1 instances:  34
  Class: sky130_fd_sc_hd__or4_2 instances:  25
  Class: sky130_fd_sc_hd__or4_4 instances:  21
  Class: sky130_fd_sc_hd__a31oi_1 instances:  42
  Class: sky130_fd_sc_hd__a31oi_2 instances:  42
  Class: sky130_fd_sc_hd__nand4_1 instances: 171
  Class: sky130_fd_sc_hd__a31oi_4 instances:  48
  Class: sky130_fd_sc_hd__nand4_2 instances: 102
  Class: sky130_fd_sc_hd__buf_2 instances: 550
  Class: sky130_fd_sc_hd__nand4_4 instances:  69
  Class: sky130_fd_sc_hd__buf_4 instances: 315
  Class: sky130_fd_sc_hd__buf_6 instances:  21
  Class: sky130_fd_sc_hd__a2bb2o_1 instances:  57
  Class: sky130_fd_sc_hd__a2bb2o_2 instances:   8
  Class: sky130_fd_sc_hd__a2bb2o_4 instances:   2
  Class: sky130_fd_sc_hd__and3b_1 instances:  11
  Class: sky130_fd_sc_hd__xor2_1 instances:  61
  Class: sky130_fd_sc_hd__xor2_2 instances:  24
  Class: sky130_fd_sc_hd__o221ai_1 instances:  18
  Class: sky130_fd_sc_hd__xor2_4 instances:  15
  Class: sky130_fd_sc_hd__o221ai_2 instances:  15
  Class: sky130_fd_sc_hd__o221ai_4 instances:  80
  Class: sky130_ef_sc_hd__decap_12 instances:   1
  Class: sky130_fd_sc_hd__dfrtp_1 instances: 344
  Class: sky130_fd_sc_hd__dfrtp_2 instances:  32
  Class: sky130_fd_sc_hd__dfrtp_4 instances:  36
  Class: sky130_fd_sc_hd__and4_1 instances:  73
  Class: sky130_fd_sc_hd__and4_2 instances:  15
  Class: sky130_fd_sc_hd__and4_4 instances:   3
  Class: sky130_fd_sc_hd__inv_2 instances: 203
  Class: sky130_fd_sc_hd__clkbuf_1 instances: 105
  Class: sky130_fd_sc_hd__clkbuf_2 instances: 525
  Class: sky130_fd_sc_hd__clkbuf_4 instances: 576
  Class: sky130_fd_sc_hd__clkbuf_8 instances:  20
  Class: sky130_fd_sc_hd__or3_1 instances:  37
  Class: sky130_fd_sc_hd__or3_2 instances:  27
  Class: sky130_fd_sc_hd__or3_4 instances:  16
  Class: sky130_fd_sc_hd__nand3_1 instances: 623
  Class: sky130_fd_sc_hd__nand3_2 instances: 242
  Class: sky130_fd_sc_hd__nand3_4 instances:  80
  Class: sky130_fd_sc_hd__o21ba_1 instances:  21
  Class: sky130_fd_sc_hd__o21ba_2 instances:   1
  Class: sky130_fd_sc_hd__and2b_1 instances:  30
  Class: sky130_fd_sc_hd__and2b_2 instances:   3
  Class: sky130_fd_sc_hd__and2b_4 instances:   1
  Class: sky130_fd_sc_hd__a21boi_1 instances:  85
  Class: sky130_fd_sc_hd__a21boi_2 instances:  21
  Class: sky130_fd_sc_hd__a21boi_4 instances:   9
  Class: sky130_fd_sc_hd__nand4b_1 instances:   8
  Class: sky130_fd_sc_hd__nand4b_2 instances:   5
  Class: sky130_fd_sc_hd__nand4b_4 instances:   4
  Class: sky130_fd_sc_hd__buf_12 instances:   4
  Class: sky130_fd_sc_hd__a21bo_1 instances: 104
  Class: sky130_fd_sc_hd__a21bo_2 instances:   8
  Class: sky130_fd_sc_hd__a221oi_1 instances:   5
  Class: sky130_fd_sc_hd__a221oi_2 instances:   6
  Class: sky130_fd_sc_hd__a221oi_4 instances:   5
  Class: sky130_fd_sc_hd__clkinv_2 instances:  22
  Class: sky130_fd_sc_hd__clkinv_4 instances:   2
  Class: sky130_fd_sc_hd__and3_1 instances: 365
  Class: sky130_fd_sc_hd__and3_2 instances:  74
  Class: sky130_fd_sc_hd__and3_4 instances:  21
  Class: sky130_fd_sc_hd__a2111o_1 instances:   3
  Class: sky130_fd_sc_hd__a2111o_2 instances:   2
  Class: sky130_fd_sc_hd__decap_3 instances:   1
  Class: sky130_fd_sc_hd__decap_4 instances:   1
  Class: sky130_fd_sc_hd__decap_6 instances:   1
  Class: sky130_fd_sc_hd__decap_8 instances:   1
  Class: sky130_fd_sc_hd__dlygate4sd3_1 instances:   3
  Class: sky130_fd_sc_hd__or2_1 instances:  77
  Class: sky130_fd_sc_hd__or2_2 instances:  15
  Class: sky130_fd_sc_hd__a2111oi_1 instances:   1
  Class: sky130_fd_sc_hd__or2_4 instances:   5
  Class: sky130_fd_sc_hd__a2111oi_2 instances:   1
  Class: sky130_fd_sc_hd__a2111oi_4 instances:   3
  Class: sky130_fd_sc_hd__nand2_1 instances: 908
  Class: sky130_fd_sc_hd__nand2_2 instances: 145
  Class: sky130_fd_sc_hd__nand2_4 instances:  38
  Class: sky130_fd_sc_hd__nand2_8 instances:   1
  Class: sky130_fd_sc_hd__o311ai_1 instances:   2
  Class: sky130_fd_sc_hd__o311ai_4 instances:   5
  Class: sky130_fd_sc_hd__nand3b_1 instances:  89
  Class: sky130_fd_sc_hd__nand3b_2 instances:  39
  Class: sky130_fd_sc_hd__mux2_1 instances:  53
  Class: sky130_fd_sc_hd__mux2_2 instances:   6
  Class: sky130_fd_sc_hd__nand3b_4 instances:  11
  Class: sky130_fd_sc_hd__mux2_4 instances:   4
  Class: sky130_fd_sc_hd__mux2_8 instances:   5
  Class: sky130_fd_sc_hd__o2bb2ai_1 instances: 153
  Class: sky130_fd_sc_hd__o2bb2ai_2 instances:  42
  Class: sky130_fd_sc_hd__o2bb2ai_4 instances:  21
  Class: sky130_fd_sc_hd__a211oi_1 instances:   9
  Class: sky130_fd_sc_hd__and2_1 instances: 109
  Class: sky130_fd_sc_hd__a211oi_2 instances:  11
  Class: sky130_fd_sc_hd__and2_2 instances:  12
  Class: sky130_fd_sc_hd__a211oi_4 instances:  10
  Class: sky130_fd_sc_hd__and2_4 instances:   4
  Class: sky130_fd_sc_hd__or4b_1 instances:   4
  Class: sky130_fd_sc_hd__or4b_2 instances:   5
  Class: sky130_fd_sc_hd__or4b_4 instances:   2
  Class: sky130_fd_sc_hd__nor4_1 instances:   7
  Class: sky130_fd_sc_hd__nor4_2 instances:   8
  Class: sky130_fd_sc_hd__nor4_4 instances:   5
  Class: sky130_fd_sc_hd__o32a_1 instances:  57
  Class: sky130_fd_sc_hd__o32a_2 instances:  16
  Class: sky130_fd_sc_hd__o32a_4 instances:   7
  Class: sky130_fd_sc_hd__o22a_1 instances:  73
  Class: sky130_fd_sc_hd__o22a_2 instances:  11
  Class: sky130_fd_sc_hd__o22a_4 instances:   4
  Class: sky130_fd_sc_hd__xnor2_1 instances:  71
  Class: sky130_fd_sc_hd__xnor2_2 instances:  14
  Class: sky130_fd_sc_hd__xnor2_4 instances:  12
  Class: sky130_fd_sc_hd__nor3b_1 instances:   9
  Class: sky130_fd_sc_hd__nor3b_2 instances:   1
  Class: sky130_fd_sc_hd__nor3b_4 instances:   1
  Class: sky130_fd_sc_hd__o221a_1 instances:  56
  Class: sky130_fd_sc_hd__o221a_2 instances:  24
  Class: sky130_fd_sc_hd__o221a_4 instances:   7
  Class: sky130_fd_sc_hd__o21bai_1 instances:  64
  Class: sky130_fd_sc_hd__o21bai_2 instances:  26
  Class: sky130_fd_sc_hd__o21bai_4 instances:  11
  Class: sky130_fd_sc_hd__o211a_1 instances: 164
  Class: sky130_fd_sc_hd__o211a_2 instances:  25
  Class: sky130_fd_sc_hd__o211a_4 instances:   3
  Class: sky130_fd_sc_hd__nand2b_1 instances:   2
  Class: sky130_fd_sc_hd__a311oi_1 instances:   1
  Class: sky130_fd_sc_hd__a311oi_2 instances:   2
  Class: sky130_fd_sc_hd__a311oi_4 instances:  10
  Class: sky130_fd_sc_hd__a221o_1 instances:  31
  Class: sky130_fd_sc_hd__a221o_2 instances:  11
  Class: sky130_fd_sc_hd__a221o_4 instances:   4
  Class: sky130_fd_sc_hd__a211o_1 instances:  77
  Class: sky130_fd_sc_hd__a211o_2 instances:  31
  Class: sky130_fd_sc_hd__a211o_4 instances:   8
  Class: sky130_fd_sc_hd__o2111a_1 instances:  19
  Class: sky130_fd_sc_hd__o2111a_2 instances:   5
  Class: sky130_fd_sc_hd__o2111a_4 instances:   1
  Class: sky130_fd_sc_hd__or3b_1 instances:  21
  Class: sky130_fd_sc_hd__or3b_2 instances:   3
  Class: sky130_fd_sc_hd__or3b_4 instances:   3
  Class: sky130_fd_sc_hd__dlymetal6s2s_1 instances: 329
  Class: sky130_fd_sc_hd__or4bb_1 instances:   2
  Class: sky130_fd_sc_hd__nor3_1 instances:  35
  Class: sky130_fd_sc_hd__nor3_2 instances:  14
  Class: sky130_fd_sc_hd__or4bb_4 instances:   1
  Class: sky130_fd_sc_hd__nor3_4 instances:   4
  Class: sky130_fd_sc_hd__a32o_1 instances: 111
  Class: sky130_fd_sc_hd__a32o_2 instances:  19
  Class: sky130_fd_sc_hd__a32o_4 instances:   8
  Class: sky130_fd_sc_hd__o41a_1 instances:  10
  Class: sky130_fd_sc_hd__o41a_2 instances:   5
  Class: sky130_fd_sc_hd__o41a_4 instances:   3
  Class: sky130_fd_sc_hd__a22o_1 instances: 129
  Class: sky130_fd_sc_hd__a22o_2 instances:  15
  Class: sky130_fd_sc_hd__a22o_4 instances:   5
  Class: sky130_fd_sc_hd__o31a_1 instances: 103
  Class: sky130_fd_sc_hd__o31a_2 instances:  24
  Class: sky130_fd_sc_hd__o31a_4 instances:   1
  Class: sky130_fd_sc_hd__o2bb2a_1 instances:  57
  Class: sky130_fd_sc_hd__o2bb2a_2 instances:   7
  Class: sky130_fd_sc_hd__o2bb2a_4 instances:   1
  Class: sky130_fd_sc_hd__o21a_1 instances: 162
  Class: sky130_fd_sc_hd__o21a_2 instances:  14
  Class: sky130_fd_sc_hd__o41ai_2 instances:   2
  Class: sky130_fd_sc_hd__o21a_4 instances:   6
  Class: sky130_fd_sc_hd__o41ai_4 instances:   4
  Class: sky130_fd_sc_hd__a41oi_1 instances:   1
  Class: sky130_fd_sc_hd__a41oi_4 instances:   8
  Class: sky130_fd_sc_hd__o311a_1 instances:  66
  Class: sky130_fd_sc_hd__o311a_2 instances:  14
  Class: sky130_fd_sc_hd__o311a_4 instances:   7
  Class: sky130_fd_sc_hd__o22ai_1 instances:  48
  Class: sky130_fd_sc_hd__o22ai_2 instances:  41
  Class: sky130_fd_sc_hd__nor2b_2 instances:   2
  Class: sky130_fd_sc_hd__o22ai_4 instances:  82
  Class: sky130_fd_sc_hd__nor2b_4 instances:   2
  Class: sky130_fd_sc_hd__a22oi_1 instances:  34
  Class: sky130_fd_sc_hd__a22oi_2 instances:  30
  Class: sky130_fd_sc_hd__and4b_1 instances:  11
  Class: sky130_fd_sc_hd__and4b_2 instances:   2
  Class: sky130_fd_sc_hd__a22oi_4 instances:  51
  Class: sky130_fd_sc_hd__o21ai_1 instances: 545
  Class: sky130_fd_sc_hd__o21ai_2 instances: 209
  Class: sky130_fd_sc_hd__tapvpwrvgnd_1 instances:   1
  Class: sky130_fd_sc_hd__o21ai_4 instances: 116
  Class: sky130_fd_sc_hd__a21oi_1 instances: 442
  Class: sky130_fd_sc_hd__a21oi_2 instances: 205
  Class: sky130_fd_sc_hd__a311o_1 instances:  13
  Class: sky130_fd_sc_hd__a21oi_4 instances: 112
  Class: sky130_fd_sc_hd__a311o_2 instances:   6
  Class: sky130_fd_sc_hd__a311o_4 instances:   3
  Class: sky130_fd_sc_hd__fill_1 instances:   1
  Class: sky130_fd_sc_hd__fill_2 instances:   1
  Class: sky130_fd_sc_hd__o211ai_1 instances: 231
  Class: sky130_fd_sc_hd__o211ai_2 instances: 217
  Class: sky130_fd_sc_hd__o211ai_4 instances: 194
  Class: sky130_fd_sc_hd__or2b_1 instances:  36
  Class: sky130_fd_sc_hd__or2b_2 instances:   6
  Class: sky130_fd_sc_hd__and4bb_1 instances:   1
  Class: sky130_fd_sc_hd__or2b_4 instances:   1
  Class: sky130_fd_sc_hd__and4bb_2 instances:   1
  Class: sky130_fd_sc_hd__nor2_1 instances: 327
  Class: sky130_fd_sc_hd__nor2_2 instances:  61
  Class: sky130_fd_sc_hd__nor2_4 instances:  16
  Class: sky130_fd_sc_hd__nor2_8 instances:   1
Circuit contains 13629 nets.

Circuit 1 contains 13608 devices, Circuit 2 contains 13608 devices.
Circuit 1 contains 13629 nets,    Circuit 2 contains 13629 nets.

Netlists match uniquely.
Result: Circuits match uniquely.
Logging to file "/home/opentools/OpenLane/designs/fft/runs/opttime1/logs/signoff/36-DIF_R2SDF_top.lef.log" disabled
LVS Done.
