
===========================================================================
 report_clock_skew
============================================================================

======================== Slowest Corner ==================================

Clock clk
Latency      CRPR       Skew
_26297_/CLK ^
   1.72
_26309_/CLK ^
   1.27      0.00       0.45


======================= Typical Corner ===================================

Clock clk
Latency      CRPR       Skew
_26297_/CLK ^
   0.98
_26309_/CLK ^
   0.72      0.00       0.26


======================= Fastest Corner ===================================

Clock clk
Latency      CRPR       Skew
_26297_/CLK ^
   0.67
_26309_/CLK ^
   0.49      0.00       0.18

