
===========================================================================
report_checks -unconstrained
============================================================================

======================= Slowest Corner ===================================

Startpoint: _26144_ (rising edge-triggered flip-flop clocked by clk)
Endpoint: _26189_ (rising edge-triggered flip-flop clocked by clk)
Path Group: clk
Path Type: max
Corner: ss

Fanout     Cap    Slew   Delay    Time   Description
-----------------------------------------------------------------------------
                          0.00    0.00   clock clk (rise edge)
                          0.00    0.00   clock source latency
                  0.00    0.00    0.00 ^ clk (in)
     1    0.04                           clk (net)
                  0.00    0.00    0.00 ^ clkbuf_0_clk/A (sky130_fd_sc_hd__clkbuf_16)
                  0.07    0.19    0.20 ^ clkbuf_0_clk/X (sky130_fd_sc_hd__clkbuf_16)
     2    0.02                           clknet_0_clk (net)
                  0.07    0.00    0.20 ^ clkbuf_1_0_0_clk/A (sky130_fd_sc_hd__clkbuf_8)
                  0.05    0.20    0.40 ^ clkbuf_1_0_0_clk/X (sky130_fd_sc_hd__clkbuf_8)
     1    0.01                           clknet_1_0_0_clk (net)
                  0.05    0.00    0.40 ^ clkbuf_1_0_1_clk/A (sky130_fd_sc_hd__clkbuf_8)
                  0.35    0.43    0.83 ^ clkbuf_1_0_1_clk/X (sky130_fd_sc_hd__clkbuf_8)
    12    0.13                           clknet_1_0_1_clk (net)
                  0.35    0.00    0.83 ^ clkbuf_leaf_10_clk/A (sky130_fd_sc_hd__clkbuf_16)
                  0.06    0.33    1.17 ^ clkbuf_leaf_10_clk/X (sky130_fd_sc_hd__clkbuf_16)
     5    0.01                           clknet_leaf_10_clk (net)
                  0.06    0.00    1.17 ^ _26144_/CLK (sky130_fd_sc_hd__dfrtp_4)
                  0.19    1.10    2.26 v _26144_/Q (sky130_fd_sc_hd__dfrtp_4)
     5    0.04                           STAGE1.BUTTERFLY.a_im[4] (net)
                  0.19    0.00    2.27 v _13106_/B (sky130_fd_sc_hd__or2_1)
                  0.20    0.63    2.89 v _13106_/X (sky130_fd_sc_hd__or2_1)
     4    0.01                           _07270_ (net)
                  0.20    0.00    2.89 v _13108_/A (sky130_fd_sc_hd__and2_1)
                  0.18    0.45    3.34 v _13108_/X (sky130_fd_sc_hd__and2_1)
     4    0.02                           _07292_ (net)
                  0.18    0.00    3.34 v _19082_/A_N (sky130_fd_sc_hd__nand3b_2)
                  0.25    0.59    3.93 v _19082_/Y (sky130_fd_sc_hd__nand3b_2)
     4    0.01                           _09079_ (net)
                  0.25    0.00    3.93 v _19083_/B (sky130_fd_sc_hd__nand2_2)
                  0.18    0.27    4.20 ^ _19083_/Y (sky130_fd_sc_hd__nand2_2)
     4    0.02                           _09080_ (net)
                  0.18    0.00    4.20 ^ _19086_/C1 (sky130_fd_sc_hd__o211a_2)
                  0.25    0.55    4.75 ^ _19086_/X (sky130_fd_sc_hd__o211a_2)
     3    0.02                           _09083_ (net)
                  0.25    0.00    4.75 ^ _19087_/B (sky130_fd_sc_hd__nor2_4)
                  0.12    0.18    4.92 v _19087_/Y (sky130_fd_sc_hd__nor2_4)
     5    0.03                           _09085_ (net)
                  0.12    0.00    4.92 v _19115_/A1 (sky130_fd_sc_hd__o21bai_4)
                  0.36    0.40    5.33 ^ _19115_/Y (sky130_fd_sc_hd__o21bai_4)
     5    0.03                           _09115_ (net)
                  0.36    0.00    5.33 ^ _19124_/A (sky130_fd_sc_hd__nand3_1)
                  0.33    0.41    5.73 v _19124_/Y (sky130_fd_sc_hd__nand3_1)
     3    0.01                           _09125_ (net)
                  0.33    0.00    5.73 v _19853_/C (sky130_fd_sc_hd__nor3_2)
                  0.51    0.51    6.24 ^ _19853_/Y (sky130_fd_sc_hd__nor3_2)
     2    0.02                           _09927_ (net)
                  0.51    0.00    6.25 ^ _19854_/A (sky130_fd_sc_hd__clkbuf_2)
                  0.22    0.48    6.73 ^ _19854_/X (sky130_fd_sc_hd__clkbuf_2)
     5    0.02                           _09928_ (net)
                  0.22    0.00    6.73 ^ _19882_/B2 (sky130_fd_sc_hd__o22ai_1)
                  0.14    0.20    6.92 v _19882_/Y (sky130_fd_sc_hd__o22ai_1)
     2    0.00                           _09959_ (net)
                  0.14    0.00    6.92 v _19898_/A (sky130_fd_sc_hd__buf_2)
                  0.15    0.36    7.28 v _19898_/X (sky130_fd_sc_hd__buf_2)
     5    0.03                           _09977_ (net)
                  0.15    0.00    7.29 v _19931_/A (sky130_fd_sc_hd__clkbuf_2)
                  0.16    0.31    7.60 v _19931_/X (sky130_fd_sc_hd__clkbuf_2)
     5    0.02                           _10013_ (net)
                  0.16    0.00    7.60 v _19932_/A (sky130_fd_sc_hd__clkbuf_4)
                  0.16    0.39    7.99 v _19932_/X (sky130_fd_sc_hd__clkbuf_4)
     5    0.04                           _10014_ (net)
                  0.16    0.00    7.99 v _19938_/A1 (sky130_fd_sc_hd__a21oi_4)
                  0.63    0.61    8.60 ^ _19938_/Y (sky130_fd_sc_hd__a21oi_4)
     5    0.06                           _10021_ (net)
                  0.63    0.01    8.61 ^ _19952_/A3 (sky130_fd_sc_hd__o31ai_2)
                  0.18    0.31    8.92 v _19952_/Y (sky130_fd_sc_hd__o31ai_2)
     2    0.01                           _10036_ (net)
                  0.18    0.00    8.92 v _19953_/B1 (sky130_fd_sc_hd__o21ai_2)
                  0.31    0.20    9.12 ^ _19953_/Y (sky130_fd_sc_hd__o21ai_2)
     2    0.01                           _10037_ (net)
                  0.31    0.00    9.12 ^ _19975_/B (sky130_fd_sc_hd__nand3b_4)
                  0.21    0.31    9.43 v _19975_/Y (sky130_fd_sc_hd__nand3b_4)
     5    0.02                           _10061_ (net)
                  0.21    0.00    9.43 v _20156_/A_N (sky130_fd_sc_hd__nand3b_1)
                  0.29    0.52    9.95 v _20156_/Y (sky130_fd_sc_hd__nand3b_1)
     2    0.01                           _10260_ (net)
                  0.29    0.00    9.95 v _20157_/A (sky130_fd_sc_hd__dlymetal6s2s_1)
                  0.16    0.46   10.42 v _20157_/X (sky130_fd_sc_hd__dlymetal6s2s_1)
     5    0.01                           _10262_ (net)
                  0.16    0.00   10.42 v _20195_/A1_N (sky130_fd_sc_hd__o2bb2ai_1)
                  0.10    0.27   10.68 v _20195_/Y (sky130_fd_sc_hd__o2bb2ai_1)
     1    0.00                           _10303_ (net)
                  0.10    0.00   10.69 v _20200_/A (sky130_fd_sc_hd__nand3_1)
                  0.21    0.19   10.88 ^ _20200_/Y (sky130_fd_sc_hd__nand3_1)
     4    0.01                           _10309_ (net)
                  0.21    0.00   10.88 ^ _20313_/B (sky130_fd_sc_hd__nand4_1)
                  0.20    0.27   11.15 v _20313_/Y (sky130_fd_sc_hd__nand4_1)
     2    0.00                           _10433_ (net)
                  0.20    0.00   11.15 v _20314_/A (sky130_fd_sc_hd__clkbuf_2)
                  0.15    0.33   11.48 v _20314_/X (sky130_fd_sc_hd__clkbuf_2)
     5    0.02                           _10434_ (net)
                  0.15    0.00   11.48 v _20318_/A2 (sky130_fd_sc_hd__a21oi_2)
                  0.34    0.41   11.89 ^ _20318_/Y (sky130_fd_sc_hd__a21oi_2)
     3    0.02                           _10439_ (net)
                  0.34    0.00   11.89 ^ _20319_/B2 (sky130_fd_sc_hd__o22ai_1)
                  0.17    0.27   12.16 v _20319_/Y (sky130_fd_sc_hd__o22ai_1)
     2    0.01                           _10440_ (net)
                  0.17    0.00   12.16 v _20451_/A (sky130_fd_sc_hd__nand3_1)
                  0.24    0.25   12.41 ^ _20451_/Y (sky130_fd_sc_hd__nand3_1)
     2    0.01                           _10585_ (net)
                  0.24    0.00   12.41 ^ _20459_/A2 (sky130_fd_sc_hd__a21oi_1)
                  0.18    0.27   12.68 v _20459_/Y (sky130_fd_sc_hd__a21oi_1)
     1    0.01                           _10594_ (net)
                  0.18    0.00   12.68 v _20460_/B1 (sky130_fd_sc_hd__a21oi_4)
                  0.33    0.37   13.04 ^ _20460_/Y (sky130_fd_sc_hd__a21oi_4)
     3    0.03                           _10595_ (net)
                  0.33    0.00   13.04 ^ _21212_/A1 (sky130_fd_sc_hd__o211ai_4)
                  0.18    0.31   13.35 v _21212_/Y (sky130_fd_sc_hd__o211ai_4)
     3    0.02                           _11421_ (net)
                  0.18    0.00   13.36 v _21457_/A3 (sky130_fd_sc_hd__a31oi_4)
                  0.42    0.52   13.87 ^ _21457_/Y (sky130_fd_sc_hd__a31oi_4)
     2    0.03                           _11690_ (net)
                  0.42    0.00   13.87 ^ _22304_/A (sky130_fd_sc_hd__nand4_2)
                  0.29    0.37   14.24 v _22304_/Y (sky130_fd_sc_hd__nand4_2)
     2    0.01                           _12617_ (net)
                  0.29    0.00   14.24 v _22311_/A2 (sky130_fd_sc_hd__o211ai_4)
                  0.44    0.52   14.76 ^ _22311_/Y (sky130_fd_sc_hd__o211ai_4)
     3    0.03                           _12625_ (net)
                  0.44    0.00   14.76 ^ _22694_/A1 (sky130_fd_sc_hd__a31oi_4)
                  0.26    0.38   15.15 v _22694_/Y (sky130_fd_sc_hd__a31oi_4)
     4    0.03                           _00124_ (net)
                  0.26    0.00   15.15 v _22695_/C1 (sky130_fd_sc_hd__a211o_2)
                  0.17    0.70   15.85 v _22695_/X (sky130_fd_sc_hd__a211o_2)
     1    0.02                           _00125_ (net)
                  0.17    0.00   15.85 v _22698_/B1 (sky130_fd_sc_hd__a22o_1)
                  0.15    0.45   16.30 v _22698_/X (sky130_fd_sc_hd__a22o_1)
     1    0.01                           STAGE2.SR4.din_re[8] (net)
                  0.15    0.00   16.30 v _26189_/D (sky130_fd_sc_hd__dfrtp_1)
                                 16.30   data arrival time

                         20.00   20.00   clock clk (rise edge)
                          0.00   20.00   clock source latency
                  0.00    0.00   20.00 ^ clk (in)
     1    0.04                           clk (net)
                  0.00    0.00   20.00 ^ clkbuf_0_clk/A (sky130_fd_sc_hd__clkbuf_16)
                  0.07    0.19   20.20 ^ clkbuf_0_clk/X (sky130_fd_sc_hd__clkbuf_16)
     2    0.02                           clknet_0_clk (net)
                  0.07    0.00   20.20 ^ clkbuf_1_0_0_clk/A (sky130_fd_sc_hd__clkbuf_8)
                  0.05    0.20   20.40 ^ clkbuf_1_0_0_clk/X (sky130_fd_sc_hd__clkbuf_8)
     1    0.01                           clknet_1_0_0_clk (net)
                  0.05    0.00   20.40 ^ clkbuf_1_0_1_clk/A (sky130_fd_sc_hd__clkbuf_8)
                  0.35    0.43   20.83 ^ clkbuf_1_0_1_clk/X (sky130_fd_sc_hd__clkbuf_8)
    12    0.13                           clknet_1_0_1_clk (net)
                  0.35    0.00   20.83 ^ clkbuf_leaf_12_clk/A (sky130_fd_sc_hd__clkbuf_16)
                  0.08    0.35   21.19 ^ clkbuf_leaf_12_clk/X (sky130_fd_sc_hd__clkbuf_16)
    12    0.03                           clknet_leaf_12_clk (net)
                  0.08    0.00   21.19 ^ _26189_/CLK (sky130_fd_sc_hd__dfrtp_1)
                         -0.10   21.09   clock uncertainty
                          0.00   21.09   clock reconvergence pessimism
                         -0.31   20.78   library setup time
                                 20.78   data required time
-----------------------------------------------------------------------------
                                 20.78   data required time
                                -16.30   data arrival time
-----------------------------------------------------------------------------
                                  4.48   slack (MET)



======================= Typical Corner ===================================

Startpoint: _26169_ (rising edge-triggered flip-flop clocked by clk)
Endpoint: _26189_ (rising edge-triggered flip-flop clocked by clk)
Path Group: clk
Path Type: max
Corner: tt

Fanout     Cap    Slew   Delay    Time   Description
-----------------------------------------------------------------------------
                          0.00    0.00   clock clk (rise edge)
                          0.00    0.00   clock source latency
                  0.00    0.00    0.00 ^ clk (in)
     1    0.04                           clk (net)
                  0.00    0.00    0.00 ^ clkbuf_0_clk/A (sky130_fd_sc_hd__clkbuf_16)
                  0.04    0.11    0.11 ^ clkbuf_0_clk/X (sky130_fd_sc_hd__clkbuf_16)
     2    0.02                           clknet_0_clk (net)
                  0.04    0.00    0.11 ^ clkbuf_1_1_0_clk/A (sky130_fd_sc_hd__clkbuf_8)
                  0.03    0.11    0.22 ^ clkbuf_1_1_0_clk/X (sky130_fd_sc_hd__clkbuf_8)
     1    0.01                           clknet_1_1_0_clk (net)
                  0.03    0.00    0.22 ^ clkbuf_1_1_1_clk/A (sky130_fd_sc_hd__clkbuf_8)
                  0.27    0.29    0.51 ^ clkbuf_1_1_1_clk/X (sky130_fd_sc_hd__clkbuf_8)
    15    0.16                           clknet_1_1_1_clk (net)
                  0.27    0.00    0.52 ^ clkbuf_leaf_16_clk/A (sky130_fd_sc_hd__clkbuf_16)
                  0.05    0.20    0.72 ^ clkbuf_leaf_16_clk/X (sky130_fd_sc_hd__clkbuf_16)
     7    0.02                           clknet_leaf_16_clk (net)
                  0.05    0.00    0.72 ^ _26169_/CLK (sky130_fd_sc_hd__dfrtp_1)
                  0.12    0.38    1.10 ^ _26169_/Q (sky130_fd_sc_hd__dfrtp_1)
     2    0.01                           STAGE1.BUTTERFLY.b_re[1] (net)
                  0.12    0.00    1.10 ^ _13005_/A (sky130_fd_sc_hd__clkbuf_2)
                  0.13    0.19    1.29 ^ _13005_/X (sky130_fd_sc_hd__clkbuf_2)
     5    0.02                           _06161_ (net)
                  0.13    0.00    1.29 ^ _19277_/B1 (sky130_fd_sc_hd__o22ai_4)
                  0.07    0.11    1.40 v _19277_/Y (sky130_fd_sc_hd__o22ai_4)
     3    0.02                           _09294_ (net)
                  0.07    0.00    1.40 v _19279_/A1 (sky130_fd_sc_hd__o211ai_4)
                  0.20    0.23    1.63 ^ _19279_/Y (sky130_fd_sc_hd__o211ai_4)
     2    0.02                           _09296_ (net)
                  0.20    0.00    1.63 ^ _19280_/A (sky130_fd_sc_hd__clkbuf_4)
                  0.13    0.25    1.88 ^ _19280_/X (sky130_fd_sc_hd__clkbuf_4)
     5    0.04                           _09297_ (net)
                  0.13    0.00    1.88 ^ _19282_/A (sky130_fd_sc_hd__nand2_2)
                  0.13    0.12    2.00 v _19282_/Y (sky130_fd_sc_hd__nand2_2)
     4    0.02                           _09299_ (net)
                  0.13    0.00    2.00 v _19284_/A (sky130_fd_sc_hd__nand2_2)
                  0.11    0.14    2.14 ^ _19284_/Y (sky130_fd_sc_hd__nand2_2)
     2    0.02                           _09301_ (net)
                  0.11    0.00    2.14 ^ _19285_/C1 (sky130_fd_sc_hd__o211ai_4)
                  0.09    0.11    2.25 v _19285_/Y (sky130_fd_sc_hd__o211ai_4)
     3    0.02                           _09302_ (net)
                  0.09    0.00    2.25 v _19288_/A1 (sky130_fd_sc_hd__a21oi_2)
                  0.27    0.28    2.52 ^ _19288_/Y (sky130_fd_sc_hd__a21oi_2)
     3    0.02                           _09306_ (net)
                  0.27    0.00    2.52 ^ _19301_/A (sky130_fd_sc_hd__nand2_2)
                  0.13    0.16    2.68 v _19301_/Y (sky130_fd_sc_hd__nand2_2)
     4    0.02                           _09320_ (net)
                  0.13    0.00    2.68 v _19365_/A (sky130_fd_sc_hd__and3_1)
                  0.04    0.18    2.86 v _19365_/X (sky130_fd_sc_hd__and3_1)
     1    0.00                           _09390_ (net)
                  0.04    0.00    2.86 v _19366_/A (sky130_fd_sc_hd__clkbuf_4)
                  0.09    0.19    3.05 v _19366_/X (sky130_fd_sc_hd__clkbuf_4)
     5    0.04                           _09391_ (net)
                  0.09    0.00    3.05 v _19441_/A1_N (sky130_fd_sc_hd__o2bb2ai_4)
                  0.10    0.19    3.24 v _19441_/Y (sky130_fd_sc_hd__o2bb2ai_4)
     4    0.03                           _09474_ (net)
                  0.10    0.00    3.24 v _20245_/A1 (sky130_fd_sc_hd__o21ai_4)
                  0.26    0.28    3.51 ^ _20245_/Y (sky130_fd_sc_hd__o21ai_4)
     4    0.03                           _10358_ (net)
                  0.26    0.00    3.52 ^ _20271_/A2_N (sky130_fd_sc_hd__o2bb2ai_4)
                  0.21    0.19    3.71 ^ _20271_/Y (sky130_fd_sc_hd__o2bb2ai_4)
     3    0.03                           _10387_ (net)
                  0.21    0.00    3.71 ^ _20272_/A (sky130_fd_sc_hd__buf_2)
                  0.17    0.25    3.96 ^ _20272_/X (sky130_fd_sc_hd__buf_2)
     5    0.03                           _10388_ (net)
                  0.17    0.00    3.96 ^ _20273_/B1 (sky130_fd_sc_hd__o21ai_4)
                  0.09    0.12    4.08 v _20273_/Y (sky130_fd_sc_hd__o21ai_4)
     3    0.02                           _10389_ (net)
                  0.09    0.00    4.08 v _20274_/A (sky130_fd_sc_hd__clkbuf_4)
                  0.09    0.21    4.29 v _20274_/X (sky130_fd_sc_hd__clkbuf_4)
     5    0.04                           _10390_ (net)
                  0.09    0.00    4.29 v _20275_/A (sky130_fd_sc_hd__clkbuf_4)
                  0.10    0.22    4.51 v _20275_/X (sky130_fd_sc_hd__clkbuf_4)
     5    0.04                           _10391_ (net)
                  0.10    0.00    4.51 v _20276_/B2 (sky130_fd_sc_hd__o2bb2ai_1)
                  0.18    0.20    4.71 ^ _20276_/Y (sky130_fd_sc_hd__o2bb2ai_1)
     1    0.01                           _10392_ (net)
                  0.18    0.00    4.71 ^ _20277_/C (sky130_fd_sc_hd__nand3_1)
                  0.10    0.13    4.84 v _20277_/Y (sky130_fd_sc_hd__nand3_1)
     2    0.01                           _10394_ (net)
                  0.10    0.00    4.84 v _20278_/A (sky130_fd_sc_hd__clkbuf_2)
                  0.09    0.18    5.02 v _20278_/X (sky130_fd_sc_hd__clkbuf_2)
     5    0.02                           _10395_ (net)
                  0.09    0.00    5.02 v _20294_/A1 (sky130_fd_sc_hd__a21o_1)
                  0.07    0.21    5.23 v _20294_/X (sky130_fd_sc_hd__a21o_1)
     4    0.01                           _10412_ (net)
                  0.07    0.00    5.23 v _20298_/C (sky130_fd_sc_hd__nand3_1)
                  0.06    0.09    5.32 ^ _20298_/Y (sky130_fd_sc_hd__nand3_1)
     1    0.00                           _10417_ (net)
                  0.06    0.00    5.32 ^ _20301_/A (sky130_fd_sc_hd__nand3_1)
                  0.10    0.10    5.42 v _20301_/Y (sky130_fd_sc_hd__nand3_1)
     3    0.01                           _10420_ (net)
                  0.10    0.00    5.42 v _20302_/A (sky130_fd_sc_hd__dlymetal6s2s_1)
                  0.08    0.20    5.62 v _20302_/X (sky130_fd_sc_hd__dlymetal6s2s_1)
     5    0.01                           _10421_ (net)
                  0.08    0.00    5.62 v _21177_/C (sky130_fd_sc_hd__and3_1)
                  0.09    0.24    5.86 v _21177_/X (sky130_fd_sc_hd__and3_1)
     5    0.01                           _11383_ (net)
                  0.09    0.00    5.86 v _21178_/A2 (sky130_fd_sc_hd__o21ai_1)
                  0.14    0.16    6.02 ^ _21178_/Y (sky130_fd_sc_hd__o21ai_1)
     2    0.01                           _11384_ (net)
                  0.14    0.00    6.02 ^ _21179_/B1 (sky130_fd_sc_hd__o21ai_1)
                  0.08    0.11    6.13 v _21179_/Y (sky130_fd_sc_hd__o21ai_1)
     2    0.01                           _11385_ (net)
                  0.08    0.00    6.13 v _21200_/B1 (sky130_fd_sc_hd__a31oi_2)
                  0.22    0.23    6.36 ^ _21200_/Y (sky130_fd_sc_hd__a31oi_2)
     4    0.01                           _11408_ (net)
                  0.22    0.00    6.36 ^ _21201_/A (sky130_fd_sc_hd__nand2_1)
                  0.08    0.10    6.46 v _21201_/Y (sky130_fd_sc_hd__nand2_1)
     1    0.01                           _11409_ (net)
                  0.08    0.00    6.46 v _21202_/C (sky130_fd_sc_hd__nand3b_2)
                  0.10    0.12    6.58 ^ _21202_/Y (sky130_fd_sc_hd__nand3b_2)
     3    0.01                           _11410_ (net)
                  0.10    0.00    6.58 ^ _21205_/A2_N (sky130_fd_sc_hd__o2bb2ai_2)
                  0.23    0.16    6.74 ^ _21205_/Y (sky130_fd_sc_hd__o2bb2ai_2)
     3    0.02                           _11413_ (net)
                  0.23    0.00    6.74 ^ _21211_/B (sky130_fd_sc_hd__nand3_2)
                  0.12    0.16    6.91 v _21211_/Y (sky130_fd_sc_hd__nand3_2)
     3    0.02                           _11420_ (net)
                  0.12    0.00    6.91 v _21457_/A2 (sky130_fd_sc_hd__a31oi_4)
                  0.27    0.30    7.21 ^ _21457_/Y (sky130_fd_sc_hd__a31oi_4)
     2    0.03                           _11690_ (net)
                  0.27    0.00    7.21 ^ _22304_/A (sky130_fd_sc_hd__nand4_2)
                  0.15    0.17    7.38 v _22304_/Y (sky130_fd_sc_hd__nand4_2)
     2    0.01                           _12617_ (net)
                  0.15    0.00    7.38 v _22311_/A2 (sky130_fd_sc_hd__o211ai_4)
                  0.28    0.30    7.68 ^ _22311_/Y (sky130_fd_sc_hd__o211ai_4)
     3    0.03                           _12625_ (net)
                  0.28    0.00    7.68 ^ _22694_/A1 (sky130_fd_sc_hd__a31oi_4)
                  0.14    0.19    7.87 v _22694_/Y (sky130_fd_sc_hd__a31oi_4)
     4    0.03                           _00124_ (net)
                  0.14    0.00    7.87 v _22695_/C1 (sky130_fd_sc_hd__a211o_2)
                  0.09    0.36    8.23 v _22695_/X (sky130_fd_sc_hd__a211o_2)
     1    0.02                           _00125_ (net)
                  0.10    0.00    8.23 v _22698_/B1 (sky130_fd_sc_hd__a22o_1)
                  0.08    0.24    8.47 v _22698_/X (sky130_fd_sc_hd__a22o_1)
     1    0.01                           STAGE2.SR4.din_re[8] (net)
                  0.08    0.00    8.47 v _26189_/D (sky130_fd_sc_hd__dfrtp_1)
                                  8.47   data arrival time

                         20.00   20.00   clock clk (rise edge)
                          0.00   20.00   clock source latency
                  0.00    0.00   20.00 ^ clk (in)
     1    0.04                           clk (net)
                  0.00    0.00   20.00 ^ clkbuf_0_clk/A (sky130_fd_sc_hd__clkbuf_16)
                  0.04    0.11   20.11 ^ clkbuf_0_clk/X (sky130_fd_sc_hd__clkbuf_16)
     2    0.02                           clknet_0_clk (net)
                  0.04    0.00   20.11 ^ clkbuf_1_0_0_clk/A (sky130_fd_sc_hd__clkbuf_8)
                  0.03    0.11   20.22 ^ clkbuf_1_0_0_clk/X (sky130_fd_sc_hd__clkbuf_8)
     1    0.01                           clknet_1_0_0_clk (net)
                  0.03    0.00   20.22 ^ clkbuf_1_0_1_clk/A (sky130_fd_sc_hd__clkbuf_8)
                  0.23    0.25   20.48 ^ clkbuf_1_0_1_clk/X (sky130_fd_sc_hd__clkbuf_8)
    12    0.13                           clknet_1_0_1_clk (net)
                  0.23    0.00   20.48 ^ clkbuf_leaf_12_clk/A (sky130_fd_sc_hd__clkbuf_16)
                  0.05    0.19   20.68 ^ clkbuf_leaf_12_clk/X (sky130_fd_sc_hd__clkbuf_16)
    12    0.03                           clknet_leaf_12_clk (net)
                  0.05    0.00   20.68 ^ _26189_/CLK (sky130_fd_sc_hd__dfrtp_1)
                         -0.10   20.58   clock uncertainty
                          0.00   20.58   clock reconvergence pessimism
                         -0.13   20.45   library setup time
                                 20.45   data required time
-----------------------------------------------------------------------------
                                 20.45   data required time
                                 -8.47   data arrival time
-----------------------------------------------------------------------------
                                 11.98   slack (MET)



======================= Fastest Corner ===================================

Startpoint: _26169_ (rising edge-triggered flip-flop clocked by clk)
Endpoint: _26189_ (rising edge-triggered flip-flop clocked by clk)
Path Group: clk
Path Type: max
Corner: ff

Fanout     Cap    Slew   Delay    Time   Description
-----------------------------------------------------------------------------
                          0.00    0.00   clock clk (rise edge)
                          0.00    0.00   clock source latency
                  0.00    0.00    0.00 ^ clk (in)
     1    0.04                           clk (net)
                  0.00    0.00    0.00 ^ clkbuf_0_clk/A (sky130_fd_sc_hd__clkbuf_16)
                  0.03    0.08    0.08 ^ clkbuf_0_clk/X (sky130_fd_sc_hd__clkbuf_16)
     2    0.02                           clknet_0_clk (net)
                  0.03    0.00    0.08 ^ clkbuf_1_1_0_clk/A (sky130_fd_sc_hd__clkbuf_8)
                  0.02    0.07    0.15 ^ clkbuf_1_1_0_clk/X (sky130_fd_sc_hd__clkbuf_8)
     1    0.01                           clknet_1_1_0_clk (net)
                  0.02    0.00    0.15 ^ clkbuf_1_1_1_clk/A (sky130_fd_sc_hd__clkbuf_8)
                  0.21    0.21    0.36 ^ clkbuf_1_1_1_clk/X (sky130_fd_sc_hd__clkbuf_8)
    15    0.16                           clknet_1_1_1_clk (net)
                  0.21    0.00    0.36 ^ clkbuf_leaf_16_clk/A (sky130_fd_sc_hd__clkbuf_16)
                  0.04    0.12    0.49 ^ clkbuf_leaf_16_clk/X (sky130_fd_sc_hd__clkbuf_16)
     7    0.02                           clknet_leaf_16_clk (net)
                  0.04    0.00    0.49 ^ _26169_/CLK (sky130_fd_sc_hd__dfrtp_1)
                  0.09    0.24    0.73 ^ _26169_/Q (sky130_fd_sc_hd__dfrtp_1)
     2    0.01                           STAGE1.BUTTERFLY.b_re[1] (net)
                  0.09    0.00    0.73 ^ _13005_/A (sky130_fd_sc_hd__clkbuf_2)
                  0.10    0.13    0.86 ^ _13005_/X (sky130_fd_sc_hd__clkbuf_2)
     5    0.02                           _06161_ (net)
                  0.10    0.00    0.86 ^ _19277_/B1 (sky130_fd_sc_hd__o22ai_4)
                  0.05    0.05    0.92 v _19277_/Y (sky130_fd_sc_hd__o22ai_4)
     3    0.02                           _09294_ (net)
                  0.05    0.00    0.92 v _19279_/A1 (sky130_fd_sc_hd__o211ai_4)
                  0.15    0.16    1.07 ^ _19279_/Y (sky130_fd_sc_hd__o211ai_4)
     2    0.02                           _09296_ (net)
                  0.15    0.00    1.08 ^ _19280_/A (sky130_fd_sc_hd__clkbuf_4)
                  0.10    0.17    1.24 ^ _19280_/X (sky130_fd_sc_hd__clkbuf_4)
     5    0.04                           _09297_ (net)
                  0.10    0.00    1.24 ^ _19282_/A (sky130_fd_sc_hd__nand2_2)
                  0.09    0.07    1.31 v _19282_/Y (sky130_fd_sc_hd__nand2_2)
     4    0.02                           _09299_ (net)
                  0.09    0.00    1.31 v _19284_/A (sky130_fd_sc_hd__nand2_2)
                  0.09    0.10    1.42 ^ _19284_/Y (sky130_fd_sc_hd__nand2_2)
     2    0.02                           _09301_ (net)
                  0.09    0.00    1.42 ^ _19285_/C1 (sky130_fd_sc_hd__o211ai_4)
                  0.06    0.05    1.47 v _19285_/Y (sky130_fd_sc_hd__o211ai_4)
     3    0.02                           _09302_ (net)
                  0.06    0.00    1.47 v _19288_/A1 (sky130_fd_sc_hd__a21oi_2)
                  0.20    0.19    1.66 ^ _19288_/Y (sky130_fd_sc_hd__a21oi_2)
     3    0.02                           _09306_ (net)
                  0.20    0.00    1.66 ^ _19301_/A (sky130_fd_sc_hd__nand2_2)
                  0.09    0.08    1.74 v _19301_/Y (sky130_fd_sc_hd__nand2_2)
     4    0.02                           _09320_ (net)
                  0.09    0.00    1.74 v _19365_/A (sky130_fd_sc_hd__and3_1)
                  0.03    0.11    1.86 v _19365_/X (sky130_fd_sc_hd__and3_1)
     1    0.00                           _09390_ (net)
                  0.03    0.00    1.86 v _19366_/A (sky130_fd_sc_hd__clkbuf_4)
                  0.06    0.13    1.98 v _19366_/X (sky130_fd_sc_hd__clkbuf_4)
     5    0.04                           _09391_ (net)
                  0.06    0.00    1.98 v _19441_/A1_N (sky130_fd_sc_hd__o2bb2ai_4)
                  0.07    0.11    2.09 v _19441_/Y (sky130_fd_sc_hd__o2bb2ai_4)
     4    0.03                           _09474_ (net)
                  0.07    0.00    2.10 v _20245_/A1 (sky130_fd_sc_hd__o21ai_4)
                  0.19    0.20    2.29 ^ _20245_/Y (sky130_fd_sc_hd__o21ai_4)
     4    0.03                           _10358_ (net)
                  0.19    0.00    2.29 ^ _20271_/A2_N (sky130_fd_sc_hd__o2bb2ai_4)
                  0.16    0.11    2.40 ^ _20271_/Y (sky130_fd_sc_hd__o2bb2ai_4)
     3    0.03                           _10387_ (net)
                  0.16    0.00    2.41 ^ _20272_/A (sky130_fd_sc_hd__buf_2)
                  0.13    0.16    2.57 ^ _20272_/X (sky130_fd_sc_hd__buf_2)
     5    0.03                           _10388_ (net)
                  0.13    0.00    2.57 ^ _20273_/B1 (sky130_fd_sc_hd__o21ai_4)
                  0.06    0.05    2.62 v _20273_/Y (sky130_fd_sc_hd__o21ai_4)
     3    0.02                           _10389_ (net)
                  0.06    0.00    2.63 v _20274_/A (sky130_fd_sc_hd__clkbuf_4)
                  0.06    0.14    2.76 v _20274_/X (sky130_fd_sc_hd__clkbuf_4)
     5    0.04                           _10390_ (net)
                  0.06    0.00    2.77 v _20275_/A (sky130_fd_sc_hd__clkbuf_4)
                  0.07    0.15    2.91 v _20275_/X (sky130_fd_sc_hd__clkbuf_4)
     5    0.04                           _10391_ (net)
                  0.07    0.00    2.91 v _20276_/B2 (sky130_fd_sc_hd__o2bb2ai_1)
                  0.13    0.14    3.05 ^ _20276_/Y (sky130_fd_sc_hd__o2bb2ai_1)
     1    0.01                           _10392_ (net)
                  0.13    0.00    3.05 ^ _20277_/C (sky130_fd_sc_hd__nand3_1)
                  0.07    0.07    3.12 v _20277_/Y (sky130_fd_sc_hd__nand3_1)
     2    0.01                           _10394_ (net)
                  0.07    0.00    3.12 v _20278_/A (sky130_fd_sc_hd__clkbuf_2)
                  0.06    0.12    3.24 v _20278_/X (sky130_fd_sc_hd__clkbuf_2)
     5    0.02                           _10395_ (net)
                  0.06    0.00    3.24 v _20294_/A1 (sky130_fd_sc_hd__a21o_1)
                  0.05    0.14    3.38 v _20294_/X (sky130_fd_sc_hd__a21o_1)
     4    0.01                           _10412_ (net)
                  0.05    0.00    3.38 v _20298_/C (sky130_fd_sc_hd__nand3_1)
                  0.05    0.06    3.44 ^ _20298_/Y (sky130_fd_sc_hd__nand3_1)
     1    0.00                           _10417_ (net)
                  0.05    0.00    3.44 ^ _20301_/A (sky130_fd_sc_hd__nand3_1)
                  0.06    0.06    3.50 v _20301_/Y (sky130_fd_sc_hd__nand3_1)
     3    0.01                           _10420_ (net)
                  0.06    0.00    3.50 v _20302_/A (sky130_fd_sc_hd__dlymetal6s2s_1)
                  0.06    0.13    3.63 v _20302_/X (sky130_fd_sc_hd__dlymetal6s2s_1)
     5    0.01                           _10421_ (net)
                  0.06    0.00    3.63 v _20305_/A2 (sky130_fd_sc_hd__a21o_1)
                  0.03    0.13    3.75 v _20305_/X (sky130_fd_sc_hd__a21o_1)
     1    0.00                           _10424_ (net)
                  0.03    0.00    3.75 v _20308_/B (sky130_fd_sc_hd__nand3_2)
                  0.08    0.08    3.83 ^ _20308_/Y (sky130_fd_sc_hd__nand3_2)
     4    0.02                           _10428_ (net)
                  0.08    0.00    3.83 ^ _20323_/B1 (sky130_fd_sc_hd__o211ai_2)
                  0.06    0.06    3.89 v _20323_/Y (sky130_fd_sc_hd__o211ai_2)
     3    0.01                           _10444_ (net)
                  0.06    0.00    3.89 v _21196_/A3 (sky130_fd_sc_hd__a31o_1)
                  0.06    0.18    4.08 v _21196_/X (sky130_fd_sc_hd__a31o_1)
     4    0.02                           _11403_ (net)
                  0.06    0.00    4.08 v _21202_/A_N (sky130_fd_sc_hd__nand3b_2)
                  0.06    0.16    4.24 v _21202_/Y (sky130_fd_sc_hd__nand3b_2)
     3    0.01                           _11410_ (net)
                  0.06    0.00    4.24 v _21207_/B (sky130_fd_sc_hd__nand3_2)
                  0.09    0.10    4.33 ^ _21207_/Y (sky130_fd_sc_hd__nand3_2)
     3    0.02                           _11416_ (net)
                  0.09    0.00    4.33 ^ _21211_/C (sky130_fd_sc_hd__nand3_2)
                  0.08    0.07    4.41 v _21211_/Y (sky130_fd_sc_hd__nand3_2)
     3    0.02                           _11420_ (net)
                  0.08    0.00    4.41 v _21457_/A2 (sky130_fd_sc_hd__a31oi_4)
                  0.21    0.21    4.62 ^ _21457_/Y (sky130_fd_sc_hd__a31oi_4)
     2    0.03                           _11690_ (net)
                  0.21    0.00    4.62 ^ _22304_/A (sky130_fd_sc_hd__nand4_2)
                  0.10    0.09    4.71 v _22304_/Y (sky130_fd_sc_hd__nand4_2)
     2    0.01                           _12617_ (net)
                  0.10    0.00    4.71 v _22311_/A2 (sky130_fd_sc_hd__o211ai_4)
                  0.21    0.21    4.92 ^ _22311_/Y (sky130_fd_sc_hd__o211ai_4)
     3    0.03                           _12625_ (net)
                  0.21    0.00    4.92 ^ _22694_/A1 (sky130_fd_sc_hd__a31oi_4)
                  0.10    0.10    5.02 v _22694_/Y (sky130_fd_sc_hd__a31oi_4)
     4    0.03                           _00124_ (net)
                  0.10    0.00    5.02 v _22695_/C1 (sky130_fd_sc_hd__a211o_2)
                  0.07    0.18    5.21 v _22695_/X (sky130_fd_sc_hd__a211o_2)
     1    0.02                           _00125_ (net)
                  0.07    0.00    5.21 v _22698_/B1 (sky130_fd_sc_hd__a22o_1)
                  0.05    0.13    5.34 v _22698_/X (sky130_fd_sc_hd__a22o_1)
     1    0.01                           STAGE2.SR4.din_re[8] (net)
                  0.05    0.00    5.34 v _26189_/D (sky130_fd_sc_hd__dfrtp_1)
                                  5.34   data arrival time

                         20.00   20.00   clock clk (rise edge)
                          0.00   20.00   clock source latency
                  0.00    0.00   20.00 ^ clk (in)
     1    0.04                           clk (net)
                  0.00    0.00   20.00 ^ clkbuf_0_clk/A (sky130_fd_sc_hd__clkbuf_16)
                  0.03    0.08   20.08 ^ clkbuf_0_clk/X (sky130_fd_sc_hd__clkbuf_16)
     2    0.02                           clknet_0_clk (net)
                  0.03    0.00   20.08 ^ clkbuf_1_0_0_clk/A (sky130_fd_sc_hd__clkbuf_8)
                  0.02    0.07   20.15 ^ clkbuf_1_0_0_clk/X (sky130_fd_sc_hd__clkbuf_8)
     1    0.01                           clknet_1_0_0_clk (net)
                  0.02    0.00   20.15 ^ clkbuf_1_0_1_clk/A (sky130_fd_sc_hd__clkbuf_8)
                  0.17    0.18   20.33 ^ clkbuf_1_0_1_clk/X (sky130_fd_sc_hd__clkbuf_8)
    12    0.13                           clknet_1_0_1_clk (net)
                  0.17    0.00   20.34 ^ clkbuf_leaf_12_clk/A (sky130_fd_sc_hd__clkbuf_16)
                  0.04    0.12   20.46 ^ clkbuf_leaf_12_clk/X (sky130_fd_sc_hd__clkbuf_16)
    12    0.03                           clknet_leaf_12_clk (net)
                  0.04    0.00   20.46 ^ _26189_/CLK (sky130_fd_sc_hd__dfrtp_1)
                         -0.10   20.36   clock uncertainty
                          0.00   20.36   clock reconvergence pessimism
                         -0.08   20.28   library setup time
                                 20.28   data required time
-----------------------------------------------------------------------------
                                 20.28   data required time
                                 -5.34   data arrival time
-----------------------------------------------------------------------------
                                 14.95   slack (MET)



===========================================================================
report_checks --slack_max -0.01
============================================================================

======================= Slowest Corner ===================================

No paths found.

======================= Typical Corner ===================================

No paths found.

======================= Fastest Corner ===================================

No paths found.
