
===========================================================================
 report_power
============================================================================


======================= Slowest Corner =================================

Group                  Internal  Switching    Leakage      Total
                          Power      Power      Power      Power (Watts)
----------------------------------------------------------------
Sequential             1.01e-03   1.41e-04   5.90e-06   1.16e-03   5.4%
Combinational          8.50e-03   1.17e-02   5.67e-05   2.02e-02  94.6%
Macro                  0.00e+00   0.00e+00   0.00e+00   0.00e+00   0.0%
Pad                    0.00e+00   0.00e+00   0.00e+00   0.00e+00   0.0%
----------------------------------------------------------------
Total                  9.52e-03   1.18e-02   6.26e-05   2.14e-02 100.0%
                          44.5%      55.2%       0.3%

======================= Typical Corner ===================================

Group                  Internal  Switching    Leakage      Total
                          Power      Power      Power      Power (Watts)
----------------------------------------------------------------
Sequential             1.31e-03   1.84e-04   3.55e-09   1.49e-03   5.6%
Combinational          1.06e-02   1.48e-02   1.04e-07   2.54e-02  94.4%
Macro                  0.00e+00   0.00e+00   0.00e+00   0.00e+00   0.0%
Pad                    0.00e+00   0.00e+00   0.00e+00   0.00e+00   0.0%
----------------------------------------------------------------
Total                  1.19e-02   1.50e-02   1.08e-07   2.69e-02 100.0%
                          44.2%      55.8%       0.0%


======================= Fastest Corner =================================

Group                  Internal  Switching    Leakage      Total
                          Power      Power      Power      Power (Watts)
----------------------------------------------------------------
Sequential             1.52e-03   2.20e-04   4.75e-09   1.74e-03   5.7%
Combinational          1.13e-02   1.75e-02   1.72e-07   2.88e-02  94.3%
Macro                  0.00e+00   0.00e+00   0.00e+00   0.00e+00   0.0%
Pad                    0.00e+00   0.00e+00   0.00e+00   0.00e+00   0.0%
----------------------------------------------------------------
Total                  1.29e-02   1.77e-02   1.77e-07   3.06e-02 100.0%
                          42.1%      57.9%       0.0%
