OpenROAD v2.0-4194-g9d55eaa0c 
This program is licensed under the BSD-3 license. See the LICENSE file for details.
Components of this program may be licensed under more restrictive licenses which must be honored.
[INFO ODB-0222] Reading LEF file: /home/opentools/OpenLane/designs/fft/runs/opttime1/tmp/merged.unpadded.nom.lef
[INFO ODB-0223]     Created 13 technology layers
[INFO ODB-0224]     Created 25 technology vias
[INFO ODB-0225]     Created 441 library cells
[INFO ODB-0226] Finished LEF file:  /home/opentools/OpenLane/designs/fft/runs/opttime1/tmp/merged.unpadded.nom.lef
[INFO ODB-0127] Reading DEF file: /home/opentools/OpenLane/designs/fft/runs/opttime1/tmp/placement/7-global.def
[INFO ODB-0128] Design: DIF_R2SDF_top
[INFO ODB-0130]     Created 54 pins.
[INFO ODB-0131]     Created 21068 components and 121882 component-terminals.
[INFO ODB-0132]     Created 2 special nets and 70178 connections.
[INFO ODB-0133]     Created 13530 nets and 51704 connections.
[INFO ODB-0134] Finished DEF file: /home/opentools/OpenLane/designs/fft/runs/opttime1/tmp/placement/7-global.def
###############################################################################
# Created by write_sdc
# Sat Aug 15 13:51:43 2026
###############################################################################
current_design DIF_R2SDF_top
###############################################################################
# Timing Constraints
###############################################################################
create_clock -name clk -period 20.0000 [get_ports {clk}]
set_clock_transition 0.1500 [get_clocks {clk}]
set_clock_uncertainty -setup 0.1000 clk
set_clock_uncertainty -hold 0.2000 clk
###############################################################################
# Environment
###############################################################################
###############################################################################
# Design Rules
###############################################################################
[INFO]: Setting RC values...
[INFO RSZ-0027] Inserted 26 input buffers.
[INFO RSZ-0028] Inserted 25 output buffers.
[INFO RSZ-0058] Using max wire length 3048um.
[INFO RSZ-0034] Found 1 slew violations.
[INFO RSZ-0036] Found 1 capacitance violations.
[INFO RSZ-0038] Inserted 4 buffers in 1 nets.
[INFO RSZ-0039] Resized 11190 instances.
Placement Analysis
---------------------------------
total displacement      35107.6 u
average displacement        1.7 u
max displacement           23.9 u
original HPWL          786510.7 u
legalized HPWL         816688.9 u
delta HPWL                    4 %

[INFO DPL-0020] Mirrored 5876 instances
[INFO DPL-0021] HPWL before          816688.9 u
[INFO DPL-0022] HPWL after           805608.6 u
[INFO DPL-0023] HPWL delta               -1.4 %
min_report

===========================================================================
report_checks -path_delay min (Hold)
============================================================================
Startpoint: _26254_ (rising edge-triggered flip-flop clocked by clk)
Endpoint: _26266_ (rising edge-triggered flip-flop clocked by clk)
Path Group: clk
Path Type: min

Fanout     Cap    Slew   Delay    Time   Description
-----------------------------------------------------------------------------
                  0.15    0.00    0.00   clock clk (rise edge)
                          0.00    0.00   clock network delay (ideal)
                  0.15    0.00    0.00 ^ _26254_/CLK (sky130_fd_sc_hd__dfrtp_1)
                  0.04    0.35    0.35 ^ _26254_/Q (sky130_fd_sc_hd__dfrtp_1)
     1    0.00                           STAGE2.SR4.delay_im[2][1] (net)
                  0.04    0.00    0.35 ^ _26266_/D (sky130_fd_sc_hd__dfrtp_2)
                                  0.35   data arrival time

                  0.15    0.00    0.00   clock clk (rise edge)
                          0.00    0.00   clock network delay (ideal)
                          0.20    0.20   clock uncertainty
                          0.00    0.20   clock reconvergence pessimism
                                  0.20 ^ _26266_/CLK (sky130_fd_sc_hd__dfrtp_2)
                         -0.02    0.18   library hold time
                                  0.18   data required time
-----------------------------------------------------------------------------
                                  0.18   data required time
                                 -0.35   data arrival time
-----------------------------------------------------------------------------
                                  0.17   slack (MET)


Startpoint: _26081_ (rising edge-triggered flip-flop clocked by clk)
Endpoint: _26093_ (rising edge-triggered flip-flop clocked by clk)
Path Group: clk
Path Type: min

Fanout     Cap    Slew   Delay    Time   Description
-----------------------------------------------------------------------------
                  0.15    0.00    0.00   clock clk (rise edge)
                          0.00    0.00   clock network delay (ideal)
                  0.15    0.00    0.00 ^ _26081_/CLK (sky130_fd_sc_hd__dfrtp_1)
                  0.04    0.35    0.35 ^ _26081_/Q (sky130_fd_sc_hd__dfrtp_1)
     1    0.00                           STAGE1.SR8.delay_im[2][1] (net)
                  0.04    0.00    0.35 ^ _26093_/D (sky130_fd_sc_hd__dfrtp_1)
                                  0.35   data arrival time

                  0.15    0.00    0.00   clock clk (rise edge)
                          0.00    0.00   clock network delay (ideal)
                          0.20    0.20   clock uncertainty
                          0.00    0.20   clock reconvergence pessimism
                                  0.20 ^ _26093_/CLK (sky130_fd_sc_hd__dfrtp_1)
                         -0.02    0.18   library hold time
                                  0.18   data required time
-----------------------------------------------------------------------------
                                  0.18   data required time
                                 -0.35   data arrival time
-----------------------------------------------------------------------------
                                  0.17   slack (MET)


Startpoint: _26110_ (rising edge-triggered flip-flop clocked by clk)
Endpoint: _26122_ (rising edge-triggered flip-flop clocked by clk)
Path Group: clk
Path Type: min

Fanout     Cap    Slew   Delay    Time   Description
-----------------------------------------------------------------------------
                  0.15    0.00    0.00   clock clk (rise edge)
                          0.00    0.00   clock network delay (ideal)
                  0.15    0.00    0.00 ^ _26110_/CLK (sky130_fd_sc_hd__dfrtp_1)
                  0.04    0.35    0.35 ^ _26110_/Q (sky130_fd_sc_hd__dfrtp_1)
     1    0.00                           STAGE1.SR8.delay_im[4][6] (net)
                  0.04    0.00    0.35 ^ _26122_/D (sky130_fd_sc_hd__dfrtp_1)
                                  0.35   data arrival time

                  0.15    0.00    0.00   clock clk (rise edge)
                          0.00    0.00   clock network delay (ideal)
                          0.20    0.20   clock uncertainty
                          0.00    0.20   clock reconvergence pessimism
                                  0.20 ^ _26122_/CLK (sky130_fd_sc_hd__dfrtp_1)
                         -0.02    0.18   library hold time
                                  0.18   data required time
-----------------------------------------------------------------------------
                                  0.18   data required time
                                 -0.35   data arrival time
-----------------------------------------------------------------------------
                                  0.17   slack (MET)


Startpoint: _26137_ (rising edge-triggered flip-flop clocked by clk)
Endpoint: _26149_ (rising edge-triggered flip-flop clocked by clk)
Path Group: clk
Path Type: min

Fanout     Cap    Slew   Delay    Time   Description
-----------------------------------------------------------------------------
                  0.15    0.00    0.00   clock clk (rise edge)
                          0.00    0.00   clock network delay (ideal)
                  0.15    0.00    0.00 ^ _26137_/CLK (sky130_fd_sc_hd__dfrtp_1)
                  0.04    0.35    0.35 ^ _26137_/Q (sky130_fd_sc_hd__dfrtp_1)
     1    0.00                           STAGE1.SR8.delay_im[6][9] (net)
                  0.04    0.00    0.35 ^ _26149_/D (sky130_fd_sc_hd__dfrtp_4)
                                  0.35   data arrival time

                  0.15    0.00    0.00   clock clk (rise edge)
                          0.00    0.00   clock network delay (ideal)
                          0.20    0.20   clock uncertainty
                          0.00    0.20   clock reconvergence pessimism
                                  0.20 ^ _26149_/CLK (sky130_fd_sc_hd__dfrtp_4)
                         -0.02    0.18   library hold time
                                  0.18   data required time
-----------------------------------------------------------------------------
                                  0.18   data required time
                                 -0.35   data arrival time
-----------------------------------------------------------------------------
                                  0.17   slack (MET)


Startpoint: _26383_ (rising edge-triggered flip-flop clocked by clk)
Endpoint: _26395_ (rising edge-triggered flip-flop clocked by clk)
Path Group: clk
Path Type: min

Fanout     Cap    Slew   Delay    Time   Description
-----------------------------------------------------------------------------
                  0.15    0.00    0.00   clock clk (rise edge)
                          0.00    0.00   clock network delay (ideal)
                  0.15    0.00    0.00 ^ _26383_/CLK (sky130_fd_sc_hd__dfrtp_1)
                  0.04    0.35    0.35 ^ _26383_/Q (sky130_fd_sc_hd__dfrtp_1)
     1    0.00                           STAGE1.SR8.delay_re[0][11] (net)
                  0.04    0.00    0.35 ^ _26395_/D (sky130_fd_sc_hd__dfrtp_1)
                                  0.35   data arrival time

                  0.15    0.00    0.00   clock clk (rise edge)
                          0.00    0.00   clock network delay (ideal)
                          0.20    0.20   clock uncertainty
                          0.00    0.20   clock reconvergence pessimism
                                  0.20 ^ _26395_/CLK (sky130_fd_sc_hd__dfrtp_1)
                         -0.02    0.18   library hold time
                                  0.18   data required time
-----------------------------------------------------------------------------
                                  0.18   data required time
                                 -0.35   data arrival time
-----------------------------------------------------------------------------
                                  0.17   slack (MET)


min_report_end
max_report

===========================================================================
report_checks -path_delay max (Setup)
============================================================================
Startpoint: _26169_ (rising edge-triggered flip-flop clocked by clk)
Endpoint: _26189_ (rising edge-triggered flip-flop clocked by clk)
Path Group: clk
Path Type: max

Fanout     Cap    Slew   Delay    Time   Description
-----------------------------------------------------------------------------
                  0.15    0.00    0.00   clock clk (rise edge)
                          0.00    0.00   clock network delay (ideal)
                  0.15    0.00    0.00 ^ _26169_/CLK (sky130_fd_sc_hd__dfrtp_1)
                  0.12    0.41    0.41 ^ _26169_/Q (sky130_fd_sc_hd__dfrtp_1)
     2    0.01                           STAGE1.BUTTERFLY.b_re[1] (net)
                  0.12    0.00    0.41 ^ _13005_/A (sky130_fd_sc_hd__clkbuf_2)
                  0.13    0.20    0.61 ^ _13005_/X (sky130_fd_sc_hd__clkbuf_2)
     5    0.02                           _06161_ (net)
                  0.13    0.00    0.61 ^ _19277_/B1 (sky130_fd_sc_hd__o22ai_4)
                  0.07    0.11    0.72 v _19277_/Y (sky130_fd_sc_hd__o22ai_4)
     3    0.02                           _09294_ (net)
                  0.07    0.00    0.72 v _19279_/A1 (sky130_fd_sc_hd__o211ai_4)
                  0.20    0.23    0.95 ^ _19279_/Y (sky130_fd_sc_hd__o211ai_4)
     2    0.02                           _09296_ (net)
                  0.20    0.00    0.95 ^ _19280_/A (sky130_fd_sc_hd__clkbuf_4)
                  0.13    0.25    1.20 ^ _19280_/X (sky130_fd_sc_hd__clkbuf_4)
     5    0.04                           _09297_ (net)
                  0.13    0.00    1.20 ^ _19282_/A (sky130_fd_sc_hd__nand2_2)
                  0.13    0.12    1.32 v _19282_/Y (sky130_fd_sc_hd__nand2_2)
     4    0.02                           _09299_ (net)
                  0.13    0.00    1.32 v _19284_/A (sky130_fd_sc_hd__nand2_2)
                  0.11    0.14    1.46 ^ _19284_/Y (sky130_fd_sc_hd__nand2_2)
     2    0.02                           _09301_ (net)
                  0.11    0.00    1.46 ^ _19285_/C1 (sky130_fd_sc_hd__o211ai_4)
                  0.09    0.11    1.57 v _19285_/Y (sky130_fd_sc_hd__o211ai_4)
     3    0.02                           _09302_ (net)
                  0.09    0.00    1.57 v _19288_/A1 (sky130_fd_sc_hd__a21oi_2)
                  0.27    0.27    1.84 ^ _19288_/Y (sky130_fd_sc_hd__a21oi_2)
     3    0.02                           _09306_ (net)
                  0.27    0.00    1.84 ^ _19301_/A (sky130_fd_sc_hd__nand2_2)
                  0.13    0.16    2.00 v _19301_/Y (sky130_fd_sc_hd__nand2_2)
     4    0.02                           _09320_ (net)
                  0.13    0.00    2.00 v _19365_/A (sky130_fd_sc_hd__and3_1)
                  0.04    0.18    2.18 v _19365_/X (sky130_fd_sc_hd__and3_1)
     1    0.00                           _09390_ (net)
                  0.04    0.00    2.18 v _19366_/A (sky130_fd_sc_hd__clkbuf_4)
                  0.09    0.19    2.36 v _19366_/X (sky130_fd_sc_hd__clkbuf_4)
     5    0.04                           _09391_ (net)
                  0.09    0.00    2.36 v _19441_/A1_N (sky130_fd_sc_hd__o2bb2ai_4)
                  0.10    0.19    2.55 v _19441_/Y (sky130_fd_sc_hd__o2bb2ai_4)
     4    0.03                           _09474_ (net)
                  0.10    0.00    2.55 v _20245_/A1 (sky130_fd_sc_hd__o21ai_4)
                  0.26    0.28    2.83 ^ _20245_/Y (sky130_fd_sc_hd__o21ai_4)
     4    0.03                           _10358_ (net)
                  0.26    0.00    2.83 ^ _20271_/A2_N (sky130_fd_sc_hd__o2bb2ai_4)
                  0.22    0.19    3.03 ^ _20271_/Y (sky130_fd_sc_hd__o2bb2ai_4)
     3    0.03                           _10387_ (net)
                  0.22    0.00    3.03 ^ _20272_/A (sky130_fd_sc_hd__buf_2)
                  0.17    0.26    3.29 ^ _20272_/X (sky130_fd_sc_hd__buf_2)
     5    0.04                           _10388_ (net)
                  0.17    0.00    3.29 ^ _20273_/B1 (sky130_fd_sc_hd__o21ai_4)
                  0.09    0.12    3.40 v _20273_/Y (sky130_fd_sc_hd__o21ai_4)
     3    0.02                           _10389_ (net)
                  0.09    0.00    3.40 v _20274_/A (sky130_fd_sc_hd__clkbuf_4)
                  0.09    0.21    3.61 v _20274_/X (sky130_fd_sc_hd__clkbuf_4)
     5    0.04                           _10390_ (net)
                  0.09    0.00    3.61 v _20275_/A (sky130_fd_sc_hd__clkbuf_4)
                  0.09    0.21    3.83 v _20275_/X (sky130_fd_sc_hd__clkbuf_4)
     5    0.04                           _10391_ (net)
                  0.09    0.00    3.83 v _20276_/B2 (sky130_fd_sc_hd__o2bb2ai_1)
                  0.17    0.19    4.02 ^ _20276_/Y (sky130_fd_sc_hd__o2bb2ai_1)
     1    0.01                           _10392_ (net)
                  0.17    0.00    4.02 ^ _20277_/C (sky130_fd_sc_hd__nand3_1)
                  0.10    0.13    4.15 v _20277_/Y (sky130_fd_sc_hd__nand3_1)
     2    0.01                           _10394_ (net)
                  0.10    0.00    4.15 v _20278_/A (sky130_fd_sc_hd__clkbuf_2)
                  0.09    0.18    4.33 v _20278_/X (sky130_fd_sc_hd__clkbuf_2)
     5    0.02                           _10395_ (net)
                  0.09    0.00    4.33 v _20294_/A1 (sky130_fd_sc_hd__a21o_1)
                  0.07    0.21    4.54 v _20294_/X (sky130_fd_sc_hd__a21o_1)
     4    0.01                           _10412_ (net)
                  0.07    0.00    4.54 v _20298_/C (sky130_fd_sc_hd__nand3_1)
                  0.06    0.09    4.63 ^ _20298_/Y (sky130_fd_sc_hd__nand3_1)
     1    0.00                           _10417_ (net)
                  0.06    0.00    4.63 ^ _20301_/A (sky130_fd_sc_hd__nand3_1)
                  0.10    0.10    4.73 v _20301_/Y (sky130_fd_sc_hd__nand3_1)
     3    0.01                           _10420_ (net)
                  0.10    0.00    4.73 v _20302_/A (sky130_fd_sc_hd__dlymetal6s2s_1)
                  0.08    0.20    4.93 v _20302_/X (sky130_fd_sc_hd__dlymetal6s2s_1)
     5    0.01                           _10421_ (net)
                  0.08    0.00    4.93 v _21177_/C (sky130_fd_sc_hd__and3_1)
                  0.09    0.24    5.18 v _21177_/X (sky130_fd_sc_hd__and3_1)
     5    0.01                           _11383_ (net)
                  0.09    0.00    5.18 v _21178_/A2 (sky130_fd_sc_hd__o21ai_1)
                  0.15    0.16    5.34 ^ _21178_/Y (sky130_fd_sc_hd__o21ai_1)
     2    0.01                           _11384_ (net)
                  0.15    0.00    5.34 ^ _21179_/B1 (sky130_fd_sc_hd__o21ai_1)
                  0.08    0.12    5.46 v _21179_/Y (sky130_fd_sc_hd__o21ai_1)
     2    0.01                           _11385_ (net)
                  0.08    0.00    5.46 v _21200_/B1 (sky130_fd_sc_hd__a31oi_2)
                  0.22    0.23    5.68 ^ _21200_/Y (sky130_fd_sc_hd__a31oi_2)
     4    0.01                           _11408_ (net)
                  0.22    0.00    5.68 ^ _21201_/A (sky130_fd_sc_hd__nand2_1)
                  0.07    0.10    5.78 v _21201_/Y (sky130_fd_sc_hd__nand2_1)
     1    0.01                           _11409_ (net)
                  0.07    0.00    5.78 v _21202_/C (sky130_fd_sc_hd__nand3b_2)
                  0.11    0.12    5.90 ^ _21202_/Y (sky130_fd_sc_hd__nand3b_2)
     3    0.01                           _11410_ (net)
                  0.11    0.00    5.90 ^ _21205_/A2_N (sky130_fd_sc_hd__o2bb2ai_2)
                  0.23    0.16    6.07 ^ _21205_/Y (sky130_fd_sc_hd__o2bb2ai_2)
     3    0.02                           _11413_ (net)
                  0.23    0.00    6.07 ^ _21211_/B (sky130_fd_sc_hd__nand3_2)
                  0.12    0.16    6.23 v _21211_/Y (sky130_fd_sc_hd__nand3_2)
     3    0.02                           _11420_ (net)
                  0.12    0.00    6.23 v _21457_/A2 (sky130_fd_sc_hd__a31oi_4)
                  0.27    0.30    6.53 ^ _21457_/Y (sky130_fd_sc_hd__a31oi_4)
     2    0.03                           _11690_ (net)
                  0.27    0.00    6.53 ^ _22304_/A (sky130_fd_sc_hd__nand4_2)
                  0.14    0.17    6.70 v _22304_/Y (sky130_fd_sc_hd__nand4_2)
     2    0.01                           _12617_ (net)
                  0.14    0.00    6.70 v _22311_/A2 (sky130_fd_sc_hd__o211ai_4)
                  0.28    0.30    7.00 ^ _22311_/Y (sky130_fd_sc_hd__o211ai_4)
     3    0.03                           _12625_ (net)
                  0.28    0.00    7.00 ^ _22694_/A1 (sky130_fd_sc_hd__a31oi_4)
                  0.14    0.19    7.19 v _22694_/Y (sky130_fd_sc_hd__a31oi_4)
     4    0.03                           _00124_ (net)
                  0.14    0.00    7.19 v _22695_/C1 (sky130_fd_sc_hd__a211o_2)
                  0.10    0.36    7.55 v _22695_/X (sky130_fd_sc_hd__a211o_2)
     1    0.02                           _00125_ (net)
                  0.10    0.00    7.56 v _22698_/B1 (sky130_fd_sc_hd__a22o_1)
                  0.08    0.24    7.79 v _22698_/X (sky130_fd_sc_hd__a22o_1)
     1    0.01                           STAGE2.SR4.din_re[8] (net)
                  0.08    0.00    7.79 v _26189_/D (sky130_fd_sc_hd__dfrtp_1)
                                  7.79   data arrival time

                  0.15   20.00   20.00   clock clk (rise edge)
                          0.00   20.00   clock network delay (ideal)
                         -0.10   19.90   clock uncertainty
                          0.00   19.90   clock reconvergence pessimism
                                 19.90 ^ _26189_/CLK (sky130_fd_sc_hd__dfrtp_1)
                         -0.10   19.80   library setup time
                                 19.80   data required time
-----------------------------------------------------------------------------
                                 19.80   data required time
                                 -7.79   data arrival time
-----------------------------------------------------------------------------
                                 12.00   slack (MET)


Startpoint: _26142_ (rising edge-triggered flip-flop clocked by clk)
Endpoint: _26191_ (rising edge-triggered flip-flop clocked by clk)
Path Group: clk
Path Type: max

Fanout     Cap    Slew   Delay    Time   Description
-----------------------------------------------------------------------------
                  0.15    0.00    0.00   clock clk (rise edge)
                          0.00    0.00   clock network delay (ideal)
                  0.15    0.00    0.00 ^ _26142_/CLK (sky130_fd_sc_hd__dfrtp_1)
                  0.06    0.42    0.42 v _26142_/Q (sky130_fd_sc_hd__dfrtp_1)
     2    0.01                           STAGE1.BUTTERFLY.a_im[2] (net)
                  0.06    0.00    0.42 v _13082_/A (sky130_fd_sc_hd__clkbuf_2)
                  0.07    0.15    0.57 v _13082_/X (sky130_fd_sc_hd__clkbuf_2)
     5    0.02                           _07006_ (net)
                  0.07    0.00    0.57 v _13083_/B (sky130_fd_sc_hd__and2_1)
                  0.08    0.21    0.78 v _13083_/X (sky130_fd_sc_hd__and2_1)
     5    0.01                           _07017_ (net)
                  0.08    0.00    0.78 v _19025_/B1 (sky130_fd_sc_hd__a21oi_1)
                  0.22    0.21    1.00 ^ _19025_/Y (sky130_fd_sc_hd__a21oi_1)
     2    0.01                           _09016_ (net)
                  0.22    0.00    1.00 ^ _19027_/A2 (sky130_fd_sc_hd__a21oi_2)
                  0.08    0.12    1.12 v _19027_/Y (sky130_fd_sc_hd__a21oi_2)
     3    0.01                           _09019_ (net)
                  0.08    0.00    1.12 v _19033_/A2 (sky130_fd_sc_hd__o211ai_4)
                  0.26    0.26    1.38 ^ _19033_/Y (sky130_fd_sc_hd__o211ai_4)
     5    0.03                           _09025_ (net)
                  0.26    0.00    1.39 ^ _19134_/A (sky130_fd_sc_hd__nand3_1)
                  0.15    0.19    1.57 v _19134_/Y (sky130_fd_sc_hd__nand3_1)
     2    0.01                           _09136_ (net)
                  0.15    0.00    1.58 v _19138_/A2 (sky130_fd_sc_hd__a21oi_2)
                  0.20    0.26    1.83 ^ _19138_/Y (sky130_fd_sc_hd__a21oi_2)
     2    0.01                           _09141_ (net)
                  0.20    0.00    1.83 ^ _19151_/A (sky130_fd_sc_hd__clkbuf_2)
                  0.15    0.22    2.06 ^ _19151_/X (sky130_fd_sc_hd__clkbuf_2)
     5    0.03                           _09155_ (net)
                  0.15    0.00    2.06 ^ _19868_/A1_N (sky130_fd_sc_hd__a2bb2oi_4)
                  0.25    0.27    2.33 ^ _19868_/Y (sky130_fd_sc_hd__a2bb2oi_4)
     4    0.03                           _09944_ (net)
                  0.25    0.00    2.33 ^ _19881_/A (sky130_fd_sc_hd__nand2_1)
                  0.13    0.17    2.50 v _19881_/Y (sky130_fd_sc_hd__nand2_1)
     3    0.01                           _09958_ (net)
                  0.13    0.00    2.50 v _20095_/A2 (sky130_fd_sc_hd__o21ai_4)
                  0.24    0.26    2.76 ^ _20095_/Y (sky130_fd_sc_hd__o21ai_4)
     3    0.03                           _10193_ (net)
                  0.24    0.00    2.76 ^ _20127_/B2 (sky130_fd_sc_hd__a2bb2oi_4)
                  0.10    0.12    2.88 v _20127_/Y (sky130_fd_sc_hd__a2bb2oi_4)
     2    0.02                           _10229_ (net)
                  0.10    0.00    2.88 v _20128_/A (sky130_fd_sc_hd__buf_2)
                  0.08    0.19    3.07 v _20128_/X (sky130_fd_sc_hd__buf_2)
     5    0.03                           _10230_ (net)
                  0.08    0.00    3.07 v _20993_/B2 (sky130_fd_sc_hd__o22ai_4)
                  0.28    0.22    3.29 ^ _20993_/Y (sky130_fd_sc_hd__o22ai_4)
     5    0.03                           _11180_ (net)
                  0.28    0.00    3.29 ^ _21327_/A (sky130_fd_sc_hd__clkbuf_2)
                  0.11    0.22    3.51 ^ _21327_/X (sky130_fd_sc_hd__clkbuf_2)
     5    0.02                           _11547_ (net)
                  0.11    0.00    3.51 ^ _21738_/A (sky130_fd_sc_hd__clkbuf_2)
                  0.15    0.20    3.71 ^ _21738_/X (sky130_fd_sc_hd__clkbuf_2)
     5    0.03                           _11997_ (net)
                  0.15    0.00    3.71 ^ _21763_/A (sky130_fd_sc_hd__clkbuf_4)
                  0.15    0.25    3.96 ^ _21763_/X (sky130_fd_sc_hd__clkbuf_4)
     5    0.05                           _12024_ (net)
                  0.15    0.00    3.96 ^ _22321_/A (sky130_fd_sc_hd__dlymetal6s2s_1)
                  0.19    0.22    4.18 ^ _22321_/X (sky130_fd_sc_hd__dlymetal6s2s_1)
     5    0.02                           _12635_ (net)
                  0.19    0.00    4.18 ^ _22355_/A (sky130_fd_sc_hd__buf_2)
                  0.16    0.24    4.41 ^ _22355_/X (sky130_fd_sc_hd__buf_2)
     5    0.03                           _12672_ (net)
                  0.16    0.00    4.41 ^ _22362_/A4 (sky130_fd_sc_hd__a41oi_4)
                  0.12    0.15    4.56 v _22362_/Y (sky130_fd_sc_hd__a41oi_4)
     2    0.01                           _12680_ (net)
                  0.12    0.00    4.56 v _22585_/A1 (sky130_fd_sc_hd__a21oi_2)
                  0.22    0.25    4.81 ^ _22585_/Y (sky130_fd_sc_hd__a21oi_2)
     5    0.02                           _12924_ (net)
                  0.22    0.00    4.81 ^ _22769_/B (sky130_fd_sc_hd__nand2_1)
                  0.08    0.12    4.93 v _22769_/Y (sky130_fd_sc_hd__nand2_1)
     2    0.01                           _00206_ (net)
                  0.08    0.00    4.93 v _22786_/A2 (sky130_fd_sc_hd__a21o_1)
                  0.04    0.20    5.13 v _22786_/X (sky130_fd_sc_hd__a21o_1)
     2    0.00                           _00224_ (net)
                  0.04    0.00    5.13 v _22787_/A (sky130_fd_sc_hd__dlymetal6s2s_1)
                  0.08    0.18    5.30 v _22787_/X (sky130_fd_sc_hd__dlymetal6s2s_1)
     5    0.01                           _00226_ (net)
                  0.08    0.00    5.30 v _22790_/B1 (sky130_fd_sc_hd__a221oi_2)
                  0.26    0.29    5.60 ^ _22790_/Y (sky130_fd_sc_hd__a221oi_2)
     2    0.01                           _00229_ (net)
                  0.26    0.00    5.60 ^ _22793_/B1 (sky130_fd_sc_hd__o2bb2ai_2)
                  0.10    0.15    5.75 v _22793_/Y (sky130_fd_sc_hd__o2bb2ai_2)
     5    0.02                           _00232_ (net)
                  0.10    0.00    5.75 v _22801_/A (sky130_fd_sc_hd__nand3_2)
                  0.10    0.12    5.86 ^ _22801_/Y (sky130_fd_sc_hd__nand3_2)
     4    0.01                           _00241_ (net)
                  0.10    0.00    5.86 ^ _22817_/A (sky130_fd_sc_hd__nand2_1)
                  0.10    0.11    5.98 v _22817_/Y (sky130_fd_sc_hd__nand2_1)
     2    0.01                           _00259_ (net)
                  0.10    0.00    5.98 v _22818_/B (sky130_fd_sc_hd__nor2_2)
                  0.25    0.23    6.21 ^ _22818_/Y (sky130_fd_sc_hd__nor2_2)
     4    0.02                           _00260_ (net)
                  0.25    0.00    6.21 ^ _22819_/B2 (sky130_fd_sc_hd__o22ai_4)
                  0.09    0.12    6.33 v _22819_/Y (sky130_fd_sc_hd__o22ai_4)
     3    0.02                           _00261_ (net)
                  0.09    0.00    6.33 v _22825_/A1 (sky130_fd_sc_hd__a21oi_1)
                  0.24    0.23    6.56 ^ _22825_/Y (sky130_fd_sc_hd__a21oi_1)
     1    0.01                           _00267_ (net)
                  0.24    0.00    6.56 ^ _22826_/B1 (sky130_fd_sc_hd__a21oi_4)
                  0.10    0.08    6.64 v _22826_/Y (sky130_fd_sc_hd__a21oi_4)
     3    0.02                           _00268_ (net)
                  0.10    0.00    6.65 v _22837_/A1 (sky130_fd_sc_hd__a21oi_2)
                  0.21    0.24    6.88 ^ _22837_/Y (sky130_fd_sc_hd__a21oi_2)
     4    0.02                           _00281_ (net)
                  0.21    0.00    6.89 ^ _22847_/D (sky130_fd_sc_hd__nand4_1)
                  0.08    0.11    7.00 v _22847_/Y (sky130_fd_sc_hd__nand4_1)
     1    0.00                           _00291_ (net)
                  0.08    0.00    7.00 v _22848_/B1_N (sky130_fd_sc_hd__o21bai_1)
                  0.07    0.19    7.18 v _22848_/Y (sky130_fd_sc_hd__o21bai_1)
     2    0.01                           _00292_ (net)
                  0.07    0.00    7.18 v _22958_/A1 (sky130_fd_sc_hd__a21oi_1)
                  0.16    0.17    7.35 ^ _22958_/Y (sky130_fd_sc_hd__a21oi_1)
     2    0.01                           _00413_ (net)
                  0.16    0.00    7.35 ^ _22960_/A1_N (sky130_fd_sc_hd__a2bb2o_2)
                  0.10    0.36    7.71 v _22960_/X (sky130_fd_sc_hd__a2bb2o_2)
     1    0.03                           STAGE2.SR4.din_re[10] (net)
                  0.10    0.00    7.72 v _26191_/D (sky130_fd_sc_hd__dfrtp_1)
                                  7.72   data arrival time

                  0.15   20.00   20.00   clock clk (rise edge)
                          0.00   20.00   clock network delay (ideal)
                         -0.10   19.90   clock uncertainty
                          0.00   19.90   clock reconvergence pessimism
                                 19.90 ^ _26191_/CLK (sky130_fd_sc_hd__dfrtp_1)
                         -0.11   19.79   library setup time
                                 19.79   data required time
-----------------------------------------------------------------------------
                                 19.79   data required time
                                 -7.72   data arrival time
-----------------------------------------------------------------------------
                                 12.07   slack (MET)


Startpoint: _26142_ (rising edge-triggered flip-flop clocked by clk)
Endpoint: _26192_ (rising edge-triggered flip-flop clocked by clk)
Path Group: clk
Path Type: max

Fanout     Cap    Slew   Delay    Time   Description
-----------------------------------------------------------------------------
                  0.15    0.00    0.00   clock clk (rise edge)
                          0.00    0.00   clock network delay (ideal)
                  0.15    0.00    0.00 ^ _26142_/CLK (sky130_fd_sc_hd__dfrtp_1)
                  0.06    0.42    0.42 v _26142_/Q (sky130_fd_sc_hd__dfrtp_1)
     2    0.01                           STAGE1.BUTTERFLY.a_im[2] (net)
                  0.06    0.00    0.42 v _13082_/A (sky130_fd_sc_hd__clkbuf_2)
                  0.07    0.15    0.57 v _13082_/X (sky130_fd_sc_hd__clkbuf_2)
     5    0.02                           _07006_ (net)
                  0.07    0.00    0.57 v _13083_/B (sky130_fd_sc_hd__and2_1)
                  0.08    0.21    0.78 v _13083_/X (sky130_fd_sc_hd__and2_1)
     5    0.01                           _07017_ (net)
                  0.08    0.00    0.78 v _19025_/B1 (sky130_fd_sc_hd__a21oi_1)
                  0.22    0.21    1.00 ^ _19025_/Y (sky130_fd_sc_hd__a21oi_1)
     2    0.01                           _09016_ (net)
                  0.22    0.00    1.00 ^ _19027_/A2 (sky130_fd_sc_hd__a21oi_2)
                  0.08    0.12    1.12 v _19027_/Y (sky130_fd_sc_hd__a21oi_2)
     3    0.01                           _09019_ (net)
                  0.08    0.00    1.12 v _19033_/A2 (sky130_fd_sc_hd__o211ai_4)
                  0.26    0.26    1.38 ^ _19033_/Y (sky130_fd_sc_hd__o211ai_4)
     5    0.03                           _09025_ (net)
                  0.26    0.00    1.39 ^ _19134_/A (sky130_fd_sc_hd__nand3_1)
                  0.15    0.19    1.57 v _19134_/Y (sky130_fd_sc_hd__nand3_1)
     2    0.01                           _09136_ (net)
                  0.15    0.00    1.58 v _19138_/A2 (sky130_fd_sc_hd__a21oi_2)
                  0.20    0.26    1.83 ^ _19138_/Y (sky130_fd_sc_hd__a21oi_2)
     2    0.01                           _09141_ (net)
                  0.20    0.00    1.83 ^ _19151_/A (sky130_fd_sc_hd__clkbuf_2)
                  0.15    0.22    2.06 ^ _19151_/X (sky130_fd_sc_hd__clkbuf_2)
     5    0.03                           _09155_ (net)
                  0.15    0.00    2.06 ^ _19868_/A1_N (sky130_fd_sc_hd__a2bb2oi_4)
                  0.25    0.27    2.33 ^ _19868_/Y (sky130_fd_sc_hd__a2bb2oi_4)
     4    0.03                           _09944_ (net)
                  0.25    0.00    2.33 ^ _19881_/A (sky130_fd_sc_hd__nand2_1)
                  0.13    0.17    2.50 v _19881_/Y (sky130_fd_sc_hd__nand2_1)
     3    0.01                           _09958_ (net)
                  0.13    0.00    2.50 v _20095_/A2 (sky130_fd_sc_hd__o21ai_4)
                  0.24    0.26    2.76 ^ _20095_/Y (sky130_fd_sc_hd__o21ai_4)
     3    0.03                           _10193_ (net)
                  0.24    0.00    2.76 ^ _20127_/B2 (sky130_fd_sc_hd__a2bb2oi_4)
                  0.10    0.12    2.88 v _20127_/Y (sky130_fd_sc_hd__a2bb2oi_4)
     2    0.02                           _10229_ (net)
                  0.10    0.00    2.88 v _20128_/A (sky130_fd_sc_hd__buf_2)
                  0.08    0.19    3.07 v _20128_/X (sky130_fd_sc_hd__buf_2)
     5    0.03                           _10230_ (net)
                  0.08    0.00    3.07 v _20993_/B2 (sky130_fd_sc_hd__o22ai_4)
                  0.28    0.22    3.29 ^ _20993_/Y (sky130_fd_sc_hd__o22ai_4)
     5    0.03                           _11180_ (net)
                  0.28    0.00    3.29 ^ _21327_/A (sky130_fd_sc_hd__clkbuf_2)
                  0.11    0.22    3.51 ^ _21327_/X (sky130_fd_sc_hd__clkbuf_2)
     5    0.02                           _11547_ (net)
                  0.11    0.00    3.51 ^ _21738_/A (sky130_fd_sc_hd__clkbuf_2)
                  0.15    0.20    3.71 ^ _21738_/X (sky130_fd_sc_hd__clkbuf_2)
     5    0.03                           _11997_ (net)
                  0.15    0.00    3.71 ^ _21763_/A (sky130_fd_sc_hd__clkbuf_4)
                  0.15    0.25    3.96 ^ _21763_/X (sky130_fd_sc_hd__clkbuf_4)
     5    0.05                           _12024_ (net)
                  0.15    0.00    3.96 ^ _22321_/A (sky130_fd_sc_hd__dlymetal6s2s_1)
                  0.19    0.22    4.18 ^ _22321_/X (sky130_fd_sc_hd__dlymetal6s2s_1)
     5    0.02                           _12635_ (net)
                  0.19    0.00    4.18 ^ _22355_/A (sky130_fd_sc_hd__buf_2)
                  0.16    0.24    4.41 ^ _22355_/X (sky130_fd_sc_hd__buf_2)
     5    0.03                           _12672_ (net)
                  0.16    0.00    4.41 ^ _22362_/A4 (sky130_fd_sc_hd__a41oi_4)
                  0.12    0.15    4.56 v _22362_/Y (sky130_fd_sc_hd__a41oi_4)
     2    0.01                           _12680_ (net)
                  0.12    0.00    4.56 v _22585_/A1 (sky130_fd_sc_hd__a21oi_2)
                  0.22    0.25    4.81 ^ _22585_/Y (sky130_fd_sc_hd__a21oi_2)
     5    0.02                           _12924_ (net)
                  0.22    0.00    4.81 ^ _22769_/B (sky130_fd_sc_hd__nand2_1)
                  0.08    0.12    4.93 v _22769_/Y (sky130_fd_sc_hd__nand2_1)
     2    0.01                           _00206_ (net)
                  0.08    0.00    4.93 v _22786_/A2 (sky130_fd_sc_hd__a21o_1)
                  0.04    0.20    5.13 v _22786_/X (sky130_fd_sc_hd__a21o_1)
     2    0.00                           _00224_ (net)
                  0.04    0.00    5.13 v _22787_/A (sky130_fd_sc_hd__dlymetal6s2s_1)
                  0.08    0.18    5.30 v _22787_/X (sky130_fd_sc_hd__dlymetal6s2s_1)
     5    0.01                           _00226_ (net)
                  0.08    0.00    5.30 v _22790_/B1 (sky130_fd_sc_hd__a221oi_2)
                  0.26    0.29    5.60 ^ _22790_/Y (sky130_fd_sc_hd__a221oi_2)
     2    0.01                           _00229_ (net)
                  0.26    0.00    5.60 ^ _22793_/B1 (sky130_fd_sc_hd__o2bb2ai_2)
                  0.10    0.15    5.75 v _22793_/Y (sky130_fd_sc_hd__o2bb2ai_2)
     5    0.02                           _00232_ (net)
                  0.10    0.00    5.75 v _22816_/A1 (sky130_fd_sc_hd__a21oi_2)
                  0.26    0.27    6.02 ^ _22816_/Y (sky130_fd_sc_hd__a21oi_2)
     3    0.02                           _00257_ (net)
                  0.26    0.00    6.02 ^ _22818_/A (sky130_fd_sc_hd__nor2_2)
                  0.09    0.12    6.14 v _22818_/Y (sky130_fd_sc_hd__nor2_2)
     4    0.02                           _00260_ (net)
                  0.09    0.00    6.15 v _22833_/A (sky130_fd_sc_hd__nor3_1)
                  0.29    0.30    6.44 ^ _22833_/Y (sky130_fd_sc_hd__nor3_1)
     2    0.01                           _00276_ (net)
                  0.29    0.00    6.44 ^ _22834_/B2 (sky130_fd_sc_hd__o22ai_2)
                  0.10    0.13    6.57 v _22834_/Y (sky130_fd_sc_hd__o22ai_2)
     1    0.01                           _00277_ (net)
                  0.10    0.00    6.57 v _22836_/A1 (sky130_fd_sc_hd__a21oi_4)
                  0.21    0.22    6.80 ^ _22836_/Y (sky130_fd_sc_hd__a21oi_4)
     3    0.02                           _00279_ (net)
                  0.21    0.00    6.80 ^ _22852_/A3 (sky130_fd_sc_hd__o31a_1)
                  0.12    0.20    7.00 ^ _22852_/X (sky130_fd_sc_hd__o31a_1)
     2    0.01                           _00296_ (net)
                  0.12    0.00    7.00 ^ _22853_/B1 (sky130_fd_sc_hd__o21a_1)
                  0.07    0.15    7.15 ^ _22853_/X (sky130_fd_sc_hd__o21a_1)
     2    0.01                           _00297_ (net)
                  0.07    0.00    7.15 ^ _22958_/A2 (sky130_fd_sc_hd__a21oi_1)
                  0.08    0.08    7.23 v _22958_/Y (sky130_fd_sc_hd__a21oi_1)
     2    0.01                           _00413_ (net)
                  0.08    0.00    7.23 v _23019_/A2 (sky130_fd_sc_hd__o21bai_1)
                  0.15    0.16    7.39 ^ _23019_/Y (sky130_fd_sc_hd__o21bai_1)
     1    0.01                           _00479_ (net)
                  0.15    0.00    7.39 ^ _23025_/A (sky130_fd_sc_hd__nand2_2)
                  0.11    0.13    7.51 v _23025_/Y (sky130_fd_sc_hd__nand2_2)
     1    0.02                           _00485_ (net)
                  0.11    0.00    7.52 v _23028_/A1 (sky130_fd_sc_hd__a21o_1)
                  0.05    0.20    7.71 v _23028_/X (sky130_fd_sc_hd__a21o_1)
     1    0.01                           STAGE2.SR4.din_re[11] (net)
                  0.05    0.00    7.71 v _26192_/D (sky130_fd_sc_hd__dfrtp_1)
                                  7.71   data arrival time

                  0.15   20.00   20.00   clock clk (rise edge)
                          0.00   20.00   clock network delay (ideal)
                         -0.10   19.90   clock uncertainty
                          0.00   19.90   clock reconvergence pessimism
                                 19.90 ^ _26192_/CLK (sky130_fd_sc_hd__dfrtp_1)
                         -0.09   19.81   library setup time
                                 19.81   data required time
-----------------------------------------------------------------------------
                                 19.81   data required time
                                 -7.71   data arrival time
-----------------------------------------------------------------------------
                                 12.10   slack (MET)


Startpoint: _26169_ (rising edge-triggered flip-flop clocked by clk)
Endpoint: _26240_ (rising edge-triggered flip-flop clocked by clk)
Path Group: clk
Path Type: max

Fanout     Cap    Slew   Delay    Time   Description
-----------------------------------------------------------------------------
                  0.15    0.00    0.00   clock clk (rise edge)
                          0.00    0.00   clock network delay (ideal)
                  0.15    0.00    0.00 ^ _26169_/CLK (sky130_fd_sc_hd__dfrtp_1)
                  0.12    0.41    0.41 ^ _26169_/Q (sky130_fd_sc_hd__dfrtp_1)
     2    0.01                           STAGE1.BUTTERFLY.b_re[1] (net)
                  0.12    0.00    0.41 ^ _13005_/A (sky130_fd_sc_hd__clkbuf_2)
                  0.13    0.20    0.61 ^ _13005_/X (sky130_fd_sc_hd__clkbuf_2)
     5    0.02                           _06161_ (net)
                  0.13    0.00    0.61 ^ _13025_/A (sky130_fd_sc_hd__dlymetal6s2s_1)
                  0.17    0.20    0.81 ^ _13025_/X (sky130_fd_sc_hd__dlymetal6s2s_1)
     5    0.01                           _06379_ (net)
                  0.17    0.00    0.81 ^ _19172_/A1 (sky130_fd_sc_hd__a22o_1)
                  0.15    0.24    1.05 ^ _19172_/X (sky130_fd_sc_hd__a22o_1)
     4    0.01                           _09178_ (net)
                  0.15    0.00    1.05 ^ _19180_/C1 (sky130_fd_sc_hd__o221ai_1)
                  0.10    0.13    1.18 v _19180_/Y (sky130_fd_sc_hd__o221ai_1)
     1    0.00                           _09187_ (net)
                  0.10    0.00    1.18 v _19181_/C (sky130_fd_sc_hd__nand3_1)
                  0.14    0.16    1.33 ^ _19181_/Y (sky130_fd_sc_hd__nand3_1)
     2    0.01                           _09188_ (net)
                  0.14    0.00    1.33 ^ _19185_/A (sky130_fd_sc_hd__dlymetal6s2s_1)
                  0.19    0.22    1.55 ^ _19185_/X (sky130_fd_sc_hd__dlymetal6s2s_1)
     5    0.02                           _09192_ (net)
                  0.19    0.00    1.55 ^ _19352_/A2_N (sky130_fd_sc_hd__o2bb2ai_2)
                  0.25    0.19    1.74 ^ _19352_/Y (sky130_fd_sc_hd__o2bb2ai_2)
     3    0.02                           _09376_ (net)
                  0.25    0.00    1.74 ^ _19359_/A2 (sky130_fd_sc_hd__a22oi_4)
                  0.08    0.13    1.88 v _19359_/Y (sky130_fd_sc_hd__a22oi_4)
     2    0.02                           _09384_ (net)
                  0.08    0.00    1.88 v _19360_/B2 (sky130_fd_sc_hd__o22ai_4)
                  0.32    0.25    2.13 ^ _19360_/Y (sky130_fd_sc_hd__o22ai_4)
     5    0.04                           _09385_ (net)
                  0.32    0.00    2.13 ^ _19362_/A (sky130_fd_sc_hd__nand2_2)
                  0.12    0.15    2.28 v _19362_/Y (sky130_fd_sc_hd__nand2_2)
     3    0.02                           _09387_ (net)
                  0.12    0.00    2.28 v _19363_/C1 (sky130_fd_sc_hd__o211ai_4)
                  0.27    0.15    2.43 ^ _19363_/Y (sky130_fd_sc_hd__o211ai_4)
     5    0.03                           _09388_ (net)
                  0.27    0.00    2.43 ^ _19399_/A2_N (sky130_fd_sc_hd__o2bb2ai_1)
                  0.19    0.18    2.61 ^ _19399_/Y (sky130_fd_sc_hd__o2bb2ai_1)
     2    0.01                           _09428_ (net)
                  0.19    0.00    2.61 ^ _19400_/A (sky130_fd_sc_hd__buf_2)
                  0.14    0.22    2.84 ^ _19400_/X (sky130_fd_sc_hd__buf_2)
     5    0.03                           _09429_ (net)
                  0.14    0.00    2.84 ^ _19745_/A (sky130_fd_sc_hd__dlymetal6s2s_1)
                  0.20    0.23    3.06 ^ _19745_/X (sky130_fd_sc_hd__dlymetal6s2s_1)
     5    0.02                           _09808_ (net)
                  0.20    0.00    3.06 ^ _20383_/A (sky130_fd_sc_hd__nand3_2)
                  0.14    0.16    3.22 v _20383_/Y (sky130_fd_sc_hd__nand3_2)
     4    0.02                           _10510_ (net)
                  0.14    0.00    3.22 v _20384_/A (sky130_fd_sc_hd__clkbuf_4)
                  0.10    0.24    3.46 v _20384_/X (sky130_fd_sc_hd__clkbuf_4)
     5    0.04                           _10511_ (net)
                  0.10    0.00    3.47 v _22374_/A (sky130_fd_sc_hd__buf_2)
                  0.08    0.19    3.66 v _22374_/X (sky130_fd_sc_hd__buf_2)
     5    0.03                           _12693_ (net)
                  0.08    0.00    3.66 v _23529_/B2 (sky130_fd_sc_hd__o221ai_4)
                  0.25    0.22    3.88 ^ _23529_/Y (sky130_fd_sc_hd__o221ai_4)
     2    0.02                           _01039_ (net)
                  0.25    0.00    3.88 ^ _23536_/D1 (sky130_fd_sc_hd__o2111ai_4)
                  0.21    0.24    4.11 v _23536_/Y (sky130_fd_sc_hd__o2111ai_4)
     5    0.03                           _01046_ (net)
                  0.21    0.00    4.12 v _23537_/C (sky130_fd_sc_hd__and3_1)
                  0.09    0.30    4.42 v _23537_/X (sky130_fd_sc_hd__and3_1)
     4    0.01                           _01048_ (net)
                  0.09    0.00    4.42 v _23539_/B1 (sky130_fd_sc_hd__a211o_1)
                  0.10    0.34    4.76 v _23539_/X (sky130_fd_sc_hd__a211o_1)
     5    0.01                           _01050_ (net)
                  0.10    0.00    4.76 v _23542_/B1 (sky130_fd_sc_hd__a32o_1)
                  0.06    0.24    4.99 v _23542_/X (sky130_fd_sc_hd__a32o_1)
     2    0.01                           _01053_ (net)
                  0.06    0.00    4.99 v _23548_/A (sky130_fd_sc_hd__nand2_1)
                  0.09    0.09    5.08 ^ _23548_/Y (sky130_fd_sc_hd__nand2_1)
     3    0.01                           _01060_ (net)
                  0.09    0.00    5.08 ^ _23551_/B1_N (sky130_fd_sc_hd__o21bai_1)
                  0.16    0.13    5.21 ^ _23551_/Y (sky130_fd_sc_hd__o21bai_1)
     2    0.01                           _01063_ (net)
                  0.16    0.00    5.21 ^ _23557_/A (sky130_fd_sc_hd__nand3_1)
                  0.10    0.12    5.34 v _23557_/Y (sky130_fd_sc_hd__nand3_1)
     2    0.01                           _01070_ (net)
                  0.10    0.00    5.34 v _23558_/A (sky130_fd_sc_hd__dlymetal6s2s_1)
                  0.09    0.21    5.54 v _23558_/X (sky130_fd_sc_hd__dlymetal6s2s_1)
     5    0.01                           _01071_ (net)
                  0.09    0.00    5.54 v _23564_/B (sky130_fd_sc_hd__nand3_1)
                  0.09    0.11    5.65 ^ _23564_/Y (sky130_fd_sc_hd__nand3_1)
     2    0.01                           _01077_ (net)
                  0.09    0.00    5.65 ^ _23565_/C (sky130_fd_sc_hd__nand3_1)
                  0.08    0.10    5.75 v _23565_/Y (sky130_fd_sc_hd__nand3_1)
     2    0.01                           _01078_ (net)
                  0.08    0.00    5.75 v _23569_/A (sky130_fd_sc_hd__dlymetal6s2s_1)
                  0.08    0.19    5.94 v _23569_/X (sky130_fd_sc_hd__dlymetal6s2s_1)
     5    0.01                           _01083_ (net)
                  0.08    0.00    5.94 v _23576_/A2 (sky130_fd_sc_hd__a21o_1)
                  0.06    0.21    6.16 v _23576_/X (sky130_fd_sc_hd__a21o_1)
     1    0.01                           _01090_ (net)
                  0.06    0.00    6.16 v _23578_/A2 (sky130_fd_sc_hd__a31oi_4)
                  0.19    0.21    6.36 ^ _23578_/Y (sky130_fd_sc_hd__a31oi_4)
     4    0.02                           _01093_ (net)
                  0.19    0.00    6.36 ^ _23861_/B1 (sky130_fd_sc_hd__o22a_1)
                  0.17    0.26    6.62 ^ _23861_/X (sky130_fd_sc_hd__o22a_1)
     3    0.02                           _01402_ (net)
                  0.17    0.00    6.62 ^ _24336_/A (sky130_fd_sc_hd__nand3_1)
                  0.12    0.14    6.77 v _24336_/Y (sky130_fd_sc_hd__nand3_1)
     1    0.01                           _01920_ (net)
                  0.12    0.00    6.77 v _24337_/B2 (sky130_fd_sc_hd__a22oi_4)
                  0.19    0.22    6.99 ^ _24337_/Y (sky130_fd_sc_hd__a22oi_4)
     4    0.02                           _01922_ (net)
                  0.19    0.00    6.99 ^ _24624_/A (sky130_fd_sc_hd__nand4_1)
                  0.15    0.17    7.15 v _24624_/Y (sky130_fd_sc_hd__nand4_1)
     3    0.01                           _02233_ (net)
                  0.15    0.00    7.15 v _24694_/A1 (sky130_fd_sc_hd__a21oi_2)
                  0.19    0.23    7.38 ^ _24694_/Y (sky130_fd_sc_hd__a21oi_2)
     2    0.01                           _02310_ (net)
                  0.19    0.00    7.38 ^ _24730_/A2 (sky130_fd_sc_hd__o21ai_1)
                  0.08    0.12    7.50 v _24730_/Y (sky130_fd_sc_hd__o21ai_1)
     1    0.01                           _02349_ (net)
                  0.08    0.00    7.50 v _24735_/A1 (sky130_fd_sc_hd__a31oi_4)
                  0.19    0.20    7.70 ^ _24735_/Y (sky130_fd_sc_hd__a31oi_4)
     1    0.02                           STAGE2.SR4.din_im[11] (net)
                  0.19    0.00    7.70 ^ _26240_/D (sky130_fd_sc_hd__dfrtp_1)
                                  7.70   data arrival time

                  0.15   20.00   20.00   clock clk (rise edge)
                          0.00   20.00   clock network delay (ideal)
                         -0.10   19.90   clock uncertainty
                          0.00   19.90   clock reconvergence pessimism
                                 19.90 ^ _26240_/CLK (sky130_fd_sc_hd__dfrtp_1)
                         -0.08   19.82   library setup time
                                 19.82   data required time
-----------------------------------------------------------------------------
                                 19.82   data required time
                                 -7.70   data arrival time
-----------------------------------------------------------------------------
                                 12.12   slack (MET)


Startpoint: _26169_ (rising edge-triggered flip-flop clocked by clk)
Endpoint: _26237_ (rising edge-triggered flip-flop clocked by clk)
Path Group: clk
Path Type: max

Fanout     Cap    Slew   Delay    Time   Description
-----------------------------------------------------------------------------
                  0.15    0.00    0.00   clock clk (rise edge)
                          0.00    0.00   clock network delay (ideal)
                  0.15    0.00    0.00 ^ _26169_/CLK (sky130_fd_sc_hd__dfrtp_1)
                  0.12    0.41    0.41 ^ _26169_/Q (sky130_fd_sc_hd__dfrtp_1)
     2    0.01                           STAGE1.BUTTERFLY.b_re[1] (net)
                  0.12    0.00    0.41 ^ _13005_/A (sky130_fd_sc_hd__clkbuf_2)
                  0.13    0.20    0.61 ^ _13005_/X (sky130_fd_sc_hd__clkbuf_2)
     5    0.02                           _06161_ (net)
                  0.13    0.00    0.61 ^ _19277_/B1 (sky130_fd_sc_hd__o22ai_4)
                  0.07    0.11    0.72 v _19277_/Y (sky130_fd_sc_hd__o22ai_4)
     3    0.02                           _09294_ (net)
                  0.07    0.00    0.72 v _19279_/A1 (sky130_fd_sc_hd__o211ai_4)
                  0.20    0.23    0.95 ^ _19279_/Y (sky130_fd_sc_hd__o211ai_4)
     2    0.02                           _09296_ (net)
                  0.20    0.00    0.95 ^ _19280_/A (sky130_fd_sc_hd__clkbuf_4)
                  0.13    0.25    1.20 ^ _19280_/X (sky130_fd_sc_hd__clkbuf_4)
     5    0.04                           _09297_ (net)
                  0.13    0.00    1.20 ^ _19282_/A (sky130_fd_sc_hd__nand2_2)
                  0.13    0.12    1.32 v _19282_/Y (sky130_fd_sc_hd__nand2_2)
     4    0.02                           _09299_ (net)
                  0.13    0.00    1.32 v _19284_/A (sky130_fd_sc_hd__nand2_2)
                  0.11    0.14    1.46 ^ _19284_/Y (sky130_fd_sc_hd__nand2_2)
     2    0.02                           _09301_ (net)
                  0.11    0.00    1.46 ^ _19285_/C1 (sky130_fd_sc_hd__o211ai_4)
                  0.09    0.11    1.57 v _19285_/Y (sky130_fd_sc_hd__o211ai_4)
     3    0.02                           _09302_ (net)
                  0.09    0.00    1.57 v _19288_/A1 (sky130_fd_sc_hd__a21oi_2)
                  0.27    0.27    1.84 ^ _19288_/Y (sky130_fd_sc_hd__a21oi_2)
     3    0.02                           _09306_ (net)
                  0.27    0.00    1.84 ^ _19301_/A (sky130_fd_sc_hd__nand2_2)
                  0.13    0.16    2.00 v _19301_/Y (sky130_fd_sc_hd__nand2_2)
     4    0.02                           _09320_ (net)
                  0.13    0.00    2.00 v _19365_/A (sky130_fd_sc_hd__and3_1)
                  0.04    0.18    2.18 v _19365_/X (sky130_fd_sc_hd__and3_1)
     1    0.00                           _09390_ (net)
                  0.04    0.00    2.18 v _19366_/A (sky130_fd_sc_hd__clkbuf_4)
                  0.09    0.19    2.36 v _19366_/X (sky130_fd_sc_hd__clkbuf_4)
     5    0.04                           _09391_ (net)
                  0.09    0.00    2.36 v _19441_/A1_N (sky130_fd_sc_hd__o2bb2ai_4)
                  0.10    0.19    2.55 v _19441_/Y (sky130_fd_sc_hd__o2bb2ai_4)
     4    0.03                           _09474_ (net)
                  0.10    0.00    2.55 v _19444_/B1 (sky130_fd_sc_hd__o22ai_4)
                  0.28    0.25    2.81 ^ _19444_/Y (sky130_fd_sc_hd__o22ai_4)
     3    0.03                           _09477_ (net)
                  0.28    0.00    2.81 ^ _19445_/A (sky130_fd_sc_hd__dlymetal6s2s_1)
                  0.18    0.24    3.05 ^ _19445_/X (sky130_fd_sc_hd__dlymetal6s2s_1)
     5    0.02                           _09478_ (net)
                  0.18    0.00    3.05 ^ _19446_/A (sky130_fd_sc_hd__dlymetal6s2s_1)
                  0.18    0.22    3.27 ^ _19446_/X (sky130_fd_sc_hd__dlymetal6s2s_1)
     5    0.02                           _09479_ (net)
                  0.18    0.00    3.27 ^ _21588_/A (sky130_fd_sc_hd__nand3_2)
                  0.15    0.16    3.44 v _21588_/Y (sky130_fd_sc_hd__nand3_2)
     2    0.02                           _11833_ (net)
                  0.15    0.00    3.44 v _21589_/A (sky130_fd_sc_hd__dlymetal6s2s_1)
                  0.09    0.23    3.67 v _21589_/X (sky130_fd_sc_hd__dlymetal6s2s_1)
     5    0.02                           _11834_ (net)
                  0.09    0.00    3.67 v _21590_/A (sky130_fd_sc_hd__clkbuf_4)
                  0.09    0.21    3.88 v _21590_/X (sky130_fd_sc_hd__clkbuf_4)
     5    0.04                           _11835_ (net)
                  0.09    0.00    3.88 v _23456_/A (sky130_fd_sc_hd__dlymetal6s2s_1)
                  0.08    0.19    4.07 v _23456_/X (sky130_fd_sc_hd__dlymetal6s2s_1)
     5    0.01                           _00958_ (net)
                  0.08    0.00    4.07 v _24240_/D (sky130_fd_sc_hd__or4_2)
                  0.15    0.63    4.70 v _24240_/X (sky130_fd_sc_hd__or4_2)
     3    0.02                           _01815_ (net)
                  0.15    0.00    4.70 v _24243_/A2 (sky130_fd_sc_hd__a21bo_1)
                  0.07    0.26    4.97 v _24243_/X (sky130_fd_sc_hd__a21bo_1)
     2    0.01                           _01818_ (net)
                  0.07    0.00    4.97 v _24244_/C1 (sky130_fd_sc_hd__a211oi_2)
                  0.26    0.23    5.19 ^ _24244_/Y (sky130_fd_sc_hd__a211oi_2)
     3    0.01                           _01819_ (net)
                  0.26    0.00    5.19 ^ _24249_/A1 (sky130_fd_sc_hd__o21a_1)
                  0.14    0.24    5.43 ^ _24249_/X (sky130_fd_sc_hd__o21a_1)
     4    0.01                           _01825_ (net)
                  0.14    0.00    5.43 ^ _24306_/A1_N (sky130_fd_sc_hd__a2bb2o_1)
                  0.05    0.30    5.73 v _24306_/X (sky130_fd_sc_hd__a2bb2o_1)
     1    0.00                           _01887_ (net)
                  0.05    0.00    5.73 v _24310_/A (sky130_fd_sc_hd__nand3_1)
                  0.08    0.08    5.81 ^ _24310_/Y (sky130_fd_sc_hd__nand3_1)
     2    0.01                           _01892_ (net)
                  0.08    0.00    5.81 ^ _24311_/A (sky130_fd_sc_hd__clkbuf_1)
                  0.17    0.18    5.99 ^ _24311_/X (sky130_fd_sc_hd__clkbuf_1)
     5    0.01                           _01893_ (net)
                  0.17    0.00    5.99 ^ _24437_/B1 (sky130_fd_sc_hd__o21a_1)
                  0.10    0.19    6.18 ^ _24437_/X (sky130_fd_sc_hd__o21a_1)
     1    0.01                           _02031_ (net)
                  0.10    0.00    6.18 ^ _24440_/A2 (sky130_fd_sc_hd__o211ai_4)
                  0.09    0.10    6.29 v _24440_/Y (sky130_fd_sc_hd__o211ai_4)
     3    0.02                           _02034_ (net)
                  0.09    0.00    6.29 v _24442_/A2 (sky130_fd_sc_hd__a21o_1)
                  0.05    0.21    6.50 v _24442_/X (sky130_fd_sc_hd__a21o_1)
     2    0.01                           _02036_ (net)
                  0.05    0.00    6.50 v _24445_/A1 (sky130_fd_sc_hd__a21o_2)
                  0.08    0.24    6.74 v _24445_/X (sky130_fd_sc_hd__a21o_2)
     5    0.02                           _02039_ (net)
                  0.08    0.00    6.74 v _24454_/C (sky130_fd_sc_hd__and4_1)
                  0.07    0.24    6.98 v _24454_/X (sky130_fd_sc_hd__and4_1)
     3    0.01                           _02048_ (net)
                  0.07    0.00    6.98 v _24550_/B1 (sky130_fd_sc_hd__a22o_1)
                  0.05    0.19    7.17 v _24550_/X (sky130_fd_sc_hd__a22o_1)
     1    0.00                           _02154_ (net)
                  0.05    0.00    7.17 v _24551_/A2 (sky130_fd_sc_hd__o21ai_2)
                  0.22    0.20    7.37 ^ _24551_/Y (sky130_fd_sc_hd__o21ai_2)
     1    0.02                           _02155_ (net)
                  0.22    0.00    7.37 ^ _24552_/A2_N (sky130_fd_sc_hd__a2bb2o_1)
                  0.05    0.30    7.67 v _24552_/X (sky130_fd_sc_hd__a2bb2o_1)
     1    0.00                           STAGE2.SR4.din_im[8] (net)
                  0.05    0.00    7.67 v _26237_/D (sky130_fd_sc_hd__dfrtp_1)
                                  7.67   data arrival time

                  0.15   20.00   20.00   clock clk (rise edge)
                          0.00   20.00   clock network delay (ideal)
                         -0.10   19.90   clock uncertainty
                          0.00   19.90   clock reconvergence pessimism
                                 19.90 ^ _26237_/CLK (sky130_fd_sc_hd__dfrtp_1)
                         -0.09   19.81   library setup time
                                 19.81   data required time
-----------------------------------------------------------------------------
                                 19.81   data required time
                                 -7.67   data arrival time
-----------------------------------------------------------------------------
                                 12.14   slack (MET)


max_report_end
check_report

===========================================================================
report_checks -unconstrained
============================================================================
Startpoint: _26169_ (rising edge-triggered flip-flop clocked by clk)
Endpoint: _26189_ (rising edge-triggered flip-flop clocked by clk)
Path Group: clk
Path Type: max

Fanout     Cap    Slew   Delay    Time   Description
-----------------------------------------------------------------------------
                  0.15    0.00    0.00   clock clk (rise edge)
                          0.00    0.00   clock network delay (ideal)
                  0.15    0.00    0.00 ^ _26169_/CLK (sky130_fd_sc_hd__dfrtp_1)
                  0.12    0.41    0.41 ^ _26169_/Q (sky130_fd_sc_hd__dfrtp_1)
     2    0.01                           STAGE1.BUTTERFLY.b_re[1] (net)
                  0.12    0.00    0.41 ^ _13005_/A (sky130_fd_sc_hd__clkbuf_2)
                  0.13    0.20    0.61 ^ _13005_/X (sky130_fd_sc_hd__clkbuf_2)
     5    0.02                           _06161_ (net)
                  0.13    0.00    0.61 ^ _19277_/B1 (sky130_fd_sc_hd__o22ai_4)
                  0.07    0.11    0.72 v _19277_/Y (sky130_fd_sc_hd__o22ai_4)
     3    0.02                           _09294_ (net)
                  0.07    0.00    0.72 v _19279_/A1 (sky130_fd_sc_hd__o211ai_4)
                  0.20    0.23    0.95 ^ _19279_/Y (sky130_fd_sc_hd__o211ai_4)
     2    0.02                           _09296_ (net)
                  0.20    0.00    0.95 ^ _19280_/A (sky130_fd_sc_hd__clkbuf_4)
                  0.13    0.25    1.20 ^ _19280_/X (sky130_fd_sc_hd__clkbuf_4)
     5    0.04                           _09297_ (net)
                  0.13    0.00    1.20 ^ _19282_/A (sky130_fd_sc_hd__nand2_2)
                  0.13    0.12    1.32 v _19282_/Y (sky130_fd_sc_hd__nand2_2)
     4    0.02                           _09299_ (net)
                  0.13    0.00    1.32 v _19284_/A (sky130_fd_sc_hd__nand2_2)
                  0.11    0.14    1.46 ^ _19284_/Y (sky130_fd_sc_hd__nand2_2)
     2    0.02                           _09301_ (net)
                  0.11    0.00    1.46 ^ _19285_/C1 (sky130_fd_sc_hd__o211ai_4)
                  0.09    0.11    1.57 v _19285_/Y (sky130_fd_sc_hd__o211ai_4)
     3    0.02                           _09302_ (net)
                  0.09    0.00    1.57 v _19288_/A1 (sky130_fd_sc_hd__a21oi_2)
                  0.27    0.27    1.84 ^ _19288_/Y (sky130_fd_sc_hd__a21oi_2)
     3    0.02                           _09306_ (net)
                  0.27    0.00    1.84 ^ _19301_/A (sky130_fd_sc_hd__nand2_2)
                  0.13    0.16    2.00 v _19301_/Y (sky130_fd_sc_hd__nand2_2)
     4    0.02                           _09320_ (net)
                  0.13    0.00    2.00 v _19365_/A (sky130_fd_sc_hd__and3_1)
                  0.04    0.18    2.18 v _19365_/X (sky130_fd_sc_hd__and3_1)
     1    0.00                           _09390_ (net)
                  0.04    0.00    2.18 v _19366_/A (sky130_fd_sc_hd__clkbuf_4)
                  0.09    0.19    2.36 v _19366_/X (sky130_fd_sc_hd__clkbuf_4)
     5    0.04                           _09391_ (net)
                  0.09    0.00    2.36 v _19441_/A1_N (sky130_fd_sc_hd__o2bb2ai_4)
                  0.10    0.19    2.55 v _19441_/Y (sky130_fd_sc_hd__o2bb2ai_4)
     4    0.03                           _09474_ (net)
                  0.10    0.00    2.55 v _20245_/A1 (sky130_fd_sc_hd__o21ai_4)
                  0.26    0.28    2.83 ^ _20245_/Y (sky130_fd_sc_hd__o21ai_4)
     4    0.03                           _10358_ (net)
                  0.26    0.00    2.83 ^ _20271_/A2_N (sky130_fd_sc_hd__o2bb2ai_4)
                  0.22    0.19    3.03 ^ _20271_/Y (sky130_fd_sc_hd__o2bb2ai_4)
     3    0.03                           _10387_ (net)
                  0.22    0.00    3.03 ^ _20272_/A (sky130_fd_sc_hd__buf_2)
                  0.17    0.26    3.29 ^ _20272_/X (sky130_fd_sc_hd__buf_2)
     5    0.04                           _10388_ (net)
                  0.17    0.00    3.29 ^ _20273_/B1 (sky130_fd_sc_hd__o21ai_4)
                  0.09    0.12    3.40 v _20273_/Y (sky130_fd_sc_hd__o21ai_4)
     3    0.02                           _10389_ (net)
                  0.09    0.00    3.40 v _20274_/A (sky130_fd_sc_hd__clkbuf_4)
                  0.09    0.21    3.61 v _20274_/X (sky130_fd_sc_hd__clkbuf_4)
     5    0.04                           _10390_ (net)
                  0.09    0.00    3.61 v _20275_/A (sky130_fd_sc_hd__clkbuf_4)
                  0.09    0.21    3.83 v _20275_/X (sky130_fd_sc_hd__clkbuf_4)
     5    0.04                           _10391_ (net)
                  0.09    0.00    3.83 v _20276_/B2 (sky130_fd_sc_hd__o2bb2ai_1)
                  0.17    0.19    4.02 ^ _20276_/Y (sky130_fd_sc_hd__o2bb2ai_1)
     1    0.01                           _10392_ (net)
                  0.17    0.00    4.02 ^ _20277_/C (sky130_fd_sc_hd__nand3_1)
                  0.10    0.13    4.15 v _20277_/Y (sky130_fd_sc_hd__nand3_1)
     2    0.01                           _10394_ (net)
                  0.10    0.00    4.15 v _20278_/A (sky130_fd_sc_hd__clkbuf_2)
                  0.09    0.18    4.33 v _20278_/X (sky130_fd_sc_hd__clkbuf_2)
     5    0.02                           _10395_ (net)
                  0.09    0.00    4.33 v _20294_/A1 (sky130_fd_sc_hd__a21o_1)
                  0.07    0.21    4.54 v _20294_/X (sky130_fd_sc_hd__a21o_1)
     4    0.01                           _10412_ (net)
                  0.07    0.00    4.54 v _20298_/C (sky130_fd_sc_hd__nand3_1)
                  0.06    0.09    4.63 ^ _20298_/Y (sky130_fd_sc_hd__nand3_1)
     1    0.00                           _10417_ (net)
                  0.06    0.00    4.63 ^ _20301_/A (sky130_fd_sc_hd__nand3_1)
                  0.10    0.10    4.73 v _20301_/Y (sky130_fd_sc_hd__nand3_1)
     3    0.01                           _10420_ (net)
                  0.10    0.00    4.73 v _20302_/A (sky130_fd_sc_hd__dlymetal6s2s_1)
                  0.08    0.20    4.93 v _20302_/X (sky130_fd_sc_hd__dlymetal6s2s_1)
     5    0.01                           _10421_ (net)
                  0.08    0.00    4.93 v _21177_/C (sky130_fd_sc_hd__and3_1)
                  0.09    0.24    5.18 v _21177_/X (sky130_fd_sc_hd__and3_1)
     5    0.01                           _11383_ (net)
                  0.09    0.00    5.18 v _21178_/A2 (sky130_fd_sc_hd__o21ai_1)
                  0.15    0.16    5.34 ^ _21178_/Y (sky130_fd_sc_hd__o21ai_1)
     2    0.01                           _11384_ (net)
                  0.15    0.00    5.34 ^ _21179_/B1 (sky130_fd_sc_hd__o21ai_1)
                  0.08    0.12    5.46 v _21179_/Y (sky130_fd_sc_hd__o21ai_1)
     2    0.01                           _11385_ (net)
                  0.08    0.00    5.46 v _21200_/B1 (sky130_fd_sc_hd__a31oi_2)
                  0.22    0.23    5.68 ^ _21200_/Y (sky130_fd_sc_hd__a31oi_2)
     4    0.01                           _11408_ (net)
                  0.22    0.00    5.68 ^ _21201_/A (sky130_fd_sc_hd__nand2_1)
                  0.07    0.10    5.78 v _21201_/Y (sky130_fd_sc_hd__nand2_1)
     1    0.01                           _11409_ (net)
                  0.07    0.00    5.78 v _21202_/C (sky130_fd_sc_hd__nand3b_2)
                  0.11    0.12    5.90 ^ _21202_/Y (sky130_fd_sc_hd__nand3b_2)
     3    0.01                           _11410_ (net)
                  0.11    0.00    5.90 ^ _21205_/A2_N (sky130_fd_sc_hd__o2bb2ai_2)
                  0.23    0.16    6.07 ^ _21205_/Y (sky130_fd_sc_hd__o2bb2ai_2)
     3    0.02                           _11413_ (net)
                  0.23    0.00    6.07 ^ _21211_/B (sky130_fd_sc_hd__nand3_2)
                  0.12    0.16    6.23 v _21211_/Y (sky130_fd_sc_hd__nand3_2)
     3    0.02                           _11420_ (net)
                  0.12    0.00    6.23 v _21457_/A2 (sky130_fd_sc_hd__a31oi_4)
                  0.27    0.30    6.53 ^ _21457_/Y (sky130_fd_sc_hd__a31oi_4)
     2    0.03                           _11690_ (net)
                  0.27    0.00    6.53 ^ _22304_/A (sky130_fd_sc_hd__nand4_2)
                  0.14    0.17    6.70 v _22304_/Y (sky130_fd_sc_hd__nand4_2)
     2    0.01                           _12617_ (net)
                  0.14    0.00    6.70 v _22311_/A2 (sky130_fd_sc_hd__o211ai_4)
                  0.28    0.30    7.00 ^ _22311_/Y (sky130_fd_sc_hd__o211ai_4)
     3    0.03                           _12625_ (net)
                  0.28    0.00    7.00 ^ _22694_/A1 (sky130_fd_sc_hd__a31oi_4)
                  0.14    0.19    7.19 v _22694_/Y (sky130_fd_sc_hd__a31oi_4)
     4    0.03                           _00124_ (net)
                  0.14    0.00    7.19 v _22695_/C1 (sky130_fd_sc_hd__a211o_2)
                  0.10    0.36    7.55 v _22695_/X (sky130_fd_sc_hd__a211o_2)
     1    0.02                           _00125_ (net)
                  0.10    0.00    7.56 v _22698_/B1 (sky130_fd_sc_hd__a22o_1)
                  0.08    0.24    7.79 v _22698_/X (sky130_fd_sc_hd__a22o_1)
     1    0.01                           STAGE2.SR4.din_re[8] (net)
                  0.08    0.00    7.79 v _26189_/D (sky130_fd_sc_hd__dfrtp_1)
                                  7.79   data arrival time

                  0.15   20.00   20.00   clock clk (rise edge)
                          0.00   20.00   clock network delay (ideal)
                         -0.10   19.90   clock uncertainty
                          0.00   19.90   clock reconvergence pessimism
                                 19.90 ^ _26189_/CLK (sky130_fd_sc_hd__dfrtp_1)
                         -0.10   19.80   library setup time
                                 19.80   data required time
-----------------------------------------------------------------------------
                                 19.80   data required time
                                 -7.79   data arrival time
-----------------------------------------------------------------------------
                                 12.00   slack (MET)



===========================================================================
report_checks --slack_max -0.01
============================================================================
No paths found.
check_report_end
check_slew

===========================================================================
 report_check_types -max_slew -max_cap -max_fanout -violators
============================================================================

===========================================================================
max slew violation count 0
max fanout violation count 0
max cap violation count 0
============================================================================
check_slew_end
tns_report

===========================================================================
 report_tns
============================================================================
tns 0.00
tns_report_end
wns_report

===========================================================================
 report_wns
============================================================================
wns 0.00
wns_report_end
worst_slack

===========================================================================
 report_worst_slack -max (Setup)
============================================================================
worst slack 12.00

===========================================================================
 report_worst_slack -min (Hold)
============================================================================
worst slack 0.17
worst_slack_end
clock_skew

===========================================================================
 report_clock_skew
============================================================================
Clock clk
Latency      CRPR       Skew
_26062_/CLK ^
   0.00
_26074_/CLK ^
   0.00      0.00       0.00

clock_skew_end
power_report

===========================================================================
 report_power
============================================================================
Group                  Internal  Switching    Leakage      Total
                          Power      Power      Power      Power (Watts)
----------------------------------------------------------------
Sequential             1.30e-03   1.87e-04   3.55e-09   1.49e-03   5.6%
Combinational          1.02e-02   1.47e-02   4.74e-08   2.49e-02  94.4%
Macro                  0.00e+00   0.00e+00   0.00e+00   0.00e+00   0.0%
Pad                    0.00e+00   0.00e+00   0.00e+00   0.00e+00   0.0%
----------------------------------------------------------------
Total                  1.15e-02   1.49e-02   5.09e-08   2.64e-02 100.0%
                          43.7%      56.3%       0.0%
power_report_end
area_report

===========================================================================
 report_design_area
============================================================================
Design area 134764 u^2 27% utilization.
area_report_end
