
===========================================================================
report_checks -unconstrained
============================================================================
Startpoint: _26169_ (rising edge-triggered flip-flop clocked by clk)
Endpoint: _26189_ (rising edge-triggered flip-flop clocked by clk)
Path Group: clk
Path Type: max

Fanout     Cap    Slew   Delay    Time   Description
-----------------------------------------------------------------------------
                          0.00    0.00   clock clk (rise edge)
                          0.00    0.00   clock source latency
                  0.00    0.00    0.00 ^ clk (in)
     1    0.04                           clk (net)
                  0.01    0.01    0.01 ^ clkbuf_0_clk/A (sky130_fd_sc_hd__clkbuf_16)
                  0.04    0.11    0.12 ^ clkbuf_0_clk/X (sky130_fd_sc_hd__clkbuf_16)
     2    0.02                           clknet_0_clk (net)
                  0.04    0.00    0.12 ^ clkbuf_1_1_0_clk/A (sky130_fd_sc_hd__clkbuf_8)
                  0.03    0.11    0.23 ^ clkbuf_1_1_0_clk/X (sky130_fd_sc_hd__clkbuf_8)
     1    0.01                           clknet_1_1_0_clk (net)
                  0.03    0.00    0.23 ^ clkbuf_1_1_1_clk/A (sky130_fd_sc_hd__clkbuf_8)
                  0.28    0.30    0.53 ^ clkbuf_1_1_1_clk/X (sky130_fd_sc_hd__clkbuf_8)
    15    0.17                           clknet_1_1_1_clk (net)
                  0.28    0.00    0.53 ^ clkbuf_leaf_16_clk/A (sky130_fd_sc_hd__clkbuf_16)
                  0.05    0.21    0.74 ^ clkbuf_leaf_16_clk/X (sky130_fd_sc_hd__clkbuf_16)
     7    0.02                           clknet_leaf_16_clk (net)
                  0.05    0.00    0.74 ^ _26169_/CLK (sky130_fd_sc_hd__dfrtp_1)
                  0.12    0.38    1.12 ^ _26169_/Q (sky130_fd_sc_hd__dfrtp_1)
     2    0.01                           STAGE1.BUTTERFLY.b_re[1] (net)
                  0.12    0.00    1.12 ^ _13005_/A (sky130_fd_sc_hd__clkbuf_2)
                  0.13    0.20    1.31 ^ _13005_/X (sky130_fd_sc_hd__clkbuf_2)
     5    0.02                           _06161_ (net)
                  0.13    0.00    1.31 ^ _19277_/B1 (sky130_fd_sc_hd__o22ai_4)
                  0.07    0.11    1.42 v _19277_/Y (sky130_fd_sc_hd__o22ai_4)
     3    0.02                           _09294_ (net)
                  0.07    0.00    1.42 v _19279_/A1 (sky130_fd_sc_hd__o211ai_4)
                  0.20    0.23    1.65 ^ _19279_/Y (sky130_fd_sc_hd__o211ai_4)
     2    0.02                           _09296_ (net)
                  0.20    0.00    1.65 ^ _19280_/A (sky130_fd_sc_hd__clkbuf_4)
                  0.13    0.25    1.90 ^ _19280_/X (sky130_fd_sc_hd__clkbuf_4)
     5    0.04                           _09297_ (net)
                  0.13    0.00    1.90 ^ _19282_/A (sky130_fd_sc_hd__nand2_2)
                  0.13    0.12    2.02 v _19282_/Y (sky130_fd_sc_hd__nand2_2)
     4    0.02                           _09299_ (net)
                  0.13    0.00    2.02 v _19284_/A (sky130_fd_sc_hd__nand2_2)
                  0.11    0.14    2.16 ^ _19284_/Y (sky130_fd_sc_hd__nand2_2)
     2    0.02                           _09301_ (net)
                  0.11    0.00    2.16 ^ _19285_/C1 (sky130_fd_sc_hd__o211ai_4)
                  0.09    0.11    2.27 v _19285_/Y (sky130_fd_sc_hd__o211ai_4)
     3    0.02                           _09302_ (net)
                  0.09    0.00    2.27 v _19288_/A1 (sky130_fd_sc_hd__a21oi_2)
                  0.27    0.27    2.54 ^ _19288_/Y (sky130_fd_sc_hd__a21oi_2)
     3    0.02                           _09306_ (net)
                  0.27    0.00    2.54 ^ _19301_/A (sky130_fd_sc_hd__nand2_2)
                  0.13    0.16    2.70 v _19301_/Y (sky130_fd_sc_hd__nand2_2)
     4    0.02                           _09320_ (net)
                  0.13    0.00    2.70 v _19365_/A (sky130_fd_sc_hd__and3_1)
                  0.04    0.18    2.88 v _19365_/X (sky130_fd_sc_hd__and3_1)
     1    0.00                           _09390_ (net)
                  0.04    0.00    2.88 v _19366_/A (sky130_fd_sc_hd__clkbuf_4)
                  0.09    0.19    3.06 v _19366_/X (sky130_fd_sc_hd__clkbuf_4)
     5    0.04                           _09391_ (net)
                  0.09    0.00    3.06 v _19441_/A1_N (sky130_fd_sc_hd__o2bb2ai_4)
                  0.10    0.19    3.25 v _19441_/Y (sky130_fd_sc_hd__o2bb2ai_4)
     4    0.03                           _09474_ (net)
                  0.10    0.00    3.25 v _20245_/A1 (sky130_fd_sc_hd__o21ai_4)
                  0.26    0.28    3.53 ^ _20245_/Y (sky130_fd_sc_hd__o21ai_4)
     4    0.03                           _10358_ (net)
                  0.26    0.00    3.53 ^ _20271_/A2_N (sky130_fd_sc_hd__o2bb2ai_4)
                  0.22    0.19    3.73 ^ _20271_/Y (sky130_fd_sc_hd__o2bb2ai_4)
     3    0.03                           _10387_ (net)
                  0.22    0.00    3.73 ^ _20272_/A (sky130_fd_sc_hd__buf_2)
                  0.17    0.26    3.99 ^ _20272_/X (sky130_fd_sc_hd__buf_2)
     5    0.04                           _10388_ (net)
                  0.17    0.00    3.99 ^ _20273_/B1 (sky130_fd_sc_hd__o21ai_4)
                  0.09    0.12    4.10 v _20273_/Y (sky130_fd_sc_hd__o21ai_4)
     3    0.02                           _10389_ (net)
                  0.09    0.00    4.10 v _20274_/A (sky130_fd_sc_hd__clkbuf_4)
                  0.09    0.21    4.31 v _20274_/X (sky130_fd_sc_hd__clkbuf_4)
     5    0.04                           _10390_ (net)
                  0.09    0.00    4.31 v _20275_/A (sky130_fd_sc_hd__clkbuf_4)
                  0.09    0.21    4.53 v _20275_/X (sky130_fd_sc_hd__clkbuf_4)
     5    0.04                           _10391_ (net)
                  0.09    0.00    4.53 v _20276_/B2 (sky130_fd_sc_hd__o2bb2ai_1)
                  0.17    0.19    4.72 ^ _20276_/Y (sky130_fd_sc_hd__o2bb2ai_1)
     1    0.01                           _10392_ (net)
                  0.17    0.00    4.72 ^ _20277_/C (sky130_fd_sc_hd__nand3_1)
                  0.10    0.13    4.85 v _20277_/Y (sky130_fd_sc_hd__nand3_1)
     2    0.01                           _10394_ (net)
                  0.10    0.00    4.85 v _20278_/A (sky130_fd_sc_hd__clkbuf_2)
                  0.09    0.18    5.03 v _20278_/X (sky130_fd_sc_hd__clkbuf_2)
     5    0.02                           _10395_ (net)
                  0.09    0.00    5.03 v _20294_/A1 (sky130_fd_sc_hd__a21o_1)
                  0.07    0.21    5.24 v _20294_/X (sky130_fd_sc_hd__a21o_1)
     4    0.01                           _10412_ (net)
                  0.07    0.00    5.24 v _20298_/C (sky130_fd_sc_hd__nand3_1)
                  0.06    0.09    5.33 ^ _20298_/Y (sky130_fd_sc_hd__nand3_1)
     1    0.00                           _10417_ (net)
                  0.06    0.00    5.33 ^ _20301_/A (sky130_fd_sc_hd__nand3_1)
                  0.10    0.10    5.43 v _20301_/Y (sky130_fd_sc_hd__nand3_1)
     3    0.01                           _10420_ (net)
                  0.10    0.00    5.43 v _20302_/A (sky130_fd_sc_hd__dlymetal6s2s_1)
                  0.08    0.20    5.63 v _20302_/X (sky130_fd_sc_hd__dlymetal6s2s_1)
     5    0.01                           _10421_ (net)
                  0.08    0.00    5.63 v _21177_/C (sky130_fd_sc_hd__and3_1)
                  0.09    0.24    5.88 v _21177_/X (sky130_fd_sc_hd__and3_1)
     5    0.01                           _11383_ (net)
                  0.09    0.00    5.88 v _21178_/A2 (sky130_fd_sc_hd__o21ai_1)
                  0.15    0.16    6.04 ^ _21178_/Y (sky130_fd_sc_hd__o21ai_1)
     2    0.01                           _11384_ (net)
                  0.15    0.00    6.04 ^ _21179_/B1 (sky130_fd_sc_hd__o21ai_1)
                  0.08    0.12    6.16 v _21179_/Y (sky130_fd_sc_hd__o21ai_1)
     2    0.01                           _11385_ (net)
                  0.08    0.00    6.16 v _21200_/B1 (sky130_fd_sc_hd__a31oi_2)
                  0.22    0.23    6.38 ^ _21200_/Y (sky130_fd_sc_hd__a31oi_2)
     4    0.01                           _11408_ (net)
                  0.22    0.00    6.38 ^ _21201_/A (sky130_fd_sc_hd__nand2_1)
                  0.07    0.10    6.48 v _21201_/Y (sky130_fd_sc_hd__nand2_1)
     1    0.01                           _11409_ (net)
                  0.07    0.00    6.48 v _21202_/C (sky130_fd_sc_hd__nand3b_2)
                  0.11    0.12    6.60 ^ _21202_/Y (sky130_fd_sc_hd__nand3b_2)
     3    0.01                           _11410_ (net)
                  0.11    0.00    6.60 ^ _21205_/A2_N (sky130_fd_sc_hd__o2bb2ai_2)
                  0.23    0.16    6.77 ^ _21205_/Y (sky130_fd_sc_hd__o2bb2ai_2)
     3    0.02                           _11413_ (net)
                  0.23    0.00    6.77 ^ _21211_/B (sky130_fd_sc_hd__nand3_2)
                  0.12    0.16    6.93 v _21211_/Y (sky130_fd_sc_hd__nand3_2)
     3    0.02                           _11420_ (net)
                  0.12    0.00    6.93 v _21457_/A2 (sky130_fd_sc_hd__a31oi_4)
                  0.27    0.30    7.23 ^ _21457_/Y (sky130_fd_sc_hd__a31oi_4)
     2    0.03                           _11690_ (net)
                  0.27    0.00    7.23 ^ _22304_/A (sky130_fd_sc_hd__nand4_2)
                  0.14    0.17    7.40 v _22304_/Y (sky130_fd_sc_hd__nand4_2)
     2    0.01                           _12617_ (net)
                  0.14    0.00    7.40 v _22311_/A2 (sky130_fd_sc_hd__o211ai_4)
                  0.28    0.30    7.70 ^ _22311_/Y (sky130_fd_sc_hd__o211ai_4)
     3    0.03                           _12625_ (net)
                  0.28    0.00    7.70 ^ _22694_/A1 (sky130_fd_sc_hd__a31oi_4)
                  0.14    0.19    7.89 v _22694_/Y (sky130_fd_sc_hd__a31oi_4)
     4    0.03                           _00124_ (net)
                  0.14    0.00    7.89 v _22695_/C1 (sky130_fd_sc_hd__a211o_2)
                  0.10    0.36    8.25 v _22695_/X (sky130_fd_sc_hd__a211o_2)
     1    0.02                           _00125_ (net)
                  0.10    0.00    8.26 v _22698_/B1 (sky130_fd_sc_hd__a22o_1)
                  0.08    0.24    8.49 v _22698_/X (sky130_fd_sc_hd__a22o_1)
     1    0.01                           STAGE2.SR4.din_re[8] (net)
                  0.08    0.00    8.49 v _26189_/D (sky130_fd_sc_hd__dfrtp_1)
                                  8.49   data arrival time

                         20.00   20.00   clock clk (rise edge)
                          0.00   20.00   clock source latency
                  0.00    0.00   20.00 ^ clk (in)
     1    0.04                           clk (net)
                  0.01    0.01   20.01 ^ clkbuf_0_clk/A (sky130_fd_sc_hd__clkbuf_16)
                  0.04    0.11   20.12 ^ clkbuf_0_clk/X (sky130_fd_sc_hd__clkbuf_16)
     2    0.02                           clknet_0_clk (net)
                  0.04    0.00   20.12 ^ clkbuf_1_0_0_clk/A (sky130_fd_sc_hd__clkbuf_8)
                  0.03    0.11   20.23 ^ clkbuf_1_0_0_clk/X (sky130_fd_sc_hd__clkbuf_8)
     1    0.01                           clknet_1_0_0_clk (net)
                  0.03    0.00   20.23 ^ clkbuf_1_0_1_clk/A (sky130_fd_sc_hd__clkbuf_8)
                  0.25    0.27   20.50 ^ clkbuf_1_0_1_clk/X (sky130_fd_sc_hd__clkbuf_8)
    12    0.14                           clknet_1_0_1_clk (net)
                  0.25    0.00   20.50 ^ clkbuf_leaf_12_clk/A (sky130_fd_sc_hd__clkbuf_16)
                  0.05    0.20   20.70 ^ clkbuf_leaf_12_clk/X (sky130_fd_sc_hd__clkbuf_16)
    12    0.03                           clknet_leaf_12_clk (net)
                  0.05    0.00   20.70 ^ _26189_/CLK (sky130_fd_sc_hd__dfrtp_1)
                         -0.10   20.60   clock uncertainty
                          0.00   20.60   clock reconvergence pessimism
                         -0.13   20.48   library setup time
                                 20.48   data required time
-----------------------------------------------------------------------------
                                 20.48   data required time
                                 -8.49   data arrival time
-----------------------------------------------------------------------------
                                 11.98   slack (MET)



===========================================================================
report_checks --slack_max -0.01
============================================================================
No paths found.
