OpenROAD v2.0-4194-g9d55eaa0c 
This program is licensed under the BSD-3 license. See the LICENSE file for details.
Components of this program may be licensed under more restrictive licenses which must be honored.
[INFO ODB-0222] Reading LEF file: /home/opentools/OpenLane/designs/fft/runs/opttime1/tmp/merged.unpadded.nom.lef
[INFO ODB-0223]     Created 13 technology layers
[INFO ODB-0224]     Created 25 technology vias
[INFO ODB-0225]     Created 441 library cells
[INFO ODB-0226] Finished LEF file:  /home/opentools/OpenLane/designs/fft/runs/opttime1/tmp/merged.unpadded.nom.lef
# ==============================
# Clock definition
# ==============================
create_clock -name clk -period 20 [get_ports clk]
# ==============================
# Separate clock uncertainty
# ==============================
set_clock_uncertainty -setup 0.10 [get_clocks clk]
set_clock_uncertainty -hold  0.20 [get_clocks clk]
# ==============================
# Clock transition
# ==============================
set_clock_transition 0.15 [get_clocks clk]
[INFO IFP-0001] Added 259 rows of 1532 sites.
[INFO] Extracting DIE_AREA and CORE_AREA from the floorplan
[INFO] Floorplanned on a die area of 0.0 0.0 715.93 726.65 (microns). Saving to /home/opentools/OpenLane/designs/fft/runs/opttime1/reports/floorplan/3-initial_fp_die_area.rpt.
[INFO] Floorplanned on a core area of 5.52 10.88 710.24 715.36 (microns). Saving to /home/opentools/OpenLane/designs/fft/runs/opttime1/reports/floorplan/3-initial_fp_core_area.rpt.
